[    843ms] [harness] mobile emulation: 915x412 CSS px dpr 3 (= 2745x1236 device px), touch on
[    844ms] [harness] chrome: Chrome/152.0.7977.75
[    845ms] [harness] navigating to http://localhost:8006/armagetronad.html?autostart=0&touch=1
[     53ms] [console.log] [DISPLAY] at load: viewport 915x412 dpr 3 -> canvas 2745x1236 aspect 2.2209 gpu-axis-limit 16384
[     53ms] [console.log] [TOUCH] enabled=true (?touch=1) maxTouchPoints=5
[     54ms] [console.log] [TOUCH] context 0 (menu no, cycle no) -> TAP=ENTER
[     55ms] [console.log] [TOUCH] orientation portrait=false (sized for portrait: false, boot held: false)
[     63ms] [console.error] WARNING: using emscripten GL emulation. This is a collection of limited workarounds, do not expect it to work.
[     63ms] [console.error] WARNING: using emscripten GL emulation unsafe opts. If weirdness happens, try -sGL_UNSAFE_OPTS=0
[     63ms] [console.log] [TOUCH] orientation portrait=false (sized for portrait: false, boot held: false)
[     66ms] [page] load event fired
[     72ms] [browser.error/network] Failed to load resource: the server responded with a status of 404 (File not found)   <- http://localhost:8006/favicon.ico
[    123ms] [console.log] [PERSIST] populate ok in 36ms
[    324ms] [console.log] [PERSIST] runtime initialized, starting the game
[    325ms] [console.log] [CAMERA] camera distance x0.5 written to /data/webdefaults/autoexec.cfg before main()
[    325ms] [console.log] [BOOT] main() HELD by ?autostart=0, waiting for AA_START()
[    809ms] [harness] eval (() => {  /* One frame = one flush/finish on the WebGL context. rSysDep::SwapGL calls     exactly one of the two per swap, chosen by swapMode_: the static default     is rSwap_glFlush, but sr_LoadDefaultConfig (rScreen.cpp) sets     rSwap_glFinish and welcome() (gArmagetron.cpp) runs it under st_FirstUse     -- and every harness run is a first-use boot (drive-browser.mjs makes a     fresh profile), so the client the harness measures swaps with glFinish,     a synchronous wait for the GPU. S.swaps counts each kind so the [PERF]     line says which fired instead of assuming. Per frame we keep: the     timestamp (taken BEFORE the swap call), the time spent INSIDE the swap     call (the GPU wait), the timestamp of the frame's first draw call, the     number of drawArrays/drawElements calls, and the bytes through     bufferData/bufferSubData. Draw calls and bytes are the direct measure of     "geometry re-submitted through the emulation this frame" (mechanism 1);     the first-draw timestamp lets report.js split a frame interval into     [end of previous swap -> first draw] (event-loop yield, input,     simulation) and [first draw -> swap] (render submission), so a frame that     gets slower in the first part while its draw calls stay flat is NOT the     renderer. */  /* THIS FILE IS ONE EXPRESSION WITH BLOCK COMMENTS ONLY: run-arm.sh strips     every newline to fit it into a single eval: step of drive-browser.mjs, so     a // comment would swallow the rest of the program. */  const N = 600000;  const S = { t: new Float64Array(N), wait: new Float32Array(N), first: new Float64Array(N),              draws: new Uint32Array(N), bytes: new Float64Array(N), n: 0,              swaps: { flush: 0, finish: 0 }, marks: [], shots: [], cur: { draws: 0, bytes: 0, first: 0 } };  window.__fps = S;  /* Screenshot bracket. Page.captureScreenshot spends real time on the page     and can put a hitch INTO a measured window; the driver's own     "[harness] screenshot" line is on the driver's clock, in the driver's     transcript, where report.js cannot see it. The template therefore wraps     every shot: step in eval:__fps.shot('name','begin') and     eval:__fps.shot('name','end'), on the page's clock, and report.js drops     the frames between the two (plus a pad) from every statistic. */  S.shot = (name, edge) => { S.shots.push([performance.now(), name, edge]); return 'shot ' + edge + ' ' + name; };  const wrap = (C) => {    if (!C) return; const P = C.prototype;    for (const m of ['flush', 'finish']) { const o = P[m]; if (!o) continue;      P[m] = function () {        const i = S.n, now = performance.now();        if (i < N) { S.t[i] = now; S.draws[i] = S.cur.draws; S.bytes[i] = S.cur.bytes; S.first[i] = S.cur.first; S.n = i + 1; }        S.swaps[m]++; S.cur.draws = 0; S.cur.bytes = 0; S.cur.first = 0;        const r = o.apply(this, arguments);        if (i < N) S.wait[i] = performance.now() - now;        return r; }; }    for (const m of ['drawArrays', 'drawElements']) { const o = P[m]; if (!o) continue;      P[m] = function () { if (!S.cur.first) S.cur.first = performance.now(); S.cur.draws++; return o.apply(this, arguments); }; }    for (const m of ['bufferData', 'bufferSubData']) { const o = P[m]; if (!o) continue;      P[m] = function () { const d = (m === 'bufferData') ? arguments[1] : arguments[2];        S.cur.bytes += (d && d.byteLength) ? d.byteLength : (typeof d === 'number' ? d : 0);        return o.apply(this, arguments); }; }  };  wrap(window.WebGLRenderingContext); wrap(window.WebGL2RenderingContext);  const cl = console.log.bind(console);  console.log = function () { const s = (arguments.length && typeof arguments[0] === 'string') ? arguments[0] : '';    if (s.indexOf('[L] ') === 0) S.marks.push([performance.now(), s]); return cl.apply(null, arguments); };  return 'sampler armed: frames, swap kind and wait, first draw, draw calls, buffer bytes, shot brackets';})() => "sampler armed: frames, swap kind and wait, first draw, draw calls, buffer bytes, shot brackets"
[    810ms] [harness] eval (()=>{const p='/data/webdefaults/autoexec.cfg';const cur=Module.FS.readFile(p,{encoding:'utf8'});const add='\n# perf arm negative-no-keys\nMAX_FPS 1000\nSP_SIZE_FACTOR 6\nSP_NUM_AIS 7\n';Module.FS.writeFile(p,cur+add);return 'autoexec.cfg patched: '+JSON.stringify(add)})() => "autoexec.cfg patched: \"\\n# perf arm negative-no-keys\\nMAX_FPS 1000\\nSP_SIZE_FACTOR 6\\nSP_NUM_AIS 7\\n\""
[    812ms] [console.log] [BOOT] autostart: calling main
[    815ms] [console.error] Error: Error in tString GeneratePrefix() in src/tools/tDirectories.cpp:1380 : 
[    815ms] [console.error]  	Relocation error. The binary was supposed to be installed into /usr/local/bin and found itself in . and could not find out what this means for the prefix /usr/local.
[    815ms] [console.error] 
[    816ms] [console.log] Warning in void FindConfigurationPath() in src/tools/tDirectories.cpp:1465 : 
[    816ms] [console.log]  	Could not determine path to configuration files. Using defaults or command line arguments.
[    816ms] [console.log] 
[    944ms] [console.log] [L] ENCODING latin1
[    952ms] [console.log] Trying to start sound. Just restart Armagetron Advanced in case of crash.
[    953ms] [console.log] [SND] device opened: 22050 Hz, 2 ch, 16-bit, 1024 frames/callback (46.4 ms per callback, SOUND_BUFFER_SHIFT 1)
[    974ms] [console.error] WARNING: using emscripten GL immediate mode emulation. This is very limited in what it supports
[    977ms] [console.error] TODO: glShadeModel
[    981ms] [browser.warning/rendering] Canvas2D: Multiple readback operations using getImageData are faster with the willReadFrequently attribute set to true. See: https://html.spec.whatwg.org/multipage/canvas.html#concept-canvas-will-read-frequently   <- http://localhost:8006/armagetronad.js
[   1019ms] [harness] eval window.AA_START() => undefined
[   1019ms] [harness] until 1x <<[BOOT] autostart>> (timeout 90000ms, have 1)
[   1019ms] [harness] until SATISFIED: saw 1x <<[BOOT] autostart>>
[   1026ms] [console.log] [TOUCH] context 1 (menu yes, cycle no) -> TAP=ENTER
[  10090ms] [harness] tap #tapzone at 458,206 (1/1)
[  10104ms] [console.log] [PERSISTSAVE] menu-leave n=1
[  13465ms] [harness] tap #tapzone at 458,206 (1/1)
[  13472ms] [console.log] [PERSISTSAVE] menu-leave n=2
[  13527ms] [console.log] [TOUCH] context 0 (menu no, cycle no) -> TAP=ENTER
[  17346ms] [console.log] [L] PLAYER_ENTERED web_user  web_user
[  17347ms] [console.log] [L] TEAM_CREATED web_user
[  17347ms] [console.log] [L] TEAM_PLAYER_ADDED web_user web_user
[  17349ms] [console.log] [WAV] loaded /data/sound/expl.wav: 11937 bytes, 8-bit mono @ 11025 Hz (fopen misses so far: 1)
[  17351ms] [console.log] [L] ROUND_SCORE_TEAM 0 web_user
[  17352ms] [console.log] [L] NEW_ROUND 2026-09-03 20:42:23 UTC+0200
[  17368ms] [console.log] [L] TEAM_CREATED ai_team
[  17368ms] [console.log] [L] TEAM_PLAYER_ADDED ai_team word
[  17368ms] [console.log] [L] TEAM_PLAYER_ADDED ai_team excel
[  17369ms] [console.log] [L] TEAM_PLAYER_ADDED ai_team notepad
[  17369ms] [console.log] [L] TEAM_PLAYER_ADDED ai_team gcc
[  17370ms] [console.log] [WAV] loaded /data/sound/cyclrun.wav: 40403 bytes, 8-bit mono @ 22050 Hz (fopen misses so far: 2)
[  17390ms] [harness] tap #tapzone at 458,206 (1/1)
[  17394ms] [console.log] [WAV] loaded /data/sound/expl.wav: 11937 bytes, 8-bit mono @ 11025 Hz (fopen misses so far: 2)
[  17394ms] [console.log] [WAV] retiring a voice on moviesounds/intro.wav: loaded but zero samples
[  17394ms] [console.log] [SND] live voices peaked at 11 (SOUND_SOURCES 10, loudness_thresh 0.0000)
[  17528ms] [console.log] [TOUCH] context 2 (menu no, cycle alive) -> STEERING
[  17648ms] [browser.error/network] Failed to load resource: the server responded with a status of 404 (File not found)   <- http://localhost:8006/favicon.ico
[  19693ms] [harness] until 1x <<[L] NEW_ROUND>> (timeout 120000ms, have 1)
[  19694ms] [harness] until SATISFIED: saw 1x <<[L] NEW_ROUND>>
[  19695ms] [harness] === ROUND-1-SETUP-NOT-MEASURED ===
[  24200ms] [harness] eval __fps.shot('r1-after-tutorial-keys','begin') => "shot begin r1-after-tutorial-keys"
[  24352ms] [harness] screenshot -> docs/evidence/m6-lag/task1-rig/negative-no-keys/r1-after-tutorial-keys.png
[  24353ms] [harness] eval __fps.shot('r1-after-tutorial-keys','end') => "shot end r1-after-tutorial-keys"
[  24356ms] [harness] CPU throttling rate 6x
[  24356ms] [harness] === THROTTLE-ON ===
[  24356ms] [harness] until 2x <<[L] NEW_ROUND>> (timeout 260000ms, have 1)
[  63128ms] [console.log] [L] DEATH_FRAG web_user gcc
[  63136ms] [console.log] [WAV] loaded /data/sound/expl.wav: 11937 bytes, 8-bit mono @ 11025 Hz (fopen misses so far: 3)
[  63294ms] [console.log] [TOUCH] context 0 (menu no, cycle no) -> TAP=ENTER
[  64755ms] [console.log] [L] ROUND_WINNER ai_team gcc notepad excel word
[  68797ms] [console.log] [WAV] loaded /data/sound/expl.wav: 11937 bytes, 8-bit mono @ 11025 Hz (fopen misses so far: 4)
[  68810ms] [console.log] [L] ROUND_SCORE -2 web_user web_user
[  68812ms] [console.log] [L] ROUND_SCORE_TEAM -2 web_user
[  68814ms] [console.log] [L] NEW_ROUND 2026-09-03 20:43:15 UTC+0200
[  68830ms] [console.log] [L] TEAM_PLAYER_ADDED ai_team outlook
[  68833ms] [console.log] [L] TEAM_PLAYER_ADDED ai_team latex
[  68836ms] [console.log] [L] TEAM_PLAYER_ADDED ai_team gdb
[  68855ms] [console.log] [SND] live voices peaked at 16 (SOUND_SOURCES 10, loudness_thresh 0.0110)
[  68855ms] [console.log] [SND] voice limiter STARTED cutting: 16 live voices, SOUND_SOURCES 10, loudness_thresh 0.0110
[  68915ms] [harness] until SATISFIED: saw 2x <<[L] NEW_ROUND>>
[  68915ms] [harness] === ROUND-2-MEASURED ===
[  69034ms] [console.log] [TOUCH] context 2 (menu no, cycle alive) -> STEERING
[  69289ms] [console.log] [SND] voice limiter stopped cutting: 4 live voices, SOUND_SOURCES 10, loudness_thresh 0.0000
[  69349ms] [console.log] [SND] voice limiter STARTED cutting: 15 live voices, SOUND_SOURCES 10, loudness_thresh 0.0110
[  69814ms] [console.log] [SND] voice limiter stopped cutting: 4 live voices, SOUND_SOURCES 10, loudness_thresh 0.0000
[  69854ms] [console.log] [SND] voice limiter STARTED cutting: 15 live voices, SOUND_SOURCES 10, loudness_thresh 0.0110
[  70321ms] [console.log] [SND] voice limiter stopped cutting: 4 live voices, SOUND_SOURCES 10, loudness_thresh 0.0000
[  70365ms] [console.log] [SND] voice limiter STARTED cutting: 14 live voices, SOUND_SOURCES 10, loudness_thresh 0.0010
[  70401ms] [console.log] [SND] voice limiter stopped cutting: 5 live voices, SOUND_SOURCES 10, loudness_thresh 0.0000
[  70462ms] [console.log] [SND] voice limiter STARTED cutting: 14 live voices, SOUND_SOURCES 10, loudness_thresh 0.0010
[  70506ms] [console.log] [SND] voice limiter stopped cutting: 5 live voices, SOUND_SOURCES 10, loudness_thresh 0.0000
[  70551ms] [console.log] [SND] voice limiter STARTED cutting: 14 live voices, SOUND_SOURCES 10, loudness_thresh 0.0010
[  70590ms] [console.log] [SND] voice limiter stopped cutting: 5 live voices, SOUND_SOURCES 10, loudness_thresh 0.0000
[  74934ms] [harness] eval __fps.shot('r2-06s','begin') => "shot begin r2-06s"
[  75104ms] [harness] screenshot -> docs/evidence/m6-lag/task1-rig/negative-no-keys/r2-06s.png
[  75115ms] [harness] eval __fps.shot('r2-06s','end') => "shot end r2-06s"
[  99133ms] [harness] eval __fps.shot('r2-30s','begin') => "shot begin r2-30s"
[  99303ms] [harness] screenshot -> docs/evidence/m6-lag/task1-rig/negative-no-keys/r2-30s.png
[  99324ms] [harness] eval __fps.shot('r2-30s','end') => "shot end r2-30s"
[ 114365ms] [console.log] [SND] voice limiter STARTED cutting: 12 live voices, SOUND_SOURCES 10, loudness_thresh 0.0010
[ 119341ms] [harness] eval __fps.shot('r2-50s','begin') => "shot begin r2-50s"
[ 119552ms] [harness] screenshot -> docs/evidence/m6-lag/task1-rig/negative-no-keys/r2-50s.png
[ 119585ms] [harness] eval __fps.shot('r2-50s','end') => "shot end r2-50s"
[ 119585ms] [harness] until 3x <<[L] NEW_ROUND>> (timeout 260000ms, have 2)
[ 125273ms] [console.log] [SND] voice limiter stopped cutting: 8 live voices, SOUND_SOURCES 10, loudness_thresh 0.0000
[ 127922ms] [console.log] [L] DEATH_FRAG web_user notepad
[ 128043ms] [console.log] [TOUCH] context 0 (menu no, cycle no) -> TAP=ENTER
[ 129743ms] [console.log] [L] ROUND_WINNER ai_team gdb latex outlook gcc notepad excel word
[ 133842ms] [console.log] [L] ROUND_SCORE -2 web_user web_user
[ 133843ms] [console.log] [L] ROUND_SCORE_TEAM -2 web_user
[ 133844ms] [console.log] [L] NEW_ROUND 2026-09-03 20:44:20 UTC+0200
[ 133877ms] [console.log] [SND] voice limiter STARTED cutting: 16 live voices, SOUND_SOURCES 10, loudness_thresh 0.0110
[ 133894ms] [harness] until SATISFIED: saw 3x <<[L] NEW_ROUND>>
[ 133894ms] [harness] === ROUND-3-MEASURED ===
[ 134033ms] [console.log] [TOUCH] context 2 (menu no, cycle alive) -> STEERING
[ 134306ms] [console.log] [SND] voice limiter stopped cutting: 4 live voices, SOUND_SOURCES 10, loudness_thresh 0.0000
[ 139896ms] [harness] eval __fps.shot('r3-06s','begin') => "shot begin r3-06s"
[ 140061ms] [harness] screenshot -> docs/evidence/m6-lag/task1-rig/negative-no-keys/r3-06s.png
[ 140064ms] [harness] eval __fps.shot('r3-06s','end') => "shot end r3-06s"
[ 164083ms] [harness] eval __fps.shot('r3-30s','begin') => "shot begin r3-30s"
[ 164254ms] [harness] screenshot -> docs/evidence/m6-lag/task1-rig/negative-no-keys/r3-30s.png
[ 164257ms] [harness] eval __fps.shot('r3-30s','end') => "shot end r3-30s"
[ 184266ms] [harness] eval __fps.shot('r3-50s','begin') => "shot begin r3-50s"
[ 184451ms] [harness] screenshot -> docs/evidence/m6-lag/task1-rig/negative-no-keys/r3-50s.png
[ 184456ms] [harness] eval __fps.shot('r3-50s','end') => "shot end r3-50s"
[ 184456ms] [harness] until 3x <<[L] ROUND_WINNER>> (timeout 260000ms, have 2)
[ 192944ms] [console.log] [L] DEATH_FRAG web_user notepad
[ 193057ms] [console.log] [TOUCH] context 0 (menu no, cycle no) -> TAP=ENTER
[ 194654ms] [console.log] [L] ROUND_WINNER ai_team gdb latex outlook gcc notepad excel word
[ 194739ms] [harness] until SATISFIED: saw 3x <<[L] ROUND_WINNER>>
[ 194739ms] [harness] === MATCH-OVER ===
[ 195883ms] [harness] eval (() => {  /* ONE EXPRESSION, BLOCK COMMENTS ONLY: run-arm.sh strips newlines to make     this a single eval: step (see sampler.js). negative-no-keys and 6 are     substituted by run-arm.sh. The object this prints after "[PERF] <arm> " is     the schema Tasks 2-4 read; web/tools/perf/README.md documents it. */  const S = window.__fps, n = S.n;  const PAD_BEFORE = 100, PAD_AFTER = 250;  const marks = (p) => S.marks.filter(m => m[1].indexOf(p) === 0);  const nr = marks('[L] NEW_ROUND').map(m => m[0]);  const rw = marks('[L] ROUND_WINNER').map(m => m[0]);  /* The human is the first PLAYER_ENTERED name; the AIs never enter that way.     A DEATH_* line names its victim first, so the human's deaths are the     DEATH_ marks whose first name is that one. */  const pe = marks('[L] PLAYER_ENTERED ');  const human = pe.length ? pe[0][1].split(/\s+/)[2] : 'web_user';  const deaths = S.marks.filter(m => /^\[L\] DEATH_\w+ /.test(m[1]) && m[1].split(/\s+/)[2] === human).map(m => m[0]);  /* Screenshot exclusions: [begin - PAD_BEFORE, end + PAD_AFTER] for every     bracketed shot (sampler.js S.shot); a begin with no end -- the driver died     mid-shot -- excludes two seconds. */  const ex = []; const open = {};  for (const [t, name, edge] of S.shots) {    if (edge === 'begin') open[name] = t;    else if (edge === 'end' && open[name] != null) { ex.push({ a: open[name] - PAD_BEFORE, b: t + PAD_AFTER, name: name, dur: t - open[name] }); delete open[name]; } }  for (const name in open) ex.push({ a: open[name] - PAD_BEFORE, b: open[name] + 2000, name: name, dur: null });  const excluded = (t) => ex.some(e => t >= e.a && t <= e.b);  const q = (a, p) => { if (!a.length) return null; const s = a.slice().sort((x, y) => x - y);    return s[Math.min(s.length - 1, Math.max(0, Math.round(p * (s.length - 1))))]; };  const r2 = (x) => (x == null) ? null : Math.round(x * 100) / 100;  /* A window's statistics use only frames outside every exclusion, and only     deltas between frames that were ADJACENT samples, so a gap that straddles     an exclusion is never counted as a frame time. raw_ms_max ignores the     exclusions on purpose: it is where a screenshot hitch stays visible, so a     reader can see what was excluded and that it did not leak into ms_p50.     Each frame interval t[i]-t[p] (p the previous sample) is also split into     the three parts the sampler timestamps: ms_in_swap = the previous swap     call itself (p50, p90 and max: if glFinish waited for the GPU it would     show here, and the first measured run read 0 in every window -- so the     tail is reported too), ms_to_first_draw = from that     call's return to this frame's first draw call (the emscripten_sleep(0)     yield, input, the simulation, render setup), ms_first_draw_to_swap = from     the first draw call to this frame's swap call (render submission). */  const win = (t0, t1) => {    const ix = []; let dropped = 0, rawMax = 0, prev = -1;    for (let i = 0; i < n; i++) { const t = S.t[i]; if (t < t0 || t > t1) continue;      if (prev >= 0) rawMax = Math.max(rawMax, t - S.t[prev]); prev = i;      if (excluded(t)) dropped++; else ix.push(i); }    const d = [], sw = [], pre = [], ren = []; let dr = 0, by = 0;    for (let k = 1; k < ix.length; k++) if (ix[k] === ix[k - 1] + 1) { const i = ix[k], p = ix[k - 1];      d.push(S.t[i] - S.t[p]); sw.push(S.wait[p]);      if (S.first[i] > 0) { pre.push(S.first[i] - (S.t[p] + S.wait[p])); ren.push(S.t[i] - S.first[i]); } }    for (const i of ix) { dr += S.draws[i]; by += S.bytes[i]; }    const f = ix.length || 1;    let exms = 0; for (const e of ex) exms += Math.max(0, Math.min(t1, e.b) - Math.max(t0, e.a));    const span = Math.max(1, (t1 - t0) - exms);    return { frames: ix.length, frames_excluded: dropped, ms_p50: r2(q(d, .5)), ms_p90: r2(q(d, .9)),             fps: r2(ix.length / (span / 1000)), draws_per_frame: r2(dr / f),             kb_per_frame: r2(by / f / 1024), hitches_over_50ms: d.filter(x => x > 50).length,             raw_ms_max: r2(rawMax), ms_in_swap_p50: r2(q(sw, .5)), ms_in_swap_p90: r2(q(sw, .9)), ms_in_swap_max: r2(q(sw, 1)),             ms_to_first_draw_p50: r2(q(pre, .5)), ms_first_draw_to_swap_p50: r2(q(ren, .5)) }; };  const perSec = (t0, t1) => { const ms = [], dr = [], mx = [], pre = [], ren = [];    for (let k = 0; k * 1000 < t1 - t0; k++) { const w = win(t0 + k * 1000, Math.min(t1, t0 + (k + 1) * 1000));      ms.push(w.ms_p50); dr.push(w.draws_per_frame); mx.push(w.raw_ms_max); pre.push(w.ms_to_first_draw_p50); ren.push(w.ms_first_draw_to_swap_p50); }    return { ms_p50: ms, draws_per_frame: dr, raw_ms_max: mx, ms_to_first_draw_p50: pre, ms_first_draw_to_swap_p50: ren }; };  /* Pre-round frames. For the first half second of game time after a round     starts (gGame.cpp GameLoop, the gtime <= -PREPARE_TIME + .5 branch) the     game clears the screen and swaps WITHOUT calling Render: overlay only, no     arena, a handful of draw calls at a fraction of a world frame's cost.     They sit right after NEW_ROUND and would otherwise fill the early window     with frames that have no geometry in them. They are found by their draw     count: the threshold is halfway between the fewest draws of any frame in     the round's first two seconds (an overlay-only frame) and the median of     its second second (world frames); the measured span starts at the first     frame after the last frame under the threshold. The frame that straddles     NEW_ROUND itself (drawn mostly before it) is above the threshold and is     left out of both. */  const preRound = (t0) => {    const a = [], b = [];    for (let i = 0; i < n; i++) { const t = S.t[i]; if (t < t0) continue; if (t >= t0 + 2000) break; a.push(i); if (t >= t0 + 1000) b.push(S.draws[i]); }    const none = { start: t0, stats: { frames: 0, ms_p50: null, draws_per_frame: null, span_ms: 0, split_at_draws: null } };    if (!a.length) return none;    let lo = Infinity; for (const i of a) lo = Math.min(lo, S.draws[i]);    const med = q(b, .5); if (med == null || !(med > lo)) return none;    const thr = (lo + med) / 2; const ov = a.filter(i => S.draws[i] <= thr);    if (!ov.length) return none;    const last = ov[ov.length - 1]; const d = []; let dr = 0;    for (let k = 1; k < ov.length; k++) if (ov[k] === ov[k - 1] + 1) d.push(S.t[ov[k]] - S.t[ov[k - 1]]);    for (const i of ov) dr += S.draws[i];    return { start: (last + 1 < n) ? S.t[last + 1] : t0,             stats: { frames: ov.length, ms_p50: r2(q(d, .5)), draws_per_frame: r2(dr / ov.length),                      span_ms: r2(S.t[last] - S.t[ov[0]]), split_at_draws: r2(thr) } }; };  const rounds = [];  for (let i = 0; i < Math.min(nr.length, rw.length); i++) {    const t0 = nr[i], t1 = rw[i], len = (t1 - t0) / 1000; if (len < 8) continue;    /* The measured span runs from the first world frame to the human's death       when the human dies before ROUND_WINNER (after it the camera shows an       explosion and the AIs' endgame, which is not what the maintainer       plays), else to ROUND_WINNER. */    const death = deaths.find(t => t > t0 && t < t1); const te = death != null ? death : t1;    const pr = preRound(t0); const ts = pr.start;    const e = win(ts, ts + 5000), l = win(te - 5000, te), all = win(ts, te);    const shots = ex.filter(x => x.a >= t0 && x.a <= t1).map(x => ({ name: x.name, at_s: r2((x.a + PAD_BEFORE - t0) / 1000), dur_ms: r2(x.dur) }));    rounds.push({ round: i + 1, length_s: r2(len),      measured_from_s: r2((ts - t0) / 1000), measured_to_s: r2((te - t0) / 1000),      human_death_s: death != null ? r2((death - t0) / 1000) : null, ends_at: death != null ? 'human_death' : 'round_winner',      pre_round: pr.stats, early_5s: e, late_5s: l,      ratio_ms: e.ms_p50 ? r2(l.ms_p50 / e.ms_p50) : null,      ratio_draws: e.draws_per_frame ? r2(l.draws_per_frame / e.draws_per_frame) : null,      hitches_over_50ms: all.hitches_over_50ms, frames: all.frames, frames_excluded: all.frames_excluded,      raw_ms_max: all.raw_ms_max, shots: shots, per_second: perSec(t0, t1) }); }  return '[PERF] negative-no-keys ' + JSON.stringify({ arm: 'negative-no-keys', cpu_rate: 6, frames: n, human: human,    swaps: S.swaps, rounds_started: nr.length, rounds_won: rw.length,    shots_bracketed: ex.filter(x => x.dur != null).length, shot_pad_ms: [PAD_BEFORE, PAD_AFTER], rounds });})() => "[PERF] negative-no-keys {\"arm\":\"negative-no-keys\",\"cpu_rate\":6,\"frames\":11746,\"human\":\"web_user\",\"swaps\":{\"flush\":0,\"finish\":11746},\"rounds_started\":3,\"rounds_won\":3,\"shots_bracketed\":7,\"shot_pad_ms\":[100,250],\"rounds\":[{\"round\":1,\"length_s\":47.4,\"measured_from_s\":0.54,\"measured_to_s\":45.77,\"human_death_s\":45.77,\"ends_at\":\"human_death\",\"pre_round\":{\"frames\":94,\"ms_p50\":5,\"draws_per_frame\":18.05,\"span_ms\":472.6,\"split_at_draws\":39},\"early_5s\":{\"frames\":713,\"frames_excluded\":0,\"ms_p50\":7,\"ms_p90\":7.6,\"fps\":142.6,\"draws_per_frame\":77.35,\"kb_per_frame\":120.77,\"hitches_over_50ms\":0,\"raw_ms_max\":12.8,\"ms_in_swap_p50\":0,\"ms_in_swap_p90\":0,\"ms_in_swap_max\":0.1,\"ms_to_first_draw_p50\":5.1,\"ms_first_draw_to_swap_p50\":1.9},\"late_5s\":{\"frames\":270,\"frames_excluded\":0,\"ms_p50\":18.2,\"ms_p90\":20.6,\"fps\":54,\"draws_per_frame\":83.47,\"kb_per_frame\":121.37,\"hitches_over_50ms\":0,\"raw_ms_max\":31.5,\"ms_in_swap_p50\":0,\"ms_in_swap_p90\":0,\"ms_in_swap_max\":1.2,\"ms_to_first_draw_p50\":6.6,\"ms_first_draw_to_swap_p50\":11.4},\"ratio_ms\":2.6,\"ratio_draws\":1.08,\"hitches_over_50ms\":0,\"frames\":2978,\"frames_excluded\":50,\"raw_ms_max\":33.7,\"shots\":[{\"name\":\"r1-after-tutorial-keys\",\"at_s\":6.85,\"dur_ms\":153.8}],\"per_second\":{\"ms_p50\":[5.5,6.6,7.1,7.2,7.3,7.2,7.3,18.8,18.9,18.9,19.6,19.7,18.8,18.6,18.4,19.4,18.9,19.7,19.1,18.7,20.2,20.7,18.7,16.8,16.6,17,17.6,18.2,17.3,17.3,17.8,17.7,18.3,17.1,17.5,17.1,17.7,17.3,17.8,17.9,17.3,17.7,18.2,17.3,20,19,16.4,16],\"draws_per_frame\":[35.81,60,78.77,79,92.01,95.04,91.23,91,88.17,88,85.18,85,84.06,84,83.08,83,83,83,83,83,83,83,83,83,83,83,83,83,83,83,83,83,83,83,83,83,83,83,83,83,83,83,83,83,83,87.24,88.77,90],\"raw_ms_max\":[27.5,7.7,8.1,8.1,12.8,8,8,20.9,22.1,21.5,23.3,23.1,21,21.6,24.6,26.1,22.6,24.4,21.9,21.3,31.2,24.9,23.9,20.2,19.7,19.6,20.2,20.8,20.7,19.4,33.7,22.1,21.6,19.8,19.6,20,22.7,20.6,21.4,20.1,19.4,20.5,20.8,20,31.5,38.2,19.2,19.8],\"ms_to_first_draw_p50\":[4.9,4.9,5.1,5.1,5.3,5.2,5.3,6.6,6.7,6.7,6.9,6.8,6.8,6.7,6.7,6.9,6.7,6.9,6.9,6.7,7,7,6.8,6.4,6,6.1,6.4,6.6,6.4,6.4,6.4,6.5,6.5,6.3,6.5,6.4,6.3,6.4,6.3,6.5,6.3,6.4,6.4,6.4,7.4,7.6,6.1,6.2],\"ms_first_draw_to_swap_p50\":[0.3,1.6,2,2,2,2,2,12.1,12,12.4,12.7,13,12.1,11.8,12,12.2,12,12.3,12.2,11.9,13.2,13.8,12,10.2,10.3,10.7,11.2,11.5,11,10.9,11.3,11.2,11.4,10.6,10.7,10.8,11.1,11,11.4,11.4,10.9,11.1,11.7,11.2,12.2,11,10.2,9.8]}},{\"round\":2,\"length_s\":60.93,\"measured_from_s\":0.53,\"measured_to_s\":59.11,\"human_death_s\":59.11,\"ends_at\":\"human_death\",\"pre_round\":{\"frames\":75,\"ms_p50\":6.2,\"draws_per_frame\":16.19,\"span_ms\":473,\"split_at_draws\":46},\"early_5s\":{\"frames\":234,\"frames_excluded\":0,\"ms_p50\":21.4,\"ms_p90\":24,\"fps\":46.8,\"draws_per_frame\":96.19,\"kb_per_frame\":180.83,\"hitches_over_50ms\":0,\"raw_ms_max\":26.5,\"ms_in_swap_p50\":0,\"ms_in_swap_p90\":0,\"ms_in_swap_max\":1.1,\"ms_to_first_draw_p50\":5.8,\"ms_first_draw_to_swap_p50\":15.5},\"late_5s\":{\"frames\":148,\"frames_excluded\":0,\"ms_p50\":33,\"ms_p90\":39.9,\"fps\":29.6,\"draws_per_frame\":246.49,\"kb_per_frame\":231.62,\"hitches_over_50ms\":1,\"raw_ms_max\":55.6,\"ms_in_swap_p50\":0,\"ms_in_swap_p90\":0.1,\"ms_in_swap_max\":1.3,\"ms_to_first_draw_p50\":11.6,\"ms_first_draw_to_swap_p50\":20.6},\"ratio_ms\":1.54,\"ratio_draws\":2.56,\"hitches_over_50ms\":17,\"frames\":2194,\"frames_excluded\":62,\"raw_ms_max\":99.3,\"shots\":[{\"name\":\"r2-06s\",\"at_s\":6.12,\"dur_ms\":182},{\"name\":\"r2-30s\",\"at_s\":30.32,\"dur_ms\":190.1},{\"name\":\"r2-50s\",\"at_s\":50.53,\"dur_ms\":243.6}],\"per_second\":{\"ms_p50\":[6.8,20.1,21.4,21.5,22.6,24.5,26.3,25.1,23.6,24.7,24.4,23.8,23.2,24.3,23.5,22.7,23.5,23.5,23.2,23.7,23,23.3,22.6,24.3,23.2,23.8,23.8,25.2,24.8,22.9,22.2,23.2,22.8,24.6,22.6,22.3,25.9,22.5,22.6,23,25.1,25.6,26.7,25.6,27.3,32.6,37.3,38.3,39.9,39.4,41.1,35,37.4,39.3,37.1,34.9,31.9,32.2,29.8,29,26.6],\"draws_per_frame\":[30.89,75.98,94.63,95,119.18,122.76,118,118,114.48,114,111.37,111,108.43,108,107.17,107,107,107,107,107,107,107,107,107,107,107,107,107,107,107,107,107,107,107,107,107,107,107,107,107,107,107,107,107,107,114.36,157,208.31,262.68,307.43,310.8,310.08,314.44,311.17,316.93,306.64,260.87,214.81,167.5,122.42,118.64],\"raw_ms_max\":[21.6,24,24.9,24.4,24.8,29,43.1,27.3,28,33.6,29.5,28.2,31.2,29.4,27.7,28.2,27.4,27.7,27,26.5,27.8,25.9,26.2,32.2,25.5,29.3,27.1,28.9,30.3,28.6,27.5,25.6,27.3,29.4,26.6,28,31.1,27.1,25.3,37.6,32.2,31.5,31.2,31.3,30.8,99.3,66.2,70.1,53.5,64.2,52.6,48.1,71.7,49.5,46.4,48.9,42,45.1,55.6,41.7,38.9],\"ms_to_first_draw_p50\":[5.2,5.4,5.4,5.5,7,7.2,7.3,7.3,7.1,7.6,7.2,7.3,7.1,7.2,7.1,7.1,7.4,7.2,7.1,7.1,7,7.2,6.9,7.4,7.1,7.4,7.3,7.4,7.4,7,7,7.2,7,7.1,6.8,6.8,7.4,7,7,7,7.3,7.7,7.3,7.4,7.6,13.1,16.3,15.6,13.6,13.6,13.6,12.3,13.9,14.4,13.9,12.9,10.5,10.8,10,12.7,11.1],\"ms_first_draw_to_swap_p50\":[1.5,14.5,16,16.1,15.8,16.9,18.3,17,16.6,17.5,16.9,16.4,16.2,16.9,16.4,15.4,16.2,16.5,16.2,16.3,15.9,16.4,15.4,16.7,16,16.1,16.3,18,17.3,15.7,15.3,15.8,15.8,17,15.3,15.4,18.1,15.9,15.2,15.9,17.8,18.2,19.4,18.1,19.6,18.9,20.8,22.7,24.7,25.6,25.7,22.2,23.6,23.8,22.9,21.4,20.4,21.4,18.3,16.2,15.9]}},{\"round\":3,\"length_s\":60.81,\"measured_from_s\":0.53,\"measured_to_s\":59.1,\"human_death_s\":59.1,\"ends_at\":\"human_death\",\"pre_round\":{\"frames\":76,\"ms_p50\":6.2,\"draws_per_frame\":11.05,\"span_ms\":480.9,\"split_at_draws\":41},\"early_5s\":{\"frames\":233,\"frames_excluded\":0,\"ms_p50\":21.2,\"ms_p90\":24.7,\"fps\":46.6,\"draws_per_frame\":90.3,\"kb_per_frame\":184.03,\"hitches_over_50ms\":0,\"raw_ms_max\":26.5,\"ms_in_swap_p50\":0,\"ms_in_swap_p90\":0.1,\"ms_in_swap_max\":1.3,\"ms_to_first_draw_p50\":5.7,\"ms_first_draw_to_swap_p50\":15.5},\"late_5s\":{\"frames\":192,\"frames_excluded\":0,\"ms_p50\":24.7,\"ms_p90\":31.8,\"fps\":38.4,\"draws_per_frame\":112.68,\"kb_per_frame\":181.81,\"hitches_over_50ms\":0,\"raw_ms_max\":50,\"ms_in_swap_p50\":0,\"ms_in_swap_p90\":0.1,\"ms_in_swap_max\":1.3,\"ms_to_first_draw_p50\":8.1,\"ms_first_draw_to_swap_p50\":16},\"ratio_ms\":1.17,\"ratio_draws\":1.25,\"hitches_over_50ms\":3,\"frames\":2382,\"frames_excluded\":64,\"raw_ms_max\":60.1,\"shots\":[{\"name\":\"r3-06s\",\"at_s\":6.05,\"dur_ms\":168.5},{\"name\":\"r3-30s\",\"at_s\":30.24,\"dur_ms\":175.2},{\"name\":\"r3-50s\",\"at_s\":50.42,\"dur_ms\":190.1}],\"per_second\":{\"ms_p50\":[6.7,20.2,20.9,21.2,24.1,24.1,23.2,24.1,25.3,24.4,24.6,25,22.6,23,23.1,22.8,22.6,22.4,22.7,22.8,23.1,24,22.6,22.5,24.2,23.5,23.3,23.6,22.2,21.8,24,24.3,21.9,22.1,23.3,22.6,22.6,22.4,22.2,23.3,22.8,23.7,23.3,23.3,22.4,26.5,27.6,28.4,27.4,27.6,26.2,26.8,25.5,28,27.3,27.3,22.9,23,26.9,28.1,26.7],\"draws_per_frame\":[25.64,70.98,88.25,89,113.19,116.95,111,111,110.08,110,109.1,109,108.09,108,107.1,107,107,107,107,107,107,107,107,107,107,107,107,107,107,107,107,107,107,107,107,107,107,107,107,107,107,107,107,107,107,109.26,107,107.18,108.89,109.11,110.78,111,111,111,111,111,112.58,113,115.2,115.24,116.55],\"raw_ms_max\":[21.3,23.9,23.9,24.7,25.9,26.5,27.7,27.4,49,29.2,30.5,29.7,26.2,26.2,27.3,25.5,26,25.4,26.8,26.4,26.5,29.6,25.6,25.5,29.6,27.6,25,27.9,25.9,26.1,27.5,29,23.9,26.2,26.4,25,40.7,26.2,25.7,28.7,25.5,28.3,25.8,27.9,28.4,60.1,55.9,45.6,34.2,52,34.2,37.8,38.3,40.6,37.2,41.3,29.6,39.2,50,47.3,38],\"ms_to_first_draw_p50\":[5.2,5.4,5.5,5.4,7.1,7.1,7,7.1,7.6,7.3,7.1,7.3,6.9,7.1,7.1,7.1,7,6.9,7,7.2,7,7.6,6.8,7,7,7.3,7.2,7.2,6.8,6.8,7.1,7.5,6.9,6.8,7.1,7.1,7,6.9,6.9,6.9,7.1,6.9,7.1,7.1,7.2,11.1,12.3,12.7,11.4,11.4,10.6,10.3,10.1,10.5,10.6,10.1,6.9,7.1,8.2,12.1,11.7],\"ms_first_draw_to_swap_p50\":[1.4,14.9,15.1,15.8,16.8,17,16.2,16.8,17.1,17.2,16.9,17.4,15.7,15.6,16.2,15.7,15.6,15.3,15.7,15.5,16.4,16.5,15.6,15.5,16.9,15.9,16,16.6,15.4,15.1,16.7,17,15.2,15.3,16.2,15.5,15.6,15.5,15.3,15.9,15.5,16.5,15.7,16.1,15.2,15.5,15.4,15.6,16.1,15.7,15.6,15.9,15.3,16.9,16.7,15.6,15.7,15.6,17.6,15.5,14.5]}}]}"
