[    701ms] [harness] chrome: Chrome/153.0.8010.37
[    702ms] [harness] navigating to http://localhost:8008/armagetronad.html?bridge=ws://127.0.0.1:8010
[      6ms] [harness] until 1x <<[PERSIST] populate ok>> (timeout 90000ms, have 0)
[     17ms] [console.log] [TOUCH] enabled=false (media query -> false) maxTouchPoints=0
[     17ms] [console.log] [DISPLAY] layout=full (from the orientation) at parse
[     25ms] [console.log] [DISPLAY] at load: viewport 1024x768 dpr 1 -> canvas 1024x768 aspect 1.3333 gpu-axis-limit 16384
[     34ms] [console.error] WARNING: using emscripten GL emulation. This is a collection of limited workarounds, do not expect it to work.
[     35ms] [console.error] WARNING: using emscripten GL emulation unsafe opts. If weirdness happens, try -sGL_UNSAFE_OPTS=0
[     38ms] [page] load event fired
[     42ms] [browser.error/network] Failed to load resource: the server responded with a status of 404 (File not found)   <- http://localhost:8008/favicon.ico
[    109ms] [console.log] [PERSIST] populate ok in 41ms
[    209ms] [harness] until SATISFIED: saw 1x <<[PERSIST] populate ok>>
[    308ms] [console.log] [PERSIST] runtime initialized, starting the game
[    308ms] [console.log] [CAMERA] stock camera (factor 1)
[    309ms] [console.log] [SPARKS] stock sparks, nothing written
[    309ms] [console.log] [DISPLAY] layout=full (from the orientation) before main
[    311ms] [console.log] [DISPLAY] before main: viewport 1024x768 dpr 1 -> canvas 1024x768 aspect 1.3333 gpu-axis-limit 16384
[    311ms] [console.log] [BOOT] autostart: calling main
[    314ms] [console.error] Error: Error in tString GeneratePrefix() in src/tools/tDirectories.cpp:1380 : 
[    314ms] [console.error]  	Relocation error. The binary was supposed to be installed into /usr/local/bin and found itself in . and could not find out what this means for the prefix /usr/local.
[    315ms] [console.error] 
[    315ms] [console.log] Warning in void FindConfigurationPath() in src/tools/tDirectories.cpp:1465 : 
[    315ms] [console.log]  	Could not determine path to configuration files. Using defaults or command line arguments.
[    315ms] [console.log] 
[    437ms] [console.log] [L] ENCODING latin1
[    444ms] [console.log] Trying to start sound. Just restart Armagetron Advanced in case of crash.
[    446ms] [console.log] [SND] device opened: 22050 Hz, 2 ch, 16-bit, 1024 frames/callback (46.4 ms per callback, SOUND_BUFFER_SHIFT 1)
[    464ms] [console.error] WARNING: using emscripten GL immediate mode emulation. This is very limited in what it supports
[    467ms] [console.error] TODO: glShadeModel
[    470ms] [browser.warning/rendering] Canvas2D: Multiple readback operations using getImageData are faster with the willReadFrequently attribute set to true. See: https://html.spec.whatwg.org/multipage/canvas.html#concept-canvas-will-read-frequently   <- http://localhost:8008/armagetronad.js
[   1211ms] [harness] until 1x <<[BOOT] autostart>> (timeout 120000ms, have 1)
[   1211ms] [harness] until SATISFIED: saw 1x <<[BOOT] autostart>>
[  10281ms] [harness] screenshot -> docs/evidence/m-a-bridge/b6/local/01-boot1-language-menu.png
[  10315ms] [console.log] [PERSISTSAVE] menu-leave n=1
[  10316ms] [harness] key Enter (1/1)
[  13685ms] [harness] screenshot -> docs/evidence/m-a-bridge/b6/local/02-boot1-first-setup.png
[  13715ms] [console.log] [PERSISTSAVE] menu-leave n=2
[  13718ms] [harness] key Escape (1/1)
[  14019ms] [harness] until 1x <<[PERSISTSAVE] menu-leave>> (timeout 30000ms, have 2)
[  14020ms] [harness] until SATISFIED: saw 2x <<[PERSISTSAVE] menu-leave>>
[  17021ms] [harness] === RELOAD-SO-BOOT-2-STARTS-AT-THE-REAL-MAIN-MENU ===
[  17030ms] [console.log] [PERSISTSAVE] js-backstop n=3
[  17030ms] [console.log] [PERSISTBACKSTOP] beforeunload
[  17031ms] [harness] eval location.reload() => undefined
[  17031ms] [harness] until 2x <<[PERSIST] populate ok>> (timeout 90000ms, have 1)
[  17052ms] [console.log] [TOUCH] enabled=false (media query -> false) maxTouchPoints=0
[  17052ms] [console.log] [DISPLAY] layout=full (from the orientation) at parse
[  17054ms] [console.log] [DISPLAY] at load: viewport 1024x768 dpr 1 -> canvas 1024x768 aspect 1.3333 gpu-axis-limit 16384
[  17057ms] [console.error] WARNING: using emscripten GL emulation. This is a collection of limited workarounds, do not expect it to work.
[  17057ms] [console.error] WARNING: using emscripten GL emulation unsafe opts. If weirdness happens, try -sGL_UNSAFE_OPTS=0
[  17062ms] [page] load event fired
[  17073ms] [console.log] [PERSIST] populate ok in 5ms
[  17113ms] [console.log] [PERSIST] runtime initialized, starting the game
[  17114ms] [console.log] [CAMERA] stock camera (factor 1)
[  17114ms] [console.log] [SPARKS] stock sparks, nothing written
[  17114ms] [console.log] [DISPLAY] layout=full (from the orientation) before main
[  17116ms] [console.log] [DISPLAY] before main: viewport 1024x768 dpr 1 -> canvas 1024x768 aspect 1.3333 gpu-axis-limit 16384
[  17117ms] [console.log] [BOOT] autostart: calling main
[  17118ms] [console.error] Error: Error in tString GeneratePrefix() in src/tools/tDirectories.cpp:1380 : 
[  17118ms] [console.error]  	Relocation error. The binary was supposed to be installed into /usr/local/bin and found itself in . and could not find out what this means for the prefix /usr/local.
[  17118ms] [console.error] 
[  17118ms] [console.log] Warning in void FindConfigurationPath() in src/tools/tDirectories.cpp:1465 : 
[  17118ms] [console.log]  	Could not determine path to configuration files. Using defaults or command line arguments.
[  17119ms] [console.log] 
[  17133ms] [harness] until SATISFIED: saw 2x <<[PERSIST] populate ok>>
[  17133ms] [harness] until 2x <<[BOOT] autostart>> (timeout 120000ms, have 2)
[  17134ms] [harness] until SATISFIED: saw 2x <<[BOOT] autostart>>
[  17235ms] [console.log] [L] ENCODING latin1
[  17238ms] [console.log] [SND] device opened: 22050 Hz, 2 ch, 16-bit, 1024 frames/callback (46.4 ms per callback, SOUND_BUFFER_SHIFT 1)
[  17254ms] [console.error] WARNING: using emscripten GL immediate mode emulation. This is very limited in what it supports
[  17257ms] [console.error] TODO: glShadeModel
[  17259ms] [browser.warning/rendering] Canvas2D: Multiple readback operations using getImageData are faster with the willReadFrequently attribute set to true. See: https://html.spec.whatwg.org/multipage/canvas.html#concept-canvas-will-read-frequently   <- http://localhost:8008/armagetronad.js
[  29218ms] [harness] screenshot -> docs/evidence/m-a-bridge/b6/local/03-boot2-main-menu.png
[  29220ms] [harness] eval (()=>{const o=console.log;if(console.log.__aa)return 'already';window.__peers=[];const w=function(){try{const s=String(arguments[0]);if(s.indexOf('[BRIDGE] peer ')===0)window.__peers.push(s)}catch(e){}return o.apply(console,arguments)};w.__aa=true;console.log=w;return 'peer-line tap installed'})() => "peer-line tap installed"
[  29221ms] [harness] eval (()=>{if(window.__lTap)return 'already';window.__lTap=true;window.__L={};const o=console.log;const w=function(){try{const s=String(arguments[0]);if(s.indexOf('[L] ')===0){const k=s.slice(4).split(' ')[0];window.__L[k]=(window.__L[k]||0)+1}}catch(e){}return o.apply(console,arguments)};console.log=w;return 'ladder-log tap installed'})() => "ladder-log tap installed"
[  29222ms] [harness] eval (()=>{if(window.__gw)return 'already';window.__gw={};window.__gwTimer=setInterval(()=>{const L=window.__L||{};const say=(k)=>{if(!window.__gw[k]){window.__gw[k]=1;console.log('[GATEWAIT] '+k)}};const n=L.NEW_ROUND|0,sc=L.ROUND_SCORE_TEAM|0,ro=L.TEAM_PLAYER_ADDED|0;for(let i=1;i<=8;i++){if(ro>=i)say('ROSTER-'+i);if(n>=i)say('STARTED-'+i);if(sc>=i)say('SCORED-'+i)}},500);return 'gate-wait milestone ticker installed'})() => "gate-wait milestone ticker installed"
[  29223ms] [harness] eval (()=>{if(window.__rttTap)return 'already';window.__rttTap=1;const R={sent:{},samples:[],addrs:{},outD:0,inD:0,parseFail:0};R.reset=function(){R.sent={};R.samples=[];R.addrs={};R.outD=0;R.inD=0;R.parseFail=0;return 'rtt state cleared'};window.__rtt=R;const head=(u)=>{if(u.length<7||u[0]!==1)return null;const al=u[6];if(u.length<7+al)return null;let a='';for(let i=0;i<al;i++)a+=String.fromCharCode(u[7+i]);return {type:u[1],addr:a,off:7+al}};const parse=(u,off)=>{const e=u.length-2;const out=[];let p=off;while(p+6<=e){const d=(u[p]<<8)|u[p+1];const id=(u[p+2]<<8)|u[p+3];const dl=(u[p+4]<<8)|u[p+5];p+=6;if(p+dl*2>e)return out;if(d===1){const a=[];for(let i=0;i<dl;i++)a.push((u[p+i*2]<<8)|u[p+i*2+1]);out.push({d:1,acks:a})}else out.push({d:d,id:id});p+=dl*2}return out};const onOut=(u)=>{const h=head(u);if(!h||h.type!==3)return;R.outD++;R.addrs[h.addr]=(R.addrs[h.addr]|0)+1;const ms=parse(u,h.off);if(!ms.length){R.parseFail++;return}const t=performance.now();for(const m of ms)if(m.d!==1&&m.id&&R.sent[m.id]===undefined)R.sent[m.id]=t};const onIn=(u)=>{const h=head(u);if(!h||h.type!==3)return;R.inD++;const ms=parse(u,h.off);if(!ms.length){R.parseFail++;return}const t=performance.now();for(const m of ms)if(m.d===1)for(const a of m.acks)if(R.sent[a]!==undefined){R.samples.push(Math.round((t-R.sent[a])*100)/100);delete R.sent[a]}};const proto=WebSocket.prototype;const realSend=proto.send;proto.send=function(d){try{onOut(d instanceof Uint8Array?d:new Uint8Array(d))}catch(e){}return realSend.apply(this,arguments)};const realOn=window.AABridge.onmessage;window.AABridge.onmessage=function(ev){try{onIn(new Uint8Array(ev.data))}catch(e){}return realOn.apply(this,arguments)};return 'ack-pairing rtt tap installed'})() => "ack-pairing rtt tap installed"
[  29224ms] [console.log] [BRIDGEGATE] B6-0 configured-and-idle-until-asked {"present":true,"ws_constructed":false,"url_parsed":false,"url":null,"queues":0,"PASS":true}
[  29224ms] [harness] eval (()=>{const b=window.AABridge;const r={present:!!b,ws_constructed:!!(b&&b.ws),url_parsed:b?b.urlChecked:null,url:b?b.url:null,queues:b?Object.keys(b.queues).length:null};r.PASS=!!b&&!r.ws_constructed&&r.url_parsed===false;console.log('[BRIDGEGATE] B6-0 configured-and-idle-until-asked '+JSON.stringify(r));return 'B6-0 '+r.PASS})() => "B6-0 true"
[  29224ms] [harness] === ENTER-1-PLAY-GAME-SUBMENU ===
[  29257ms] [harness] key Enter (1/1)
[  32128ms] [harness] screenshot -> docs/evidence/m-a-bridge/b6/local/04-play-game-menu-opens-on-multiplayer.png
[  32128ms] [harness] === ENTER-2-MULTIPLAYER-SUBMENU ===
[  32138ms] [console.log] [BRIDGE] open ws://127.0.0.1:8010
[  32162ms] [harness] key Enter (1/1)
[  35056ms] [harness] screenshot -> docs/evidence/m-a-bridge/b6/local/05-network-menu-opens-on-online-multiplayer.png
[  35056ms] [harness] === ONE-DOWN-TO-LAN-MULTIPLAYER ===
[  35089ms] [harness] key Down (1/1)
[  36974ms] [harness] screenshot -> docs/evidence/m-a-bridge/b6/local/06-network-menu-lan-selected.png
[  36974ms] [harness] === ENTER-3-LAN-BROWSE-ASKS-FOR-A-SOCKET ===
[  37006ms] [harness] key Enter (1/1)
[  37021ms] [console.log] [BRIDGE] handle 1 bound to udp port 56901
[  37308ms] [harness] until 1x <<[BRIDGE] open>> (timeout 60000ms, have 1)
[  37308ms] [harness] until SATISFIED: saw 1x <<[BRIDGE] open>>
[  37309ms] [harness] until 1x <<bound to udp port>> (timeout 60000ms, have 1)
[  37309ms] [harness] until SATISFIED: saw 1x <<bound to udp port>>
[  38511ms] [console.log] [BRIDGE] error on handle 1: port 0 is outside the allowed range 4533-4599
[  38515ms] [console.log] [BRIDGE] error on handle 1: port 0 is outside the allowed range 4533-4599
[  38520ms] [console.log] [BRIDGE] error on handle 1: port 0 is outside the allowed range 4533-4599
[  38525ms] [console.log] [BRIDGE] error on handle 1: port 0 is outside the allowed range 4533-4599
[  38537ms] [console.log] [BRIDGE] handle 2 bound to udp port 60196
[  39364ms] [harness] screenshot -> docs/evidence/m-a-bridge/b6/local/07-lan-browser.png
[  39364ms] [harness] === BACK-OUT-OF-THE-LAN-BROWSER ===
[  39398ms] [console.log] [PERSISTSAVE] menu-leave n=1
[  39398ms] [harness] key Escape (1/1)
[  39399ms] [console.log] [BRIDGE] error on handle 2: port 0 is outside the allowed range 4533-4599
[  39403ms] [console.log] [BRIDGE] error on handle 2: port 0 is outside the allowed range 4533-4599
[  39407ms] [console.log] [BRIDGE] error on handle 2: port 0 is outside the allowed range 4533-4599
[  39412ms] [console.log] [BRIDGE] error on handle 2: port 0 is outside the allowed range 4533-4599
[  42755ms] [harness] screenshot -> docs/evidence/m-a-bridge/b6/local/08-back-in-the-network-menu.png
[  42756ms] [harness] eval (()=>{const b=window.AABridge;window.__base={dropped:b.dropped|0,sendFailures:b.sendFailures|0,dataErrors:b.dataErrors|0};return 'error-counter baseline '+JSON.stringify(window.__base)})() => "error-counter baseline {\"dropped\":0,\"sendFailures\":0,\"dataErrors\":8}"
[  42757ms] [harness] eval window.__rtt.reset() => "rtt state cleared"
[  42757ms] [harness] === B6-DOWN-3-FROM-LAN-TO-SERVER-BOOKMARKS ===
[  42790ms] [harness] key Down (1/3)
[  43124ms] [harness] key Down (2/3)
[  43458ms] [harness] key Down (3/3)
[  45319ms] [harness] screenshot -> docs/evidence/m-a-bridge/b6/local/09-network-menu-server-bookmarks-selected.png
[  45319ms] [harness] === B6-ENTER-OPENS-BOOKMARKS-AND-TRANSFERS-CUSTOM_SERVER_NAME ===
[  45351ms] [harness] key Enter (1/1)
[  48717ms] [harness] screenshot -> docs/evidence/m-a-bridge/b6/local/10-bookmarks-menu-shows-the-address-about-to-be-dialled.png
[  48717ms] [harness] === B6-ENTER-CONNECTS ===
[  48749ms] [harness] key Enter (1/1)
[  48777ms] [console.log] [BRIDGE] handle 3 bound to udp port 56982
[  48805ms] [console.log] [BRIDGE] peer 127.0.0.1 -> 127.0.0.1 (literal)
[  49049ms] [harness] until 1x <<[GATEWAIT] ROSTER-1>> (timeout 90000ms, have 0)
[  49423ms] [console.log] [WAV] loaded /data/sound/expl.wav: 11937 bytes, 8-bit mono @ 11025 Hz (fopen misses so far: 1)
[  49425ms] [console.log] [L] NEW_ROUND 2026-09-12 13:23:37 UTC+0200
[  49449ms] [console.log] [WAV] retiring a voice on moviesounds/intro.wav: loaded but zero samples
[  49450ms] [console.log] [SND] live voices peaked at 1 (SOUND_SOURCES 10, loudness_thresh 0.0000)
[  49533ms] [console.log] [L] TEAM_PLAYER_ADDED web_user web_user
[  49731ms] [console.log] [GATEWAIT] ROSTER-1
[  49732ms] [console.log] [GATEWAIT] STARTED-1
[  49756ms] [harness] until SATISFIED: saw 1x <<[GATEWAIT] ROSTER-1>>
[  49757ms] [harness] until 1x <<[GATEWAIT] STARTED-1>> (timeout 90000ms, have 1)
[  49757ms] [harness] until SATISFIED: saw 1x <<[GATEWAIT] STARTED-1>>
[  50087ms] [console.log] [L] TEAM_PLAYER_ADDED ai_team gcc
[  50087ms] [console.log] [L] TEAM_PLAYER_ADDED ai_team latex
[  50088ms] [console.log] [L] TEAM_PLAYER_ADDED ai_team gdb
[  50160ms] [console.log] [WAV] loaded /data/sound/cyclrun.wav: 40403 bytes, 8-bit mono @ 22050 Hz (fopen misses so far: 2)
[  50228ms] [console.log] [GATEWAIT] ROSTER-2
[  50228ms] [console.log] [GATEWAIT] ROSTER-3
[  50229ms] [console.log] [GATEWAIT] ROSTER-4
[  50348ms] [console.log] [WAV] loaded /data/sound/expl.wav: 11937 bytes, 8-bit mono @ 11025 Hz (fopen misses so far: 2)
[  50349ms] [console.log] [SND] live voices peaked at 8 (SOUND_SOURCES 10, loudness_thresh 0.0000)
[  50446ms] [console.error] warning: Audio callback had starved sending audio by 0.7189433106574299 seconds
[  50501ms] [browser.error/network] Failed to load resource: the server responded with a status of 404 (File not found)   <- http://localhost:8008/favicon.ico
[  52874ms] [harness] screenshot -> docs/evidence/m-a-bridge/b6/local/11-on-the-grid.png
[  52875ms] [harness] eval (()=>{try{const b=window.AABridge;if(!b||!b.ws)return 'NO LIVE SOCKET - the sampler measured nothing';if(window.__gapTap)return 'already';window.__gapTap=true;window.__gaps=[];window.__gapLast=0;const inner=b.ws.onmessage;b.ws.onmessage=function(ev){const t=performance.now();if(window.__gapLast)window.__gaps.push(Math.round((t-window.__gapLast)*100)/100);window.__gapLast=t;return inner.apply(this,arguments)};return 'gap sampler installed on the live socket'}catch(e){return 'GAP SAMPLER FAILED: '+e}})() => "gap sampler installed on the live socket"
[  52875ms] [harness] === B6-STEER-WHILE-A-NETWORK-ROUND-IS-LIVE ===
[  52907ms] [harness] key Left (1/1)
[  53841ms] [harness] key Right (1/1)
[  55436ms] [harness] screenshot -> docs/evidence/m-a-bridge/b6/local/12-after-the-zigzag.png
[  55436ms] [harness] === B6-CLOSE-THE-BOX-SO-THE-ROUND-ENDS-WITHOUT-LOITERING ===
[  55447ms] [console.log] [WAV] loaded /data/sound/expl.wav: 11937 bytes, 8-bit mono @ 11025 Hz (fopen misses so far: 3)
[  55467ms] [harness] key Left (1/1)
[  56503ms] [harness] key Left (1/1)
[  57538ms] [harness] key Left (1/1)
[  58574ms] [harness] key Left (1/1)
[  59114ms] [console.log] [SND] live voices peaked at 10 (SOUND_SOURCES 10, loudness_thresh 0.0000)
[  60864ms] [console.log] [WAV] loaded /data/sound/expl.wav: 11937 bytes, 8-bit mono @ 11025 Hz (fopen misses so far: 4)
[  61503ms] [harness] screenshot -> docs/evidence/m-a-bridge/b6/local/13-after-closing-the-box.png
[  61503ms] [harness] until 1x <<[GATEWAIT] SCORED-1>> (timeout 240000ms, have 0)
[  66560ms] [console.log] [L] ROUND_SCORE_TEAM -2 web_user
[  66560ms] [console.log] [L] NEW_ROUND 2026-09-12 13:23:54 UTC+0200
[  66732ms] [console.log] [GATEWAIT] SCORED-1
[  66733ms] [console.log] [GATEWAIT] STARTED-2
[  66760ms] [harness] until SATISFIED: saw 1x <<[GATEWAIT] SCORED-1>>
[  67061ms] [console.error] warning: Audio callback had starved sending audio by 0.4684580498875235 seconds
[  68361ms] [harness] screenshot -> docs/evidence/m-a-bridge/b6/local/14-the-round-was-scored.png
[  68361ms] [harness] until 1x <<[GATEWAIT] STARTED-2>> (timeout 120000ms, have 1)
[  68361ms] [harness] until SATISFIED: saw 1x <<[GATEWAIT] STARTED-2>>
[  69974ms] [harness] screenshot -> docs/evidence/m-a-bridge/b6/local/15-a-second-round-started-so-the-first-one-really-ended.png
[  70280ms] [console.log] [BRIDGEGATE] B6 a-full-round-on-a-server-this-project-does-not-own {"rounds_started":2,"rounds_scored":1,"rosters":4,"peers":["[BRIDGE] peer 127.0.0.1 -> 127.0.0.1 (literal)"],"peer_literal":1,"peer_synthetic":0,"dialled":{"127.0.0.1":251},"rtt_samples":74,"ws_readyState":1,"state":1,"live_handles":[3],"bound":[[3,1]],"sent_datagrams":[[3,250]],"pending_before":0,"pending_after":0,"baseline":{"dropped":0,"sendFailures":0,"dataErrors":8},"new_dropped":0,"new_sendFailures":0,"new_dataErrors":0,"lastDataError":"port 0 is outside the allowed range 4533-4599","canvas_w":1024,"canvas_h":768,"gl_err":0,"still_alive":true,"draining":true,"one_peer":true,"PASS":true}
[  70280ms] [harness] eval (async()=>{const b=window.AABridge;const L=window.__L||{};const B=window.__base||{dropped:0,sendFailures:0,dataErrors:0};const R=window.__rtt||{samples:[],addrs:{}};const c=document.getElementById('canvas');const g=c?c.getContext('webgl'):null;const live=Object.keys(b.queues).map(Number);const bound=live.map(h=>[h,b.bound[h]===undefined?0:b.bound[h]]);const sent=live.map(h=>[h,b.sentSinceBind[h]|0]);const dep=()=>live.reduce((a,h)=>a+((b.queues[h]||[]).length),0);const p1=dep();await new Promise(rr=>setTimeout(rr,300));const p2=dep();const P=window.__peers||[];const lit=P.filter(l=>/\(literal\)/.test(l)).length;const syn=P.filter(l=>/\(synthetic\)/.test(l)).length;const r={rounds_started:L.NEW_ROUND|0,rounds_scored:L.ROUND_SCORE_TEAM|0,rosters:L.TEAM_PLAYER_ADDED|0,peers:P,peer_literal:lit,peer_synthetic:syn,dialled:R.addrs,rtt_samples:R.samples.length,ws_readyState:b.ws?b.ws.readyState:null,state:b.state,live_handles:live,bound:bound,sent_datagrams:sent,pending_before:p1,pending_after:p2,baseline:B,new_dropped:(b.dropped|0)-B.dropped,new_sendFailures:(b.sendFailures|0)-B.sendFailures,new_dataErrors:(b.dataErrors|0)-B.dataErrors,lastDataError:b.lastDataError,canvas_w:c?c.width:0,canvas_h:c?c.height:0,gl_err:g?g.getError():'nogl'};r.still_alive=r.canvas_w>0&&r.canvas_h>0&&r.gl_err===0;r.draining=p1<=3&&p2<=3;r.one_peer=P.length===1&&lit===1&&syn===0&&Object.keys(R.addrs).length===1;r.PASS=r.rounds_started>=2&&r.rounds_scored>=1&&r.rosters>0&&r.one_peer&&r.rtt_samples>0&&b.state===1&&r.ws_readyState===1&&live.length===1&&bound.every(e=>e[1]===1)&&sent.every(e=>e[1]>0)&&r.draining&&r.new_dropped===0&&r.new_sendFailures===0&&r.new_dataErrors===0&&r.still_alive;console.log('[BRIDGEGATE] B6 a-full-round-on-a-server-this-project-does-not-own '+JSON.stringify(r));return 'B6 '+r.PASS})() => "B6 true"
[  70282ms] [console.log] [BRIDGEGATE] RTT {"phase":"connect-through-round-2","what":"full-path ack round trip, page to server and back","peers":{"127.0.0.1":251},"datagrams_out":251,"datagrams_in":281,"parse_failures":0,"unpaired":0,"n":74,"min":0.7,"p50":1.3,"p90":4.3,"p99":53.9,"max":53.9,"mean":2.97,"over100ms":0,"over250ms":0}
[  70282ms] [harness] eval (()=>{const R=window.__rtt||{samples:[],addrs:{}};const g=R.samples.slice().sort((a,b)=>a-b);const q=p=>g.length?g[Math.min(g.length-1,Math.floor(p*g.length))]:null;const r={phase:'connect-through-round-2',what:'full-path ack round trip, page to server and back',peers:R.addrs,datagrams_out:R.outD,datagrams_in:R.inD,parse_failures:R.parseFail,unpaired:Object.keys(R.sent).length,n:g.length,min:g.length?g[0]:null,p50:q(.5),p90:q(.9),p99:q(.99),max:g.length?g[g.length-1]:null,mean:g.length?Math.round(g.reduce((a,b)=>a+b,0)/g.length*100)/100:null,over100ms:g.filter(x=>x>100).length,over250ms:g.filter(x=>x>250).length};console.log('[BRIDGEGATE] RTT '+JSON.stringify(r));return 'rtt n='+g.length+' p50='+q(.5)})() => "rtt n=74 p50=1.3"
[  70283ms] [console.log] [BRIDGEGATE] GAPS {"phase":"through-B6","datagrams":193,"p50":33.4,"p90":121.4,"p99":957.6,"max":961.2,"over100ms":50,"over250ms":17,"over500ms":4}
[  70283ms] [harness] eval (()=>{const g=(window.__gaps||[]).slice().sort((a,b)=>a-b);const q=p=>g.length?g[Math.min(g.length-1,Math.floor(p*g.length))]:null;const r={phase:'through-B6',datagrams:g.length,p50:q(.5),p90:q(.9),p99:q(.99),max:g.length?g[g.length-1]:null,over100ms:g.filter(x=>x>100).length,over250ms:g.filter(x=>x>250).length,over500ms:g.filter(x=>x>500).length};console.log('[BRIDGEGATE] GAPS '+JSON.stringify(r));return 'gaps '+JSON.stringify(r)})() => "gaps {\"phase\":\"through-B6\",\"datagrams\":193,\"p50\":33.4,\"p90\":121.4,\"p99\":957.6,\"max\":961.2,\"over100ms\":50,\"over250ms\":17,\"over500ms\":4}"
[  70283ms] [harness] === B6-LEAVE-THE-SERVER ===
[  70315ms] [harness] key Escape (1/1)
[  73242ms] [harness] screenshot -> docs/evidence/m-a-bridge/b6/local/16-ingame-menu.png
[  73275ms] [harness] key Up (1/1)
[  74937ms] [harness] screenshot -> docs/evidence/m-a-bridge/b6/local/17-ingame-menu-one-up.png
[  74970ms] [harness] key Up (1/1)
[  76645ms] [harness] screenshot -> docs/evidence/m-a-bridge/b6/local/18-ingame-menu-two-up.png
[  76677ms] [harness] key Enter (1/1)
[  76702ms] [console.log] [L] TEAM_PLAYER_REMOVED web_user web_user
[  76721ms] [console.log] [PERSISTSAVE] menu-leave n=2
[  76722ms] [console.log] [WAV] loaded /data/sound/expl.wav: 11937 bytes, 8-bit mono @ 11025 Hz (fopen misses so far: 5)
[  76723ms] [console.log] [L] TEAM_PLAYER_REMOVED ai_team gdb
[  76729ms] [console.log] [WAV] retiring a voice on moviesounds/extro.wav: loaded but zero samples
[  76735ms] [console.log] [L] TEAM_PLAYER_REMOVED ai_team gcc
[  76752ms] [console.log] [L] TEAM_PLAYER_REMOVED ai_team latex
[  81033ms] [harness] screenshot -> docs/evidence/m-a-bridge/b6/local/19-after-the-disconnect.png
[  81034ms] [harness] eval (()=>{try{if(window.AABridge&&window.AABridge.ws)window.AABridge.ws.close();return 'socket closed from the page as a backstop'}catch(e){return 'backstop close threw: '+e}})() => "socket closed from the page as a backstop"
[  81035ms] [console.log] [BRIDGE] closed
[  84099ms] [harness] screenshot -> docs/evidence/m-a-bridge/b6/local/20-left.png
[  84101ms] [console.log] [BRIDGEGATE] B6-LEFT the-page-is-off-the-server-and-still-running {"ws_readyState":3,"state":2,"live_handles":[],"canvas_w":1024,"canvas_h":768,"gl_err":0,"PASS":true}
[  84101ms] [harness] eval (()=>{const b=window.AABridge;const c=document.getElementById('canvas');const g=c?c.getContext('webgl'):null;const r={ws_readyState:b.ws?b.ws.readyState:null,state:b.state,live_handles:Object.keys(b.queues).map(Number),canvas_w:c?c.width:0,canvas_h:c?c.height:0,gl_err:g?g.getError():'nogl'};r.PASS=r.ws_readyState===3&&r.canvas_w>0&&r.gl_err===0;console.log('[BRIDGEGATE] B6-LEFT the-page-is-off-the-server-and-still-running '+JSON.stringify(r));return 'LEFT '+r.PASS})() => "LEFT true"
