[   1411ms] [harness] firefox: 154.0.1 (headless=true)
[   1411ms] [harness] navigating to http://localhost:8000/armagetronad-oldyield.html
[     37ms] [page] load event fired
[    101ms] [console.log] [DISPLAY] viewport 1024x768 dpr 1 -> canvas 1024x768
[    111ms] [browser.error/network] 404 File not found <- http://localhost:8000/favicon.ico
[    122ms] [console.error] WARNING: using emscripten GL emulation. This is a collection of limited workarounds, do not expect it to work.
[    122ms] [console.error] WARNING: using emscripten GL emulation unsafe opts. If weirdness happens, try -sGL_UNSAFE_OPTS=0
[    124ms] [page] load event fired
[    125ms] [harness] until 1x <<[PERSIST] populate ok>> (timeout 90000ms, have 0)
[    155ms] [console.log] [PERSIST] populate ok in 6ms
[    227ms] [harness] until SATISFIED: saw 1x <<[PERSIST] populate ok>>
[    270ms] [console.log] [PERSIST] runtime initialized, starting the game
[    270ms] [console.log] [BOOT] autostart: calling main
[    270ms] [console.error] Error: Error in tString GeneratePrefix() in src/tools/tDirectories.cpp:1380 : 
[    271ms] [console.error]  	Relocation error. The binary was supposed to be installed into /usr/local/bin and found itself in . and could not find out what this means for the prefix /usr/local.
[    271ms] [console.error] 
[    271ms] [console.log] Warning in void FindConfigurationPath() in src/tools/tDirectories.cpp:1465 : 
[    271ms] [console.log]  	Could not determine path to configuration files. Using defaults or command line arguments.
[    271ms] [console.log] 
[    367ms] [console.log] [L] ENCODING latin1
[    369ms] [console.log] Trying to start sound. Just restart Armagetron Advanced in case of crash.
[    472ms] [console.log] [SND] device opened: 22050 Hz, 2 ch, 16-bit, 1024 frames/callback (46.4 ms per callback, SOUND_BUFFER_SHIFT 1)
[    500ms] [console.error] WARNING: using emscripten GL immediate mode emulation. This is very limited in what it supports
[    502ms] [console.error] TODO: glShadeModel
[   1228ms] [harness] until 1x <<[BOOT] autostart>> (timeout 120000ms, have 1)
[   1228ms] [harness] until SATISFIED: saw 1x <<[BOOT] autostart>>
[  10256ms] [harness] key Enter (1/1)
[  10298ms] [console.log] [PERSISTSAVE] menu-leave n=1
[  10558ms] [harness] until 1x <<[PERSISTSAVE] menu-leave>> (timeout 30000ms, have 1)
[  10558ms] [harness] until SATISFIED: saw 1x <<[PERSISTSAVE] menu-leave>>
[  13063ms] [harness] key Escape (1/1)
[  13090ms] [console.log] [PERSISTSAVE] menu-leave n=2
[  13365ms] [harness] until 2x <<[PERSISTSAVE] menu-leave>> (timeout 30000ms, have 2)
[  13365ms] [harness] until SATISFIED: saw 2x <<[PERSISTSAVE] menu-leave>>
[  16368ms] [harness] === RELOAD-1 ===
[  16386ms] [console.log] [PERSISTSAVE] js-backstop n=3
[  16388ms] [console.log] [PERSISTBACKSTOP] beforeunload
[  16388ms] [harness] eval location.reload() => undefined
[  16389ms] [harness] until 2x <<[PERSIST] populate ok>> (timeout 90000ms, have 1)
[  16403ms] [console.log] [PERSISTSAVE] js-backstop n=4
[  16403ms] [console.log] [PERSISTBACKSTOP] visibilitychange-hidden
[  16408ms] [console.log] [DISPLAY] viewport 1024x768 dpr 1 -> canvas 1024x768
[  16411ms] [browser.error/network] 404 File not found <- http://localhost:8000/favicon.ico
[  16425ms] [console.error] WARNING: using emscripten GL emulation. This is a collection of limited workarounds, do not expect it to work.
[  16426ms] [console.error] WARNING: using emscripten GL emulation unsafe opts. If weirdness happens, try -sGL_UNSAFE_OPTS=0
[  16426ms] [page] load event fired
[  16457ms] [console.log] [PERSIST] populate ok in 3ms
[  16476ms] [console.log] [PERSIST] runtime initialized, starting the game
[  16476ms] [console.log] [BOOT] autostart: calling main
[  16476ms] [console.error] Error: Error in tString GeneratePrefix() in src/tools/tDirectories.cpp:1380 : 
[  16477ms] [console.error]  	Relocation error. The binary was supposed to be installed into /usr/local/bin and found itself in . and could not find out what this means for the prefix /usr/local.
[  16477ms] [console.error] 
[  16477ms] [console.log] Warning in void FindConfigurationPath() in src/tools/tDirectories.cpp:1465 : 
[  16477ms] [console.log]  	Could not determine path to configuration files. Using defaults or command line arguments.
[  16477ms] [console.log] 
[  16490ms] [harness] until SATISFIED: saw 2x <<[PERSIST] populate ok>>
[  16578ms] [console.log] [L] ENCODING latin1
[  16579ms] [console.log] [SND] device opened: 22050 Hz, 2 ch, 16-bit, 1024 frames/callback (46.4 ms per callback, SOUND_BUFFER_SHIFT 1)
[  16595ms] [console.error] WARNING: using emscripten GL immediate mode emulation. This is very limited in what it supports
[  16598ms] [console.error] TODO: glShadeModel
[  17992ms] [harness] until 2x <<[BOOT] autostart>> (timeout 120000ms, have 2)
[  17993ms] [harness] until SATISFIED: saw 2x <<[BOOT] autostart>>
[  29010ms] [harness] key Enter (1/1)
[  31320ms] [harness] key Down (1/1)
[  32828ms] [harness] key Enter (1/1)
[  32843ms] [console.log] [L] PLAYER_ENTERED web_user  web_user
[  32846ms] [console.log] [L] TEAM_CREATED web_user
[  32846ms] [console.log] [L] TEAM_PLAYER_ADDED web_user web_user
[  32848ms] [console.log] [WAV] loaded /data/sound/expl.wav: 11937 bytes, 8-bit mono @ 11025 Hz (fopen misses so far: 1)
[  32849ms] [console.log] [L] ROUND_SCORE_TEAM 0 web_user
[  32850ms] [console.log] [L] NEW_ROUND 2026-08-31 18:43:30 UTC+0200
[  32852ms] [console.log] [L] TEAM_CREATED ai_team
[  32852ms] [console.log] [L] TEAM_PLAYER_ADDED ai_team word
[  32853ms] [console.log] [L] TEAM_PLAYER_ADDED ai_team excel
[  32853ms] [console.log] [L] TEAM_PLAYER_ADDED ai_team notepad
[  32853ms] [console.log] [WAV] loaded /data/sound/cyclrun.wav: 40403 bytes, 8-bit mono @ 22050 Hz (fopen misses so far: 2)
[  32864ms] [console.log] [WAV] loaded /data/sound/expl.wav: 11937 bytes, 8-bit mono @ 11025 Hz (fopen misses so far: 2)
[  32864ms] [console.log] [WAV] retiring a voice on moviesounds/intro.wav: loaded but zero samples
[  32865ms] [console.log] [SND] live voices peaked at 9 (SOUND_SOURCES 10, loudness_thresh 0.0000)
[  33129ms] [harness] until 2x <<[L] NEW_ROUND>> (timeout 120000ms, have 1)
[  39314ms] [console.log] [WAV] loaded /data/sound/expl.wav: 11937 bytes, 8-bit mono @ 11025 Hz (fopen misses so far: 3)
[  39383ms] [console.log] [L] DEATH_FRAG web_user excel
[  39384ms] [console.log] [WAV] loaded /data/sound/expl.wav: 11937 bytes, 8-bit mono @ 11025 Hz (fopen misses so far: 4)
[  40946ms] [console.log] [L] ROUND_WINNER ai_team notepad excel word
[  45008ms] [console.log] [L] ROUND_SCORE -2 web_user web_user
[  45008ms] [console.log] [L] ROUND_SCORE_TEAM -2 web_user
[  45008ms] [console.log] [L] NEW_ROUND 2026-08-31 18:43:42 UTC+0200
[  45011ms] [console.log] [L] TEAM_PLAYER_REMOVED ai_team notepad
[  45012ms] [console.log] [L] TEAM_PLAYER_ADDED ai_team outlook
[  45017ms] [harness] until SATISFIED: saw 2x <<[L] NEW_ROUND>>
[  51534ms] [console.log] [L] DEATH_FRAG web_user outlook
[  53092ms] [console.log] [L] ROUND_WINNER ai_team outlook excel word
[  54049ms] [harness] screenshot -> docs/evidence/m5-defect-b-hud-flicker/task5-oldyield-firefox/01-hud-up.png
[  54049ms] [harness] === ARM-LIGHT-RAF-SAMPLER ===
[  54051ms] [harness] eval (()=>{const M=[];window.__KM=M;const cl=console.log.bind(console);console.log=function(){const s=(arguments.length&&typeof arguments[0]==='string')?arguments[0]:'';if(s.indexOf('[L] ')===0)M.push([Math.round(performance.now()),s.trim()]);return cl.apply(null,arguments)};return 'ladder-log timestamper armed'})() => ladder-log timestamper armed
[  54052ms] [harness] eval (()=>{const cv=document.getElementById('canvas');const HR={x:0,y:700,w:1024,h:68},WR={x:380,y:130,w:300,h:60};const oh=document.createElement('canvas');oh.width=HR.w;oh.height=HR.h;const ch=oh.getContext('2d',{willReadFrequently:true});const ow=document.createElement('canvas');ow.width=WR.w;ow.height=WR.h;const cw=ow.getContext('2d',{willReadFrequently:true});const S={ticks:[],fin:0,finTotal:0,glerr:0,run:true,t0:performance.now(),HR:HR,shots:[]};window.__K=S;const buf=new Uint8Array(HR.w*HR.h);const patch=(C)=>{if(!C||!C.prototype||!C.prototype.finish)return;const o=C.prototype.finish;C.prototype.finish=function(){S.fin++;S.finTotal++;return o.apply(this,arguments);};};patch(window.WebGLRenderingContext);patch(window.WebGL2RenderingContext);const loop=(ts)=>{if(!S.run)return;const f=S.fin;S.fin=0;ch.drawImage(cv,HR.x,HR.y,HR.w,HR.h,0,0,HR.w,HR.h);const d=ch.getImageData(0,0,HR.w,HR.h).data;let h=0;for(let i=0,o=0;i<HR.w*HR.h;i++,o+=4){const l=(d[o]*77+d[o+1]*151+d[o+2]*28)>>8;buf[i]=l;if(l>170)h++;}cw.drawImage(cv,WR.x,WR.y,WR.w,WR.h,0,0,WR.w,WR.h);const e=cw.getImageData(0,0,WR.w,WR.h).data;let w=0;for(let o=0;o<WR.w*WR.h*4;o+=4){if(((e[o]*77+e[o+1]*151+e[o+2]*28)>>8)>60)w++;}S.ticks.push([Math.round(ts),h,w,f]);if(S.ticks.length>200){const r=S.ticks.slice(-400).map(x=>x[1]).sort((a,b)=>a-b);const med=r[r.length>>1];if(med>=120&&h<=0.15*med&&w>=1500&&S.shots.length<3)S.shots.push({t:Math.round(ts),hud:h,world:w,fin:f,med:med,img:buf.slice()});}requestAnimationFrame(loop);};requestAnimationFrame(loop);return 'K probe armed (rAF only, light)'})() => K probe armed (rAF only, light)
[  57148ms] [console.log] [L] ROUND_SCORE -2 web_user web_user
[  57149ms] [console.log] [L] ROUND_SCORE_TEAM -2 web_user
[  57149ms] [console.log] [L] NEW_ROUND 2026-08-31 18:43:54 UTC+0200
[  63670ms] [console.log] [L] DEATH_FRAG web_user outlook
[  65250ms] [console.log] [L] ROUND_WINNER ai_team outlook excel word
[  68054ms] [harness] === TEN-TURNS ===
[  68060ms] [harness] key Left (1/1)
[  69265ms] [harness] key Right (1/1)
[  69287ms] [console.log] [L] MATCH_WINNER ai_team outlook excel word
[  70471ms] [harness] key Left (1/1)
[  71690ms] [harness] key Right (1/1)
[  72905ms] [harness] key Left (1/1)
[  74109ms] [harness] key Right (1/1)
[  75314ms] [harness] key Left (1/1)
[  76552ms] [harness] key Right (1/1)
[  77370ms] [console.log] [L] ROUND_SCORE -2 web_user web_user
[  77370ms] [console.log] [L] ROUND_SCORE_TEAM -2 web_user
[  77371ms] [console.log] [L] NEW_ROUND 2026-08-31 18:44:14 UTC+0200
[  77371ms] [console.log] [L] NEW_MATCH 2026-08-31 18:44:14 UTC+0200
[  77757ms] [harness] key Left (1/1)
[  79000ms] [harness] key Right (1/1)
[  83903ms] [console.log] [L] DEATH_FRAG web_user outlook
[  85474ms] [console.log] [L] ROUND_WINNER ai_team outlook excel word
[  89542ms] [console.log] [L] ROUND_SCORE -2 web_user web_user
[  89542ms] [console.log] [L] ROUND_SCORE_TEAM -2 web_user
[  89542ms] [console.log] [L] NEW_ROUND 2026-08-31 18:44:26 UTC+0200
[  94229ms] [harness] screenshot -> docs/evidence/m5-defect-b-hud-flicker/task5-oldyield-firefox/02-late.png
[  94234ms] [harness] eval (()=>{const S=window.__K;const T=S.ticks;const n=T.length;if(n<50)return 'few '+n;const q=(a,p)=>{const s=a.slice().sort((x,y)=>x-y);return s[Math.min(s.length-1,Math.round(p*(s.length-1)))]};const dur=(T[n-1][0]-T[0][0])/1000;const hud=T.map(x=>x[1]),wo=T.map(x=>x[2]),fin=T.map(x=>x[3]);const wmed=q(wo,0.5);const live=T.filter(x=>x[2]>=0.7*wmed);const lh=live.map(x=>x[1]);const lmed=q(lh,0.5);const gone=live.filter(x=>x[1]<=0.15*lmed);const part=live.filter(x=>x[1]<=0.5*lmed);let runs=0,inrun=false;const runlens=[];let cur=0;for(const t of live){const g=t[1]<=0.15*lmed;if(g){cur++;inrun=true;}else{if(inrun){runs++;runlens.push(cur);cur=0;inrun=false;}}}if(inrun){runs++;runlens.push(cur);}return JSON.stringify({seconds:Math.round(dur*10)/10,raf_ticks:n,raf_hz:Math.round(n/dur*10)/10,game_swaps:S.finTotal,game_fps:Math.round(S.finTotal/dur*10)/10,swaps_per_tick_p50:q(fin,0.5),swaps_per_tick_zero:fin.filter(x=>x===0).length,world_med:wmed,ticks_world_up:live.length,hud_med:lmed,hud_p01:q(lh,0.01),hud_p05:q(lh,0.05),hud_p10:q(lh,0.1),hud_p25:q(lh,0.25),HUD_GONE_ticks:gone.length,HUD_GONE_pct:Math.round(gone.length/live.length*1000)/10,HUD_HALF_OR_LESS_ticks:part.length,HUD_HALF_pct:Math.round(part.length/live.length*1000)/10,gone_runs:runs,gone_run_len_max:runlens.length?Math.max.apply(null,runlens):0,gone_run_len_p50:runlens.length?q(runlens,0.5):0,saved:S.shots.length})})() => {"seconds":40.2,"raf_ticks":4716,"raf_hz":117.4,"game_swaps":2379,"game_fps":59.2,"swaps_per_tick_p50":1,"swaps_per_tick_zero":2338,"world_med":1368,"ticks_world_up":3524,"hud_med":153,"hud_p01":0,"hud_p05":0,"hud_p10":0,"hud_p25":0,"HUD_GONE_ticks":1432,"HUD_GONE_pct":40.6,"HUD_HALF_OR_LESS_ticks":1652,"HUD_HALF_pct":46.9,"gone_runs":824,"gone_run_len_max":181,"gone_run_len_p50":1,"saved":3}
[  94242ms] [harness] eval (()=>{const S=window.__K;const R=S.HR;const old=document.getElementById('__ov');if(old)old.remove();const div=document.createElement('div');div.id='__ov';div.style.cssText='position:fixed;left:0;top:0;width:100%;height:100%;background:#101010;z-index:999999;color:#eee;font:12px monospace;padding:4px;overflow:hidden';if(!S.shots.length){div.textContent='rAF SAMPLER: no compositor tick showed the world drawn with the HUD gone.';document.body.appendChild(div);return 'overlay empty';}for(const e of S.shots){const t=document.createElement('div');t.textContent='COMPOSITE t='+e.t+'ms  hud_bright='+e.hud+' (running median '+e.med+')  world_bright='+e.world+'  game_swaps_since_previous_tick='+e.fin;div.appendChild(t);const c=document.createElement('canvas');c.width=R.w;c.height=R.h;c.style.cssText='display:block;width:1008px;height:67px;image-rendering:pixelated;border:1px solid #4a4;margin-bottom:6px';const x=c.getContext('2d');const im=x.createImageData(R.w,R.h);for(let i=0,o=0;i<R.w*R.h;i++,o+=4){const v=e.img[i];im.data[o]=v;im.data[o+1]=v;im.data[o+2]=v;im.data[o+3]=255;}x.putImageData(im,0,0);div.appendChild(c);}document.body.appendChild(div);return 'overlay rows='+S.shots.length})() => overlay rows=3
[  94250ms] [console.log] [HUDRUNS] {"hud_median":153,"world_median":1368,"live_ticks":3526,"runs":825,"long_runs":3,"short_runs":822,"detail":[{"ticks":181,"ms":1500,"from_ms":41277,"to_ms":42777,"ladder":["-518ms [L] ROUND_SCORE -2 web_user web_user","-518ms [L] ROUND_SCORE_TEAM -2 web_user","-517ms [L] NEW_ROUND 2026-08-31 18:43:54 UTC+0200"]},{"ticks":150,"ms":1493,"from_ms":61492,"to_ms":62985,"ladder":["-512ms [L] ROUND_SCORE -2 web_user web_user","-511ms [L] ROUND_SCORE_TEAM -2 web_user","-511ms [L] NEW_ROUND 2026-08-31 18:44:14 UTC+0200","-510ms [L] NEW_MATCH 2026-08-31 18:44:14 UTC+0200"]},{"ticks":181,"ms":1509,"from_ms":73668,"to_ms":75177,"ladder":["-516ms [L] ROUND_SCORE -2 web_user web_user","-515ms [L] ROUND_SCORE_TEAM -2 web_user","-515ms [L] NEW_ROUND 2026-08-31 18:44:26 UTC+0200"]}],"shortest_examples":[{"ticks":1,"ms":0,"from_ms":42793,"to_ms":42793,"ladder":["-2034ms [L] ROUND_SCORE -2 web_user web_user","-2034ms [L] ROUND_SCORE_TEAM -2 web_user","-2033ms [L] NEW_ROUND 2026-08-31 18:43:54 UTC+0200"]},{"ticks":1,"ms":0,"from_ms":42810,"to_ms":42810,"ladder":["-2051ms [L] ROUND_SCORE -2 web_user web_user","-2051ms [L] ROUND_SCORE_TEAM -2 web_user","-2050ms [L] NEW_ROUND 2026-08-31 18:43:54 UTC+0200"]},{"ticks":1,"ms":0,"from_ms":42827,"to_ms":42827,"ladder":["-2068ms [L] ROUND_SCORE -2 web_user web_user","-2068ms [L] ROUND_SCORE_TEAM -2 web_user","-2067ms [L] NEW_ROUND 2026-08-31 18:43:54 UTC+0200"]},{"ticks":1,"ms":0,"from_ms":42843,"to_ms":42843,"ladder":["-2084ms [L] ROUND_SCORE -2 web_user web_user","-2084ms [L] ROUND_SCORE_TEAM -2 web_user","-2083ms [L] NEW_ROUND 2026-08-31 18:43:54 UTC+0200"]},{"ticks":1,"ms":0,"from_ms":42860,"to_ms":42860,"ladder":["-2101ms [L] ROUND_SCORE -2 web_user web_user","-2101ms [L] ROUND_SCORE_TEAM -2 web_user","-2100ms [L] NEW_ROUND 2026-08-31 18:43:54 UTC+0200"]},{"ticks":3,"ms":16,"from_ms":42877,"to_ms":42893,"ladder":["-2118ms [L] ROUND_SCORE -2 web_user web_user","-2118ms [L] ROUND_SCORE_TEAM -2 web_user","-2117ms [L] NEW_ROUND 2026-08-31 18:43:54 UTC+0200"]}]}
[  94250ms] [harness] eval (()=>{const S=window.__K;const M=window.__KM||[];const T=S.ticks;const q=(a,p)=>{const s=a.slice().sort((x,y)=>x-y);return s[Math.min(s.length-1,Math.round(p*(s.length-1)))]};const wmed=q(T.map(x=>x[2]),0.5);const live=T.filter(x=>x[2]>=0.7*wmed);const lmed=q(live.map(x=>x[1]),0.5);const runs=[];let cur=null;for(const t of live){const gone=t[1]<=0.15*lmed;if(gone){if(!cur)cur={t0:t[0],t1:t[0],n:0};cur.t1=t[0];cur.n++;}else if(cur){runs.push(cur);cur=null;}}if(cur)runs.push(cur);const out=runs.map(r=>({ticks:r.n,ms:r.t1-r.t0,from_ms:r.t0,to_ms:r.t1,ladder:M.filter(m=>m[0]>=r.t0-4000&&m[0]<=r.t1+500).map(m=>(m[0]-r.t0)+'ms '+m[1])}));console.log('[HUDRUNS] '+JSON.stringify({hud_median:lmed,world_median:wmed,live_ticks:live.length,runs:out.length,long_runs:out.filter(r=>r.ms>=300).length,short_runs:out.filter(r=>r.ms<300).length,detail:out.filter(r=>r.ms>=300).slice(0,8),shortest_examples:out.filter(r=>r.ms<300).slice(0,6)}));return 'hud runs printed'})() => hud runs printed
[  95066ms] [harness] screenshot -> docs/evidence/m5-defect-b-hud-flicker/task5-oldyield-firefox/03-composites-without-hud.png
