[    745ms] [harness] mobile emulation: 915x412 CSS px dpr 3 (= 2745x1236 device px), touch on
[    748ms] [harness] chrome: Chrome/152.0.7977.77
[    748ms] [harness] navigating to http://localhost:8007/armagetronad.html?autostart=0&touch=1
[     34ms] [console.log] [DISPLAY] at load: viewport 915x412 dpr 3 -> canvas 2745x1236 aspect 2.2209 gpu-axis-limit 16384
[     35ms] [console.log] [TOUCH] enabled=true (?touch=1) maxTouchPoints=5
[     35ms] [console.log] [TOUCH] context 0 (menu no, cycle no) -> TAP=ENTER
[     35ms] [console.log] [TOUCH] play in portrait: false (localStorage aa.portrait)
[     35ms] [console.log] [TOUCH] orientation portrait=false (sized for portrait: false, boot held: false, play in portrait: false)
[     47ms] [console.error] WARNING: using emscripten GL emulation. This is a collection of limited workarounds, do not expect it to work.
[     48ms] [console.error] WARNING: using emscripten GL emulation unsafe opts. If weirdness happens, try -sGL_UNSAFE_OPTS=0
[     48ms] [console.log] [TOUCH] orientation portrait=false (sized for portrait: false, boot held: false, play in portrait: false)
[     49ms] [page] load event fired
[     51ms] [browser.error/network] Failed to load resource: the server responded with a status of 404 (File not found)   <- http://localhost:8007/favicon.ico
[    102ms] [console.log] [PERSIST] populate ok in 37ms
[    287ms] [console.log] [PERSIST] runtime initialized, starting the game
[    288ms] [console.log] [CAMERA] camera distance x0.5 written to /data/webdefaults/autoexec.cfg before main()
[    288ms] [console.log] [BOOT] main() HELD by ?autostart=0, waiting for AA_START()
[    813ms] [harness] eval (() => {  /* One frame = one flush/finish on the WebGL context. rSysDep::SwapGL calls     exactly one of the two per swap, chosen by swapMode_: the static default     is rSwap_glFlush, but sr_LoadDefaultConfig (rScreen.cpp) sets     rSwap_glFinish and welcome() (gArmagetron.cpp) runs it under st_FirstUse     -- and every harness run is a first-use boot (drive-browser.mjs makes a     fresh profile), so the client the harness measures swaps with glFinish,     a synchronous wait for the GPU. S.swaps counts each kind so the [PERF]     line says which fired instead of assuming. Per frame we keep: the     timestamp (taken BEFORE the swap call), the time spent INSIDE the swap     call (the GPU wait), the timestamp of the frame's first draw call, the     number of drawArrays/drawElements calls, and the bytes through     bufferData/bufferSubData. Draw calls and bytes are the direct measure of     "geometry re-submitted through the emulation this frame" (mechanism 1);     the first-draw timestamp lets report.js split a frame interval into     [end of previous swap -> first draw] (event-loop yield, input,     simulation) and [first draw -> swap] (render submission), so a frame that     gets slower in the first part while its draw calls stay flat is NOT the     renderer. */  /* THIS FILE IS ONE EXPRESSION WITH BLOCK COMMENTS ONLY: run-arm.sh strips     every newline to fit it into a single eval: step of drive-browser.mjs, so     a // comment would swallow the rest of the program. */  const N = 600000;  const S = { t: new Float64Array(N), wait: new Float32Array(N), first: new Float64Array(N),              draws: new Uint32Array(N), bytes: new Float64Array(N), n: 0,              swaps: { flush: 0, finish: 0 }, marks: [], shots: [], cur: { draws: 0, bytes: 0, first: 0 } };  window.__fps = S;  /* Screenshot bracket. Page.captureScreenshot spends real time on the page     and can put a hitch INTO a measured window; the driver's own     "[harness] screenshot" line is on the driver's clock, in the driver's     transcript, where report.js cannot see it. The template therefore wraps     every shot: step in eval:__fps.shot('name','begin') and     eval:__fps.shot('name','end'), on the page's clock, and report.js drops     the frames between the two (plus a pad) from every statistic. */  S.shot = (name, edge) => { S.shots.push([performance.now(), name, edge]); return 'shot ' + edge + ' ' + name; };  const wrap = (C) => {    if (!C) return; const P = C.prototype;    for (const m of ['flush', 'finish']) { const o = P[m]; if (!o) continue;      P[m] = function () {        const i = S.n, now = performance.now();        if (i < N) { S.t[i] = now; S.draws[i] = S.cur.draws; S.bytes[i] = S.cur.bytes; S.first[i] = S.cur.first; S.n = i + 1; }        S.swaps[m]++; S.cur.draws = 0; S.cur.bytes = 0; S.cur.first = 0;        const r = o.apply(this, arguments);        if (i < N) S.wait[i] = performance.now() - now;        return r; }; }    for (const m of ['drawArrays', 'drawElements']) { const o = P[m]; if (!o) continue;      P[m] = function () { if (!S.cur.first) S.cur.first = performance.now(); S.cur.draws++; return o.apply(this, arguments); }; }    for (const m of ['bufferData', 'bufferSubData']) { const o = P[m]; if (!o) continue;      P[m] = function () { const d = (m === 'bufferData') ? arguments[1] : arguments[2];        S.cur.bytes += (d && d.byteLength) ? d.byteLength : (typeof d === 'number' ? d : 0);        return o.apply(this, arguments); }; }  };  wrap(window.WebGLRenderingContext); wrap(window.WebGL2RenderingContext);  const cl = console.log.bind(console);  console.log = function () { const s = (arguments.length && typeof arguments[0] === 'string') ? arguments[0] : '';    if (s.indexOf('[L] ') === 0) S.marks.push([performance.now(), s]); return cl.apply(null, arguments); };  return 'sampler armed: frames, swap kind and wait, first draw, draw calls, buffer bytes, shot brackets';})() => "sampler armed: frames, swap kind and wait, first draw, draw calls, buffer bytes, shot brackets"
[    814ms] [harness] eval (()=>{const p='/data/webdefaults/autoexec.cfg';const cur=Module.FS.readFile(p,{encoding:'utf8'});const add='\n# perf arm tut-nosparks-r5\nMAX_FPS 1000\nSP_SIZE_FACTOR 6\nSP_NUM_AIS 7\nSPARKS 0\n';Module.FS.writeFile(p,cur+add);return 'autoexec.cfg patched: '+JSON.stringify(add)})() => "autoexec.cfg patched: \"\\n# perf arm tut-nosparks-r5\\nMAX_FPS 1000\\nSP_SIZE_FACTOR 6\\nSP_NUM_AIS 7\\nSPARKS 0\\n\""
[    815ms] [console.log] [BOOT] autostart: calling main
[    818ms] [console.error] Error: Error in tString GeneratePrefix() in src/tools/tDirectories.cpp:1380 : 
[    819ms] [console.error]  	Relocation error. The binary was supposed to be installed into /usr/local/bin and found itself in . and could not find out what this means for the prefix /usr/local.
[    819ms] [console.error] 
[    819ms] [console.log] Warning in void FindConfigurationPath() in src/tools/tDirectories.cpp:1465 : 
[    819ms] [console.log]  	Could not determine path to configuration files. Using defaults or command line arguments.
[    820ms] [console.log] 
[    943ms] [console.log] [L] ENCODING latin1
[    950ms] [console.log] Trying to start sound. Just restart Armagetron Advanced in case of crash.
[    951ms] [console.log] [SND] device opened: 22050 Hz, 2 ch, 16-bit, 1024 frames/callback (46.4 ms per callback, SOUND_BUFFER_SHIFT 1)
[    970ms] [console.error] WARNING: using emscripten GL immediate mode emulation. This is very limited in what it supports
[    973ms] [console.error] TODO: glShadeModel
[    977ms] [browser.warning/rendering] Canvas2D: Multiple readback operations using getImageData are faster with the willReadFrequently attribute set to true. See: https://html.spec.whatwg.org/multipage/canvas.html#concept-canvas-will-read-frequently   <- http://localhost:8007/armagetronad.js
[   1014ms] [harness] eval window.AA_START() => undefined
[   1016ms] [harness] until 1x <<[BOOT] autostart>> (timeout 90000ms, have 1)
[   1016ms] [harness] until SATISFIED: saw 1x <<[BOOT] autostart>>
[   1018ms] [browser.warning/other] The AudioContext was not allowed to start. It must be resumed (or created) after a user gesture on the page. https://developer.chrome.com/blog/autoplay/#web_audio   <- http://localhost:8007/armagetronad.js
[   1018ms] [browser.warning/other] The AudioContext was not allowed to start. It must be resumed (or created) after a user gesture on the page. https://developer.chrome.com/blog/autoplay/#web_audio   <- http://localhost:8007/armagetronad.js
[   1019ms] [browser.warning/other] The AudioContext was not allowed to start. It must be resumed (or created) after a user gesture on the page. https://developer.chrome.com/blog/autoplay/#web_audio   <- http://localhost:8007/armagetronad.js
[   1019ms] [browser.warning/other] The AudioContext was not allowed to start. It must be resumed (or created) after a user gesture on the page. https://developer.chrome.com/blog/autoplay/#web_audio   <- http://localhost:8007/armagetronad.js
[   1019ms] [browser.warning/other] The AudioContext was not allowed to start. It must be resumed (or created) after a user gesture on the page. https://developer.chrome.com/blog/autoplay/#web_audio   <- http://localhost:8007/armagetronad.js
[   1033ms] [console.log] [TOUCH] context 1 (menu yes, cycle no) -> TAP=ENTER
[  10023ms] [browser.warning/other] The AudioContext was not allowed to start. It must be resumed (or created) after a user gesture on the page. https://developer.chrome.com/blog/autoplay/#web_audio   <- http://localhost:8007/armagetronad.js
[  10087ms] [harness] tap #tapzone at 458,206 (1/1)
[  10102ms] [console.log] [PERSISTSAVE] menu-leave n=1
[  13470ms] [harness] tap #tapzone at 458,206 (1/1)
[  13478ms] [console.log] [PERSISTSAVE] menu-leave n=2
[  13537ms] [console.log] [TOUCH] context 0 (menu no, cycle no) -> TAP=ENTER
[  17355ms] [console.log] [L] PLAYER_ENTERED web_user  web_user
[  17357ms] [console.log] [L] TEAM_CREATED web_user
[  17357ms] [console.log] [L] TEAM_PLAYER_ADDED web_user web_user
[  17359ms] [console.log] [WAV] loaded /data/sound/expl.wav: 11937 bytes, 8-bit mono @ 11025 Hz (fopen misses so far: 1)
[  17361ms] [console.log] [L] ROUND_SCORE_TEAM 0 web_user
[  17361ms] [console.log] [L] NEW_ROUND 2026-09-04 17:37:59 UTC+0200
[  17380ms] [console.log] [L] TEAM_CREATED ai_team
[  17380ms] [console.log] [L] TEAM_PLAYER_ADDED ai_team word
[  17380ms] [console.log] [L] TEAM_PLAYER_ADDED ai_team excel
[  17381ms] [console.log] [L] TEAM_PLAYER_ADDED ai_team notepad
[  17381ms] [console.log] [L] TEAM_PLAYER_ADDED ai_team gcc
[  17382ms] [console.log] [WAV] loaded /data/sound/cyclrun.wav: 40403 bytes, 8-bit mono @ 22050 Hz (fopen misses so far: 2)
[  17402ms] [harness] tap #tapzone at 458,206 (1/1)
[  17405ms] [console.log] [WAV] loaded /data/sound/expl.wav: 11937 bytes, 8-bit mono @ 11025 Hz (fopen misses so far: 2)
[  17405ms] [console.log] [WAV] retiring a voice on moviesounds/intro.wav: loaded but zero samples
[  17405ms] [console.log] [SND] live voices peaked at 11 (SOUND_SOURCES 10, loudness_thresh 0.0000)
[  17533ms] [console.log] [TOUCH] context 2 (menu no, cycle alive) -> STEERING
[  17665ms] [browser.error/network] Failed to load resource: the server responded with a status of 404 (File not found)   <- http://localhost:8007/favicon.ico
[  19705ms] [harness] until 1x <<[L] NEW_ROUND>> (timeout 120000ms, have 1)
[  19705ms] [harness] until SATISFIED: saw 1x <<[L] NEW_ROUND>>
[  19705ms] [harness] === ROUND-1-SETUP-NOT-MEASURED ===
[  22725ms] [console.log] [WAV] loaded /data/sound/expl.wav: 11937 bytes, 8-bit mono @ 11025 Hz (fopen misses so far: 3)
[  22741ms] [harness] key Right (1/1)
[  23076ms] [harness] key Left (1/1)
[  24879ms] [harness] eval __fps.shot('r1-after-tutorial-keys','begin') => "shot begin r1-after-tutorial-keys"
[  25049ms] [harness] screenshot -> docs/evidence/m6-lag/task8-sparks/tut-nosparks-r5/r1-after-tutorial-keys.png
[  25050ms] [harness] eval __fps.shot('r1-after-tutorial-keys','end') => "shot end r1-after-tutorial-keys"
[  25051ms] [harness] CPU throttling rate 6x
[  25051ms] [harness] === THROTTLE-ON ===
[  25051ms] [harness] until 2x <<[L] NEW_ROUND>> (timeout 260000ms, have 1)
[  63477ms] [console.log] [L] DEATH_FRAG web_user gcc
[  63485ms] [console.log] [WAV] loaded /data/sound/expl.wav: 11937 bytes, 8-bit mono @ 11025 Hz (fopen misses so far: 4)
[  63544ms] [console.log] [TOUCH] context 0 (menu no, cycle no) -> TAP=ENTER
[  64795ms] [console.log] [L] ROUND_WINNER ai_team gcc notepad excel word
[  68871ms] [console.log] [L] ROUND_SCORE -2 web_user web_user
[  68873ms] [console.log] [L] ROUND_SCORE_TEAM -2 web_user
[  68875ms] [console.log] [L] NEW_ROUND 2026-09-04 17:38:50 UTC+0200
[  68893ms] [console.log] [L] TEAM_PLAYER_ADDED ai_team outlook
[  68896ms] [console.log] [L] TEAM_PLAYER_ADDED ai_team latex
[  68897ms] [console.log] [L] TEAM_PLAYER_ADDED ai_team gdb
[  68899ms] [harness] until SATISFIED: saw 2x <<[L] NEW_ROUND>>
[  68900ms] [harness] === ROUND-2-MEASURED ===
[  68917ms] [console.log] [SND] live voices peaked at 16 (SOUND_SOURCES 10, loudness_thresh 0.0110)
[  68918ms] [console.log] [SND] voice limiter STARTED cutting: 16 live voices, SOUND_SOURCES 10, loudness_thresh 0.0110
[  69036ms] [console.log] [TOUCH] context 2 (menu no, cycle alive) -> STEERING
[  69356ms] [console.log] [SND] voice limiter stopped cutting: 4 live voices, SOUND_SOURCES 10, loudness_thresh 0.0000
[  69410ms] [console.log] [SND] voice limiter STARTED cutting: 15 live voices, SOUND_SOURCES 10, loudness_thresh 0.0110
[  69862ms] [console.log] [SND] voice limiter stopped cutting: 4 live voices, SOUND_SOURCES 10, loudness_thresh 0.0000
[  69906ms] [console.log] [SND] voice limiter STARTED cutting: 15 live voices, SOUND_SOURCES 10, loudness_thresh 0.0110
[  70371ms] [console.log] [SND] voice limiter stopped cutting: 4 live voices, SOUND_SOURCES 10, loudness_thresh 0.0000
[  70420ms] [console.log] [SND] voice limiter STARTED cutting: 14 live voices, SOUND_SOURCES 10, loudness_thresh 0.0010
[  70484ms] [console.log] [SND] voice limiter stopped cutting: 5 live voices, SOUND_SOURCES 10, loudness_thresh 0.0000
[  70528ms] [console.log] [SND] voice limiter STARTED cutting: 14 live voices, SOUND_SOURCES 10, loudness_thresh 0.0010
[  70571ms] [console.log] [SND] voice limiter stopped cutting: 5 live voices, SOUND_SOURCES 10, loudness_thresh 0.0000
[  70612ms] [console.log] [SND] voice limiter STARTED cutting: 14 live voices, SOUND_SOURCES 10, loudness_thresh 0.0010
[  70653ms] [console.log] [SND] voice limiter stopped cutting: 5 live voices, SOUND_SOURCES 10, loudness_thresh 0.0000
[  74913ms] [harness] eval __fps.shot('r2-06s','begin') => "shot begin r2-06s"
[  75108ms] [harness] screenshot -> docs/evidence/m6-lag/task8-sparks/tut-nosparks-r5/r2-06s.png
[  75122ms] [harness] eval __fps.shot('r2-06s','end') => "shot end r2-06s"
[  99126ms] [harness] eval __fps.shot('r2-30s','begin') => "shot begin r2-30s"
[  99313ms] [harness] screenshot -> docs/evidence/m6-lag/task8-sparks/tut-nosparks-r5/r2-30s.png
[  99322ms] [harness] eval __fps.shot('r2-30s','end') => "shot end r2-30s"
[ 114334ms] [console.log] [SND] voice limiter STARTED cutting: 12 live voices, SOUND_SOURCES 10, loudness_thresh 0.0010
[ 116185ms] [console.log] [SND] voice limiter stopped cutting: 8 live voices, SOUND_SOURCES 10, loudness_thresh 0.0000
[ 119347ms] [harness] eval __fps.shot('r2-50s','begin') => "shot begin r2-50s"
[ 119550ms] [harness] screenshot -> docs/evidence/m6-lag/task8-sparks/tut-nosparks-r5/r2-50s.png
[ 119557ms] [harness] eval __fps.shot('r2-50s','end') => "shot end r2-50s"
[ 119557ms] [harness] until 3x <<[L] NEW_ROUND>> (timeout 260000ms, have 2)
[ 127683ms] [console.log] [SND] voice limiter STARTED cutting: 12 live voices, SOUND_SOURCES 10, loudness_thresh 0.0010
[ 127999ms] [console.log] [L] DEATH_FRAG web_user notepad
[ 128047ms] [console.log] [TOUCH] context 0 (menu no, cycle no) -> TAP=ENTER
[ 129203ms] [console.log] [SND] voice limiter stopped cutting: 7 live voices, SOUND_SOURCES 10, loudness_thresh 0.0000
[ 129697ms] [console.log] [L] ROUND_WINNER ai_team gdb latex outlook gcc notepad excel word
[ 133799ms] [console.log] [L] ROUND_SCORE -2 web_user web_user
[ 133801ms] [console.log] [L] ROUND_SCORE_TEAM -2 web_user
[ 133802ms] [console.log] [L] NEW_ROUND 2026-09-04 17:39:55 UTC+0200
[ 133831ms] [console.log] [TOUCH] context 2 (menu no, cycle alive) -> STEERING
[ 133864ms] [harness] until SATISFIED: saw 3x <<[L] NEW_ROUND>>
[ 133864ms] [harness] === ROUND-3-MEASURED ===
[ 139875ms] [harness] eval __fps.shot('r3-06s','begin') => "shot begin r3-06s"
[ 140062ms] [harness] screenshot -> docs/evidence/m6-lag/task8-sparks/tut-nosparks-r5/r3-06s.png
[ 140074ms] [harness] eval __fps.shot('r3-06s','end') => "shot end r3-06s"
[ 164095ms] [harness] eval __fps.shot('r3-30s','begin') => "shot begin r3-30s"
[ 164283ms] [harness] screenshot -> docs/evidence/m6-lag/task8-sparks/tut-nosparks-r5/r3-30s.png
[ 164292ms] [harness] eval __fps.shot('r3-30s','end') => "shot end r3-30s"
[ 184300ms] [harness] eval __fps.shot('r3-50s','begin') => "shot begin r3-50s"
[ 184496ms] [harness] screenshot -> docs/evidence/m6-lag/task8-sparks/tut-nosparks-r5/r3-50s.png
[ 184518ms] [harness] eval __fps.shot('r3-50s','end') => "shot end r3-50s"
[ 184518ms] [harness] until 3x <<[L] ROUND_WINNER>> (timeout 260000ms, have 2)
[ 192896ms] [console.log] [L] DEATH_FRAG web_user notepad
[ 193065ms] [console.log] [TOUCH] context 0 (menu no, cycle no) -> TAP=ENTER
[ 194637ms] [console.log] [L] ROUND_WINNER ai_team gdb latex outlook gcc notepad excel word
[ 194706ms] [harness] until SATISFIED: saw 3x <<[L] ROUND_WINNER>>
[ 194706ms] [harness] === MATCH-OVER ===
[ 195855ms] [harness] eval (() => {  /* ONE EXPRESSION, BLOCK COMMENTS ONLY: run-arm.sh strips newlines to make     this a single eval: step (see sampler.js). tut-nosparks-r5 and 6 are     substituted by run-arm.sh. The object this prints after "[PERF] <arm> " is     the schema Tasks 2-4 read; web/tools/perf/README.md documents it. */  const S = window.__fps, n = S.n;  const PAD_BEFORE = 100, PAD_AFTER = 250;  const marks = (p) => S.marks.filter(m => m[1].indexOf(p) === 0);  const nr = marks('[L] NEW_ROUND').map(m => m[0]);  const rw = marks('[L] ROUND_WINNER').map(m => m[0]);  /* The human is the first PLAYER_ENTERED name; the AIs never enter that way.     A DEATH_* line names its victim first, so the human's deaths are the     DEATH_ marks whose first name is that one. */  const pe = marks('[L] PLAYER_ENTERED ');  const human = pe.length ? pe[0][1].split(/\s+/)[2] : 'web_user';  const deaths = S.marks.filter(m => /^\[L\] DEATH_\w+ /.test(m[1]) && m[1].split(/\s+/)[2] === human).map(m => m[0]);  /* Screenshot exclusions: [begin - PAD_BEFORE, end + PAD_AFTER] for every     bracketed shot (sampler.js S.shot); a begin with no end -- the driver died     mid-shot -- excludes two seconds. */  const ex = []; const open = {};  for (const [t, name, edge] of S.shots) {    if (edge === 'begin') open[name] = t;    else if (edge === 'end' && open[name] != null) { ex.push({ a: open[name] - PAD_BEFORE, b: t + PAD_AFTER, name: name, dur: t - open[name] }); delete open[name]; } }  for (const name in open) ex.push({ a: open[name] - PAD_BEFORE, b: open[name] + 2000, name: name, dur: null });  const excluded = (t) => ex.some(e => t >= e.a && t <= e.b);  const q = (a, p) => { if (!a.length) return null; const s = a.slice().sort((x, y) => x - y);    return s[Math.min(s.length - 1, Math.max(0, Math.round(p * (s.length - 1))))]; };  const r2 = (x) => (x == null) ? null : Math.round(x * 100) / 100;  /* A window's statistics use only frames outside every exclusion, and only     deltas between frames that were ADJACENT samples, so a gap that straddles     an exclusion is never counted as a frame time. raw_ms_max ignores the     exclusions on purpose: it is where a screenshot hitch stays visible, so a     reader can see what was excluded and that it did not leak into ms_p50.     Each frame interval t[i]-t[p] (p the previous sample) is also split into     the three parts the sampler timestamps: ms_in_swap = the previous swap     call itself (p50, p90 and max: if glFinish waited for the GPU it would     show here, and the first measured run read 0 in every window -- so the     tail is reported too), ms_to_first_draw = from that     call's return to this frame's first draw call (the emscripten_sleep(0)     yield, input, the simulation, render setup), ms_first_draw_to_swap = from     the first draw call to this frame's swap call (render submission). */  const win = (t0, t1) => {    const ix = []; let dropped = 0, rawMax = 0, prev = -1;    for (let i = 0; i < n; i++) { const t = S.t[i]; if (t < t0 || t > t1) continue;      if (prev >= 0) rawMax = Math.max(rawMax, t - S.t[prev]); prev = i;      if (excluded(t)) dropped++; else ix.push(i); }    const d = [], sw = [], pre = [], ren = []; let dr = 0, by = 0;    for (let k = 1; k < ix.length; k++) if (ix[k] === ix[k - 1] + 1) { const i = ix[k], p = ix[k - 1];      d.push(S.t[i] - S.t[p]); sw.push(S.wait[p]);      if (S.first[i] > 0) { pre.push(S.first[i] - (S.t[p] + S.wait[p])); ren.push(S.t[i] - S.first[i]); } }    for (const i of ix) { dr += S.draws[i]; by += S.bytes[i]; }    const f = ix.length || 1;    let exms = 0; for (const e of ex) exms += Math.max(0, Math.min(t1, e.b) - Math.max(t0, e.a));    const span = Math.max(1, (t1 - t0) - exms);    return { frames: ix.length, frames_excluded: dropped, ms_p50: r2(q(d, .5)), ms_p90: r2(q(d, .9)),             fps: r2(ix.length / (span / 1000)), draws_per_frame: r2(dr / f),             kb_per_frame: r2(by / f / 1024), hitches_over_50ms: d.filter(x => x > 50).length,             raw_ms_max: r2(rawMax), ms_in_swap_p50: r2(q(sw, .5)), ms_in_swap_p90: r2(q(sw, .9)), ms_in_swap_max: r2(q(sw, 1)),             ms_to_first_draw_p50: r2(q(pre, .5)), ms_first_draw_to_swap_p50: r2(q(ren, .5)) }; };  const perSec = (t0, t1) => { const ms = [], dr = [], mx = [], pre = [], ren = [];    for (let k = 0; k * 1000 < t1 - t0; k++) { const w = win(t0 + k * 1000, Math.min(t1, t0 + (k + 1) * 1000));      ms.push(w.ms_p50); dr.push(w.draws_per_frame); mx.push(w.raw_ms_max); pre.push(w.ms_to_first_draw_p50); ren.push(w.ms_first_draw_to_swap_p50); }    return { ms_p50: ms, draws_per_frame: dr, raw_ms_max: mx, ms_to_first_draw_p50: pre, ms_first_draw_to_swap_p50: ren }; };  /* Pre-round frames. For the first half second of game time after a round     starts (gGame.cpp GameLoop, the gtime <= -PREPARE_TIME + .5 branch) the     game clears the screen and swaps WITHOUT calling Render: overlay only, no     arena, a handful of draw calls at a fraction of a world frame's cost.     They sit right after NEW_ROUND and would otherwise fill the early window     with frames that have no geometry in them. They are found by their draw     count: the threshold is halfway between the fewest draws of any frame in     the round's first two seconds (an overlay-only frame) and the median of     its second second (world frames); the measured span starts at the first     frame after the last frame under the threshold. The frame that straddles     NEW_ROUND itself (drawn mostly before it) is above the threshold and is     left out of both. */  const preRound = (t0) => {    const a = [], b = [];    for (let i = 0; i < n; i++) { const t = S.t[i]; if (t < t0) continue; if (t >= t0 + 2000) break; a.push(i); if (t >= t0 + 1000) b.push(S.draws[i]); }    const none = { start: t0, stats: { frames: 0, ms_p50: null, draws_per_frame: null, span_ms: 0, split_at_draws: null } };    if (!a.length) return none;    let lo = Infinity; for (const i of a) lo = Math.min(lo, S.draws[i]);    const med = q(b, .5); if (med == null || !(med > lo)) return none;    const thr = (lo + med) / 2; const ov = a.filter(i => S.draws[i] <= thr);    if (!ov.length) return none;    const last = ov[ov.length - 1]; const d = []; let dr = 0;    for (let k = 1; k < ov.length; k++) if (ov[k] === ov[k - 1] + 1) d.push(S.t[ov[k]] - S.t[ov[k - 1]]);    for (const i of ov) dr += S.draws[i];    return { start: (last + 1 < n) ? S.t[last + 1] : t0,             stats: { frames: ov.length, ms_p50: r2(q(d, .5)), draws_per_frame: r2(dr / ov.length),                      span_ms: r2(S.t[last] - S.t[ov[0]]), split_at_draws: r2(thr) } }; };  /* A round is closed by its ROUND_WINNER mark when one is written; a     winnerless round -- a lone cycle with no AI (gGame.cpp Analysis: a winner     needs more than one team) -- writes none and ends when the next NEW_ROUND     starts, and a round still running when this report runs closes here. For     a transcript where every round has its ROUND_WINNER before the next     NEW_ROUND (every base arm), this pairs exactly as nr[i]/rw[i] did. */  const rounds = [];  const tReport = performance.now();  for (let i = 0; i < nr.length; i++) {    const t0 = nr[i], next = (i + 1 < nr.length) ? nr[i + 1] : Infinity;    const won = rw.find(t => t > t0 && t < next);    const t1 = won != null ? won : (next < Infinity ? next : tReport);    const closedBy = won != null ? 'round_winner' : (next < Infinity ? 'next_round' : 'report');    const len = (t1 - t0) / 1000; if (len < 8) continue;    /* The measured span runs from the first world frame to the human's death       when the human dies before ROUND_WINNER (after it the camera shows an       explosion and the AIs' endgame, which is not what the maintainer       plays), else to ROUND_WINNER. */    const death = deaths.find(t => t > t0 && t < t1); const te = death != null ? death : t1;    const pr = preRound(t0); const ts = pr.start;    const e = win(ts, ts + 5000), l = win(te - 5000, te), all = win(ts, te);    const shots = ex.filter(x => x.a >= t0 && x.a <= t1).map(x => ({ name: x.name, at_s: r2((x.a + PAD_BEFORE - t0) / 1000), dur_ms: r2(x.dur) }));    rounds.push({ round: i + 1, length_s: r2(len), closed_by: closedBy,      measured_from_s: r2((ts - t0) / 1000), measured_to_s: r2((te - t0) / 1000),      human_death_s: death != null ? r2((death - t0) / 1000) : null, ends_at: death != null ? 'human_death' : 'round_winner',      pre_round: pr.stats, early_5s: e, late_5s: l,      ratio_ms: e.ms_p50 ? r2(l.ms_p50 / e.ms_p50) : null,      ratio_draws: e.draws_per_frame ? r2(l.draws_per_frame / e.draws_per_frame) : null,      hitches_over_50ms: all.hitches_over_50ms, frames: all.frames, frames_excluded: all.frames_excluded,      raw_ms_max: all.raw_ms_max, shots: shots, per_second: perSec(t0, t1) }); }  return '[PERF] tut-nosparks-r5 ' + JSON.stringify({ arm: 'tut-nosparks-r5', cpu_rate: 6, frames: n, human: human,    swaps: S.swaps, rounds_started: nr.length, rounds_won: rw.length,    shots_bracketed: ex.filter(x => x.dur != null).length, shot_pad_ms: [PAD_BEFORE, PAD_AFTER], rounds });})() => "[PERF] tut-nosparks-r5 {\"arm\":\"tut-nosparks-r5\",\"cpu_rate\":6,\"frames\":11898,\"human\":\"web_user\",\"swaps\":{\"flush\":0,\"finish\":11898},\"rounds_started\":3,\"rounds_won\":3,\"shots_bracketed\":7,\"shot_pad_ms\":[100,250],\"rounds\":[{\"round\":1,\"length_s\":47.43,\"closed_by\":\"round_winner\",\"measured_from_s\":0.53,\"measured_to_s\":46.11,\"human_death_s\":46.11,\"ends_at\":\"human_death\",\"pre_round\":{\"frames\":96,\"ms_p50\":4.9,\"draws_per_frame\":19.05,\"span_ms\":472.9,\"split_at_draws\":40},\"early_5s\":{\"frames\":745,\"frames_excluded\":0,\"ms_p50\":6.6,\"ms_p90\":7.2,\"fps\":149,\"draws_per_frame\":78.51,\"kb_per_frame\":120.98,\"hitches_over_50ms\":0,\"raw_ms_max\":23.2,\"ms_in_swap_p50\":0,\"ms_in_swap_p90\":0,\"ms_in_swap_max\":0.1,\"ms_to_first_draw_p50\":4.9,\"ms_first_draw_to_swap_p50\":1.7},\"late_5s\":{\"frames\":264,\"frames_excluded\":0,\"ms_p50\":18.7,\"ms_p90\":20.9,\"fps\":52.8,\"draws_per_frame\":83.34,\"kb_per_frame\":121.13,\"hitches_over_50ms\":0,\"raw_ms_max\":25.2,\"ms_in_swap_p50\":0,\"ms_in_swap_p90\":0.1,\"ms_in_swap_max\":1.3,\"ms_to_first_draw_p50\":6.7,\"ms_first_draw_to_swap_p50\":11.8},\"ratio_ms\":2.83,\"ratio_draws\":1.06,\"hitches_over_50ms\":0,\"frames\":3076,\"frames_excluded\":53,\"raw_ms_max\":31.1,\"shots\":[{\"name\":\"r1-after-tutorial-keys\",\"at_s\":7.52,\"dur_ms\":171.2}],\"per_second\":{\"ms_p50\":[5.4,6.5,6.6,6.5,6.9,6.9,6.7,6.8,18.9,18.5,18.9,18.7,18.5,18.6,18.3,18.4,18.5,18.5,18.4,18.2,18.6,18.1,18.2,18.2,18,18.1,18.5,18.5,18.3,18.1,18.6,18.3,19.5,19.7,18.4,17.7,17.5,17.4,18.4,18.5,18.7,18.2,18.1,18.9,18.8,19.9,17.6,17.7],\"draws_per_frame\":[36.89,61,79.65,80,93,98.09,95.2,95,91.23,91,88.06,87,86.09,86,85.09,85,85,85,85,85,85,85,85,85,85,85,85,85,85,85,85.45,87,83.92,83,83,83,83,83,83,83,83,83,83,83,83,84.1,85.44,85.36],\"raw_ms_max\":[19.6,7.3,7.6,7.4,11.8,23.2,7.7,23.2,21.3,21.4,23.3,21.4,20.9,20.7,20.9,20.3,22,21.6,21,20.6,26.2,21.4,20.1,19.5,20.4,20.2,31.1,20.9,20.3,19.8,21.6,20.4,26.6,25.3,22.7,20.8,19.4,19.8,20.8,20.1,21,20,21.7,22.8,23.2,25.2,39.8,18.5],\"ms_to_first_draw_p50\":[4.8,4.9,4.9,4.9,5.1,5.1,5,5.1,6.6,6.5,6.5,6.8,6.6,6.6,6.8,6.6,6.7,6.6,6.5,6.7,6.6,6.6,6.7,6.6,6.5,6.4,6.6,6.5,6.7,6.6,6.6,6.5,6.7,6.7,6.6,6.5,6.4,6.4,6.4,6.5,6.6,6.6,6.6,6.6,6.8,7.7,6.6,6.8],\"ms_first_draw_to_swap_p50\":[0.3,1.6,1.7,1.6,1.8,1.8,1.7,1.7,12,12,12.1,11.9,11.8,11.8,11.5,11.7,11.7,11.8,11.7,11.6,12,11.6,11.7,11.6,11.6,11.6,11.9,12,11.6,11.5,12,11.7,12.6,12.7,11.9,11.2,11.2,11,11.9,11.9,11.9,11.5,11.7,12.2,12,11.8,11,10.9]}},{\"round\":2,\"length_s\":60.82,\"closed_by\":\"round_winner\",\"measured_from_s\":0.53,\"measured_to_s\":59.12,\"human_death_s\":59.12,\"ends_at\":\"human_death\",\"pre_round\":{\"frames\":75,\"ms_p50\":6.2,\"draws_per_frame\":15.19,\"span_ms\":471.3,\"split_at_draws\":45},\"early_5s\":{\"frames\":219,\"frames_excluded\":0,\"ms_p50\":22.3,\"ms_p90\":25.7,\"fps\":43.8,\"draws_per_frame\":94.76,\"kb_per_frame\":180.66,\"hitches_over_50ms\":0,\"raw_ms_max\":43.9,\"ms_in_swap_p50\":0,\"ms_in_swap_p90\":0.1,\"ms_in_swap_max\":1.3,\"ms_to_first_draw_p50\":6,\"ms_first_draw_to_swap_p50\":16.7},\"late_5s\":{\"frames\":189,\"frames_excluded\":0,\"ms_p50\":25,\"ms_p90\":30.8,\"fps\":37.8,\"draws_per_frame\":114.1,\"kb_per_frame\":179.42,\"hitches_over_50ms\":1,\"raw_ms_max\":52.3,\"ms_in_swap_p50\":0,\"ms_in_swap_p90\":0.1,\"ms_in_swap_max\":1.3,\"ms_to_first_draw_p50\":8.3,\"ms_first_draw_to_swap_p50\":16.6},\"ratio_ms\":1.12,\"ratio_draws\":1.2,\"hitches_over_50ms\":3,\"frames\":2272,\"frames_excluded\":62,\"raw_ms_max\":77.5,\"shots\":[{\"name\":\"r2-06s\",\"at_s\":6.04,\"dur_ms\":209.1},{\"name\":\"r2-30s\",\"at_s\":30.25,\"dur_ms\":196.3},{\"name\":\"r2-50s\",\"at_s\":50.47,\"dur_ms\":210.6}],\"per_second\":{\"ms_p50\":[6.6,20.7,22.2,22.7,25.6,25,25.2,25.9,25.1,24.4,24.9,24.7,24.5,24.3,24.3,24,24,24.6,24.3,24.5,23.7,23.6,24.6,24.5,23.9,23.5,24.3,24.5,24.8,23.4,23.7,23.6,23.7,24.3,23.9,23.5,23.5,24.1,25.7,26.2,24.9,24,24.4,23.7,23.8,28.5,29.2,28.5,28.8,28.6,27.5,27.7,27.7,27.8,27.5,27.9,24.1,23.9,25.3,28.4,28.3],\"draws_per_frame\":[28.99,74.96,93.22,94,118.34,121.87,117,117,114.38,114,111.38,111,108.44,108,107.17,107,107,107,107,107,107,107,107,107,107,107,107,107,107,107,107,107,107,107,107,107,107,107,107,107,107,107,107,107,107,109,108.09,109.12,110.88,111,111,111,111,111,111,111,113.63,115,117.97,119.09,119.52],\"raw_ms_max\":[22.8,23,24.2,43.9,30.5,28.1,29.7,28.3,28.4,28.1,27.2,27.4,27.2,27.3,26.7,25.8,29.6,27.7,26.9,26.5,26.6,26.9,26,26.7,25.6,29.1,26.8,27,27.6,26.1,30.9,27.4,25.3,26.9,26.6,26.1,38.8,26,30.5,40.5,30.4,32.5,29.8,27.1,26,77.5,57.9,49.5,35.8,48.8,42.2,40.4,35,41.6,36.9,45.6,29.4,38.1,52.3,40.1,46.8],\"ms_to_first_draw_p50\":[5.3,5.5,5.7,5.7,7.4,7.1,7.4,7.6,7.4,7.4,7.3,7.4,7.3,7.3,7.3,7.4,7.2,7.5,7,7.4,7.1,7.1,7.1,7.3,7.2,7.4,7.3,7.5,7.4,7.2,7.4,7.2,7.1,7.3,7.4,7,7.2,7.3,7.6,7.5,7.5,7.3,7.1,7.2,7.3,12.2,12.5,11.7,11,11,10.8,10.6,10.6,10.6,10.6,10.5,7.6,7.3,8.3,12.1,11.9],\"ms_first_draw_to_swap_p50\":[1.4,15,16.3,17.2,18.2,17.9,17.7,18.1,17.6,17,17.4,17.6,17.3,16.7,17.1,16.7,16.7,17.1,17,17.1,16.7,16.4,16.8,16.9,16.7,16.2,16.9,16.9,17.5,16.2,16.3,16.5,16.6,16.9,16.6,16.8,16,16.7,18.1,18.9,17.5,16.7,17.2,16.5,16.5,16.7,16.6,16.8,17.6,17.9,16.9,16.8,16.8,16.8,16.9,16.4,16.6,16.4,16.5,15.9,16.5]}},{\"round\":3,\"length_s\":60.83,\"closed_by\":\"round_winner\",\"measured_from_s\":0.53,\"measured_to_s\":59.09,\"human_death_s\":59.09,\"ends_at\":\"human_death\",\"pre_round\":{\"frames\":75,\"ms_p50\":6.4,\"draws_per_frame\":11.07,\"span_ms\":477.5,\"split_at_draws\":41},\"early_5s\":{\"frames\":215,\"frames_excluded\":0,\"ms_p50\":23,\"ms_p90\":26,\"fps\":43,\"draws_per_frame\":90.35,\"kb_per_frame\":184.03,\"hitches_over_50ms\":0,\"raw_ms_max\":41.9,\"ms_in_swap_p50\":0,\"ms_in_swap_p90\":0.1,\"ms_in_swap_max\":1.2,\"ms_to_first_draw_p50\":6.1,\"ms_first_draw_to_swap_p50\":17},\"late_5s\":{\"frames\":181,\"frames_excluded\":0,\"ms_p50\":26.3,\"ms_p90\":33,\"fps\":36.2,\"draws_per_frame\":112.52,\"kb_per_frame\":181.78,\"hitches_over_50ms\":0,\"raw_ms_max\":49.6,\"ms_in_swap_p50\":0,\"ms_in_swap_p90\":0,\"ms_in_swap_max\":1.4,\"ms_to_first_draw_p50\":8.3,\"ms_first_draw_to_swap_p50\":17.5},\"ratio_ms\":1.14,\"ratio_draws\":1.25,\"hitches_over_50ms\":5,\"frames\":2245,\"frames_excluded\":64,\"raw_ms_max\":74.9,\"shots\":[{\"name\":\"r3-06s\",\"at_s\":6.07,\"dur_ms\":198.7},{\"name\":\"r3-30s\",\"at_s\":30.29,\"dur_ms\":197.4},{\"name\":\"r3-50s\",\"at_s\":50.5,\"dur_ms\":217.6}],\"per_second\":{\"ms_p50\":[6.6,21.9,23,23,25.5,25.6,25.4,24.9,25,24.7,24.2,25,24.6,24.8,24.9,25.5,24.6,24.4,24.3,24.4,24,24.4,25.8,24.9,25.4,26.4,23.4,23.2,23.1,22.9,23.7,25.1,24.4,23.9,24,23.3,23.8,23.7,24.3,24.9,24.5,24.2,23.6,24.5,24,29.2,28.2,28.8,28.7,30,28.5,28.8,28.4,28.5,29,27.7,24.9,25.6,25.6,28.9,29.6],\"draws_per_frame\":[24.43,70.96,88.18,89,112.67,116.77,111,111,110.05,110,109.07,109,108.08,108,107.08,107,107,107,107,107,107,107,107,107,107,107,107,107,107,107,107,107,107,107,107,107,107,107,107,107,107,107,107,107,107,109.35,107,107.06,108.88,109.06,110.73,111,111,111,111,111,112.03,113,114.69,116.36,117.54],\"raw_ms_max\":[23.4,22.9,24.8,25.2,41.9,28.7,28.2,27.3,28,27,26.9,31.9,26.6,27.2,27.9,28.1,26.5,27,26.5,26.7,27.6,26.9,30.9,29.4,32.7,38.7,27.2,25.4,25.2,37.5,28.3,36,32.2,27,26.1,25.6,26.8,26.1,27.4,28.7,25.6,26.3,27.5,26.8,25.8,74.9,50.8,57.2,44.4,63.8,37.9,46.2,37,38.5,39.7,47.6,32.7,37.1,49.6,47.4,52.6],\"ms_to_first_draw_p50\":[5.4,5.9,5.8,5.8,7.3,7.3,7.3,7.3,7.4,7.4,7.2,7.4,7.4,7.1,7.4,7.5,7.2,7.5,7.2,7.5,7.4,7.4,7.4,7.3,7.3,7.7,7.1,7.2,6.8,7,7.3,7.1,7.3,7.5,7,7.3,7.3,7.3,7.2,7.5,7.1,7.3,7.1,7.4,7.1,12.6,12.4,12.2,11.8,12,11.3,11.1,10.6,10.6,11.3,10.4,7.5,7.3,8.4,12.2,12.2],\"ms_first_draw_to_swap_p50\":[1.3,15.9,17.3,17.4,18.1,18.1,17.9,17.6,17.5,16.8,16.8,17.5,17.2,17.4,17.3,17.7,17,17,16.9,16.9,17,17,18.4,17.8,18.2,18.3,16.2,16.2,16.3,16.2,16.5,18,16.8,16.7,16.8,16.1,16.5,16.7,17.1,17.4,16.9,16.8,16.4,17,16.8,16.6,16.1,16.5,16.7,17.3,16.9,17.5,17.2,17.5,17.6,17.8,17.2,17.9,17,16.9,17]}}]}"
