[    698ms] [harness] mobile emulation: 915x412 CSS px dpr 3 (= 2745x1236 device px), touch on
[    699ms] [harness] chrome: Chrome/152.0.7977.77
[    700ms] [harness] navigating to http://localhost:8008/armagetronad.html?autostart=0&touch=1
[     17ms] [console.log] [TOUCH] enabled=true (?touch=1) maxTouchPoints=5
[     18ms] [console.log] [DISPLAY] layout=full
[     41ms] [console.log] [DISPLAY] at load: viewport 915x412 dpr 3 -> canvas 2745x1236 aspect 2.2209 gpu-axis-limit 16384
[     45ms] [console.log] [TOUCH] haptics=on (12 ms per sent press)
[     45ms] [console.log] [TOUCH] context 0 (menu no, cycle no) -> TAP=ENTER
[     45ms] [console.log] [TOUCH] orientation portrait=false (sized for portrait: false) via load
[     56ms] [console.error] WARNING: using emscripten GL emulation. This is a collection of limited workarounds, do not expect it to work.
[     58ms] [console.error] WARNING: using emscripten GL emulation unsafe opts. If weirdness happens, try -sGL_UNSAFE_OPTS=0
[     58ms] [console.log] [TOUCH] orientation portrait=false (sized for portrait: false) via resize
[     59ms] [page] load event fired
[     63ms] [browser.error/network] Failed to load resource: the server responded with a status of 404 (File not found)   <- http://localhost:8008/favicon.ico
[    123ms] [console.log] [PERSIST] populate ok in 37ms
[    308ms] [console.log] [PERSIST] runtime initialized, starting the game
[    309ms] [console.log] [CAMERA] camera distance x0.5 written to /data/webdefaults/autoexec.cfg before main()
[    310ms] [console.log] [SPARKS] SPARKS 0 written to /data/webdefaults/autoexec.cfg before main() (touch device)
[    310ms] [console.log] [BOOT] main() HELD by ?autostart=0, waiting for AA_START()
[    811ms] [harness] eval (() => {  /* One frame = one flush/finish on the WebGL context. rSysDep::SwapGL calls     exactly one of the two per swap, chosen by swapMode_: the static default     is rSwap_glFlush, but sr_LoadDefaultConfig (rScreen.cpp) sets     rSwap_glFinish and welcome() (gArmagetron.cpp) runs it under st_FirstUse     -- and every harness run is a first-use boot (drive-browser.mjs makes a     fresh profile), so the client the harness measures swaps with glFinish,     a synchronous wait for the GPU. S.swaps counts each kind so the [PERF]     line says which fired instead of assuming. Per frame we keep: the     timestamp (taken BEFORE the swap call), the time spent INSIDE the swap     call (the GPU wait), the timestamp of the frame's first draw call, the     number of drawArrays/drawElements calls, and the bytes through     bufferData/bufferSubData. Draw calls and bytes are the direct measure of     "geometry re-submitted through the emulation this frame" (mechanism 1);     the first-draw timestamp lets report.js split a frame interval into     [end of previous swap -> first draw] (event-loop yield, input,     simulation) and [first draw -> swap] (render submission), so a frame that     gets slower in the first part while its draw calls stay flat is NOT the     renderer. */  /* THIS FILE IS ONE EXPRESSION WITH BLOCK COMMENTS ONLY: run-arm.sh strips     every newline to fit it into a single eval: step of drive-browser.mjs, so     a // comment would swallow the rest of the program. */  const N = 600000;  const S = { t: new Float64Array(N), wait: new Float32Array(N), first: new Float64Array(N),              draws: new Uint32Array(N), bytes: new Float64Array(N), n: 0,              swaps: { flush: 0, finish: 0 }, marks: [], shots: [], cur: { draws: 0, bytes: 0, first: 0 } };  window.__fps = S;  /* Screenshot bracket. Page.captureScreenshot spends real time on the page     and can put a hitch INTO a measured window; the driver's own     "[harness] screenshot" line is on the driver's clock, in the driver's     transcript, where report.js cannot see it. The template therefore wraps     every shot: step in eval:__fps.shot('name','begin') and     eval:__fps.shot('name','end'), on the page's clock, and report.js drops     the frames between the two (plus a pad) from every statistic. */  S.shot = (name, edge) => { S.shots.push([performance.now(), name, edge]); return 'shot ' + edge + ' ' + name; };  const wrap = (C) => {    if (!C) return; const P = C.prototype;    for (const m of ['flush', 'finish']) { const o = P[m]; if (!o) continue;      P[m] = function () {        const i = S.n, now = performance.now();        if (i < N) { S.t[i] = now; S.draws[i] = S.cur.draws; S.bytes[i] = S.cur.bytes; S.first[i] = S.cur.first; S.n = i + 1; }        S.swaps[m]++; S.cur.draws = 0; S.cur.bytes = 0; S.cur.first = 0;        const r = o.apply(this, arguments);        if (i < N) S.wait[i] = performance.now() - now;        return r; }; }    for (const m of ['drawArrays', 'drawElements']) { const o = P[m]; if (!o) continue;      P[m] = function () { if (!S.cur.first) S.cur.first = performance.now(); S.cur.draws++; return o.apply(this, arguments); }; }    for (const m of ['bufferData', 'bufferSubData']) { const o = P[m]; if (!o) continue;      P[m] = function () { const d = (m === 'bufferData') ? arguments[1] : arguments[2];        S.cur.bytes += (d && d.byteLength) ? d.byteLength : (typeof d === 'number' ? d : 0);        return o.apply(this, arguments); }; }  };  wrap(window.WebGLRenderingContext); wrap(window.WebGL2RenderingContext);  const cl = console.log.bind(console);  console.log = function () { const s = (arguments.length && typeof arguments[0] === 'string') ? arguments[0] : '';    if (s.indexOf('[L] ') === 0) S.marks.push([performance.now(), s]); return cl.apply(null, arguments); };  return 'sampler armed: frames, swap kind and wait, first draw, draw calls, buffer bytes, shot brackets';})() => "sampler armed: frames, swap kind and wait, first draw, draw calls, buffer bytes, shot brackets"
[    812ms] [harness] eval (()=>{const p='/data/webdefaults/autoexec.cfg';const cur=Module.FS.readFile(p,{encoding:'utf8'});const add='\n# perf arm hug-stock\nMAX_FPS 1000\nSP_SIZE_FACTOR 0\nSP_NUM_AIS 0\nCYCLE_RUBBER_TIME 0.1\nTIMESTEP_MAX 10\nSPARKS 1\nSPARKS_LIFETIME 4\nSPARKS_INTERVAL 0\n';Module.FS.writeFile(p,cur+add);return 'autoexec.cfg patched: '+JSON.stringify(add)})() => "autoexec.cfg patched: \"\\n# perf arm hug-stock\\nMAX_FPS 1000\\nSP_SIZE_FACTOR 0\\nSP_NUM_AIS 0\\nCYCLE_RUBBER_TIME 0.1\\nTIMESTEP_MAX 10\\nSPARKS 1\\nSPARKS_LIFETIME 4\\nSPARKS_INTERVAL 0\\n\""
[    813ms] [console.log] [BOOT] autostart: calling main
[    817ms] [console.error] Error: Error in tString GeneratePrefix() in src/tools/tDirectories.cpp:1380 : 
[    817ms] [console.error]  	Relocation error. The binary was supposed to be installed into /usr/local/bin and found itself in . and could not find out what this means for the prefix /usr/local.
[    818ms] [console.error] 
[    818ms] [console.log] Warning in void FindConfigurationPath() in src/tools/tDirectories.cpp:1465 : 
[    818ms] [console.log]  	Could not determine path to configuration files. Using defaults or command line arguments.
[    819ms] [console.log] 
[    950ms] [console.log] [L] ENCODING latin1
[    957ms] [console.log] Trying to start sound. Just restart Armagetron Advanced in case of crash.
[    959ms] [console.log] [SND] device opened: 22050 Hz, 2 ch, 16-bit, 1024 frames/callback (46.4 ms per callback, SOUND_BUFFER_SHIFT 1)
[    978ms] [console.error] WARNING: using emscripten GL immediate mode emulation. This is very limited in what it supports
[    981ms] [console.error] TODO: glShadeModel
[    984ms] [browser.warning/rendering] Canvas2D: Multiple readback operations using getImageData are faster with the willReadFrequently attribute set to true. See: https://html.spec.whatwg.org/multipage/canvas.html#concept-canvas-will-read-frequently   <- http://localhost:8008/armagetronad.js
[   1022ms] [harness] eval window.AA_START() => undefined
[   1023ms] [harness] until 1x <<[BOOT] autostart>> (timeout 90000ms, have 1)
[   1023ms] [harness] until SATISFIED: saw 1x <<[BOOT] autostart>>
[   1044ms] [console.log] [TOUCH] context 1 (menu yes, cycle no) -> TAP=ENTER
[   1160ms] [console.log] [FSKEY] TOGGLE_FULLSCREEN: action fired at 1158ms, fullscreenElement=null
[   1243ms] [console.log] [FSKEY] TOGGLE_FULLSCREEN: requestFullscreen RESOLVED
[   1435ms] [console.log] [FSKEY] TOGGLE_FULLSCREEN: action fired at 1363ms, fullscreenElement=HTML
[   1488ms] [console.log] [FSKEY] TOGGLE_FULLSCREEN: exitFullscreen requested
[   1566ms] [console.log] [FSKEY] TOGGLE_FULLSCREEN: action fired at 1564ms, fullscreenElement=null
[   1567ms] [browser.warning/javascript] Failed to execute 'requestFullscreen' on 'Element': API can only be initiated by a user gesture.   <- http://localhost:8008/armagetronad.js
[   1567ms] [console.log] [FSKEY] TOGGLE_FULLSCREEN: requestFullscreen REJECTED: TypeError: Permissions check failed
[   1708ms] [console.log] [FSKEY] TOGGLE_FULLSCREEN: action fired at 1706ms, fullscreenElement=null
[   1708ms] [browser.warning/javascript] Failed to execute 'requestFullscreen' on 'Element': API can only be initiated by a user gesture.   <- http://localhost:8008/armagetronad.js
[   1709ms] [console.log] [FSKEY] TOGGLE_FULLSCREEN: requestFullscreen REJECTED: TypeError: Permissions check failed
[   1810ms] [console.log] [FSKEY] TOGGLE_FULLSCREEN: action fired at 1808ms, fullscreenElement=null
[   1812ms] [browser.warning/javascript] Failed to execute 'requestFullscreen' on 'Element': API can only be initiated by a user gesture.   <- http://localhost:8008/armagetronad.js
[   1813ms] [console.log] [FSKEY] TOGGLE_FULLSCREEN: requestFullscreen REJECTED: TypeError: Permissions check failed
[   1886ms] [console.log] [FSKEY] TOGGLE_FULLSCREEN: action fired at 1884ms, fullscreenElement=null
[   1886ms] [browser.warning/javascript] Failed to execute 'requestFullscreen' on 'Element': API can only be initiated by a user gesture.   <- http://localhost:8008/armagetronad.js
[   1887ms] [console.log] [FSKEY] TOGGLE_FULLSCREEN: requestFullscreen REJECTED: TypeError: Permissions check failed
[   1940ms] [console.log] [FSKEY] TOGGLE_FULLSCREEN: action fired at 1938ms, fullscreenElement=null
[   1941ms] [browser.warning/javascript] Failed to execute 'requestFullscreen' on 'Element': API can only be initiated by a user gesture.   <- http://localhost:8008/armagetronad.js
[   1941ms] [console.log] [FSKEY] TOGGLE_FULLSCREEN: requestFullscreen REJECTED: TypeError: Permissions check failed
[   1990ms] [console.log] [FSKEY] TOGGLE_FULLSCREEN: action fired at 1988ms, fullscreenElement=null
[   1990ms] [browser.warning/javascript] Failed to execute 'requestFullscreen' on 'Element': API can only be initiated by a user gesture.   <- http://localhost:8008/armagetronad.js
[   1991ms] [console.log] [FSKEY] TOGGLE_FULLSCREEN: requestFullscreen REJECTED: TypeError: Permissions check failed
[   2059ms] [console.log] [FSKEY] TOGGLE_FULLSCREEN: action fired at 2039ms, fullscreenElement=null
[   2061ms] [browser.warning/javascript] Failed to execute 'requestFullscreen' on 'Element': API can only be initiated by a user gesture.   <- http://localhost:8008/armagetronad.js
[   2061ms] [console.log] [FSKEY] TOGGLE_FULLSCREEN: requestFullscreen REJECTED: TypeError: Permissions check failed
[   2096ms] [console.log] [FSKEY] TOGGLE_FULLSCREEN: action fired at 2093ms, fullscreenElement=null
[   2096ms] [browser.warning/javascript] Failed to execute 'requestFullscreen' on 'Element': API can only be initiated by a user gesture.   <- http://localhost:8008/armagetronad.js
[   2097ms] [console.log] [FSKEY] TOGGLE_FULLSCREEN: requestFullscreen REJECTED: TypeError: Permissions check failed
[   2149ms] [console.log] [FSKEY] TOGGLE_FULLSCREEN: action fired at 2147ms, fullscreenElement=null
[   2151ms] [browser.warning/javascript] Failed to execute 'requestFullscreen' on 'Element': API can only be initiated by a user gesture.   <- http://localhost:8008/armagetronad.js
[   2151ms] [console.log] [FSKEY] TOGGLE_FULLSCREEN: requestFullscreen REJECTED: TypeError: Permissions check failed
[   2199ms] [console.log] [FSKEY] TOGGLE_FULLSCREEN: action fired at 2197ms, fullscreenElement=null
[   2199ms] [browser.warning/javascript] Failed to execute 'requestFullscreen' on 'Element': API can only be initiated by a user gesture.   <- http://localhost:8008/armagetronad.js
[   2199ms] [console.log] [FSKEY] TOGGLE_FULLSCREEN: requestFullscreen REJECTED: TypeError: Permissions check failed
[   2253ms] [console.log] [FSKEY] TOGGLE_FULLSCREEN: action fired at 2251ms, fullscreenElement=null
[   2253ms] [browser.warning/javascript] Failed to execute 'requestFullscreen' on 'Element': API can only be initiated by a user gesture.   <- http://localhost:8008/armagetronad.js
[   2254ms] [console.log] [FSKEY] TOGGLE_FULLSCREEN: requestFullscreen REJECTED: TypeError: Permissions check failed
[   2305ms] [console.log] [FSKEY] TOGGLE_FULLSCREEN: action fired at 2301ms, fullscreenElement=null
[   2306ms] [browser.warning/javascript] Failed to execute 'requestFullscreen' on 'Element': API can only be initiated by a user gesture.   <- http://localhost:8008/armagetronad.js
[   2306ms] [console.log] [FSKEY] TOGGLE_FULLSCREEN: requestFullscreen REJECTED: TypeError: Permissions check failed
[   2357ms] [console.log] [FSKEY] TOGGLE_FULLSCREEN: action fired at 2355ms, fullscreenElement=null
[   2358ms] [browser.warning/javascript] Failed to execute 'requestFullscreen' on 'Element': API can only be initiated by a user gesture.   <- http://localhost:8008/armagetronad.js
[   2358ms] [console.log] [FSKEY] TOGGLE_FULLSCREEN: requestFullscreen REJECTED: TypeError: Permissions check failed
[   2412ms] [console.log] [FSKEY] TOGGLE_FULLSCREEN: action fired at 2410ms, fullscreenElement=null
[   2413ms] [browser.warning/javascript] Failed to execute 'requestFullscreen' on 'Element': API can only be initiated by a user gesture.   <- http://localhost:8008/armagetronad.js
[   2413ms] [console.log] [FSKEY] TOGGLE_FULLSCREEN: requestFullscreen REJECTED: TypeError: Permissions check failed
[   2466ms] [console.log] [FSKEY] TOGGLE_FULLSCREEN: action fired at 2464ms, fullscreenElement=null
[   2466ms] [browser.warning/javascript] Failed to execute 'requestFullscreen' on 'Element': API can only be initiated by a user gesture.   <- http://localhost:8008/armagetronad.js
[   2467ms] [console.log] [FSKEY] TOGGLE_FULLSCREEN: requestFullscreen REJECTED: TypeError: Permissions check failed
[   2521ms] [console.log] [FSKEY] TOGGLE_FULLSCREEN: action fired at 2519ms, fullscreenElement=null
[   2521ms] [browser.warning/javascript] Failed to execute 'requestFullscreen' on 'Element': API can only be initiated by a user gesture.   <- http://localhost:8008/armagetronad.js
[   2521ms] [console.log] [FSKEY] TOGGLE_FULLSCREEN: requestFullscreen REJECTED: TypeError: Permissions check failed
[   2574ms] [console.log] [FSKEY] TOGGLE_FULLSCREEN: action fired at 2572ms, fullscreenElement=null
[   2575ms] [browser.warning/javascript] Failed to execute 'requestFullscreen' on 'Element': API can only be initiated by a user gesture.   <- http://localhost:8008/armagetronad.js
[   2575ms] [console.log] [FSKEY] TOGGLE_FULLSCREEN: requestFullscreen REJECTED: TypeError: Permissions check failed
[   2631ms] [console.log] [FSKEY] TOGGLE_FULLSCREEN: action fired at 2623ms, fullscreenElement=null
[   2632ms] [browser.warning/javascript] Failed to execute 'requestFullscreen' on 'Element': API can only be initiated by a user gesture.   <- http://localhost:8008/armagetronad.js
[   2632ms] [console.log] [FSKEY] TOGGLE_FULLSCREEN: requestFullscreen REJECTED: TypeError: Permissions check failed
[   2680ms] [console.log] [FSKEY] TOGGLE_FULLSCREEN: action fired at 2678ms, fullscreenElement=null
[   2680ms] [browser.warning/javascript] Failed to execute 'requestFullscreen' on 'Element': API can only be initiated by a user gesture.   <- http://localhost:8008/armagetronad.js
[   2680ms] [console.log] [FSKEY] TOGGLE_FULLSCREEN: requestFullscreen REJECTED: TypeError: Permissions check failed
[   2733ms] [console.log] [FSKEY] TOGGLE_FULLSCREEN: action fired at 2731ms, fullscreenElement=null
[   2733ms] [browser.warning/javascript] Failed to execute 'requestFullscreen' on 'Element': API can only be initiated by a user gesture.   <- http://localhost:8008/armagetronad.js
[   2733ms] [console.log] [FSKEY] TOGGLE_FULLSCREEN: requestFullscreen REJECTED: TypeError: Permissions check failed
[   2787ms] [console.log] [FSKEY] TOGGLE_FULLSCREEN: action fired at 2785ms, fullscreenElement=null
[   2788ms] [browser.warning/javascript] Failed to execute 'requestFullscreen' on 'Element': API can only be initiated by a user gesture.   <- http://localhost:8008/armagetronad.js
[   2788ms] [console.log] [FSKEY] TOGGLE_FULLSCREEN: requestFullscreen REJECTED: TypeError: Permissions check failed
[   2840ms] [console.log] [FSKEY] TOGGLE_FULLSCREEN: action fired at 2838ms, fullscreenElement=null
[   2840ms] [browser.warning/javascript] Failed to execute 'requestFullscreen' on 'Element': API can only be initiated by a user gesture.   <- http://localhost:8008/armagetronad.js
[   2840ms] [console.log] [FSKEY] TOGGLE_FULLSCREEN: requestFullscreen REJECTED: TypeError: Permissions check failed
[   2892ms] [console.log] [FSKEY] TOGGLE_FULLSCREEN: action fired at 2890ms, fullscreenElement=null
[   2893ms] [browser.warning/javascript] Failed to execute 'requestFullscreen' on 'Element': API can only be initiated by a user gesture.   <- http://localhost:8008/armagetronad.js
[   2893ms] [console.log] [FSKEY] TOGGLE_FULLSCREEN: requestFullscreen REJECTED: TypeError: Permissions check failed
[   2947ms] [console.log] [FSKEY] TOGGLE_FULLSCREEN: action fired at 2945ms, fullscreenElement=null
[   2948ms] [browser.warning/javascript] Failed to execute 'requestFullscreen' on 'Element': API can only be initiated by a user gesture.   <- http://localhost:8008/armagetronad.js
[   2948ms] [console.log] [FSKEY] TOGGLE_FULLSCREEN: requestFullscreen REJECTED: TypeError: Permissions check failed
[   3001ms] [console.log] [FSKEY] TOGGLE_FULLSCREEN: action fired at 2999ms, fullscreenElement=null
[   3001ms] [browser.warning/javascript] Failed to execute 'requestFullscreen' on 'Element': API can only be initiated by a user gesture.   <- http://localhost:8008/armagetronad.js
[   3001ms] [console.log] [FSKEY] TOGGLE_FULLSCREEN: requestFullscreen REJECTED: TypeError: Permissions check failed
[   3054ms] [console.log] [FSKEY] TOGGLE_FULLSCREEN: action fired at 3052ms, fullscreenElement=null
[   3054ms] [browser.warning/javascript] Failed to execute 'requestFullscreen' on 'Element': API can only be initiated by a user gesture.   <- http://localhost:8008/armagetronad.js
[   3055ms] [console.log] [FSKEY] TOGGLE_FULLSCREEN: requestFullscreen REJECTED: TypeError: Permissions check failed
[   3108ms] [console.log] [FSKEY] TOGGLE_FULLSCREEN: action fired at 3105ms, fullscreenElement=null
[   3108ms] [browser.warning/javascript] Failed to execute 'requestFullscreen' on 'Element': API can only be initiated by a user gesture.   <- http://localhost:8008/armagetronad.js
[   3108ms] [console.log] [FSKEY] TOGGLE_FULLSCREEN: requestFullscreen REJECTED: TypeError: Permissions check failed
[   3162ms] [console.log] [FSKEY] TOGGLE_FULLSCREEN: action fired at 3160ms, fullscreenElement=null
[   3166ms] [browser.warning/javascript] Failed to execute 'requestFullscreen' on 'Element': API can only be initiated by a user gesture.   <- http://localhost:8008/armagetronad.js
[   3166ms] [console.log] [FSKEY] TOGGLE_FULLSCREEN: requestFullscreen REJECTED: TypeError: Permissions check failed
[   3216ms] [console.log] [FSKEY] TOGGLE_FULLSCREEN: action fired at 3214ms, fullscreenElement=null
[   3216ms] [browser.warning/javascript] Failed to execute 'requestFullscreen' on 'Element': API can only be initiated by a user gesture.   <- http://localhost:8008/armagetronad.js
[   3217ms] [console.log] [FSKEY] TOGGLE_FULLSCREEN: requestFullscreen REJECTED: TypeError: Permissions check failed
[   3270ms] [console.log] [FSKEY] TOGGLE_FULLSCREEN: action fired at 3268ms, fullscreenElement=null
[   3271ms] [browser.warning/javascript] Failed to execute 'requestFullscreen' on 'Element': API can only be initiated by a user gesture.   <- http://localhost:8008/armagetronad.js
[   3271ms] [console.log] [FSKEY] TOGGLE_FULLSCREEN: requestFullscreen REJECTED: TypeError: Permissions check failed
[   3322ms] [console.log] [FSKEY] TOGGLE_FULLSCREEN: action fired at 3320ms, fullscreenElement=null
[   3323ms] [browser.warning/javascript] Failed to execute 'requestFullscreen' on 'Element': API can only be initiated by a user gesture.   <- http://localhost:8008/armagetronad.js
[   3323ms] [console.log] [FSKEY] TOGGLE_FULLSCREEN: requestFullscreen REJECTED: TypeError: Permissions check failed
[   3376ms] [console.log] [FSKEY] TOGGLE_FULLSCREEN: action fired at 3373ms, fullscreenElement=null
[   3376ms] [browser.warning/javascript] Failed to execute 'requestFullscreen' on 'Element': API can only be initiated by a user gesture.   <- http://localhost:8008/armagetronad.js
[   3376ms] [console.log] [FSKEY] TOGGLE_FULLSCREEN: requestFullscreen REJECTED: TypeError: Permissions check failed
[   3430ms] [console.log] [FSKEY] TOGGLE_FULLSCREEN: action fired at 3428ms, fullscreenElement=null
[   3431ms] [browser.warning/javascript] Failed to execute 'requestFullscreen' on 'Element': API can only be initiated by a user gesture.   <- http://localhost:8008/armagetronad.js
[   3431ms] [console.log] [FSKEY] TOGGLE_FULLSCREEN: requestFullscreen REJECTED: TypeError: Permissions check failed
[   3484ms] [console.log] [FSKEY] TOGGLE_FULLSCREEN: action fired at 3482ms, fullscreenElement=null
[   3485ms] [browser.warning/javascript] Failed to execute 'requestFullscreen' on 'Element': API can only be initiated by a user gesture.   <- http://localhost:8008/armagetronad.js
[   3485ms] [console.log] [FSKEY] TOGGLE_FULLSCREEN: requestFullscreen REJECTED: TypeError: Permissions check failed
[   3536ms] [console.log] [FSKEY] TOGGLE_FULLSCREEN: action fired at 3534ms, fullscreenElement=null
[   3536ms] [browser.warning/javascript] Failed to execute 'requestFullscreen' on 'Element': API can only be initiated by a user gesture.   <- http://localhost:8008/armagetronad.js
[   3537ms] [console.log] [FSKEY] TOGGLE_FULLSCREEN: requestFullscreen REJECTED: TypeError: Permissions check failed
[   3589ms] [console.log] [FSKEY] TOGGLE_FULLSCREEN: action fired at 3587ms, fullscreenElement=null
[   3590ms] [browser.warning/javascript] Failed to execute 'requestFullscreen' on 'Element': API can only be initiated by a user gesture.   <- http://localhost:8008/armagetronad.js
[   3590ms] [console.log] [FSKEY] TOGGLE_FULLSCREEN: requestFullscreen REJECTED: TypeError: Permissions check failed
[   3642ms] [console.log] [FSKEY] TOGGLE_FULLSCREEN: action fired at 3640ms, fullscreenElement=null
[   3642ms] [browser.warning/javascript] Failed to execute 'requestFullscreen' on 'Element': API can only be initiated by a user gesture.   <- http://localhost:8008/armagetronad.js
[   3643ms] [console.log] [FSKEY] TOGGLE_FULLSCREEN: requestFullscreen REJECTED: TypeError: Permissions check failed
[   3696ms] [console.log] [FSKEY] TOGGLE_FULLSCREEN: action fired at 3694ms, fullscreenElement=null
[   3697ms] [browser.warning/javascript] Failed to execute 'requestFullscreen' on 'Element': API can only be initiated by a user gesture.   <- http://localhost:8008/armagetronad.js
[   3697ms] [console.log] [FSKEY] TOGGLE_FULLSCREEN: requestFullscreen REJECTED: TypeError: Permissions check failed
[   3751ms] [console.log] [FSKEY] TOGGLE_FULLSCREEN: action fired at 3749ms, fullscreenElement=null
[   3751ms] [browser.warning/javascript] Failed to execute 'requestFullscreen' on 'Element': API can only be initiated by a user gesture.   <- http://localhost:8008/armagetronad.js
[   3751ms] [console.log] [FSKEY] TOGGLE_FULLSCREEN: requestFullscreen REJECTED: TypeError: Permissions check failed
[   3804ms] [console.log] [FSKEY] TOGGLE_FULLSCREEN: action fired at 3802ms, fullscreenElement=null
[   3805ms] [browser.warning/javascript] Failed to execute 'requestFullscreen' on 'Element': API can only be initiated by a user gesture.   <- http://localhost:8008/armagetronad.js
[   3805ms] [console.log] [FSKEY] TOGGLE_FULLSCREEN: requestFullscreen REJECTED: TypeError: Permissions check failed
[   3859ms] [console.log] [FSKEY] TOGGLE_FULLSCREEN: action fired at 3857ms, fullscreenElement=null
[   3859ms] [browser.warning/javascript] Failed to execute 'requestFullscreen' on 'Element': API can only be initiated by a user gesture.   <- http://localhost:8008/armagetronad.js
[   3859ms] [console.log] [FSKEY] TOGGLE_FULLSCREEN: requestFullscreen REJECTED: TypeError: Permissions check failed
[   3911ms] [console.log] [FSKEY] TOGGLE_FULLSCREEN: action fired at 3909ms, fullscreenElement=null
[   3911ms] [browser.warning/javascript] Failed to execute 'requestFullscreen' on 'Element': API can only be initiated by a user gesture.   <- http://localhost:8008/armagetronad.js
[   3912ms] [console.log] [FSKEY] TOGGLE_FULLSCREEN: requestFullscreen REJECTED: TypeError: Permissions check failed
[   3964ms] [console.log] [FSKEY] TOGGLE_FULLSCREEN: action fired at 3962ms, fullscreenElement=null
[   3964ms] [browser.warning/javascript] Failed to execute 'requestFullscreen' on 'Element': API can only be initiated by a user gesture.   <- http://localhost:8008/armagetronad.js
[   3964ms] [console.log] [FSKEY] TOGGLE_FULLSCREEN: requestFullscreen REJECTED: TypeError: Permissions check failed
[   4016ms] [console.log] [FSKEY] TOGGLE_FULLSCREEN: action fired at 4014ms, fullscreenElement=null
[   4017ms] [browser.warning/javascript] Failed to execute 'requestFullscreen' on 'Element': API can only be initiated by a user gesture.   <- http://localhost:8008/armagetronad.js
[   4017ms] [console.log] [FSKEY] TOGGLE_FULLSCREEN: requestFullscreen REJECTED: TypeError: Permissions check failed
[   4066ms] [console.log] [FSKEY] TOGGLE_FULLSCREEN: action fired at 4064ms, fullscreenElement=null
[   4067ms] [browser.warning/javascript] Failed to execute 'requestFullscreen' on 'Element': API can only be initiated by a user gesture.   <- http://localhost:8008/armagetronad.js
[   4067ms] [console.log] [FSKEY] TOGGLE_FULLSCREEN: requestFullscreen REJECTED: TypeError: Permissions check failed
[   4116ms] [console.log] [FSKEY] TOGGLE_FULLSCREEN: action fired at 4114ms, fullscreenElement=null
[   4116ms] [browser.warning/javascript] Failed to execute 'requestFullscreen' on 'Element': API can only be initiated by a user gesture.   <- http://localhost:8008/armagetronad.js
[   4117ms] [console.log] [FSKEY] TOGGLE_FULLSCREEN: requestFullscreen REJECTED: TypeError: Permissions check failed
[   4169ms] [console.log] [FSKEY] TOGGLE_FULLSCREEN: action fired at 4167ms, fullscreenElement=null
[   4169ms] [browser.warning/javascript] Failed to execute 'requestFullscreen' on 'Element': API can only be initiated by a user gesture.   <- http://localhost:8008/armagetronad.js
[   4169ms] [console.log] [FSKEY] TOGGLE_FULLSCREEN: requestFullscreen REJECTED: TypeError: Permissions check failed
[   4222ms] [console.log] [FSKEY] TOGGLE_FULLSCREEN: action fired at 4220ms, fullscreenElement=null
[   4228ms] [browser.warning/javascript] Failed to execute 'requestFullscreen' on 'Element': API can only be initiated by a user gesture.   <- http://localhost:8008/armagetronad.js
[   4228ms] [console.log] [FSKEY] TOGGLE_FULLSCREEN: requestFullscreen REJECTED: TypeError: Permissions check failed
[  10114ms] [harness] tap #tapzone at 458,206 (1/1)
[  10135ms] [console.log] [PERSISTSAVE] menu-leave n=1
[  13492ms] [harness] tap #tapzone at 458,206 (1/1)
[  13500ms] [console.log] [PERSISTSAVE] menu-leave n=2
[  13545ms] [console.log] [TOUCH] context 0 (menu no, cycle no) -> TAP=ENTER
[  17379ms] [console.log] [L] PLAYER_ENTERED web_user  web_user
[  17381ms] [console.log] [L] TEAM_CREATED web_user
[  17381ms] [console.log] [L] TEAM_PLAYER_ADDED web_user web_user
[  17383ms] [console.log] [WAV] loaded /data/sound/expl.wav: 11937 bytes, 8-bit mono @ 11025 Hz (fopen misses so far: 1)
[  17386ms] [console.log] [L] ROUND_SCORE_TEAM 0 web_user
[  17386ms] [console.log] [L] NEW_ROUND 2026-09-06 16:40:02 UTC+0200
[  17406ms] [console.log] [WAV] loaded /data/sound/cyclrun.wav: 40403 bytes, 8-bit mono @ 22050 Hz (fopen misses so far: 2)
[  17424ms] [harness] tap #tapzone at 458,206 (1/1)
[  17428ms] [console.log] [WAV] loaded /data/sound/expl.wav: 11937 bytes, 8-bit mono @ 11025 Hz (fopen misses so far: 2)
[  17428ms] [console.log] [WAV] retiring a voice on moviesounds/intro.wav: loaded but zero samples
[  17428ms] [console.log] [SND] live voices peaked at 3 (SOUND_SOURCES 10, loudness_thresh 0.0000)
[  17544ms] [console.log] [TOUCH] context 2 (menu no, cycle alive) -> STEERING
[  17656ms] [browser.error/network] Failed to load resource: the server responded with a status of 404 (File not found)   <- http://localhost:8008/favicon.ico
[  19726ms] [harness] until 1x <<[L] NEW_ROUND>> (timeout 120000ms, have 1)
[  19728ms] [harness] until SATISFIED: saw 1x <<[L] NEW_ROUND>>
[  19728ms] [harness] === ROUND-1-GRIND-MEASURED-FROM-THROTTLE-ON ===
[  22747ms] [console.log] [WAV] loaded /data/sound/expl.wav: 11937 bytes, 8-bit mono @ 11025 Hz (fopen misses so far: 3)
[  22762ms] [harness] key Right (1/1)
[  23097ms] [harness] key Left (1/1)
[  24901ms] [harness] eval __fps.shot('r1-after-tutorial-keys','begin') => "shot begin r1-after-tutorial-keys"
[  25118ms] [harness] screenshot -> docs/evidence/m8-cheap-sparks/hug-stock/r1-after-tutorial-keys.png
[  25119ms] [harness] eval __fps.shot('r1-after-tutorial-keys','end') => "shot end r1-after-tutorial-keys"
[  25123ms] [harness] CPU throttling rate 6x
[  25123ms] [harness] === THROTTLE-ON ===
[  29126ms] [harness] eval __fps.shot('g-12s-free','begin') => "shot begin g-12s-free"
[  29338ms] [harness] screenshot -> docs/evidence/m8-cheap-sparks/hug-stock/g-12s-free.png
[  29341ms] [harness] eval __fps.shot('g-12s-free','end') => "shot end g-12s-free"
[  35345ms] [harness] eval __fps.shot('g-18s-approach','begin') => "shot begin g-18s-approach"
[  35594ms] [harness] screenshot -> docs/evidence/m8-cheap-sparks/hug-stock/g-18s-approach.png
[  35598ms] [harness] eval __fps.shot('g-18s-approach','end') => "shot end g-18s-approach"
[  37642ms] [harness] key Left (1/1)
[  41946ms] [harness] eval __fps.shot('g-24s-grinding','begin') => "shot begin g-24s-grinding"
[  42150ms] [harness] screenshot -> docs/evidence/m8-cheap-sparks/hug-stock/g-24s-grinding.png
[  42172ms] [harness] eval __fps.shot('g-24s-grinding','end') => "shot end g-24s-grinding"
[  52185ms] [harness] eval __fps.shot('g-34s-grinding','begin') => "shot begin g-34s-grinding"
[  52347ms] [harness] screenshot -> docs/evidence/m8-cheap-sparks/hug-stock/g-34s-grinding.png
[  52350ms] [harness] eval __fps.shot('g-34s-grinding','end') => "shot end g-34s-grinding"
[  62354ms] [harness] eval __fps.shot('g-44s-grinding','begin') => "shot begin g-44s-grinding"
[  62521ms] [harness] screenshot -> docs/evidence/m8-cheap-sparks/hug-stock/g-44s-grinding.png
[  62528ms] [harness] eval __fps.shot('g-44s-grinding','end') => "shot end g-44s-grinding"
[  72534ms] [harness] eval __fps.shot('g-54s-grinding','begin') => "shot begin g-54s-grinding"
[  72698ms] [harness] screenshot -> docs/evidence/m8-cheap-sparks/hug-stock/g-54s-grinding.png
[  72706ms] [harness] eval __fps.shot('g-54s-grinding','end') => "shot end g-54s-grinding"
[  77712ms] [harness] eval __fps.shot('kill-stall','begin') => "shot begin kill-stall"
[  83715ms] [harness] eval (()=>{const t0=performance.now();while(performance.now()-t0<6000){}return 'kill stall '+Math.round(performance.now()-t0)+' ms on the main thread'})() => "kill stall 6001 ms on the main thread"
[  83720ms] [console.error] warning: Audio callback had starved sending audio by 5.733510204083956 seconds
[  83732ms] [console.log] [L] DEATH_SUICIDE web_user
[  83742ms] [console.log] [WAV] loaded /data/sound/expl.wav: 11937 bytes, 8-bit mono @ 11025 Hz (fopen misses so far: 4)
[  83751ms] [console.log] [TOUCH] context 0 (menu no, cycle no) -> TAP=ENTER
[  83753ms] [harness] eval __fps.shot('kill-stall','end') => "shot end kill-stall"
[  83753ms] [harness] until 1x <<[L] DEATH_>> (timeout 15000ms, have 1)
[  83753ms] [harness] until SATISFIED: saw 1x <<[L] DEATH_>>
[  83753ms] [harness] === GRIND-OVER ===
[  85846ms] [harness] eval (() => {  /* ONE EXPRESSION, BLOCK COMMENTS ONLY: run-arm.sh strips newlines to make     this a single eval: step (see sampler.js). hug-stock and 6 are     substituted by run-arm.sh. The object this prints after "[PERF] <arm> " is     the schema Tasks 2-4 read; web/tools/perf/README.md documents it. */  const S = window.__fps, n = S.n;  const PAD_BEFORE = 100, PAD_AFTER = 250;  const marks = (p) => S.marks.filter(m => m[1].indexOf(p) === 0);  const nr = marks('[L] NEW_ROUND').map(m => m[0]);  const rw = marks('[L] ROUND_WINNER').map(m => m[0]);  /* The human is the first PLAYER_ENTERED name; the AIs never enter that way.     A DEATH_* line names its victim first, so the human's deaths are the     DEATH_ marks whose first name is that one. */  const pe = marks('[L] PLAYER_ENTERED ');  const human = pe.length ? pe[0][1].split(/\s+/)[2] : 'web_user';  const deaths = S.marks.filter(m => /^\[L\] DEATH_\w+ /.test(m[1]) && m[1].split(/\s+/)[2] === human).map(m => m[0]);  /* Screenshot exclusions: [begin - PAD_BEFORE, end + PAD_AFTER] for every     bracketed shot (sampler.js S.shot); a begin with no end -- the driver died     mid-shot -- excludes two seconds. */  const ex = []; const open = {};  for (const [t, name, edge] of S.shots) {    if (edge === 'begin') open[name] = t;    else if (edge === 'end' && open[name] != null) { ex.push({ a: open[name] - PAD_BEFORE, b: t + PAD_AFTER, name: name, dur: t - open[name] }); delete open[name]; } }  for (const name in open) ex.push({ a: open[name] - PAD_BEFORE, b: open[name] + 2000, name: name, dur: null });  const excluded = (t) => ex.some(e => t >= e.a && t <= e.b);  const q = (a, p) => { if (!a.length) return null; const s = a.slice().sort((x, y) => x - y);    return s[Math.min(s.length - 1, Math.max(0, Math.round(p * (s.length - 1))))]; };  const r2 = (x) => (x == null) ? null : Math.round(x * 100) / 100;  /* A window's statistics use only frames outside every exclusion, and only     deltas between frames that were ADJACENT samples, so a gap that straddles     an exclusion is never counted as a frame time. raw_ms_max ignores the     exclusions on purpose: it is where a screenshot hitch stays visible, so a     reader can see what was excluded and that it did not leak into ms_p50.     Each frame interval t[i]-t[p] (p the previous sample) is also split into     the three parts the sampler timestamps: ms_in_swap = the previous swap     call itself (p50, p90 and max: if glFinish waited for the GPU it would     show here, and the first measured run read 0 in every window -- so the     tail is reported too), ms_to_first_draw = from that     call's return to this frame's first draw call (the emscripten_sleep(0)     yield, input, the simulation, render setup), ms_first_draw_to_swap = from     the first draw call to this frame's swap call (render submission). */  const win = (t0, t1) => {    const ix = []; let dropped = 0, rawMax = 0, prev = -1;    for (let i = 0; i < n; i++) { const t = S.t[i]; if (t < t0 || t > t1) continue;      if (prev >= 0) rawMax = Math.max(rawMax, t - S.t[prev]); prev = i;      if (excluded(t)) dropped++; else ix.push(i); }    const d = [], sw = [], pre = [], ren = []; let dr = 0, by = 0;    for (let k = 1; k < ix.length; k++) if (ix[k] === ix[k - 1] + 1) { const i = ix[k], p = ix[k - 1];      d.push(S.t[i] - S.t[p]); sw.push(S.wait[p]);      if (S.first[i] > 0) { pre.push(S.first[i] - (S.t[p] + S.wait[p])); ren.push(S.t[i] - S.first[i]); } }    for (const i of ix) { dr += S.draws[i]; by += S.bytes[i]; }    const f = ix.length || 1;    let exms = 0; for (const e of ex) exms += Math.max(0, Math.min(t1, e.b) - Math.max(t0, e.a));    const span = Math.max(1, (t1 - t0) - exms);    return { frames: ix.length, frames_excluded: dropped, ms_p50: r2(q(d, .5)), ms_p90: r2(q(d, .9)),             fps: r2(ix.length / (span / 1000)), draws_per_frame: r2(dr / f),             kb_per_frame: r2(by / f / 1024), hitches_over_50ms: d.filter(x => x > 50).length,             raw_ms_max: r2(rawMax), ms_in_swap_p50: r2(q(sw, .5)), ms_in_swap_p90: r2(q(sw, .9)), ms_in_swap_max: r2(q(sw, 1)),             ms_to_first_draw_p50: r2(q(pre, .5)), ms_first_draw_to_swap_p50: r2(q(ren, .5)) }; };  const perSec = (t0, t1) => { const ms = [], dr = [], mx = [], pre = [], ren = [];    for (let k = 0; k * 1000 < t1 - t0; k++) { const w = win(t0 + k * 1000, Math.min(t1, t0 + (k + 1) * 1000));      ms.push(w.ms_p50); dr.push(w.draws_per_frame); mx.push(w.raw_ms_max); pre.push(w.ms_to_first_draw_p50); ren.push(w.ms_first_draw_to_swap_p50); }    return { ms_p50: ms, draws_per_frame: dr, raw_ms_max: mx, ms_to_first_draw_p50: pre, ms_first_draw_to_swap_p50: ren }; };  /* Pre-round frames. For the first half second of game time after a round     starts (gGame.cpp GameLoop, the gtime <= -PREPARE_TIME + .5 branch) the     game clears the screen and swaps WITHOUT calling Render: overlay only, no     arena, a handful of draw calls at a fraction of a world frame's cost.     They sit right after NEW_ROUND and would otherwise fill the early window     with frames that have no geometry in them. They are found by their draw     count: the threshold is halfway between the fewest draws of any frame in     the round's first two seconds (an overlay-only frame) and the median of     its second second (world frames); the measured span starts at the first     frame after the last frame under the threshold. The frame that straddles     NEW_ROUND itself (drawn mostly before it) is above the threshold and is     left out of both. */  const preRound = (t0) => {    const a = [], b = [];    for (let i = 0; i < n; i++) { const t = S.t[i]; if (t < t0) continue; if (t >= t0 + 2000) break; a.push(i); if (t >= t0 + 1000) b.push(S.draws[i]); }    const none = { start: t0, stats: { frames: 0, ms_p50: null, draws_per_frame: null, span_ms: 0, split_at_draws: null } };    if (!a.length) return none;    let lo = Infinity; for (const i of a) lo = Math.min(lo, S.draws[i]);    const med = q(b, .5); if (med == null || !(med > lo)) return none;    const thr = (lo + med) / 2; const ov = a.filter(i => S.draws[i] <= thr);    if (!ov.length) return none;    const last = ov[ov.length - 1]; const d = []; let dr = 0;    for (let k = 1; k < ov.length; k++) if (ov[k] === ov[k - 1] + 1) d.push(S.t[ov[k]] - S.t[ov[k - 1]]);    for (const i of ov) dr += S.draws[i];    return { start: (last + 1 < n) ? S.t[last + 1] : t0,             stats: { frames: ov.length, ms_p50: r2(q(d, .5)), draws_per_frame: r2(dr / ov.length),                      span_ms: r2(S.t[last] - S.t[ov[0]]), split_at_draws: r2(thr) } }; };  /* A round is closed by its ROUND_WINNER mark when one is written; a     winnerless round -- a lone cycle with no AI (gGame.cpp Analysis: a winner     needs more than one team) -- writes none and ends when the next NEW_ROUND     starts, and a round still running when this report runs closes here. For     a transcript where every round has its ROUND_WINNER before the next     NEW_ROUND (every base arm), this pairs exactly as nr[i]/rw[i] did. */  const rounds = [];  const tReport = performance.now();  for (let i = 0; i < nr.length; i++) {    const t0 = nr[i], next = (i + 1 < nr.length) ? nr[i + 1] : Infinity;    const won = rw.find(t => t > t0 && t < next);    const t1 = won != null ? won : (next < Infinity ? next : tReport);    const closedBy = won != null ? 'round_winner' : (next < Infinity ? 'next_round' : 'report');    const len = (t1 - t0) / 1000; if (len < 8) continue;    /* The measured span runs from the first world frame to the human's death       when the human dies before ROUND_WINNER (after it the camera shows an       explosion and the AIs' endgame, which is not what the maintainer       plays), else to ROUND_WINNER. */    const death = deaths.find(t => t > t0 && t < t1); const te = death != null ? death : t1;    const pr = preRound(t0); const ts = pr.start;    const e = win(ts, ts + 5000), l = win(te - 5000, te), all = win(ts, te);    const shots = ex.filter(x => x.a >= t0 && x.a <= t1).map(x => ({ name: x.name, at_s: r2((x.a + PAD_BEFORE - t0) / 1000), dur_ms: r2(x.dur) }));    rounds.push({ round: i + 1, length_s: r2(len), closed_by: closedBy,      measured_from_s: r2((ts - t0) / 1000), measured_to_s: r2((te - t0) / 1000),      human_death_s: death != null ? r2((death - t0) / 1000) : null, ends_at: death != null ? 'human_death' : 'round_winner',      pre_round: pr.stats, early_5s: e, late_5s: l,      ratio_ms: e.ms_p50 ? r2(l.ms_p50 / e.ms_p50) : null,      ratio_draws: e.draws_per_frame ? r2(l.draws_per_frame / e.draws_per_frame) : null,      hitches_over_50ms: all.hitches_over_50ms, frames: all.frames, frames_excluded: all.frames_excluded,      raw_ms_max: all.raw_ms_max, shots: shots, per_second: perSec(t0, t1) }); }  return '[PERF] hug-stock ' + JSON.stringify({ arm: 'hug-stock', cpu_rate: 6, frames: n, human: human,    swaps: S.swaps, rounds_started: nr.length, rounds_won: rw.length,    shots_bracketed: ex.filter(x => x.dur != null).length, shot_pad_ms: [PAD_BEFORE, PAD_AFTER], rounds });})() => "[PERF] hug-stock {\"arm\":\"hug-stock\",\"cpu_rate\":6,\"frames\":8745,\"human\":\"web_user\",\"swaps\":{\"flush\":0,\"finish\":8745},\"rounds_started\":1,\"rounds_won\":0,\"shots_bracketed\":8,\"shot_pad_ms\":[100,250],\"rounds\":[{\"round\":1,\"length_s\":68.37,\"closed_by\":\"report\",\"measured_from_s\":0.53,\"measured_to_s\":66.34,\"human_death_s\":66.34,\"ends_at\":\"human_death\",\"pre_round\":{\"frames\":98,\"ms_p50\":4.9,\"draws_per_frame\":10,\"span_ms\":475.7,\"split_at_draws\":21.5},\"early_5s\":{\"frames\":874,\"frames_excluded\":0,\"ms_p50\":5.6,\"ms_p90\":6.3,\"fps\":174.8,\"draws_per_frame\":47.77,\"kb_per_frame\":40.56,\"hitches_over_50ms\":0,\"raw_ms_max\":18.7,\"ms_in_swap_p50\":0,\"ms_in_swap_p90\":0,\"ms_in_swap_max\":0.1,\"ms_to_first_draw_p50\":4.8,\"ms_first_draw_to_swap_p50\":0.8},\"late_5s\":{\"frames\":0,\"frames_excluded\":0,\"ms_p50\":null,\"ms_p90\":null,\"fps\":0,\"draws_per_frame\":0,\"kb_per_frame\":0,\"hitches_over_50ms\":0,\"raw_ms_max\":0,\"ms_in_swap_p50\":null,\"ms_in_swap_p90\":null,\"ms_in_swap_max\":null,\"ms_to_first_draw_p50\":null,\"ms_first_draw_to_swap_p50\":null},\"ratio_ms\":0,\"ratio_draws\":0,\"hitches_over_50ms\":0,\"frames\":4775,\"frames_excluded\":344,\"raw_ms_max\":34.5,\"shots\":[{\"name\":\"r1-after-tutorial-keys\",\"at_s\":7.51,\"dur_ms\":218.3},{\"name\":\"g-12s-free\",\"at_s\":11.74,\"dur_ms\":214.4},{\"name\":\"g-18s-approach\",\"at_s\":17.96,\"dur_ms\":252.2},{\"name\":\"g-24s-grinding\",\"at_s\":24.56,\"dur_ms\":225.1},{\"name\":\"g-34s-grinding\",\"at_s\":34.8,\"dur_ms\":164.9},{\"name\":\"g-44s-grinding\",\"at_s\":44.97,\"dur_ms\":174},{\"name\":\"g-54s-grinding\",\"at_s\":55.15,\"dur_ms\":171.9},{\"name\":\"kill-stall\",\"at_s\":60.32,\"dur_ms\":6040}],\"per_second\":{\"ms_p50\":[5,5.4,5.6,5.6,6,5.9,5.9,5.8,10.4,9.8,9.7,9.4,9.4,9.2,9.2,9.1,9.3,9.1,10.2,12.7,14.4,17.3,22.4,25,24.7,23.5,22.6,23.3,24.5,24.2,20.5,17.5,15.3,13.7,13.6,13.4,13.9,13.6,13.8,13.7,13.4,13.3,13.9,13.5,13.4,13.4,13.7,13.5,13.6,13.5,13.7,13.7,13.5,13.2,13.4,13.4,13.5,13.6,13.7,13.9,13.3,null,null,null,null,null,8,6.5,6.3],\"draws_per_frame\":[20.82,33,52.66,53,56.17,58.85,56.04,55.99,55,55,54,54,53,53,52.01,52,52,52,52.45,59.68,110.76,229,333,414.56,456.32,404.15,386.95,390.52,394.61,364.43,277.67,192.29,108.85,62.33,62,62,62,62,62,62,62,62,62,62,62,62,62,62,62,62,62,62,62,62,62,62,62,62,62,62,62,0,0,0,0,0,47,29.76,27],\"raw_ms_max\":[20,6.7,6.6,7.9,12.9,18.7,8.4,16.1,13.5,12.4,12.1,12.7,12.9,11.8,12.4,11.1,12.2,24.5,12.7,18.5,22.3,19.6,29.5,31.9,28,25.7,27.5,26.1,26.5,28.7,24.3,20.8,18,17.2,16.5,15.8,17.3,17.9,15.8,15.9,15.5,15.5,24.4,34.5,19.5,18.8,15.9,15.1,18.1,15.4,18.6,16.1,15.7,15.7,15.3,15.4,16.6,17.2,15.9,16.2,15.5,0,0,0,0,0,17.1,11.3,8.4],\"ms_to_first_draw_p50\":[4.8,4.8,4.8,4.8,4.9,5.1,4.9,4.8,5.6,5.4,5.4,5.3,5.2,5.2,5.1,5.1,5.2,5.1,6,7.8,8,7.9,8.8,9.6,8.9,8.7,8.6,9,9.8,10.2,9.7,9.1,8.9,8.8,8.9,8.5,8.6,8.4,8.6,8.6,8.6,8.5,8.8,8.6,8.5,8.7,8.6,8.6,8.6,8.5,8.7,8.9,8.5,8.6,8.6,8.5,8.7,8.8,8.9,8.8,8.2,null,null,null,null,null,4.9,4.9,5],\"ms_first_draw_to_swap_p50\":[0.3,0.5,0.8,0.8,1.1,0.8,1,1,4.8,4.5,4.4,4.2,4.2,4.1,4.2,4,4,3.9,4.1,4.8,6.4,9.1,13.2,15.8,15.8,14.6,13.8,14.4,14.9,13.7,11,8.5,6.2,4.9,4.9,4.9,5.1,5.1,5,4.9,4.6,4.7,5,4.9,4.7,4.8,4.9,4.9,5,4.9,5,4.9,4.9,4.6,4.8,4.9,4.7,4.8,4.9,4.9,4.7,null,null,null,null,null,2.8,1.4,1.3]}}]}"
