[0] Command HUD_CACHE_THRESHOLD unknown.
[0] 
[L] ENCODING latin1
[0] Bound socket to *.*.*.*:58297.
[0] Bound socket to *.*.*.*:4534.
[0] Setting CYCLE_BRAKE_REFILL (Group: Annoying) deviates from its default value; clients older than 0.2.5.0 may experience problems.
[0] Nobody there. Taking a nap...
[0] Timestamp: 2026/09/10 20:15:08
[0] Closing socket bound to *.*.*.*:4534
[0] Bound socket to *.*.*.*:4534.
[1] Received login from 192.168.215.1:32624 via socket *.*.*.*:4534, network version: 0.2.9_alpha (ID: 17).
[1] New user: 1
[L] PLAYER_ENTERED web_user 192.168.215.1 web_user
[L] TEAM_CREATED web_user
[L] TEAM_PLAYER_ADDED web_user web_user
[1] web_user entered the game.
[L] NEW_ROUND 2026-09-10 20:16:37 UTC
[L] NEW_MATCH 2026-09-10 20:16:37 UTC
[0] Time:     88.6505 seconds
Sent:     7144 bytes in 39 packets (80.5861 bytes/s)
Received: 2374 bytes in 35 packets (26.7793 bytes/s)
[0] Timestamp: 2026/09/10 20:16:37
[0] Creating grid...
[0] Ping charity changed from 0 to 300.
[0] done!
[0] Resetting scores...
[0] New Match
[0] Go (round 1 of 10)!
[L] GAME_TIME -3.8009
[L] GAME_TIME -3.54254
[L] GAME_TIME -3.27962
[L] GAME_TIME -3.02117
[0] 3
[L] GAME_TIME -2.764
[L] GAME_TIME -2.50643
[L] GAME_TIME -2.24247
[0] 2
[L] GAME_TIME -1.98965
[L] GAME_TIME -1.73552
[L] GAME_TIME -1.47161
[L] GAME_TIME -1.21516
[0] 1
[L] GAME_TIME -0.960437
[L] GAME_TIME -0.69888
[L] GAME_TIME -0.446127
[L] GAME_TIME -0.192311
[0] 0
[L] GAME_TIME 0.064188
[L] GAME_TIME 0.325558
[L] GAME_TIME 0.583249
[L] GAME_TIME 0.837799
[L] GAME_TIME 1.09759
[L] GAME_TIME 1.36033
[L] GAME_TIME 1.634
[L] GAME_TIME 1.88954
[L] GAME_TIME 2.14684
[L] GAME_TIME 2.40516
[L] GAME_TIME 2.66897
[L] GAME_TIME 2.93064
[L] GAME_TIME 3.18139
[L] GAME_TIME 3.44491
[L] GAME_TIME 3.7037
[L] GAME_TIME 3.9648
[L] GAME_TIME 4.21485
[L] GAME_TIME 4.47171
[L] GAME_TIME 4.7258
[L] GAME_TIME 4.98488
[L] GAME_TIME 5.23745
[L] GAME_TIME 5.49633
[L] DEATH_SUICIDE web_user
[0] web_user committed suicide and lost 4 points.
[L] GAME_TIME 5.75574
[L] GAME_TIME 6.01574
[L] GAME_TIME 6.27093
[L] GAME_TIME 6.52972
[L] GAME_TIME 6.78133
[L] GAME_TIME 7.03558
[L] GAME_TIME 7.29919
[L] GAME_TIME 7.55062
[L] GAME_TIME 7.80227
[L] GAME_TIME 8.06287
[L] GAME_TIME 8.32541
[L] GAME_TIME 8.58259
[L] GAME_TIME 8.83377
[L] GAME_TIME 9.09799
[L] GAME_TIME 9.35693
[L] GAME_TIME 9.60712
[0] Deleting objects...
[0] Deleting grid...
[0] 
[L] ROUND_SCORE -4 web_user web_user
[L] ROUND_SCORE_TEAM -4 web_user
[L] NEW_ROUND 2026-09-10 20:16:52 UTC
[0] Time:     14.7787 seconds
Sent:     11420 bytes in 159 packets (772.732 bytes/s)
Received: 6442 bytes in 144 packets (435.897 bytes/s)
[0] Timestamp: 2026/09/10 20:16:52
[0] Creating grid...
[0] Ping charity changed from 300 to 100.
[0] done!
[0] Go (round 2 of 10)!
[L] GAME_TIME -3.8001
[L] GAME_TIME -3.54368
[L] GAME_TIME -3.28931
[L] GAME_TIME -3.02703
[0] 3
[L] GAME_TIME -2.75884
[L] GAME_TIME -2.49462
[L] GAME_TIME -2.24307
[0] 2
[L] GAME_TIME -1.98675
[L] GAME_TIME -1.72962
[L] GAME_TIME -1.46909
[L] GAME_TIME -1.20909
[0] 1
[L] GAME_TIME -0.956427
[L] GAME_TIME -0.695647
[L] GAME_TIME -0.433241
[L] GAME_TIME -0.174914
[0] 0
[L] GAME_TIME 0.089758
[L] GAME_TIME 0.356572
[L] GAME_TIME 0.617993
[L] GAME_TIME 0.871204
[L] GAME_TIME 1.13659
[L] GAME_TIME 1.38816
[L] GAME_TIME 1.64984
[L] GAME_TIME 1.90434
[L] GAME_TIME 2.16029
[L] GAME_TIME 2.42167
[L] GAME_TIME 2.67817
[L] GAME_TIME 2.93795
[L] GAME_TIME 3.19255
[L] GAME_TIME 3.45252
[L] GAME_TIME 3.70769
[L] GAME_TIME 3.97251
[L] GAME_TIME 4.22444
[L] GAME_TIME 4.48427
[L] GAME_TIME 4.74005
[L] GAME_TIME 5.00115
[L] GAME_TIME 5.2543
[L] DEATH_SUICIDE web_user
[0] web_user committed suicide and lost 4 points.
[L] GAME_TIME 5.51909
[L] GAME_TIME 5.76938
[L] GAME_TIME 6.027
[L] GAME_TIME 6.28401
[L] GAME_TIME 6.54438
[L] GAME_TIME 6.80835
[L] GAME_TIME 7.07309
[L] GAME_TIME 7.33178
[L] GAME_TIME 7.59064
[L] GAME_TIME 7.85638
[L] GAME_TIME 8.10783
[L] GAME_TIME 8.37307
[L] GAME_TIME 8.6369
[L] GAME_TIME 8.89013
[L] GAME_TIME 9.15377
[L] GAME_TIME 9.40422
[L] GAME_TIME 9.66238
[0] Deleting objects...
[0] Deleting grid...
[0] 
[L] ROUND_SCORE -4 web_user web_user
[L] ROUND_SCORE_TEAM -4 web_user
[L] NEW_ROUND 2026-09-10 20:17:06 UTC
[0] Time:     14.7559 seconds
Sent:     10562 bytes in 155 packets (715.779 bytes/s)
Received: 6088 bytes in 139 packets (412.579 bytes/s)
[0] Timestamp: 2026/09/10 20:17:06
[0] Creating grid...
[0] done!
[0] Go (round 3 of 10)!
[L] GAME_TIME -3.79099
[L] GAME_TIME -3.52616
[L] GAME_TIME -3.26554
[L] GAME_TIME -3.00815
[0] 3
[L] GAME_TIME -2.75329
[L] GAME_TIME -2.50166
[L] GAME_TIME -2.24148
[0] 2
[L] GAME_TIME -1.9793
[L] GAME_TIME -1.72179
[L] GAME_TIME -1.45745
[L] GAME_TIME -1.19421
[0] 1
[L] GAME_TIME -0.937313
[L] GAME_TIME -0.684038
[L] GAME_TIME -0.427251
[L] GAME_TIME -0.15924
[0] 0
[L] GAME_TIME 0.092343
[L] GAME_TIME 0.354294
[L] GAME_TIME 0.60754
[L] GAME_TIME 0.862728
[L] GAME_TIME 1.11977
[L] GAME_TIME 1.38083
[L] GAME_TIME 1.64379
[L] GAME_TIME 1.89895
[L] GAME_TIME 2.14995
[L] GAME_TIME 2.40107
[L] GAME_TIME 2.65263
[L] GAME_TIME 2.9127
[L] GAME_TIME 3.17521
[L] GAME_TIME 3.43007
[L] GAME_TIME 3.69202
[L] GAME_TIME 3.95292
[L] GAME_TIME 4.21375
[L] GAME_TIME 4.47787
[L] GAME_TIME 4.73561
[L] GAME_TIME 4.99767
[L] GAME_TIME 5.26212
[L] DEATH_SUICIDE web_user
[0] web_user committed suicide and lost 4 points.
[L] GAME_TIME 5.51277
[L] GAME_TIME 5.77424
[L] GAME_TIME 6.03223
[L] GAME_TIME 6.29374
[L] GAME_TIME 6.55419
[L] GAME_TIME 6.81786
[L] GAME_TIME 7.08146
[L] GAME_TIME 7.33441
[L] GAME_TIME 7.59087
[L] GAME_TIME 7.84808
[L] GAME_TIME 8.10884
[L] GAME_TIME 8.35927
[L] GAME_TIME 8.62211
[L] GAME_TIME 8.87839
[L] GAME_TIME 9.13279
[L] GAME_TIME 9.39127
[L] GAME_TIME 9.64448
[0] Deleting objects...
[0] Deleting grid...
[0] 
[L] ROUND_SCORE -4 web_user web_user
[L] ROUND_SCORE_TEAM -4 web_user
[L] NEW_ROUND 2026-09-10 20:17:21 UTC
[0] Time:     14.732 seconds
Sent:     10480 bytes in 155 packets (711.375 bytes/s)
Received: 6124 bytes in 140 packets (415.693 bytes/s)
[0] Timestamp: 2026/09/10 20:17:21
[0] Creating grid...
[0] done!
[0] Go (round 4 of 10)!
[L] GAME_TIME -3.82542
[L] GAME_TIME -3.56291
[L] GAME_TIME -3.30108
[L] GAME_TIME -3.03711
[0] 3
[L] GAME_TIME -2.78022
[L] GAME_TIME -2.52817
[L] GAME_TIME -2.27356
[L] GAME_TIME -2.01871
[0] 2
[L] GAME_TIME -1.75223
[L] GAME_TIME -1.48913
[L] GAME_TIME -1.23371
[0] 1
[L] GAME_TIME -0.973027
[L] GAME_TIME -0.71294
[L] GAME_TIME -0.448947
[L] GAME_TIME -0.188282
[0] 0
[L] GAME_TIME 0.062782
[L] GAME_TIME 0.322564
[L] GAME_TIME 0.580627
[L] GAME_TIME 0.831759
[L] GAME_TIME 1.09813
[L] GAME_TIME 1.36354
[L] GAME_TIME 1.62884
[L] GAME_TIME 1.87926
[L] GAME_TIME 2.13661
[L] GAME_TIME 2.38927
[L] GAME_TIME 2.64627
[L] GAME_TIME 2.89712
[L] GAME_TIME 3.1596
[L] GAME_TIME 3.41741
[L] GAME_TIME 3.67963
[L] GAME_TIME 3.93139
[L] GAME_TIME 4.19468
[L] GAME_TIME 4.45249
[L] GAME_TIME 4.7078
[L] GAME_TIME 4.96239
[L] GAME_TIME 5.22243
[L] DEATH_SUICIDE web_user
[0] web_user committed suicide and lost 4 points.
[L] GAME_TIME 5.47673
[L] GAME_TIME 5.72975
[L] GAME_TIME 5.98453
[L] GAME_TIME 6.23527
[L] GAME_TIME 6.49819
[L] GAME_TIME 6.75848
[L] GAME_TIME 7.01294
[L] GAME_TIME 7.28045
[L] GAME_TIME 7.54715
[L] GAME_TIME 7.8091
[L] GAME_TIME 8.06469
[L] GAME_TIME 8.32055
[L] GAME_TIME 8.57912
[L] GAME_TIME 8.82955
[L] GAME_TIME 9.0863
[L] GAME_TIME 9.33854
[L] GAME_TIME 9.59689
[L] GAME_TIME 9.8523
[0] Deleting objects...
[0] Deleting grid...
[0] 
[L] ROUND_SCORE -4 web_user web_user
[L] ROUND_SCORE_TEAM -4 web_user
[L] NEW_ROUND 2026-09-10 20:17:36 UTC
[0] Time:     14.752 seconds
Sent:     10544 bytes in 155 packets (714.75 bytes/s)
Received: 6172 bytes in 141 packets (418.384 bytes/s)
[0] Timestamp: 2026/09/10 20:17:36
[0] Creating grid...
[0] done!
[0] Go (round 5 of 10)!
[L] GAME_TIME -3.81212
[L] GAME_TIME -3.55368
[L] GAME_TIME -3.29289
[L] GAME_TIME -3.03328
[0] 3
[L] GAME_TIME -2.77984
[L] GAME_TIME -2.52811
[L] GAME_TIME -2.27481
[L] GAME_TIME -2.01905
[0] 2
[L] GAME_TIME -1.76125
[L] GAME_TIME -1.49733
[L] GAME_TIME -1.24093
[0] 1
[L] GAME_TIME -0.990222
[L] GAME_TIME -0.734482
[L] GAME_TIME -0.478252
[L] GAME_TIME -0.224708
[0] 0
[L] GAME_TIME 0.027335
[L] GAME_TIME 0.284804
[L] GAME_TIME 0.54192
[L] GAME_TIME 0.805581
[L] GAME_TIME 1.06234
[L] GAME_TIME 1.32308
[L] GAME_TIME 1.57505
[L] GAME_TIME 1.83996
[L] GAME_TIME 2.09695
[L] GAME_TIME 2.35406
[L] GAME_TIME 2.60945
[L] GAME_TIME 2.87267
[L] GAME_TIME 3.12319
[L] GAME_TIME 3.38559
[L] GAME_TIME 3.64483
[L] GAME_TIME 3.90686
[L] GAME_TIME 4.1718
[L] GAME_TIME 4.42637
[L] GAME_TIME 4.67953
[L] GAME_TIME 4.92973
[L] GAME_TIME 5.19232
[L] GAME_TIME 5.44301
[L] DEATH_SUICIDE web_user
[0] web_user committed suicide and lost 4 points.
[L] GAME_TIME 5.70224
[L] GAME_TIME 5.955
[L] GAME_TIME 6.21367
[L] GAME_TIME 6.47551
[L] GAME_TIME 6.73945
[L] GAME_TIME 6.99252
[L] GAME_TIME 7.25415
[L] GAME_TIME 7.5123
[L] GAME_TIME 7.77193
[L] GAME_TIME 8.02674
[L] GAME_TIME 8.28401
[L] GAME_TIME 8.53593
[L] GAME_TIME 8.79375
[L] GAME_TIME 9.05557
[L] GAME_TIME 9.31426
[L] GAME_TIME 9.57011
[L] GAME_TIME 9.82742
[0] Deleting objects...
[0] Deleting grid...
[0] 
[L] ROUND_SCORE -4 web_user web_user
[L] ROUND_SCORE_TEAM -4 web_user
[L] NEW_ROUND 2026-09-10 20:17:51 UTC
[0] Time:     14.7641 seconds
Sent:     10450 bytes in 155 packets (707.796 bytes/s)
Received: 6124 bytes in 140 packets (414.789 bytes/s)
[0] Timestamp: 2026/09/10 20:17:51
[0] Creating grid...
[0] done!
[0] Go (round 6 of 10)!
[L] GAME_TIME -3.80718
[L] GAME_TIME -3.55296
[L] GAME_TIME -3.29742
[L] GAME_TIME -3.042
[0] 3
[L] GAME_TIME -2.78066
[L] GAME_TIME -2.51349
[L] GAME_TIME -2.26317
[L] GAME_TIME -2.00983
[0] 2
[L] GAME_TIME -1.75778
[L] GAME_TIME -1.49364
[L] GAME_TIME -1.23486
[0] 1
[L] GAME_TIME -0.975002
[L] GAME_TIME -0.721709
[L] GAME_TIME -0.463132
[L] GAME_TIME -0.20969
[0] 0
[L] GAME_TIME 0.054332
[L] GAME_TIME 0.318151
[L] GAME_TIME 0.57456
[L] GAME_TIME 0.830704
[L] GAME_TIME 1.08919
[L] GAME_TIME 1.34098
[L] GAME_TIME 1.59403
[L] GAME_TIME 1.85355
[L] GAME_TIME 2.1039
[L] GAME_TIME 2.35758
[L] GAME_TIME 2.61057
[L] GAME_TIME 2.8652
[L] GAME_TIME 3.12208
[L] GAME_TIME 3.37733
[L] GAME_TIME 3.63445
[L] GAME_TIME 3.8911
[L] GAME_TIME 4.1472
[L] GAME_TIME 4.40626
[L] GAME_TIME 4.66506
[L] GAME_TIME 4.92029
[L] GAME_TIME 5.18332
[L] GAME_TIME 5.43641
[L] DEATH_SUICIDE web_user
[0] web_user committed suicide and lost 4 points.
[L] GAME_TIME 5.69694
[L] GAME_TIME 5.94817
[L] GAME_TIME 6.20739
[L] GAME_TIME 6.46174
[L] GAME_TIME 6.7159
[L] GAME_TIME 6.97284
[L] GAME_TIME 7.22447
[L] GAME_TIME 7.47672
[L] GAME_TIME 7.7337
[L] GAME_TIME 7.99608
[L] GAME_TIME 8.26048
[L] GAME_TIME 8.5155
[L] GAME_TIME 8.76729
[L] GAME_TIME 9.01871
[L] GAME_TIME 9.27453
[L] GAME_TIME 9.53161
[L] GAME_TIME 9.78903
[0] Deleting objects...
[0] Deleting grid...
[0] 
[L] ROUND_SCORE -4 web_user web_user
[L] ROUND_SCORE_TEAM -4 web_user
[L] NEW_ROUND 2026-09-10 20:18:05 UTC
[0] Time:     14.7496 seconds
Sent:     10402 bytes in 149 packets (705.239 bytes/s)
Received: 5966 bytes in 136 packets (404.485 bytes/s)
[0] Timestamp: 2026/09/10 20:18:05
[0] Creating grid...
[0] done!
[0] Go (round 7 of 10)!
[L] GAME_TIME -3.80459
[L] GAME_TIME -3.54559
[L] GAME_TIME -3.28757
[L] GAME_TIME -3.03705
[0] 3
[L] GAME_TIME -2.78391
[L] GAME_TIME -2.52336
[L] GAME_TIME -2.27029
[L] GAME_TIME -2.0186
[0] 2
[L] GAME_TIME -1.7686
[L] GAME_TIME -1.50541
[L] GAME_TIME -1.24317
[0] 1
[L] GAME_TIME -0.98425
[L] GAME_TIME -0.731951
[L] GAME_TIME -0.472565
[L] GAME_TIME -0.211426
[0] 0
[L] GAME_TIME 0.040339
[L] GAME_TIME 0.296474
[L] GAME_TIME 0.549844
[L] GAME_TIME 0.80758
[L] GAME_TIME 1.06002
[L] GAME_TIME 1.32108
[L] GAME_TIME 1.57809
[L] GAME_TIME 1.84131
[L] GAME_TIME 2.09343
[L] GAME_TIME 2.34459
[L] GAME_TIME 2.59577
[L] GAME_TIME 2.86264
[L] GAME_TIME 3.12555
[L] GAME_TIME 3.37763
[L] GAME_TIME 3.63079
[L] GAME_TIME 3.88246
[L] GAME_TIME 4.14211
[L] GAME_TIME 4.40165
[L] GAME_TIME 4.66477
[L] GAME_TIME 4.91891
[L] GAME_TIME 5.1741
[L] GAME_TIME 5.42476
[L] DEATH_SUICIDE web_user
[0] web_user committed suicide and lost 4 points.
[L] GAME_TIME 5.67947
[L] GAME_TIME 5.93351
[L] GAME_TIME 6.19555
[L] GAME_TIME 6.45294
[L] GAME_TIME 6.7148
[L] GAME_TIME 6.9671
[L] GAME_TIME 7.22724
[L] GAME_TIME 7.4785
[L] GAME_TIME 7.7305
[L] GAME_TIME 7.99154
[L] GAME_TIME 8.24451
[L] GAME_TIME 8.49592
[L] GAME_TIME 8.74754
[L] GAME_TIME 9.01262
[L] GAME_TIME 9.27148
[L] GAME_TIME 9.53071
[L] GAME_TIME 9.78314
[0] Deleting objects...
[0] Deleting grid...
[0] 
[L] ROUND_SCORE -4 web_user web_user
[L] ROUND_SCORE_TEAM -4 web_user
[L] NEW_ROUND 2026-09-10 20:18:20 UTC
[0] Time:     14.7331 seconds
Sent:     10470 bytes in 155 packets (710.644 bytes/s)
Received: 6118 bytes in 140 packets (415.255 bytes/s)
[0] Timestamp: 2026/09/10 20:18:20
[0] Creating grid...
[0] done!
[0] Go (round 8 of 10)!
[L] GAME_TIME -3.79932
[L] GAME_TIME -3.53811
[L] GAME_TIME -3.28137
[L] GAME_TIME -3.02908
[0] 3
[L] GAME_TIME -2.76512
[L] GAME_TIME -2.50797
[L] GAME_TIME -2.24904
[0] 2
[L] GAME_TIME -1.99559
[L] GAME_TIME -1.73064
[L] GAME_TIME -1.4716
[L] GAME_TIME -1.2077
[0] 1
[L] GAME_TIME -0.95761
[L] GAME_TIME -0.701083
[L] GAME_TIME -0.44709
[L] GAME_TIME -0.190306
[0] 0
[L] GAME_TIME 0.071277
[L] GAME_TIME 0.334565
[L] GAME_TIME 0.594527
[L] GAME_TIME 0.851264
[L] GAME_TIME 1.11615
[L] GAME_TIME 1.37533
[L] GAME_TIME 1.63311
[L] GAME_TIME 1.88623
[L] GAME_TIME 2.147
[L] GAME_TIME 2.40357
[L] GAME_TIME 2.66386
[L] GAME_TIME 2.92215
[L] GAME_TIME 3.18016
[L] GAME_TIME 3.43281
[L] GAME_TIME 3.68511
[L] GAME_TIME 3.94288
[L] GAME_TIME 4.20479
[L] GAME_TIME 4.46807
[L] GAME_TIME 4.72216
[L] GAME_TIME 4.98038
[L] GAME_TIME 5.24431
[L] DEATH_SUICIDE web_user
[0] web_user committed suicide and lost 4 points.
[L] GAME_TIME 5.50567
[L] GAME_TIME 5.75577
[L] GAME_TIME 6.01775
[L] GAME_TIME 6.27811
[L] GAME_TIME 6.53179
[L] GAME_TIME 6.78682
[L] GAME_TIME 7.05072
[L] GAME_TIME 7.3131
[L] GAME_TIME 7.566
[L] GAME_TIME 7.82408
[L] GAME_TIME 8.07693
[L] GAME_TIME 8.33025
[L] GAME_TIME 8.58505
[L] GAME_TIME 8.84288
[L] GAME_TIME 9.10225
[L] GAME_TIME 9.35784
[L] GAME_TIME 9.62304
[L] GAME_TIME 9.8826
[0] Deleting objects...
[0] Deleting grid...
[0] 
[L] ROUND_SCORE -4 web_user web_user
[L] ROUND_SCORE_TEAM -4 web_user
[L] NEW_ROUND 2026-09-10 20:18:35 UTC
[0] Time:     14.7438 seconds
Sent:     10460 bytes in 155 packets (709.449 bytes/s)
Received: 5928 bytes in 135 packets (402.066 bytes/s)
[0] Timestamp: 2026/09/10 20:18:35
[0] Creating grid...
[0] done!
[0] Go (round 9 of 10)!
[L] GAME_TIME -3.80715
[L] GAME_TIME -3.54726
[L] GAME_TIME -3.28413
[L] GAME_TIME -3.0246
[0] 3
[L] GAME_TIME -2.77306
[L] GAME_TIME -2.51394
[L] GAME_TIME -2.25792
[L] GAME_TIME -2.00496
[0] 2
[L] GAME_TIME -1.75416
[L] GAME_TIME -1.49892
[L] GAME_TIME -1.2434
[0] 1
[L] GAME_TIME -0.989829
[L] GAME_TIME -0.725278
[L] GAME_TIME -0.467044
[L] GAME_TIME -0.20228
[0] 0
[L] GAME_TIME 0.06228
[L] GAME_TIME 0.324271
[L] GAME_TIME 0.581162
[L] GAME_TIME 0.843961
[L] GAME_TIME 1.09869
[L] GAME_TIME 1.35918
[L] GAME_TIME 1.61343
[L] GAME_TIME 1.87412
[L] GAME_TIME 2.12416
[L] GAME_TIME 2.38016
[L] GAME_TIME 2.63092
[L] GAME_TIME 2.88229
[L] GAME_TIME 3.13425
[L] GAME_TIME 3.39788
[L] GAME_TIME 3.65173
[L] GAME_TIME 3.90399
[L] GAME_TIME 4.16654
[L] GAME_TIME 4.42807
[L] GAME_TIME 4.68472
[L] GAME_TIME 4.94465
[L] GAME_TIME 5.20554
[L] DEATH_SUICIDE web_user
[0] web_user committed suicide and lost 4 points.
[L] GAME_TIME 5.46642
[L] GAME_TIME 5.71822
[L] GAME_TIME 5.97511
[L] GAME_TIME 6.23791
[L] GAME_TIME 6.50397
[L] GAME_TIME 6.76728
[L] GAME_TIME 7.02527
[L] GAME_TIME 7.27946
[L] GAME_TIME 7.54401
[L] GAME_TIME 7.80313
[L] GAME_TIME 8.0664
[L] GAME_TIME 8.31921
[L] GAME_TIME 8.56923
[L] GAME_TIME 8.83331
[L] GAME_TIME 9.09091
[L] GAME_TIME 9.34449
[L] GAME_TIME 9.60053
[L] GAME_TIME 9.85192
[0] Deleting objects...
[0] Deleting grid...
[0] 
[L] ROUND_SCORE -4 web_user web_user
[L] ROUND_SCORE_TEAM -4 web_user
[L] NEW_ROUND 2026-09-10 20:18:50 UTC
[0] Time:     14.7568 seconds
Sent:     10488 bytes in 152 packets (710.722 bytes/s)
Received: 6008 bytes in 137 packets (407.134 bytes/s)
[0] Timestamp: 2026/09/10 20:18:50
[0] Creating grid...
[0] done!
[0] Go (round 10 of 10)!
[L] GAME_TIME -3.81379
[L] GAME_TIME -3.55392
[L] GAME_TIME -3.28979
[L] GAME_TIME -3.03256
[0] 3
[L] GAME_TIME -2.78058
[L] GAME_TIME -2.52705
[L] GAME_TIME -2.26942
[L] GAME_TIME -2.00711
[0] 2
[L] GAME_TIME -1.75528
[L] GAME_TIME -1.50044
[L] GAME_TIME -1.25028
[0] 1
[L] GAME_TIME -0.992668
[L] GAME_TIME -0.731905
[L] GAME_TIME -0.474771
[L] GAME_TIME -0.217661
[0] 0
[L] GAME_TIME 0.044217
[L] GAME_TIME 0.301805
[L] GAME_TIME 0.560241
[L] GAME_TIME 0.815179
[L] GAME_TIME 1.07459
[L] GAME_TIME 1.33772
[L] GAME_TIME 1.59377
[L] GAME_TIME 1.84851
[L] GAME_TIME 2.10613
[L] GAME_TIME 2.36413
[L] GAME_TIME 2.62727
[L] GAME_TIME 2.88476
[L] GAME_TIME 3.13916
[L] GAME_TIME 3.38922
[L] GAME_TIME 3.65312
[L] GAME_TIME 3.91155
[L] GAME_TIME 4.16973
[L] GAME_TIME 4.42454
[L] GAME_TIME 4.67858
[L] GAME_TIME 4.94426
[L] GAME_TIME 5.20632
[L] DEATH_SUICIDE web_user
[0] web_user committed suicide and lost 4 points.
[L] GAME_TIME 5.45666
[L] GAME_TIME 5.71051
[L] GAME_TIME 5.96575
[L] GAME_TIME 6.21939
[L] GAME_TIME 6.4766
[L] GAME_TIME 6.74017
[L] GAME_TIME 6.99633
[L] GAME_TIME 7.25714
[L] GAME_TIME 7.51218
[L] GAME_TIME 7.76316
[L] GAME_TIME 8.02653
[L] GAME_TIME 8.27966
[L] GAME_TIME 8.53549
[L] GAME_TIME 8.79195
[L] GAME_TIME 9.05305
[L] GAME_TIME 9.30954
[L] GAME_TIME 9.57516
[L] GAME_TIME 9.83302
[L] GAME_TIME 10.0948
[L] GAME_TIME 10.3464
[L] GAME_TIME 10.5993
[L] GAME_TIME 10.8599
[0] Match Winner: web_user
[L] MATCH_WINNER web_user web_user
[0] Overall Winner: web_user after 10 rounds.
[L] GAME_TIME 11.1225
[L] GAME_TIME 11.3822
[L] GAME_TIME 11.6471
[L] GAME_TIME 11.9054
[L] GAME_TIME 12.1653
[L] GAME_TIME 12.4204
[L] GAME_TIME 12.6723
[L] GAME_TIME 12.9272
[L] GAME_TIME 13.1858
[L] GAME_TIME 13.4517
[L] GAME_TIME 13.7053
[L] GAME_TIME 13.9622
[L] GAME_TIME 14.2283
[L] GAME_TIME 14.4883
[L] GAME_TIME 14.7398
[L] GAME_TIME 14.9934
[L] GAME_TIME 15.2559
[L] GAME_TIME 15.5178
[L] GAME_TIME 15.7789
[L] GAME_TIME 16.0402
[L] GAME_TIME 16.3039
[L] GAME_TIME 16.5675
[L] GAME_TIME 16.8302
[L] GAME_TIME 17.0865
[L] GAME_TIME 17.3463
[L] GAME_TIME 17.6058
[L] GAME_TIME 17.8568
[L] GAME_TIME 18.1081
[L] GAME_TIME 18.3646
[L] GAME_TIME 18.6168
[L] GAME_TIME 18.8798
[0] Deleting objects...
[0] Deleting grid...
[0] 
[L] ROUND_SCORE -4 web_user web_user
[L] ROUND_SCORE_TEAM -4 web_user
[L] NEW_ROUND 2026-09-10 20:19:13 UTC
[L] NEW_MATCH 2026-09-10 20:19:13 UTC
[0] Time:     23.7628 seconds
Sent:     11012 bytes in 164 packets (463.413 bytes/s)
Received: 6586 bytes in 151 packets (277.156 bytes/s)
[0] Timestamp: 2026/09/10 20:19:13
[0] Creating grid...
[0] done!
[0] Resetting scores...
[0] New Match
[0] Go (round 1 of 10)!
[L] GAME_TIME -3.8102
[L] GAME_TIME -3.55239
[L] GAME_TIME -3.29661
[L] GAME_TIME -3.03754
[0] 3
[L] GAME_TIME -2.7792
[L] GAME_TIME -2.52377
[L] GAME_TIME -2.26744
[L] GAME_TIME -2.0132
[0] 2
[L] GAME_TIME -1.7583
[L] GAME_TIME -1.49952
[L] GAME_TIME -1.23946
[0] 1
[L] GAME_TIME -0.988603
[L] GAME_TIME -0.723409
[L] GAME_TIME -0.465655
[L] GAME_TIME -0.213396
[0] 0
[L] GAME_TIME 0.048229
[L] GAME_TIME 0.302901
[L] GAME_TIME 0.560314
[L] GAME_TIME 0.817303
[L] GAME_TIME 1.07886
[L] GAME_TIME 1.33639
[L] GAME_TIME 1.58965
[L] GAME_TIME 1.85286
[L] GAME_TIME 2.10688
[L] GAME_TIME 2.35895
[L] GAME_TIME 2.62231
[L] GAME_TIME 2.88087
[L] GAME_TIME 3.14573
[L] GAME_TIME 3.39746
[L] GAME_TIME 3.65863
[L] GAME_TIME 3.91699
[L] GAME_TIME 4.16786
[L] GAME_TIME 4.42801
[L] GAME_TIME 4.68555
[L] GAME_TIME 4.9382
[L] GAME_TIME 5.1922
[L] DEATH_SUICIDE web_user
[0] web_user committed suicide and lost 4 points.
[L] GAME_TIME 5.44517
[L] GAME_TIME 5.69655
[L] GAME_TIME 5.95761
[L] GAME_TIME 6.22295
[L] GAME_TIME 6.48592
[L] GAME_TIME 6.74022
[L] GAME_TIME 6.99405
[L] GAME_TIME 7.2464
[L] GAME_TIME 7.50654
[L] GAME_TIME 7.76017
[L] GAME_TIME 8.02019
[L] GAME_TIME 8.28327
[L] GAME_TIME 8.54424
[L] GAME_TIME 8.80395
[L] GAME_TIME 9.05427
[L] GAME_TIME 9.30841
[L] GAME_TIME 9.56736
[L] GAME_TIME 9.82424
[0] Deleting objects...
[0] Deleting grid...
[0] 
[L] ROUND_SCORE -4 web_user web_user
[L] ROUND_SCORE_TEAM -4 web_user
[L] NEW_ROUND 2026-09-10 20:19:28 UTC
[0] Time:     14.7138 seconds
Sent:     10760 bytes in 156 packets (731.284 bytes/s)
Received: 6106 bytes in 139 packets (414.983 bytes/s)
[0] Timestamp: 2026/09/10 20:19:28
[0] Creating grid...
[0] done!
[0] Go (round 2 of 10)!
[L] GAME_TIME -3.80439
[L] GAME_TIME -3.5393
[L] GAME_TIME -3.27894
[L] GAME_TIME -3.0267
[0] 3
[L] GAME_TIME -2.77207
[L] GAME_TIME -2.50812
[L] GAME_TIME -2.24502
[0] 2
[L] GAME_TIME -1.98615
[L] GAME_TIME -1.72677
[L] GAME_TIME -1.47189
[L] GAME_TIME -1.21933
[0] 1
[L] GAME_TIME -0.953725
[L] GAME_TIME -0.690199
[L] GAME_TIME -0.431857
[L] GAME_TIME -0.173946
[0] 0
[L] GAME_TIME 0.086176
[L] GAME_TIME 0.348187
[L] GAME_TIME 0.612489
[L] GAME_TIME 0.864294
[L] GAME_TIME 1.11622
[L] GAME_TIME 1.37507
[L] GAME_TIME 1.62804
[L] GAME_TIME 1.89107
[L] GAME_TIME 2.1495
[L] GAME_TIME 2.40607
[L] GAME_TIME 2.65789
[L] GAME_TIME 2.91181
[L] GAME_TIME 3.1738
[L] GAME_TIME 3.43635
[L] GAME_TIME 3.69311
[L] GAME_TIME 3.956
[L] GAME_TIME 4.20764
[L] GAME_TIME 4.46018
[L] GAME_TIME 4.71162
[L] GAME_TIME 4.96171
[L] GAME_TIME 5.22404
[L] DEATH_SUICIDE web_user
[0] web_user committed suicide and lost 4 points.
[L] GAME_TIME 5.47587
[L] GAME_TIME 5.7264
[L] GAME_TIME 5.97835
[L] GAME_TIME 6.23234
[L] GAME_TIME 6.49058
[L] GAME_TIME 6.74298
[L] GAME_TIME 6.99967
[L] GAME_TIME 7.25326
[L] GAME_TIME 7.50423
[L] GAME_TIME 7.76012
[L] GAME_TIME 8.01187
[L] GAME_TIME 8.27546
[L] GAME_TIME 8.53021
[L] GAME_TIME 8.78749
[L] GAME_TIME 9.04516
[L] GAME_TIME 9.29548
[L] GAME_TIME 9.54558
[L] GAME_TIME 9.81113
[0] Deleting objects...
