[   1154ms] [harness] mobile emulation: 412x915 CSS px dpr 3 (= 1236x2745 device px), touch on
[   1161ms] [harness] chrome: Chrome/152.0.7977.77
[   1162ms] [harness] navigating to http://localhost:8008/armagetronad.html
[     27ms] [console.log] [TOUCH] enabled=true (media query -> true) maxTouchPoints=5
[     33ms] [console.log] [DISPLAY] layout=gameboy
[     60ms] [console.log] [DISPLAY] at load: viewport 412x915 dpr 3 -> canvas 1236x1236 aspect 1.0000 gpu-axis-limit 16384 gameboy square 412css
[     62ms] [console.log] [TOUCH] context 0 (menu no, cycle no) -> TAP=ENTER
[     66ms] [console.log] [TOUCH] orientation portrait=true (sized for portrait: true) via load
[     74ms] [console.error] WARNING: using emscripten GL emulation. This is a collection of limited workarounds, do not expect it to work.
[     75ms] [console.error] WARNING: using emscripten GL emulation unsafe opts. If weirdness happens, try -sGL_UNSAFE_OPTS=0
[     84ms] [console.log] [TOUCH] orientation portrait=true (sized for portrait: true) via resize
[     91ms] [page] load event fired
[     93ms] [browser.error/network] Failed to load resource: the server responded with a status of 404 (File not found)   <- http://localhost:8008/favicon.ico
[    166ms] [console.log] [PERSIST] populate ok in 51ms
[    376ms] [console.log] [PERSIST] runtime initialized, starting the game
[    377ms] [console.log] [CAMERA] camera distance x0.5 written to /data/webdefaults/autoexec.cfg before main()
[    377ms] [console.log] [SPARKS] SPARKS 0 written to /data/webdefaults/autoexec.cfg before main() (touch device)
[    377ms] [console.log] [BOOT] autostart: calling main
[    381ms] [console.error] Error: Error in tString GeneratePrefix() in src/tools/tDirectories.cpp:1380 : 
[    382ms] [console.error]  	Relocation error. The binary was supposed to be installed into /usr/local/bin and found itself in . and could not find out what this means for the prefix /usr/local.
[    382ms] [console.error] 
[    382ms] [console.log] Warning in void FindConfigurationPath() in src/tools/tDirectories.cpp:1465 : 
[    382ms] [console.log]  	Could not determine path to configuration files. Using defaults or command line arguments.
[    383ms] [console.log] 
[    512ms] [console.log] [L] ENCODING latin1
[    522ms] [console.log] Trying to start sound. Just restart Armagetron Advanced in case of crash.
[    526ms] [console.log] [SND] device opened: 22050 Hz, 2 ch, 16-bit, 1024 frames/callback (46.4 ms per callback, SOUND_BUFFER_SHIFT 1)
[    555ms] [console.error] WARNING: using emscripten GL immediate mode emulation. This is very limited in what it supports
[    559ms] [console.error] TODO: glShadeModel
[    562ms] [browser.warning/rendering] Canvas2D: Multiple readback operations using getImageData are faster with the willReadFrequently attribute set to true. See: https://html.spec.whatwg.org/multipage/canvas.html#concept-canvas-will-read-frequently   <- http://localhost:8008/armagetronad.js
[    614ms] [browser.warning/other] The AudioContext was not allowed to start. It must be resumed (or created) after a user gesture on the page. https://developer.chrome.com/blog/autoplay/#web_audio   <- http://localhost:8008/armagetronad.js
[    614ms] [browser.warning/other] The AudioContext was not allowed to start. It must be resumed (or created) after a user gesture on the page. https://developer.chrome.com/blog/autoplay/#web_audio   <- http://localhost:8008/armagetronad.js
[    615ms] [browser.warning/other] The AudioContext was not allowed to start. It must be resumed (or created) after a user gesture on the page. https://developer.chrome.com/blog/autoplay/#web_audio   <- http://localhost:8008/armagetronad.js
[    615ms] [browser.warning/other] The AudioContext was not allowed to start. It must be resumed (or created) after a user gesture on the page. https://developer.chrome.com/blog/autoplay/#web_audio   <- http://localhost:8008/armagetronad.js
[    616ms] [browser.warning/other] The AudioContext was not allowed to start. It must be resumed (or created) after a user gesture on the page. https://developer.chrome.com/blog/autoplay/#web_audio   <- http://localhost:8008/armagetronad.js
[    812ms] [console.log] [TOUCH] context 1 (menu yes, cycle no) -> TAP=ENTER
[   1017ms] [harness] eval (()=>{if(window.__fps)return 'already installed';const S={t:new Float64Array(400000),n:0,marks:[],gl:[],polls:0};window.__fps=S;const wrap=(C)=>{if(!C)return;for(const m of ['flush','finish']){const o=C.prototype[m];if(!o)continue;C.prototype[m]=function(){if(S.n<S.t.length)S.t[S.n++]=performance.now();if(S.n%30===0){S.polls++;const e=this.getError();if(e){S.gl.push([S.n,e]);if(S.gl.length<=20)console.error('[GLERR] frame '+S.n+' glGetError=0x'+e.toString(16));}}return o.apply(this,arguments);};}};wrap(window.WebGLRenderingContext);wrap(window.WebGL2RenderingContext);const cl=console.log.bind(console);console.log=function(){const s=(arguments.length&&typeof arguments[0]==='string')?arguments[0]:'';if(s.indexOf('[L] ')===0)S.marks.push([performance.now(),s]);return cl.apply(null,arguments);};return 'frame sampler armed: glFlush+glFinish counted, glGetError polled every 30th frame, [L] lines timestamped'})() => "frame sampler armed: glFlush+glFinish counted, glGetError polled every 30th frame, [L] lines timestamped"
[   1019ms] [harness] eval (()=>{const S={};S.rd=(p)=>{try{return Module.FS.readFile(p,{encoding:'utf8'})}catch(e){return null}};S.line=(t,k)=>{if(t===null)return null;const m=t.split('\n').find(l=>{const s=l.trim();return s.indexOf(k)===0&&/\s/.test(s.charAt(k.length))});return m?m.trim().slice(k.length).trim().replace(/\s+/g,' '):null};S.save=()=>{try{Module._aa_web_save_config();return 'saved'}catch(e){return 'SAVE FAILED: '+e}};S.box=(id)=>{const e=document.getElementById(id);if(!e)return 'missing';const r=e.getBoundingClientRect();return Math.round(r.width)+'x'+Math.round(r.height)+'@'+Math.round(r.left)+','+Math.round(r.top)};S.dump=(phase)=>{const sv=S.save();const c=S.rd('/persist/var/user.cfg');const cv=document.getElementById('canvas');const ctx=window.AA_INPUT_CONTEXT?window.AA_INPUT_CONTEXT():null;console.log('[TOUCHGATE] '+JSON.stringify({phase:phase,save:sv,ctx:ctx,ctx_menu:ctx===null?null:!!(ctx&1),ctx_cycle:ctx===null?null:!!(ctx&2),driving_class:document.getElementById('touch').classList.contains('aa-driving'),box_tapzone:S.box('tapzone'),box_tzleft:S.box('tz-left'),box_tzright:S.box('tz-right'),box_escbtn:S.box('escbtn'),box_touchpad:S.box('touchpad'),canvas_w:cv.width,canvas_h:cv.height,mpx:Math.round(cv.width*cv.height/1e4)/100,css_w:Math.round(cv.getBoundingClientRect().width),css_h:Math.round(cv.getBoundingClientRect().height),inner:window.innerWidth+'x'+window.innerHeight,dpr:window.devicePixelRatio,touch_hidden:document.getElementById('touch').hidden,chip_hidden:document.getElementById('reloadchip').hidden,maxTouchPoints:navigator.maxTouchPoints,coarse:window.matchMedia('(hover: none) and (pointer: coarse)').matches,tip_left:S.line(c,'CYCLE_TURN_LEFT_TOOLTIP'),tip_right:S.line(c,'CYCLE_TURN_RIGHT_TOOLTIP')}));return phase};window.__tg=S;return 'probe installed'})() => "probe installed"
[   1019ms] [harness] until 1x <<[BOOT] autostart>> (timeout 90000ms, have 1)
[   1019ms] [harness] until SATISFIED: saw 1x <<[BOOT] autostart>>
[   1019ms] [harness] === PORTRAIT-BOOTED ===
[   1020ms] [console.log] [M7GATE] PB1 portrait-boot-no-hold {"rotate_element":false,"touch_visible":true,"PASS":true}
[   1020ms] [harness] eval (()=>{const held=performance.now();const r={rotate_element:document.getElementById('rotate')!==null,touch_visible:!document.getElementById('touch').hidden};r.PASS=!r.rotate_element&&r.touch_visible;console.log('[M7GATE] PB1 portrait-boot-no-hold '+JSON.stringify(r));return 'PB1 '+r.PASS})() => "PB1 true"
[   1021ms] [console.log] [M7GATE] PB2 square {"backing_w":1236,"backing_h":1236,"css_w":412,"css_h":412,"css_top":0,"inner_w":412,"gameboy":true,"square_var":"412px","PASS":true}
[   1022ms] [harness] eval (()=>{const c=document.getElementById('canvas');const b=c.getBoundingClientRect();const r={backing_w:c.width,backing_h:c.height,css_w:Math.round(b.width),css_h:Math.round(b.height),css_top:Math.round(b.top),inner_w:window.innerWidth,gameboy:document.documentElement.classList.contains('aa-gameboy'),square_var:getComputedStyle(document.documentElement).getPropertyValue('--aa-square').trim()};r.PASS=r.gameboy&&r.backing_w===r.backing_h&&Math.abs(r.css_w-r.css_h)<=1&&r.css_top===0&&r.css_w===r.inner_w&&r.square_var===r.css_w+'px';console.log('[M7GATE] PB2 square '+JSON.stringify(r));return 'PB2 '+r.PASS})() => "PB2 true"
[   1229ms] [harness] screenshot -> docs/evidence/m7-gameboy/task4-unchanged/portrait/pb-00-portrait-boot.png
[   1231ms] [console.log] [M7GATE] PB3 pad-geometry {"pad_top":412,"square_bottom":412,"pad_bottom":915,"inner_h":915,"buttons":[{"key":"ArrowUp","w":64,"h":64,"top":556},{"key":"ArrowLeft","w":64,"h":64,"top":624},{"key":"ArrowRight","w":64,"h":64,"top":624},{"key":"ArrowDown","w":64,"h":64,"top":692},{"key":"Escape","w":80,"h":80,"top":660},{"key":"Enter","w":80,"h":80,"top":572}],"PASS":true}
[   1231ms] [harness] eval (()=>{const sq=document.getElementById('canvas').getBoundingClientRect();const pad=document.getElementById('pad').getBoundingClientRect();const btns=[...document.querySelectorAll('#pad .pad-btn')].map(b=>{const r=b.getBoundingClientRect();return {key:b.dataset.aakey,w:Math.round(r.width),h:Math.round(r.height),top:Math.round(r.top)}});const r={pad_top:Math.round(pad.top),square_bottom:Math.round(sq.bottom),pad_bottom:Math.round(pad.bottom),inner_h:window.innerHeight,buttons:btns};r.PASS=Math.abs(r.pad_top-r.square_bottom)<=1&&btns.length===6&&btns.every(b=>b.w>=56&&b.h>=56&&b.top>=r.square_bottom)&&['ArrowUp','ArrowLeft','ArrowRight','ArrowDown','Escape','Enter'].every(k=>btns.some(b=>b.key===k));console.log('[M7GATE] PB3 pad-geometry '+JSON.stringify(r));return 'PB3 '+r.PASS})() => "PB3 true"
[   1420ms] [harness] screenshot -> docs/evidence/m7-gameboy/task4-unchanged/portrait/pb-02-pad.png
[   1426ms] [browser.warning/other] The AudioContext was not allowed to start. It must be resumed (or created) after a user gesture on the page. https://developer.chrome.com/blog/autoplay/#web_audio   <- http://localhost:8008/armagetronad.js
[   1426ms] [browser.warning/other] The AudioContext was not allowed to start. It must be resumed (or created) after a user gesture on the page. https://developer.chrome.com/blog/autoplay/#web_audio   <- http://localhost:8008/armagetronad.js
[   1492ms] [harness] tap .pad-a at 350,612 (1/1)
[   1518ms] [console.log] [PERSISTSAVE] menu-leave n=1
[   4865ms] [harness] tap .pad-a at 350,612 (1/1)
[   4885ms] [console.log] [PERSISTSAVE] menu-leave n=2
[   5064ms] [console.log] [TOUCH] context 0 (menu no, cycle no) -> TAP=ENTER
[   8752ms] [harness] tap .pad-a at 350,612 (1/1)
[   8758ms] [console.log] [L] PLAYER_ENTERED web_user  web_user
[   8759ms] [console.log] [L] TEAM_CREATED web_user
[   8759ms] [console.log] [L] TEAM_PLAYER_ADDED web_user web_user
[   8761ms] [console.log] [WAV] loaded /data/sound/expl.wav: 11937 bytes, 8-bit mono @ 11025 Hz (fopen misses so far: 1)
[   8763ms] [console.log] [L] ROUND_SCORE_TEAM 0 web_user
[   8765ms] [console.log] [L] NEW_ROUND 2026-09-05 20:25:55 UTC+0200
[   8784ms] [console.log] [L] TEAM_CREATED ai_team
[   8784ms] [console.log] [L] TEAM_PLAYER_ADDED ai_team word
[   8785ms] [console.log] [L] TEAM_PLAYER_ADDED ai_team excel
[   8785ms] [console.log] [L] TEAM_PLAYER_ADDED ai_team notepad
[   8786ms] [console.log] [WAV] loaded /data/sound/cyclrun.wav: 40403 bytes, 8-bit mono @ 22050 Hz (fopen misses so far: 2)
[   8817ms] [console.log] [TOUCH] context 2 (menu no, cycle alive) -> STEERING
[   9053ms] [harness] until 1x <<[L] NEW_ROUND>> (timeout 120000ms, have 1)
[   9054ms] [harness] until SATISFIED: saw 1x <<[L] NEW_ROUND>>
[   9054ms] [harness] === PORTRAIT-ROUND-STARTED ===
[  11719ms] [harness] screenshot -> docs/evidence/m7-gameboy/task4-unchanged/portrait/pb-01-portrait-round.png
[  14724ms] [console.log] [PERSISTSAVE] js-backstop n=3
[  14724ms] [console.log] [M7GATE] PB4 turn-counters-before {"left":2,"right":3}
[  14725ms] [harness] eval (()=>{const S=window.__tg;S.save();const c=S.rd('/persist/var/user.cfg');const n=(k)=>{const v=S.line(c,k);return v===null?null:parseInt(v.split(' ')[1],10)};const r={left:n('CYCLE_TURN_LEFT_TOOLTIP'),right:n('CYCLE_TURN_RIGHT_TOOLTIP')};window.__pb4=r;console.log('[M7GATE] PB4 turn-counters-before '+JSON.stringify(r));return 'PB4 before '+JSON.stringify(r)})() => "PB4 before {\"left\":2,\"right\":3}"
[  14792ms] [harness] tap .pad-left at 48,656 (1/1)
[  14798ms] [console.log] [WAV] loaded /data/sound/expl.wav: 11937 bytes, 8-bit mono @ 11025 Hz (fopen misses so far: 3)
[  16364ms] [harness] tap .pad-right at 184,656 (1/1)
[  17074ms] [console.log] [L] DEATH_FRAG web_user word
[  17075ms] [console.log] [WAV] loaded /data/sound/expl.wav: 11937 bytes, 8-bit mono @ 11025 Hz (fopen misses so far: 4)
[  17312ms] [console.log] [TOUCH] context 0 (menu no, cycle no) -> TAP=ENTER
[  17871ms] [console.log] [PERSISTSAVE] js-backstop n=4
[  17871ms] [console.log] [M7GATE] PB4 pad-turns-sent {"ctx":0,"before":{"left":2,"right":3},"after":{"left":1,"right":2},"PASS":true}
[  17872ms] [harness] eval (()=>{const S=window.__tg;S.save();const c=S.rd('/persist/var/user.cfg');const n=(k)=>{const v=S.line(c,k);return v===null?null:parseInt(v.split(' ')[1],10)};const b=window.__pb4||{};const r={ctx:Module._aa_web_input_context()|0,before:b,after:{left:n('CYCLE_TURN_LEFT_TOOLTIP'),right:n('CYCLE_TURN_RIGHT_TOOLTIP')}};r.PASS=typeof b.left==='number'&&typeof b.right==='number'&&r.after.left===b.left-1&&r.after.right===b.right-1;console.log('[M7GATE] PB4 pad-turns-sent '+JSON.stringify(r));return 'PB4 '+r.PASS})() => "PB4 true"
[  18063ms] [harness] screenshot -> docs/evidence/m7-gameboy/task4-unchanged/portrait/pb-03-after-pad-turns.png
[  18063ms] [harness] until 2x <<[L] NEW_ROUND>> (timeout 150000ms, have 1)
[  18891ms] [console.log] [L] ROUND_WINNER ai_team notepad excel word
[  22959ms] [console.log] [L] ROUND_SCORE -2 web_user web_user
[  22962ms] [console.log] [L] ROUND_SCORE_TEAM -2 web_user
[  22962ms] [console.log] [L] NEW_ROUND 2026-09-05 20:26:09 UTC+0200
[  22964ms] [console.log] [L] TEAM_PLAYER_REMOVED ai_team notepad
[  22964ms] [console.log] [L] TEAM_PLAYER_ADDED ai_team outlook
[  23026ms] [harness] until SATISFIED: saw 2x <<[L] NEW_ROUND>>
[  23026ms] [harness] === PORTRAIT-ROUND-2-STARTED ===
[  23060ms] [console.log] [TOUCH] context 2 (menu no, cycle alive) -> STEERING
[  24298ms] [harness] tap .pad-b at 262,700 (1/1)
[  24311ms] [console.log] [TOUCH] context 3 (menu yes, cycle alive) -> TAP=ENTER
[  26100ms] [console.log] [M7GATE] PB5 menu-opened-via-B {"ctx":3,"menu":true,"cycle_alive":true}
[  26101ms] [harness] eval (()=>{const ctx=Module._aa_web_input_context()|0;window.__pb5={ctx:ctx};console.log('[M7GATE] PB5 menu-opened-via-B '+JSON.stringify({ctx:ctx,menu:(ctx&1)!==0,cycle_alive:(ctx&2)!==0}));return 'PB5 opened ctx '+ctx})() => "PB5 opened ctx 3"
[  26279ms] [harness] screenshot -> docs/evidence/m7-gameboy/task4-unchanged/portrait/pb-04-in-game-menu-via-B.png
[  26344ms] [harness] tap .pad-down at 116,724 (1/1)
[  27509ms] [harness] tap .pad-up at 116,588 (1/1)
[  28676ms] [harness] tap .pad-b at 262,700 (1/1)
[  28693ms] [console.log] [PERSISTSAVE] menu-leave n=5
[  28812ms] [console.log] [TOUCH] context 2 (menu no, cycle alive) -> STEERING
[  29879ms] [console.log] [M7GATE] PB5 menu-roundtrip-via-pad {"opened_ctx":3,"opened_menu":true,"ctx":2,"menu":false,"cycle_alive":true,"driving_class":true,"PASS":true}
[  29880ms] [harness] eval (()=>{const ctx=Module._aa_web_input_context()|0;const o=window.__pb5||{};const r={opened_ctx:o.ctx,opened_menu:typeof o.ctx==='number'&&(o.ctx&1)!==0,ctx:ctx,menu:(ctx&1)!==0,cycle_alive:(ctx&2)!==0,driving_class:document.getElementById('touch').classList.contains('aa-driving')};r.PASS=(ctx&2)!==0&&(ctx&1)===0&&typeof o.ctx==='number'&&(o.ctx&1)!==0;console.log('[M7GATE] PB5 menu-roundtrip-via-pad '+JSON.stringify(r));return 'PB5 '+r.PASS})() => "PB5 true"
[  29880ms] [harness] === ROTATE-TO-LANDSCAPE-AFTER-PORTRAIT-BOOT ===
[  29881ms] [harness] metrics -> 915x412 dpr 3
[  29882ms] [console.log] [TOUCH] orientation portrait=false (sized for portrait: true) via resize
[  29882ms] [console.log] [TOUCH] orientation portrait=false (sized for portrait: true) via media query
[  31383ms] [console.log] [M7GATE] PB6 rotate-after-portrait-boot {"chip_visible":true,"still_gameboy":true,"canvas_w":1236,"canvas_h":1236,"PASS":true}
[  31383ms] [harness] eval (()=>{const chip=document.getElementById('reloadchip');const r={chip_visible:!!chip&&!chip.hidden,still_gameboy:document.documentElement.classList.contains('aa-gameboy'),canvas_w:document.getElementById('canvas').width,canvas_h:document.getElementById('canvas').height};r.PASS=r.chip_visible&&r.still_gameboy&&r.canvas_w===r.canvas_h;console.log('[M7GATE] PB6 rotate-after-portrait-boot '+JSON.stringify(r));return 'PB6 '+r.PASS})() => "PB6 true"
[  31482ms] [harness] screenshot -> docs/evidence/m7-gameboy/task4-unchanged/portrait/pb-05-landscape-after-portrait-boot-chip.png
