[0] Command HUD_CACHE_THRESHOLD unknown.
[0] 
[L] ENCODING latin1
[0] Bound socket to *.*.*.*:41976.
[0] Bound socket to *.*.*.*:4534.
[0] Setting CYCLE_BRAKE_REFILL (Group: Annoying) deviates from its default value; clients older than 0.2.5.0 may experience problems.
[0] Nobody there. Taking a nap...
[0] Timestamp: 2026/09/10 20:35:39
[0] Closing socket bound to *.*.*.*:4534
[0] Bound socket to *.*.*.*:4534.
[1] Received login from 192.168.215.1:62866 via socket *.*.*.*:4534, network version: 0.2.9_alpha (ID: 17).
[1] New user: 1
[L] PLAYER_ENTERED web_user 192.168.215.1 web_user
[L] TEAM_CREATED web_user
[L] TEAM_PLAYER_ADDED web_user web_user
[1] web_user entered the game.
[L] NEW_ROUND 2026-09-10 20:36:27 UTC
[L] NEW_MATCH 2026-09-10 20:36:27 UTC
[0] Time:     47.9106 seconds
Sent:     6808 bytes in 38 packets (142.098 bytes/s)
Received: 2330 bytes in 34 packets (48.6323 bytes/s)
[0] Timestamp: 2026/09/10 20:36:27
[0] Creating grid...
[0] Ping charity changed from 0 to 300.
[0] done!
[0] Resetting scores...
[0] New Match
[0] Go (round 1 of 10)!
[L] GAME_TIME -3.79121
[L] GAME_TIME -3.52874
[L] GAME_TIME -3.27315
[L] GAME_TIME -3.01232
[0] 3
[L] GAME_TIME -2.75218
[L] GAME_TIME -2.49376
[L] GAME_TIME -2.23077
[0] 2
[L] GAME_TIME -1.97827
[L] GAME_TIME -1.72348
[L] GAME_TIME -1.46155
[L] GAME_TIME -1.19903
[0] 1
[L] GAME_TIME -0.945391
[L] GAME_TIME -0.681165
[L] GAME_TIME -0.424836
[L] GAME_TIME -0.163191
[0] 0
[L] GAME_TIME 0.099142
[L] GAME_TIME 0.352736
[L] GAME_TIME 0.611552
[L] GAME_TIME 0.870916
[L] GAME_TIME 1.1288
[L] GAME_TIME 1.38891
[L] GAME_TIME 1.6413
[L] GAME_TIME 1.89428
[L] GAME_TIME 2.15718
[L] GAME_TIME 2.4195
[L] GAME_TIME 2.67455
[L] GAME_TIME 2.93228
[L] GAME_TIME 3.19504
[L] GAME_TIME 3.45024
[L] GAME_TIME 3.71004
[L] GAME_TIME 3.96327
[L] GAME_TIME 4.21853
[L] GAME_TIME 4.46947
[L] GAME_TIME 4.72437
[L] GAME_TIME 4.98284
[L] GAME_TIME 5.24015
[L] GAME_TIME 5.49671
[L] DEATH_SUICIDE web_user
[0] web_user committed suicide and lost 4 points.
[L] GAME_TIME 5.75764
[L] GAME_TIME 6.00851
[L] GAME_TIME 6.26397
[L] GAME_TIME 6.51679
[L] GAME_TIME 6.77125
[L] GAME_TIME 7.02538
[L] GAME_TIME 7.27751
[L] GAME_TIME 7.53196
[L] GAME_TIME 7.78202
[L] GAME_TIME 8.03574
[L] GAME_TIME 8.29555
[L] GAME_TIME 8.54936
[L] GAME_TIME 8.80615
[L] GAME_TIME 9.06654
[L] GAME_TIME 9.33092
[L] GAME_TIME 9.59108
[0] Deleting objects...
[0] Deleting grid...
[0] 
[L] ROUND_SCORE -4 web_user web_user
[L] ROUND_SCORE_TEAM -4 web_user
[L] NEW_ROUND 2026-09-10 20:36:42 UTC
[0] Time:     14.7263 seconds
Sent:     11328 bytes in 158 packets (769.235 bytes/s)
Received: 6360 bytes in 142 packets (431.88 bytes/s)
[0] Timestamp: 2026/09/10 20:36:42
[0] Creating grid...
[0] Ping charity changed from 300 to 100.
[0] done!
[0] Go (round 2 of 10)!
[L] GAME_TIME -3.803
[L] GAME_TIME -3.54139
[L] GAME_TIME -3.27774
[L] GAME_TIME -3.01787
[0] 3
[L] GAME_TIME -2.75592
[L] GAME_TIME -2.50381
[L] GAME_TIME -2.24839
[0] 2
[L] GAME_TIME -1.9926
[L] GAME_TIME -1.7309
[L] GAME_TIME -1.46891
[L] GAME_TIME -1.20823
[0] 1
[L] GAME_TIME -0.955376
[L] GAME_TIME -0.695601
[L] GAME_TIME -0.442001
[L] GAME_TIME -0.190449
[0] 0
[L] GAME_TIME 0.063775
[L] GAME_TIME 0.31673
[L] GAME_TIME 0.570841
[L] GAME_TIME 0.828737
[L] GAME_TIME 1.0857
[L] GAME_TIME 1.34286
[L] GAME_TIME 1.60455
[L] GAME_TIME 1.85824
[L] GAME_TIME 2.11203
[L] GAME_TIME 2.37225
[L] GAME_TIME 2.62821
[L] GAME_TIME 2.88649
[L] GAME_TIME 3.14754
[L] GAME_TIME 3.40453
[L] GAME_TIME 3.66592
[L] GAME_TIME 3.91792
[L] GAME_TIME 4.17604
[L] GAME_TIME 4.43343
[L] GAME_TIME 4.68707
[L] GAME_TIME 4.949
[L] GAME_TIME 5.2045
[L] GAME_TIME 5.45869
[L] DEATH_SUICIDE web_user
[0] web_user committed suicide and lost 4 points.
[L] GAME_TIME 5.71815
[L] GAME_TIME 5.9774
[L] GAME_TIME 6.22785
[L] GAME_TIME 6.48659
[L] GAME_TIME 6.74195
[L] GAME_TIME 7.00098
[L] GAME_TIME 7.26341
[L] GAME_TIME 7.5223
[L] GAME_TIME 7.78748
[L] GAME_TIME 8.05255
[L] GAME_TIME 8.31156
[L] GAME_TIME 8.57561
[L] GAME_TIME 8.83161
[L] GAME_TIME 9.09235
[L] GAME_TIME 9.35194
[L] GAME_TIME 9.6023
[L] GAME_TIME 9.85237
[0] Deleting objects...
[0] Deleting grid...
[0] 
[L] ROUND_SCORE -4 web_user web_user
[L] ROUND_SCORE_TEAM -4 web_user
[L] NEW_ROUND 2026-09-10 20:36:57 UTC
[0] Time:     14.749 seconds
Sent:     10466 bytes in 152 packets (709.61 bytes/s)
Received: 6088 bytes in 139 packets (412.775 bytes/s)
[0] Timestamp: 2026/09/10 20:36:57
[0] Creating grid...
[0] done!
[0] Go (round 3 of 10)!
[L] GAME_TIME -3.81156
[L] GAME_TIME -3.56068
[L] GAME_TIME -3.29585
[L] GAME_TIME -3.04156
[0] 3
[L] GAME_TIME -2.78544
[L] GAME_TIME -2.53307
[L] GAME_TIME -2.27865
[L] GAME_TIME -2.02325
[0] 2
[L] GAME_TIME -1.77155
[L] GAME_TIME -1.51252
[L] GAME_TIME -1.24491
[0] 1
[L] GAME_TIME -0.994296
[L] GAME_TIME -0.737134
[L] GAME_TIME -0.475264
[L] GAME_TIME -0.210631
[0] 0
[L] GAME_TIME 0.04981
[L] GAME_TIME 0.311083
[L] GAME_TIME 0.570048
[L] GAME_TIME 0.82172
[L] GAME_TIME 1.07536
[L] GAME_TIME 1.33483
[L] GAME_TIME 1.58584
[L] GAME_TIME 1.8486
[L] GAME_TIME 2.10371
[L] GAME_TIME 2.35686
[L] GAME_TIME 2.60824
[L] GAME_TIME 2.87537
[L] GAME_TIME 3.12634
[L] GAME_TIME 3.38673
[L] GAME_TIME 3.63925
[L] GAME_TIME 3.89002
[L] GAME_TIME 4.14058
[L] GAME_TIME 4.40291
[L] GAME_TIME 4.65661
[L] GAME_TIME 4.90894
[L] GAME_TIME 5.16993
[L] GAME_TIME 5.43381
[L] DEATH_SUICIDE web_user
[0] web_user committed suicide and lost 4 points.
[L] GAME_TIME 5.68488
[L] GAME_TIME 5.93558
[L] GAME_TIME 6.19444
[L] GAME_TIME 6.44532
[L] GAME_TIME 6.70364
[L] GAME_TIME 6.96055
[L] GAME_TIME 7.21288
[L] GAME_TIME 7.47396
[L] GAME_TIME 7.73529
[L] GAME_TIME 7.98976
[L] GAME_TIME 8.24714
[L] GAME_TIME 8.50973
[L] GAME_TIME 8.76662
[L] GAME_TIME 9.02748
[L] GAME_TIME 9.27811
[L] GAME_TIME 9.53404
[L] GAME_TIME 9.7978
[0] Deleting objects...
[0] Deleting grid...
[0] 
[L] ROUND_SCORE -4 web_user web_user
[L] ROUND_SCORE_TEAM -4 web_user
[L] NEW_ROUND 2026-09-10 20:37:12 UTC
[0] Time:     14.817 seconds
Sent:     10574 bytes in 157 packets (713.64 bytes/s)
Received: 6086 bytes in 139 packets (410.744 bytes/s)
[0] Timestamp: 2026/09/10 20:37:12
[0] Creating grid...
[0] done!
[0] Go (round 4 of 10)!
[L] GAME_TIME -3.8121
[L] GAME_TIME -3.55412
[L] GAME_TIME -3.29773
[L] GAME_TIME -3.04416
[0] 3
[L] GAME_TIME -2.78652
[L] GAME_TIME -2.5243
[L] GAME_TIME -2.26636
[L] GAME_TIME -2.01384
[0] 2
[L] GAME_TIME -1.76183
[L] GAME_TIME -1.49668
[L] GAME_TIME -1.23131
[0] 1
[L] GAME_TIME -0.971168
[L] GAME_TIME -0.720444
[L] GAME_TIME -0.459093
[L] GAME_TIME -0.202925
[0] 0
[L] GAME_TIME 0.060954
[L] GAME_TIME 0.318439
[L] GAME_TIME 0.579079
[L] GAME_TIME 0.837885
[L] GAME_TIME 1.09296
[L] GAME_TIME 1.34549
[L] GAME_TIME 1.60564
[L] GAME_TIME 1.86547
[L] GAME_TIME 2.11952
[L] GAME_TIME 2.38147
[L] GAME_TIME 2.63512
[L] GAME_TIME 2.88735
[L] GAME_TIME 3.14054
[L] GAME_TIME 3.40418
[L] GAME_TIME 3.65992
[L] GAME_TIME 3.91192
[L] GAME_TIME 4.1709
[L] GAME_TIME 4.42876
[L] GAME_TIME 4.69139
[L] GAME_TIME 4.94324
[L] GAME_TIME 5.20223
[L] DEATH_SUICIDE web_user
[0] web_user committed suicide and lost 4 points.
[L] GAME_TIME 5.45707
[L] GAME_TIME 5.72135
[L] GAME_TIME 5.98001
[L] GAME_TIME 6.23441
[L] GAME_TIME 6.4954
[L] GAME_TIME 6.74765
[L] GAME_TIME 7.00652
[L] GAME_TIME 7.25758
[L] GAME_TIME 7.51835
[L] GAME_TIME 7.78074
[L] GAME_TIME 8.04203
[L] GAME_TIME 8.29283
[L] GAME_TIME 8.54289
[L] GAME_TIME 8.79932
[L] GAME_TIME 9.0585
[L] GAME_TIME 9.31466
[L] GAME_TIME 9.57501
[L] GAME_TIME 9.8364
[0] Deleting objects...
[0] Deleting grid...
[0] 
[L] ROUND_SCORE -4 web_user web_user
[L] ROUND_SCORE_TEAM -4 web_user
[L] NEW_ROUND 2026-09-10 20:37:26 UTC
[0] Time:     14.7028 seconds
Sent:     10332 bytes in 151 packets (702.721 bytes/s)
Received: 6084 bytes in 139 packets (413.797 bytes/s)
[0] Timestamp: 2026/09/10 20:37:26
[0] Creating grid...
[0] done!
[0] Go (round 5 of 10)!
[L] GAME_TIME -3.81149
[L] GAME_TIME -3.55775
[L] GAME_TIME -3.29632
[L] GAME_TIME -3.03926
[0] 3
[L] GAME_TIME -2.78234
[L] GAME_TIME -2.52094
[L] GAME_TIME -2.25581
[0] 2
[L] GAME_TIME -1.99288
[L] GAME_TIME -1.74185
[L] GAME_TIME -1.48522
[L] GAME_TIME -1.22582
[0] 1
[L] GAME_TIME -0.968969
[L] GAME_TIME -0.708743
[L] GAME_TIME -0.448025
[L] GAME_TIME -0.184704
[0] 0
[L] GAME_TIME 0.07238
[L] GAME_TIME 0.334874
[L] GAME_TIME 0.599095
[L] GAME_TIME 0.862932
[L] GAME_TIME 1.1229
[L] GAME_TIME 1.37462
[L] GAME_TIME 1.63972
[L] GAME_TIME 1.89766
[L] GAME_TIME 2.16145
[L] GAME_TIME 2.42424
[L] GAME_TIME 2.6797
[L] GAME_TIME 2.93761
[L] GAME_TIME 3.18879
[L] GAME_TIME 3.44996
[L] GAME_TIME 3.71107
[L] GAME_TIME 3.96817
[L] GAME_TIME 4.22391
[L] GAME_TIME 4.48641
[L] GAME_TIME 4.74153
[L] GAME_TIME 4.99433
[L] GAME_TIME 5.24706
[L] DEATH_SUICIDE web_user
[0] web_user committed suicide and lost 4 points.
[L] GAME_TIME 5.50601
[L] GAME_TIME 5.76468
[L] GAME_TIME 6.01549
[L] GAME_TIME 6.28005
[L] GAME_TIME 6.53791
[L] GAME_TIME 6.80009
[L] GAME_TIME 7.05987
[L] GAME_TIME 7.32014
[L] GAME_TIME 7.58178
[L] GAME_TIME 7.8368
[L] GAME_TIME 8.09515
[L] GAME_TIME 8.34603
[L] GAME_TIME 8.60769
[L] GAME_TIME 8.85874
[L] GAME_TIME 9.12086
[L] GAME_TIME 9.38337
[L] GAME_TIME 9.64523
[0] Deleting objects...
[0] Deleting grid...
[0] 
[L] ROUND_SCORE -4 web_user web_user
[L] ROUND_SCORE_TEAM -4 web_user
[L] NEW_ROUND 2026-09-10 20:37:41 UTC
[0] Time:     14.7359 seconds
Sent:     10446 bytes in 153 packets (708.879 bytes/s)
Received: 6126 bytes in 140 packets (415.718 bytes/s)
[0] Timestamp: 2026/09/10 20:37:41
[0] Creating grid...
[0] done!
[0] Go (round 6 of 10)!
[L] GAME_TIME -3.81003
[L] GAME_TIME -3.55584
[L] GAME_TIME -3.30398
[L] GAME_TIME -3.04568
[0] 3
[L] GAME_TIME -2.79511
[L] GAME_TIME -2.53133
[L] GAME_TIME -2.28005
[L] GAME_TIME -2.015
[0] 2
[L] GAME_TIME -1.75562
[L] GAME_TIME -1.49025
[L] GAME_TIME -1.2357
[0] 1
[L] GAME_TIME -0.97126
[L] GAME_TIME -0.713402
[L] GAME_TIME -0.459118
[L] GAME_TIME -0.206226
[0] 0
[L] GAME_TIME 0.045249
[L] GAME_TIME 0.305821
[L] GAME_TIME 0.560776
[L] GAME_TIME 0.816473
[L] GAME_TIME 1.07416
[L] GAME_TIME 1.32431
[L] GAME_TIME 1.57705
[L] GAME_TIME 1.83808
[L] GAME_TIME 2.09327
[L] GAME_TIME 2.35404
[L] GAME_TIME 2.60812
[L] GAME_TIME 2.86205
[L] GAME_TIME 3.12885
[L] GAME_TIME 3.38477
[L] GAME_TIME 3.64261
[L] GAME_TIME 3.89547
[L] GAME_TIME 4.15454
[L] GAME_TIME 4.41409
[L] GAME_TIME 4.6708
[L] GAME_TIME 4.92513
[L] GAME_TIME 5.18721
[L] DEATH_SUICIDE web_user
[0] web_user committed suicide and lost 4 points.
[L] GAME_TIME 5.44219
[L] GAME_TIME 5.69426
[L] GAME_TIME 5.94571
[L] GAME_TIME 6.20468
[L] GAME_TIME 6.46614
[L] GAME_TIME 6.72699
[L] GAME_TIME 6.98353
[L] GAME_TIME 7.23541
[L] GAME_TIME 7.49347
[L] GAME_TIME 7.75463
[L] GAME_TIME 8.01175
[L] GAME_TIME 8.27078
[L] GAME_TIME 8.5244
[L] GAME_TIME 8.7803
[L] GAME_TIME 9.04158
[L] GAME_TIME 9.29536
[L] GAME_TIME 9.55324
[L] GAME_TIME 9.81151
[0] Deleting objects...
[0] Deleting grid...
[0] 
[L] ROUND_SCORE -4 web_user web_user
[L] ROUND_SCORE_TEAM -4 web_user
[L] NEW_ROUND 2026-09-10 20:37:56 UTC
[0] Time:     14.7654 seconds
Sent:     10594 bytes in 155 packets (717.49 bytes/s)
Received: 6004 bytes in 137 packets (406.628 bytes/s)
[0] Timestamp: 2026/09/10 20:37:56
[0] Creating grid...
[0] done!
[0] Go (round 7 of 10)!
[L] GAME_TIME -3.80709
[L] GAME_TIME -3.55062
[L] GAME_TIME -3.29938
[L] GAME_TIME -3.03729
[0] 3
[L] GAME_TIME -2.77715
[L] GAME_TIME -2.52283
[L] GAME_TIME -2.27223
[L] GAME_TIME -2.01008
[0] 2
[L] GAME_TIME -1.74969
[L] GAME_TIME -1.49902
[L] GAME_TIME -1.23548
[0] 1
[L] GAME_TIME -0.977942
[L] GAME_TIME -0.716504
[L] GAME_TIME -0.456623
[L] GAME_TIME -0.201593
[0] 0
[L] GAME_TIME 0.05879
[L] GAME_TIME 0.318875
[L] GAME_TIME 0.574603
[L] GAME_TIME 0.830846
[L] GAME_TIME 1.08196
[L] GAME_TIME 1.34042
[L] GAME_TIME 1.59667
[L] GAME_TIME 1.85374
[L] GAME_TIME 2.10816
[L] GAME_TIME 2.37156
[L] GAME_TIME 2.62313
[L] GAME_TIME 2.88099
[L] GAME_TIME 3.14241
[L] GAME_TIME 3.40041
[L] GAME_TIME 3.65906
[L] GAME_TIME 3.91516
[L] GAME_TIME 4.17355
[L] GAME_TIME 4.42464
[L] GAME_TIME 4.68248
[L] GAME_TIME 4.93879
[L] GAME_TIME 5.19442
[L] DEATH_SUICIDE web_user
[0] web_user committed suicide and lost 4 points.
[L] GAME_TIME 5.44988
[L] GAME_TIME 5.70079
[L] GAME_TIME 5.95384
[L] GAME_TIME 6.21562
[L] GAME_TIME 6.47367
[L] GAME_TIME 6.73192
[L] GAME_TIME 6.99677
[L] GAME_TIME 7.25376
[L] GAME_TIME 7.50858
[L] GAME_TIME 7.76646
[L] GAME_TIME 8.01941
[L] GAME_TIME 8.27182
[L] GAME_TIME 8.53483
[L] GAME_TIME 8.7954
[L] GAME_TIME 9.05049
[L] GAME_TIME 9.31238
[L] GAME_TIME 9.57089
[L] GAME_TIME 9.82805
[0] Deleting objects...
[0] Deleting grid...
[0] 
[L] ROUND_SCORE -4 web_user web_user
[L] ROUND_SCORE_TEAM -4 web_user
[L] NEW_ROUND 2026-09-10 20:38:10 UTC
[0] Time:     14.7197 seconds
Sent:     10594 bytes in 155 packets (719.718 bytes/s)
Received: 6208 bytes in 142 packets (421.749 bytes/s)
[0] Timestamp: 2026/09/10 20:38:11
[0] Creating grid...
[0] done!
[0] Go (round 8 of 10)!
[L] GAME_TIME -3.80479
[L] GAME_TIME -3.54676
[L] GAME_TIME -3.28969
[L] GAME_TIME -3.03613
[0] 3
[L] GAME_TIME -2.78337
[L] GAME_TIME -2.53322
[L] GAME_TIME -2.27411
[L] GAME_TIME -2.02342
[0] 2
[L] GAME_TIME -1.75856
[L] GAME_TIME -1.50517
[L] GAME_TIME -1.24562
[0] 1
[L] GAME_TIME -0.991559
[L] GAME_TIME -0.732712
[L] GAME_TIME -0.470921
[L] GAME_TIME -0.206555
[0] 0
[L] GAME_TIME 0.055455
[L] GAME_TIME 0.309513
[L] GAME_TIME 0.568479
[L] GAME_TIME 0.821246
[L] GAME_TIME 1.08368
[L] GAME_TIME 1.33909
[L] GAME_TIME 1.60359
[L] GAME_TIME 1.85533
[L] GAME_TIME 2.10536
[L] GAME_TIME 2.36759
[L] GAME_TIME 2.62061
[L] GAME_TIME 2.87444
[L] GAME_TIME 3.13368
[L] GAME_TIME 3.3987
[L] GAME_TIME 3.65494
[L] GAME_TIME 3.91736
[L] GAME_TIME 4.16832
[L] GAME_TIME 4.42019
[L] GAME_TIME 4.67653
[L] GAME_TIME 4.9325
[L] GAME_TIME 5.18485
[L] DEATH_SUICIDE web_user
[0] web_user committed suicide and lost 4 points.
[L] GAME_TIME 5.43508
[L] GAME_TIME 5.68663
[L] GAME_TIME 5.94049
[L] GAME_TIME 6.19283
[L] GAME_TIME 6.4491
[L] GAME_TIME 6.71218
[L] GAME_TIME 6.96321
[L] GAME_TIME 7.21502
[L] GAME_TIME 7.46664
[L] GAME_TIME 7.72184
[L] GAME_TIME 7.98581
[L] GAME_TIME 8.23776
[L] GAME_TIME 8.48997
[L] GAME_TIME 8.75385
[L] GAME_TIME 9.00393
[L] GAME_TIME 9.25676
[L] GAME_TIME 9.51521
[L] GAME_TIME 9.77076
[0] Deleting objects...
[0] Deleting grid...
[0] 
[L] ROUND_SCORE -4 web_user web_user
[L] ROUND_SCORE_TEAM -4 web_user
[L] NEW_ROUND 2026-09-10 20:38:25 UTC
[0] Time:     14.7349 seconds
Sent:     10658 bytes in 157 packets (723.315 bytes/s)
Received: 6124 bytes in 140 packets (415.611 bytes/s)
[0] Timestamp: 2026/09/10 20:38:25
[0] Creating grid...
[0] done!
[0] Go (round 9 of 10)!
[L] GAME_TIME -3.81046
[L] GAME_TIME -3.55956
[L] GAME_TIME -3.30686
[L] GAME_TIME -3.05352
[0] 3
[L] GAME_TIME -2.79765
[L] GAME_TIME -2.53383
[L] GAME_TIME -2.27814
[L] GAME_TIME -2.02294
[0] 2
[L] GAME_TIME -1.75958
[L] GAME_TIME -1.49714
[L] GAME_TIME -1.24509
[0] 1
[L] GAME_TIME -0.984322
[L] GAME_TIME -0.723251
[L] GAME_TIME -0.471592
[L] GAME_TIME -0.213709
[0] 0
[L] GAME_TIME 0.03736
[L] GAME_TIME 0.302922
[L] GAME_TIME 0.562232
[L] GAME_TIME 0.816178
[L] GAME_TIME 1.07673
[L] GAME_TIME 1.33653
[L] GAME_TIME 1.58927
[L] GAME_TIME 1.85009
[L] GAME_TIME 2.10842
[L] GAME_TIME 2.37414
[L] GAME_TIME 2.6382
[L] GAME_TIME 2.89778
[L] GAME_TIME 3.14835
[L] GAME_TIME 3.39974
[L] GAME_TIME 3.66336
[L] GAME_TIME 3.91747
[L] GAME_TIME 4.17365
[L] GAME_TIME 4.4238
[L] GAME_TIME 4.68636
[L] GAME_TIME 4.94337
[L] GAME_TIME 5.20696
[L] DEATH_SUICIDE web_user
[0] web_user committed suicide and lost 4 points.
[L] GAME_TIME 5.47006
[L] GAME_TIME 5.73313
[L] GAME_TIME 5.9934
[L] GAME_TIME 6.25101
[L] GAME_TIME 6.50342
[L] GAME_TIME 6.75969
[L] GAME_TIME 7.02157
[L] GAME_TIME 7.27487
[L] GAME_TIME 7.52562
[L] GAME_TIME 7.7787
[L] GAME_TIME 8.03848
[L] GAME_TIME 8.30169
[L] GAME_TIME 8.5581
[L] GAME_TIME 8.81106
[L] GAME_TIME 9.06298
[L] GAME_TIME 9.32073
[L] GAME_TIME 9.57843
[L] GAME_TIME 9.83884
[0] Deleting objects...
[0] Deleting grid...
[0] 
[L] ROUND_SCORE -4 web_user web_user
[L] ROUND_SCORE_TEAM -4 web_user
[L] NEW_ROUND 2026-09-10 20:38:40 UTC
[0] Time:     14.7625 seconds
Sent:     10682 bytes in 159 packets (723.592 bytes/s)
Received: 6054 bytes in 138 packets (410.094 bytes/s)
[0] Timestamp: 2026/09/10 20:38:40
[0] Creating grid...
[0] done!
[0] Go (round 10 of 10)!
[L] GAME_TIME -3.79144
[L] GAME_TIME -3.5306
[L] GAME_TIME -3.27457
[L] GAME_TIME -3.02199
[0] 3
[L] GAME_TIME -2.75988
[L] GAME_TIME -2.5094
[L] GAME_TIME -2.24585
[0] 2
[L] GAME_TIME -1.99162
[L] GAME_TIME -1.72908
[L] GAME_TIME -1.47536
[L] GAME_TIME -1.22485
[0] 1
[L] GAME_TIME -0.971215
[L] GAME_TIME -0.713528
[L] GAME_TIME -0.463445
[L] GAME_TIME -0.198029
[0] 0
[L] GAME_TIME 0.058232
[L] GAME_TIME 0.322081
[L] GAME_TIME 0.58387
[L] GAME_TIME 0.845162
[L] GAME_TIME 1.1027
[L] GAME_TIME 1.36188
[L] GAME_TIME 1.61425
[L] GAME_TIME 1.87092
[L] GAME_TIME 2.13373
[L] GAME_TIME 2.39078
[L] GAME_TIME 2.65232
[L] GAME_TIME 2.90711
[L] GAME_TIME 3.17108
[L] GAME_TIME 3.42647
[L] GAME_TIME 3.68097
[L] GAME_TIME 3.93695
[L] GAME_TIME 4.18771
[L] GAME_TIME 4.45195
[L] GAME_TIME 4.71468
[L] GAME_TIME 4.96713
[L] GAME_TIME 5.22932
[L] DEATH_SUICIDE web_user
[0] web_user committed suicide and lost 4 points.
[L] GAME_TIME 5.48784
[L] GAME_TIME 5.74573
[L] GAME_TIME 5.99676
[L] GAME_TIME 6.25495
[L] GAME_TIME 6.50804
[L] GAME_TIME 6.75998
[L] GAME_TIME 7.02535
[L] GAME_TIME 7.281
[L] GAME_TIME 7.53626
[L] GAME_TIME 7.79248
[L] GAME_TIME 8.05908
[L] GAME_TIME 8.32147
[L] GAME_TIME 8.5754
[L] GAME_TIME 8.83283
[L] GAME_TIME 9.09432
[L] GAME_TIME 9.35624
[L] GAME_TIME 9.61364
[L] GAME_TIME 9.87744
[L] GAME_TIME 10.1339
[L] GAME_TIME 10.3857
[L] GAME_TIME 10.6423
[0] Match Winner: web_user
[L] MATCH_WINNER web_user web_user
[0] Overall Winner: web_user after 10 rounds.
[L] GAME_TIME 10.9062
[L] GAME_TIME 11.1603
[L] GAME_TIME 11.4268
[L] GAME_TIME 11.6851
[L] GAME_TIME 11.9428
[L] GAME_TIME 12.2008
[L] GAME_TIME 12.4547
[L] GAME_TIME 12.7077
[L] GAME_TIME 12.9594
[L] GAME_TIME 13.213
[L] GAME_TIME 13.4669
[L] GAME_TIME 13.7242
[L] GAME_TIME 13.9811
[L] GAME_TIME 14.2436
[L] GAME_TIME 14.5069
[L] GAME_TIME 14.7657
[L] GAME_TIME 15.0256
[L] GAME_TIME 15.2889
[L] GAME_TIME 15.5494
[L] GAME_TIME 15.8032
[L] GAME_TIME 16.0601
[L] GAME_TIME 16.3245
[L] GAME_TIME 16.5787
[L] GAME_TIME 16.8363
[L] GAME_TIME 17.0868
[L] GAME_TIME 17.3401
[L] GAME_TIME 17.5987
[L] GAME_TIME 17.8582
[L] GAME_TIME 18.1105
[L] GAME_TIME 18.3739
[L] GAME_TIME 18.6367
[L] GAME_TIME 18.8932
[0] Deleting objects...
[0] Deleting grid...
[0] 
[L] ROUND_SCORE -4 web_user web_user
[L] ROUND_SCORE_TEAM -4 web_user
[L] NEW_ROUND 2026-09-10 20:39:04 UTC
[L] NEW_MATCH 2026-09-10 20:39:04 UTC
[0] Time:     23.8167 seconds
Sent:     11170 bytes in 166 packets (468.998 bytes/s)
Received: 6546 bytes in 150 packets (274.849 bytes/s)
[0] Timestamp: 2026/09/10 20:39:04
[0] Creating grid...
[0] done!
[0] Resetting scores...
[0] New Match
[0] Go (round 1 of 10)!
[L] GAME_TIME -3.81429
[L] GAME_TIME -3.55202
[L] GAME_TIME -3.29354
[L] GAME_TIME -3.03061
[0] 3
[L] GAME_TIME -2.77237
[L] GAME_TIME -2.5098
[L] GAME_TIME -2.25859
[L] GAME_TIME -2.00599
[0] 2
[L] GAME_TIME -1.74608
[L] GAME_TIME -1.48749
[L] GAME_TIME -1.22754
[0] 1
[L] GAME_TIME -0.974184
[L] GAME_TIME -0.709784
[L] GAME_TIME -0.452777
[L] GAME_TIME -0.195891
[0] 0
[L] GAME_TIME 0.055233
[L] GAME_TIME 0.31907
[L] GAME_TIME 0.583293
[L] GAME_TIME 0.833296
[L] GAME_TIME 1.08996
[L] GAME_TIME 1.3498
[L] GAME_TIME 1.60046
[L] GAME_TIME 1.86391
[L] GAME_TIME 2.11825
[L] GAME_TIME 2.37629
[L] GAME_TIME 2.63459
[L] GAME_TIME 2.89215
[L] GAME_TIME 3.14824
[L] GAME_TIME 3.41122
[L] GAME_TIME 3.66762
[L] GAME_TIME 3.92146
[L] GAME_TIME 4.18525
[L] GAME_TIME 4.43609
[L] GAME_TIME 4.68633
[L] GAME_TIME 4.93697
[L] GAME_TIME 5.19119
[L] GAME_TIME 5.44545
[L] DEATH_SUICIDE web_user
[0] web_user committed suicide and lost 4 points.
[L] GAME_TIME 5.7091
[L] GAME_TIME 5.97379
[L] GAME_TIME 6.22525
[L] GAME_TIME 6.48002
[L] GAME_TIME 6.73384
[L] GAME_TIME 6.98709
[L] GAME_TIME 7.24839
[L] GAME_TIME 7.51098
[L] GAME_TIME 7.7656
[L] GAME_TIME 8.02351
[L] GAME_TIME 8.28484
[L] GAME_TIME 8.54462
[L] GAME_TIME 8.80614
[L] GAME_TIME 9.07028
[L] GAME_TIME 9.32717
[L] GAME_TIME 9.58932
[L] GAME_TIME 9.84012
[0] Deleting objects...
[0] Deleting grid...
[0] 
[L] ROUND_SCORE -4 web_user web_user
[L] ROUND_SCORE_TEAM -4 web_user
[L] NEW_ROUND 2026-09-10 20:39:19 UTC
[0] Time:     14.794 seconds
Sent:     10582 bytes in 154 packets (715.289 bytes/s)
Received: 6014 bytes in 137 packets (406.515 bytes/s)
[0] Timestamp: 2026/09/10 20:39:19
[0] Creating grid...
[0] done!
[0] Go (round 2 of 10)!
[L] GAME_TIME -3.81614
[L] GAME_TIME -3.56396
[L] GAME_TIME -3.31288
[L] GAME_TIME -3.05793
[0] 3
[L] GAME_TIME -2.80252
[L] GAME_TIME -2.54893
[L] GAME_TIME -2.29226
[L] GAME_TIME -2.04193
[0] 2
[L] GAME_TIME -1.78965
[L] GAME_TIME -1.537
[L] GAME_TIME -1.28524
[L] GAME_TIME -1.03099
[0] 1
[L] GAME_TIME -0.77427
[L] GAME_TIME -0.522146
[L] GAME_TIME -0.262686
[L] GAME_TIME -0.002502
[0] 0
[L] GAME_TIME 0.256531
[L] GAME_TIME 0.513711
[L] GAME_TIME 0.772769
[L] GAME_TIME 1.03339
[L] GAME_TIME 1.28477
[L] GAME_TIME 1.53791
[L] GAME_TIME 1.79848
[L] GAME_TIME 2.0506
[L] GAME_TIME 2.30123
[L] GAME_TIME 2.56361
[L] GAME_TIME 2.81519
[L] GAME_TIME 3.07367
[L] GAME_TIME 3.33522
[L] GAME_TIME 3.58606
[L] GAME_TIME 3.84361
[L] GAME_TIME 4.09915
[L] GAME_TIME 4.35587
[L] GAME_TIME 4.61214
[L] GAME_TIME 4.86435
[L] GAME_TIME 5.12495
[L] GAME_TIME 5.38747
[L] DEATH_SUICIDE web_user
[0] web_user committed suicide and lost 4 points.
[L] GAME_TIME 5.64285
[L] GAME_TIME 5.8941
[L] GAME_TIME 6.16003
[L] GAME_TIME 6.41367
[L] GAME_TIME 6.66747
[L] GAME_TIME 6.9275
[L] GAME_TIME 7.18394
[L] GAME_TIME 7.44074
[L] GAME_TIME 7.69373
[L] GAME_TIME 7.95914
[L] GAME_TIME 8.22038
[L] GAME_TIME 8.4709
[L] GAME_TIME 8.72449
[L] GAME_TIME 8.98207
[L] GAME_TIME 9.2436
[L] GAME_TIME 9.49396
[L] GAME_TIME 9.75493
[0] Deleting objects...
[0] Deleting grid...
[0] 
[L] ROUND_SCORE -4 web_user web_user
[L] ROUND_SCORE_TEAM -4 web_user
[L] NEW_ROUND 2026-09-10 20:39:33 UTC
