[    777ms] [harness] mobile emulation: 915x412 CSS px dpr 3 (= 2745x1236 device px), touch on
[    778ms] [harness] chrome: Chrome/152.0.7977.75
[    779ms] [harness] navigating to http://localhost:8006/armagetronad.html?autostart=0&touch=1
[     46ms] [console.log] [DISPLAY] at load: viewport 915x412 dpr 3 -> canvas 2745x1236 aspect 2.2209 gpu-axis-limit 16384
[     47ms] [console.log] [TOUCH] enabled=true (?touch=1) maxTouchPoints=5
[     48ms] [console.log] [TOUCH] context 0 (menu no, cycle no) -> TAP=ENTER
[     48ms] [console.log] [TOUCH] orientation portrait=false (sized for portrait: false, boot held: false)
[     60ms] [console.error] WARNING: using emscripten GL emulation. This is a collection of limited workarounds, do not expect it to work.
[     61ms] [console.error] WARNING: using emscripten GL emulation unsafe opts. If weirdness happens, try -sGL_UNSAFE_OPTS=0
[     63ms] [console.log] [TOUCH] orientation portrait=false (sized for portrait: false, boot held: false)
[     68ms] [page] load event fired
[     69ms] [browser.error/network] Failed to load resource: the server responded with a status of 404 (File not found)   <- http://localhost:8006/favicon.ico
[    127ms] [console.log] [PERSIST] populate ok in 37ms
[    325ms] [console.log] [PERSIST] runtime initialized, starting the game
[    326ms] [console.log] [CAMERA] camera distance x0.5 written to /data/webdefaults/autoexec.cfg before main()
[    326ms] [console.log] [BOOT] main() HELD by ?autostart=0, waiting for AA_START()
[    811ms] [harness] eval (() => {  /* One frame = one flush/finish on the WebGL context. rSysDep::SwapGL calls     exactly one of the two per swap, chosen by swapMode_: the static default     is rSwap_glFlush, but sr_LoadDefaultConfig (rScreen.cpp) sets     rSwap_glFinish and welcome() (gArmagetron.cpp) runs it under st_FirstUse     -- and every harness run is a first-use boot (drive-browser.mjs makes a     fresh profile), so the client the harness measures swaps with glFinish,     a synchronous wait for the GPU. S.swaps counts each kind so the [PERF]     line says which fired instead of assuming. Per frame we keep: the     timestamp (taken BEFORE the swap call), the time spent INSIDE the swap     call (the GPU wait), the timestamp of the frame's first draw call, the     number of drawArrays/drawElements calls, and the bytes through     bufferData/bufferSubData. Draw calls and bytes are the direct measure of     "geometry re-submitted through the emulation this frame" (mechanism 1);     the first-draw timestamp lets report.js split a frame interval into     [end of previous swap -> first draw] (event-loop yield, input,     simulation) and [first draw -> swap] (render submission), so a frame that     gets slower in the first part while its draw calls stay flat is NOT the     renderer. */  /* THIS FILE IS ONE EXPRESSION WITH BLOCK COMMENTS ONLY: run-arm.sh strips     every newline to fit it into a single eval: step of drive-browser.mjs, so     a // comment would swallow the rest of the program. */  const N = 600000;  const S = { t: new Float64Array(N), wait: new Float32Array(N), first: new Float64Array(N),              draws: new Uint32Array(N), bytes: new Float64Array(N), n: 0,              swaps: { flush: 0, finish: 0 }, marks: [], shots: [], cur: { draws: 0, bytes: 0, first: 0 } };  window.__fps = S;  /* Screenshot bracket. Page.captureScreenshot spends real time on the page     and can put a hitch INTO a measured window; the driver's own     "[harness] screenshot" line is on the driver's clock, in the driver's     transcript, where report.js cannot see it. The template therefore wraps     every shot: step in eval:__fps.shot('name','begin') and     eval:__fps.shot('name','end'), on the page's clock, and report.js drops     the frames between the two (plus a pad) from every statistic. */  S.shot = (name, edge) => { S.shots.push([performance.now(), name, edge]); return 'shot ' + edge + ' ' + name; };  const wrap = (C) => {    if (!C) return; const P = C.prototype;    for (const m of ['flush', 'finish']) { const o = P[m]; if (!o) continue;      P[m] = function () {        const i = S.n, now = performance.now();        if (i < N) { S.t[i] = now; S.draws[i] = S.cur.draws; S.bytes[i] = S.cur.bytes; S.first[i] = S.cur.first; S.n = i + 1; }        S.swaps[m]++; S.cur.draws = 0; S.cur.bytes = 0; S.cur.first = 0;        const r = o.apply(this, arguments);        if (i < N) S.wait[i] = performance.now() - now;        return r; }; }    for (const m of ['drawArrays', 'drawElements']) { const o = P[m]; if (!o) continue;      P[m] = function () { if (!S.cur.first) S.cur.first = performance.now(); S.cur.draws++; return o.apply(this, arguments); }; }    for (const m of ['bufferData', 'bufferSubData']) { const o = P[m]; if (!o) continue;      P[m] = function () { const d = (m === 'bufferData') ? arguments[1] : arguments[2];        S.cur.bytes += (d && d.byteLength) ? d.byteLength : (typeof d === 'number' ? d : 0);        return o.apply(this, arguments); }; }  };  wrap(window.WebGLRenderingContext); wrap(window.WebGL2RenderingContext);  const cl = console.log.bind(console);  console.log = function () { const s = (arguments.length && typeof arguments[0] === 'string') ? arguments[0] : '';    if (s.indexOf('[L] ') === 0) S.marks.push([performance.now(), s]); return cl.apply(null, arguments); };  return 'sampler armed: frames, swap kind and wait, first draw, draw calls, buffer bytes, shot brackets';})() => "sampler armed: frames, swap kind and wait, first draw, draw calls, buffer bytes, shot brackets"
[    812ms] [harness] eval (()=>{const p='/data/webdefaults/autoexec.cfg';const cur=Module.FS.readFile(p,{encoding:'utf8'});const add='\n# perf arm fps30-r1\nMAX_FPS 1000\nSP_SIZE_FACTOR 6\nSP_NUM_AIS 7\nMAX_FPS 30\n';Module.FS.writeFile(p,cur+add);return 'autoexec.cfg patched: '+JSON.stringify(add)})() => "autoexec.cfg patched: \"\\n# perf arm fps30-r1\\nMAX_FPS 1000\\nSP_SIZE_FACTOR 6\\nSP_NUM_AIS 7\\nMAX_FPS 30\\n\""
[    813ms] [console.log] [BOOT] autostart: calling main
[    817ms] [console.error] Error: Error in tString GeneratePrefix() in src/tools/tDirectories.cpp:1380 : 
[    817ms] [console.error]  	Relocation error. The binary was supposed to be installed into /usr/local/bin and found itself in . and could not find out what this means for the prefix /usr/local.
[    818ms] [console.error] 
[    818ms] [console.log] Warning in void FindConfigurationPath() in src/tools/tDirectories.cpp:1465 : 
[    818ms] [console.log]  	Could not determine path to configuration files. Using defaults or command line arguments.
[    818ms] [console.log] 
[    946ms] [console.log] [L] ENCODING latin1
[    952ms] [console.log] Trying to start sound. Just restart Armagetron Advanced in case of crash.
[    954ms] [console.log] [SND] device opened: 22050 Hz, 2 ch, 16-bit, 1024 frames/callback (46.4 ms per callback, SOUND_BUFFER_SHIFT 1)
[    973ms] [console.error] WARNING: using emscripten GL immediate mode emulation. This is very limited in what it supports
[    976ms] [console.error] TODO: glShadeModel
[    980ms] [browser.warning/rendering] Canvas2D: Multiple readback operations using getImageData are faster with the willReadFrequently attribute set to true. See: https://html.spec.whatwg.org/multipage/canvas.html#concept-canvas-will-read-frequently   <- http://localhost:8006/armagetronad.js
[   1017ms] [harness] eval window.AA_START() => undefined
[   1018ms] [harness] until 1x <<[BOOT] autostart>> (timeout 90000ms, have 1)
[   1018ms] [harness] until SATISFIED: saw 1x <<[BOOT] autostart>>
[   1019ms] [browser.warning/other] The AudioContext was not allowed to start. It must be resumed (or created) after a user gesture on the page. https://developer.chrome.com/blog/autoplay/#web_audio   <- http://localhost:8006/armagetronad.js
[   1019ms] [browser.warning/other] The AudioContext was not allowed to start. It must be resumed (or created) after a user gesture on the page. https://developer.chrome.com/blog/autoplay/#web_audio   <- http://localhost:8006/armagetronad.js
[   1020ms] [browser.warning/other] The AudioContext was not allowed to start. It must be resumed (or created) after a user gesture on the page. https://developer.chrome.com/blog/autoplay/#web_audio   <- http://localhost:8006/armagetronad.js
[   1020ms] [browser.warning/other] The AudioContext was not allowed to start. It must be resumed (or created) after a user gesture on the page. https://developer.chrome.com/blog/autoplay/#web_audio   <- http://localhost:8006/armagetronad.js
[   1020ms] [browser.warning/other] The AudioContext was not allowed to start. It must be resumed (or created) after a user gesture on the page. https://developer.chrome.com/blog/autoplay/#web_audio   <- http://localhost:8006/armagetronad.js
[   1051ms] [console.log] [TOUCH] context 1 (menu yes, cycle no) -> TAP=ENTER
[  10025ms] [browser.warning/other] The AudioContext was not allowed to start. It must be resumed (or created) after a user gesture on the page. https://developer.chrome.com/blog/autoplay/#web_audio   <- http://localhost:8006/armagetronad.js
[  10091ms] [harness] tap #tapzone at 458,206 (1/1)
[  10102ms] [console.log] [PERSISTSAVE] menu-leave n=1
[  13467ms] [harness] tap #tapzone at 458,206 (1/1)
[  13508ms] [console.log] [PERSISTSAVE] menu-leave n=2
[  13548ms] [console.log] [TOUCH] context 0 (menu no, cycle no) -> TAP=ENTER
[  17342ms] [console.log] [L] PLAYER_ENTERED web_user  web_user
[  17343ms] [console.log] [L] TEAM_CREATED web_user
[  17344ms] [console.log] [L] TEAM_PLAYER_ADDED web_user web_user
[  17345ms] [console.log] [WAV] loaded /data/sound/expl.wav: 11937 bytes, 8-bit mono @ 11025 Hz (fopen misses so far: 1)
[  17347ms] [console.log] [L] ROUND_SCORE_TEAM 0 web_user
[  17348ms] [console.log] [L] NEW_ROUND 2026-09-03 23:10:46 UTC+0200
[  17365ms] [console.log] [L] TEAM_CREATED ai_team
[  17366ms] [console.log] [L] TEAM_PLAYER_ADDED ai_team word
[  17366ms] [console.log] [L] TEAM_PLAYER_ADDED ai_team excel
[  17366ms] [console.log] [L] TEAM_PLAYER_ADDED ai_team notepad
[  17367ms] [console.log] [L] TEAM_PLAYER_ADDED ai_team gcc
[  17367ms] [console.log] [WAV] loaded /data/sound/cyclrun.wav: 40403 bytes, 8-bit mono @ 22050 Hz (fopen misses so far: 2)
[  17388ms] [harness] tap #tapzone at 458,206 (1/1)
[  17389ms] [console.log] [TOUCH] context 2 (menu no, cycle alive) -> STEERING
[  17390ms] [console.log] [WAV] loaded /data/sound/expl.wav: 11937 bytes, 8-bit mono @ 11025 Hz (fopen misses so far: 2)
[  17390ms] [console.log] [WAV] retiring a voice on moviesounds/intro.wav: loaded but zero samples
[  17390ms] [console.log] [SND] live voices peaked at 11 (SOUND_SOURCES 10, loudness_thresh 0.0000)
[  17662ms] [browser.error/network] Failed to load resource: the server responded with a status of 404 (File not found)   <- http://localhost:8006/favicon.ico
[  19692ms] [harness] until 1x <<[L] NEW_ROUND>> (timeout 120000ms, have 1)
[  19693ms] [harness] until SATISFIED: saw 1x <<[L] NEW_ROUND>>
[  19693ms] [harness] === ROUND-1-SETUP-NOT-MEASURED ===
[  22731ms] [console.log] [WAV] loaded /data/sound/expl.wav: 11937 bytes, 8-bit mono @ 11025 Hz (fopen misses so far: 3)
[  22735ms] [harness] key Right (1/1)
[  23072ms] [harness] key Left (1/1)
[  24876ms] [harness] eval __fps.shot('r1-after-tutorial-keys','begin') => "shot begin r1-after-tutorial-keys"
[  25041ms] [harness] screenshot -> docs/evidence/m6-lag/task4-levers/fps30-r1/r1-after-tutorial-keys.png
[  25042ms] [harness] eval __fps.shot('r1-after-tutorial-keys','end') => "shot end r1-after-tutorial-keys"
[  25042ms] [harness] CPU throttling rate 6x
[  25042ms] [harness] === THROTTLE-ON ===
[  25042ms] [harness] until 2x <<[L] NEW_ROUND>> (timeout 260000ms, have 1)
[  63476ms] [console.log] [L] DEATH_FRAG web_user gcc
[  63487ms] [console.log] [WAV] loaded /data/sound/expl.wav: 11937 bytes, 8-bit mono @ 11025 Hz (fopen misses so far: 4)
[  63562ms] [console.log] [TOUCH] context 0 (menu no, cycle no) -> TAP=ENTER
[  65448ms] [console.log] [L] ROUND_WINNER ai_team gcc notepad excel word
[  69601ms] [console.log] [L] ROUND_SCORE -2 web_user web_user
[  69604ms] [console.log] [L] ROUND_SCORE_TEAM -2 web_user
[  69605ms] [console.log] [L] NEW_ROUND 2026-09-03 23:11:39 UTC+0200
[  69624ms] [console.log] [L] TEAM_PLAYER_ADDED ai_team outlook
[  69627ms] [console.log] [L] TEAM_PLAYER_ADDED ai_team latex
[  69628ms] [console.log] [L] TEAM_PLAYER_ADDED ai_team gdb
[  69649ms] [console.log] [SND] live voices peaked at 16 (SOUND_SOURCES 10, loudness_thresh 0.0110)
[  69650ms] [console.log] [SND] voice limiter STARTED cutting: 16 live voices, SOUND_SOURCES 10, loudness_thresh 0.0110
[  69679ms] [harness] until SATISFIED: saw 2x <<[L] NEW_ROUND>>
[  69679ms] [harness] === ROUND-2-MEASURED ===
[  69797ms] [console.log] [TOUCH] context 2 (menu no, cycle alive) -> STEERING
[  70095ms] [console.log] [SND] voice limiter stopped cutting: 4 live voices, SOUND_SOURCES 10, loudness_thresh 0.0000
[  70154ms] [console.log] [SND] voice limiter STARTED cutting: 15 live voices, SOUND_SOURCES 10, loudness_thresh 0.0110
[  70610ms] [console.log] [SND] voice limiter stopped cutting: 4 live voices, SOUND_SOURCES 10, loudness_thresh 0.0000
[  70642ms] [console.log] [SND] voice limiter STARTED cutting: 15 live voices, SOUND_SOURCES 10, loudness_thresh 0.0110
[  71110ms] [console.log] [SND] voice limiter stopped cutting: 4 live voices, SOUND_SOURCES 10, loudness_thresh 0.0000
[  71156ms] [console.log] [SND] voice limiter STARTED cutting: 14 live voices, SOUND_SOURCES 10, loudness_thresh 0.0010
[  71213ms] [console.log] [SND] voice limiter stopped cutting: 5 live voices, SOUND_SOURCES 10, loudness_thresh 0.0000
[  71256ms] [console.log] [SND] voice limiter STARTED cutting: 14 live voices, SOUND_SOURCES 10, loudness_thresh 0.0010
[  71310ms] [console.log] [SND] voice limiter stopped cutting: 5 live voices, SOUND_SOURCES 10, loudness_thresh 0.0000
[  71346ms] [console.log] [SND] voice limiter STARTED cutting: 14 live voices, SOUND_SOURCES 10, loudness_thresh 0.0010
[  71390ms] [console.log] [SND] voice limiter stopped cutting: 5 live voices, SOUND_SOURCES 10, loudness_thresh 0.0000
[  75685ms] [harness] eval __fps.shot('r2-06s','begin') => "shot begin r2-06s"
[  75840ms] [harness] screenshot -> docs/evidence/m6-lag/task4-levers/fps30-r1/r2-06s.png
[  75852ms] [harness] eval __fps.shot('r2-06s','end') => "shot end r2-06s"
[  99862ms] [harness] eval __fps.shot('r2-30s','begin') => "shot begin r2-30s"
[ 100023ms] [harness] screenshot -> docs/evidence/m6-lag/task4-levers/fps30-r1/r2-30s.png
[ 100034ms] [harness] eval __fps.shot('r2-30s','end') => "shot end r2-30s"
[ 115065ms] [console.log] [SND] voice limiter STARTED cutting: 12 live voices, SOUND_SOURCES 10, loudness_thresh 0.0010
[ 116678ms] [console.log] [SND] voice limiter stopped cutting: 8 live voices, SOUND_SOURCES 10, loudness_thresh 0.0000
[ 120036ms] [harness] eval __fps.shot('r2-50s','begin') => "shot begin r2-50s"
[ 120233ms] [harness] screenshot -> docs/evidence/m6-lag/task4-levers/fps30-r1/r2-50s.png
[ 120255ms] [harness] eval __fps.shot('r2-50s','end') => "shot end r2-50s"
[ 120255ms] [harness] until 3x <<[L] NEW_ROUND>> (timeout 260000ms, have 2)
[ 128362ms] [console.log] [SND] voice limiter STARTED cutting: 12 live voices, SOUND_SOURCES 10, loudness_thresh 0.0010
[ 128719ms] [console.log] [L] DEATH_FRAG web_user notepad
[ 128806ms] [console.log] [TOUCH] context 0 (menu no, cycle no) -> TAP=ENTER
[ 129924ms] [console.log] [SND] voice limiter stopped cutting: 7 live voices, SOUND_SOURCES 10, loudness_thresh 0.0000
[ 130553ms] [console.log] [L] ROUND_WINNER ai_team gdb latex outlook gcc notepad excel word
[ 134643ms] [console.log] [L] ROUND_SCORE -2 web_user web_user
[ 134644ms] [console.log] [L] ROUND_SCORE_TEAM -2 web_user
[ 134646ms] [console.log] [L] NEW_ROUND 2026-09-03 23:12:44 UTC+0200
[ 134656ms] [harness] until SATISFIED: saw 3x <<[L] NEW_ROUND>>
[ 134656ms] [harness] === ROUND-3-MEASURED ===
[ 134797ms] [console.log] [TOUCH] context 2 (menu no, cycle alive) -> STEERING
[ 140668ms] [harness] eval __fps.shot('r3-06s','begin') => "shot begin r3-06s"
[ 140793ms] [harness] screenshot -> docs/evidence/m6-lag/task4-levers/fps30-r1/r3-06s.png
[ 140802ms] [harness] eval __fps.shot('r3-06s','end') => "shot end r3-06s"
[ 164816ms] [harness] eval __fps.shot('r3-30s','begin') => "shot begin r3-30s"
[ 164974ms] [harness] screenshot -> docs/evidence/m6-lag/task4-levers/fps30-r1/r3-30s.png
[ 164987ms] [harness] eval __fps.shot('r3-30s','end') => "shot end r3-30s"
[ 184988ms] [harness] eval __fps.shot('r3-50s','begin') => "shot begin r3-50s"
[ 185193ms] [harness] screenshot -> docs/evidence/m6-lag/task4-levers/fps30-r1/r3-50s.png
[ 185197ms] [harness] eval __fps.shot('r3-50s','end') => "shot end r3-50s"
[ 185197ms] [harness] until 3x <<[L] ROUND_WINNER>> (timeout 260000ms, have 2)
[ 193745ms] [console.log] [L] DEATH_FRAG web_user notepad
[ 193793ms] [console.log] [TOUCH] context 0 (menu no, cycle no) -> TAP=ENTER
[ 194931ms] [console.log] [L] ROUND_WINNER ai_team gdb latex outlook gcc notepad excel word
[ 194972ms] [harness] until SATISFIED: saw 3x <<[L] ROUND_WINNER>>
[ 194973ms] [harness] === MATCH-OVER ===
[ 196064ms] [harness] eval (() => {  /* ONE EXPRESSION, BLOCK COMMENTS ONLY: run-arm.sh strips newlines to make     this a single eval: step (see sampler.js). fps30-r1 and 6 are     substituted by run-arm.sh. The object this prints after "[PERF] <arm> " is     the schema Tasks 2-4 read; web/tools/perf/README.md documents it. */  const S = window.__fps, n = S.n;  const PAD_BEFORE = 100, PAD_AFTER = 250;  const marks = (p) => S.marks.filter(m => m[1].indexOf(p) === 0);  const nr = marks('[L] NEW_ROUND').map(m => m[0]);  const rw = marks('[L] ROUND_WINNER').map(m => m[0]);  /* The human is the first PLAYER_ENTERED name; the AIs never enter that way.     A DEATH_* line names its victim first, so the human's deaths are the     DEATH_ marks whose first name is that one. */  const pe = marks('[L] PLAYER_ENTERED ');  const human = pe.length ? pe[0][1].split(/\s+/)[2] : 'web_user';  const deaths = S.marks.filter(m => /^\[L\] DEATH_\w+ /.test(m[1]) && m[1].split(/\s+/)[2] === human).map(m => m[0]);  /* Screenshot exclusions: [begin - PAD_BEFORE, end + PAD_AFTER] for every     bracketed shot (sampler.js S.shot); a begin with no end -- the driver died     mid-shot -- excludes two seconds. */  const ex = []; const open = {};  for (const [t, name, edge] of S.shots) {    if (edge === 'begin') open[name] = t;    else if (edge === 'end' && open[name] != null) { ex.push({ a: open[name] - PAD_BEFORE, b: t + PAD_AFTER, name: name, dur: t - open[name] }); delete open[name]; } }  for (const name in open) ex.push({ a: open[name] - PAD_BEFORE, b: open[name] + 2000, name: name, dur: null });  const excluded = (t) => ex.some(e => t >= e.a && t <= e.b);  const q = (a, p) => { if (!a.length) return null; const s = a.slice().sort((x, y) => x - y);    return s[Math.min(s.length - 1, Math.max(0, Math.round(p * (s.length - 1))))]; };  const r2 = (x) => (x == null) ? null : Math.round(x * 100) / 100;  /* A window's statistics use only frames outside every exclusion, and only     deltas between frames that were ADJACENT samples, so a gap that straddles     an exclusion is never counted as a frame time. raw_ms_max ignores the     exclusions on purpose: it is where a screenshot hitch stays visible, so a     reader can see what was excluded and that it did not leak into ms_p50.     Each frame interval t[i]-t[p] (p the previous sample) is also split into     the three parts the sampler timestamps: ms_in_swap = the previous swap     call itself (p50, p90 and max: if glFinish waited for the GPU it would     show here, and the first measured run read 0 in every window -- so the     tail is reported too), ms_to_first_draw = from that     call's return to this frame's first draw call (the emscripten_sleep(0)     yield, input, the simulation, render setup), ms_first_draw_to_swap = from     the first draw call to this frame's swap call (render submission). */  const win = (t0, t1) => {    const ix = []; let dropped = 0, rawMax = 0, prev = -1;    for (let i = 0; i < n; i++) { const t = S.t[i]; if (t < t0 || t > t1) continue;      if (prev >= 0) rawMax = Math.max(rawMax, t - S.t[prev]); prev = i;      if (excluded(t)) dropped++; else ix.push(i); }    const d = [], sw = [], pre = [], ren = []; let dr = 0, by = 0;    for (let k = 1; k < ix.length; k++) if (ix[k] === ix[k - 1] + 1) { const i = ix[k], p = ix[k - 1];      d.push(S.t[i] - S.t[p]); sw.push(S.wait[p]);      if (S.first[i] > 0) { pre.push(S.first[i] - (S.t[p] + S.wait[p])); ren.push(S.t[i] - S.first[i]); } }    for (const i of ix) { dr += S.draws[i]; by += S.bytes[i]; }    const f = ix.length || 1;    let exms = 0; for (const e of ex) exms += Math.max(0, Math.min(t1, e.b) - Math.max(t0, e.a));    const span = Math.max(1, (t1 - t0) - exms);    return { frames: ix.length, frames_excluded: dropped, ms_p50: r2(q(d, .5)), ms_p90: r2(q(d, .9)),             fps: r2(ix.length / (span / 1000)), draws_per_frame: r2(dr / f),             kb_per_frame: r2(by / f / 1024), hitches_over_50ms: d.filter(x => x > 50).length,             raw_ms_max: r2(rawMax), ms_in_swap_p50: r2(q(sw, .5)), ms_in_swap_p90: r2(q(sw, .9)), ms_in_swap_max: r2(q(sw, 1)),             ms_to_first_draw_p50: r2(q(pre, .5)), ms_first_draw_to_swap_p50: r2(q(ren, .5)) }; };  const perSec = (t0, t1) => { const ms = [], dr = [], mx = [], pre = [], ren = [];    for (let k = 0; k * 1000 < t1 - t0; k++) { const w = win(t0 + k * 1000, Math.min(t1, t0 + (k + 1) * 1000));      ms.push(w.ms_p50); dr.push(w.draws_per_frame); mx.push(w.raw_ms_max); pre.push(w.ms_to_first_draw_p50); ren.push(w.ms_first_draw_to_swap_p50); }    return { ms_p50: ms, draws_per_frame: dr, raw_ms_max: mx, ms_to_first_draw_p50: pre, ms_first_draw_to_swap_p50: ren }; };  /* Pre-round frames. For the first half second of game time after a round     starts (gGame.cpp GameLoop, the gtime <= -PREPARE_TIME + .5 branch) the     game clears the screen and swaps WITHOUT calling Render: overlay only, no     arena, a handful of draw calls at a fraction of a world frame's cost.     They sit right after NEW_ROUND and would otherwise fill the early window     with frames that have no geometry in them. They are found by their draw     count: the threshold is halfway between the fewest draws of any frame in     the round's first two seconds (an overlay-only frame) and the median of     its second second (world frames); the measured span starts at the first     frame after the last frame under the threshold. The frame that straddles     NEW_ROUND itself (drawn mostly before it) is above the threshold and is     left out of both. */  const preRound = (t0) => {    const a = [], b = [];    for (let i = 0; i < n; i++) { const t = S.t[i]; if (t < t0) continue; if (t >= t0 + 2000) break; a.push(i); if (t >= t0 + 1000) b.push(S.draws[i]); }    const none = { start: t0, stats: { frames: 0, ms_p50: null, draws_per_frame: null, span_ms: 0, split_at_draws: null } };    if (!a.length) return none;    let lo = Infinity; for (const i of a) lo = Math.min(lo, S.draws[i]);    const med = q(b, .5); if (med == null || !(med > lo)) return none;    const thr = (lo + med) / 2; const ov = a.filter(i => S.draws[i] <= thr);    if (!ov.length) return none;    const last = ov[ov.length - 1]; const d = []; let dr = 0;    for (let k = 1; k < ov.length; k++) if (ov[k] === ov[k - 1] + 1) d.push(S.t[ov[k]] - S.t[ov[k - 1]]);    for (const i of ov) dr += S.draws[i];    return { start: (last + 1 < n) ? S.t[last + 1] : t0,             stats: { frames: ov.length, ms_p50: r2(q(d, .5)), draws_per_frame: r2(dr / ov.length),                      span_ms: r2(S.t[last] - S.t[ov[0]]), split_at_draws: r2(thr) } }; };  /* A round is closed by its ROUND_WINNER mark when one is written; a     winnerless round -- a lone cycle with no AI (gGame.cpp Analysis: a winner     needs more than one team) -- writes none and ends when the next NEW_ROUND     starts, and a round still running when this report runs closes here. For     a transcript where every round has its ROUND_WINNER before the next     NEW_ROUND (every base arm), this pairs exactly as nr[i]/rw[i] did. */  const rounds = [];  const tReport = performance.now();  for (let i = 0; i < nr.length; i++) {    const t0 = nr[i], next = (i + 1 < nr.length) ? nr[i + 1] : Infinity;    const won = rw.find(t => t > t0 && t < next);    const t1 = won != null ? won : (next < Infinity ? next : tReport);    const closedBy = won != null ? 'round_winner' : (next < Infinity ? 'next_round' : 'report');    const len = (t1 - t0) / 1000; if (len < 8) continue;    /* The measured span runs from the first world frame to the human's death       when the human dies before ROUND_WINNER (after it the camera shows an       explosion and the AIs' endgame, which is not what the maintainer       plays), else to ROUND_WINNER. */    const death = deaths.find(t => t > t0 && t < t1); const te = death != null ? death : t1;    const pr = preRound(t0); const ts = pr.start;    const e = win(ts, ts + 5000), l = win(te - 5000, te), all = win(ts, te);    const shots = ex.filter(x => x.a >= t0 && x.a <= t1).map(x => ({ name: x.name, at_s: r2((x.a + PAD_BEFORE - t0) / 1000), dur_ms: r2(x.dur) }));    rounds.push({ round: i + 1, length_s: r2(len), closed_by: closedBy,      measured_from_s: r2((ts - t0) / 1000), measured_to_s: r2((te - t0) / 1000),      human_death_s: death != null ? r2((death - t0) / 1000) : null, ends_at: death != null ? 'human_death' : 'round_winner',      pre_round: pr.stats, early_5s: e, late_5s: l,      ratio_ms: e.ms_p50 ? r2(l.ms_p50 / e.ms_p50) : null,      ratio_draws: e.draws_per_frame ? r2(l.draws_per_frame / e.draws_per_frame) : null,      hitches_over_50ms: all.hitches_over_50ms, frames: all.frames, frames_excluded: all.frames_excluded,      raw_ms_max: all.raw_ms_max, shots: shots, per_second: perSec(t0, t1) }); }  return '[PERF] fps30-r1 ' + JSON.stringify({ arm: 'fps30-r1', cpu_rate: 6, frames: n, human: human,    swaps: S.swaps, rounds_started: nr.length, rounds_won: rw.length,    shots_bracketed: ex.filter(x => x.dur != null).length, shot_pad_ms: [PAD_BEFORE, PAD_AFTER], rounds });})() => "[PERF] fps30-r1 {\"arm\":\"fps30-r1\",\"cpu_rate\":6,\"frames\":5763,\"human\":\"web_user\",\"swaps\":{\"flush\":0,\"finish\":5763},\"rounds_started\":3,\"rounds_won\":3,\"shots_bracketed\":7,\"shot_pad_ms\":[100,250],\"rounds\":[{\"round\":1,\"length_s\":48.1,\"closed_by\":\"round_winner\",\"measured_from_s\":0.57,\"measured_to_s\":46.13,\"human_death_s\":46.13,\"ends_at\":\"human_death\",\"pre_round\":{\"frames\":16,\"ms_p50\":33.3,\"draws_per_frame\":19.31,\"span_ms\":472.8,\"split_at_draws\":40},\"early_5s\":{\"frames\":151,\"frames_excluded\":0,\"ms_p50\":33.4,\"ms_p90\":35,\"fps\":30.2,\"draws_per_frame\":79,\"kb_per_frame\":121.12,\"hitches_over_50ms\":0,\"raw_ms_max\":38.6,\"ms_in_swap_p50\":0,\"ms_in_swap_p90\":0.1,\"ms_in_swap_max\":0.1,\"ms_to_first_draw_p50\":30.6,\"ms_first_draw_to_swap_p50\":2.5},\"late_5s\":{\"frames\":150,\"frames_excluded\":0,\"ms_p50\":33.2,\"ms_p90\":36.1,\"fps\":30,\"draws_per_frame\":83.65,\"kb_per_frame\":120.81,\"hitches_over_50ms\":0,\"raw_ms_max\":40.9,\"ms_in_swap_p50\":0,\"ms_in_swap_p90\":0.1,\"ms_in_swap_max\":1.2,\"ms_to_first_draw_p50\":20.2,\"ms_first_draw_to_swap_p50\":13.1},\"ratio_ms\":0.99,\"ratio_draws\":1.06,\"hitches_over_50ms\":0,\"frames\":1352,\"frames_excluded\":15,\"raw_ms_max\":50.8,\"shots\":[{\"name\":\"r1-after-tutorial-keys\",\"at_s\":7.53,\"dur_ms\":165.8}],\"per_second\":{\"ms_p50\":[33.3,33.2,33.4,33.2,33.7,32.6,33,33.3,33.1,33.3,33.3,33.1,33.5,33.3,33.4,33.2,33.5,33.2,33.3,33.5,33.1,33.1,33.2,33.3,33,33.5,33.2,33.7,33,33.6,33.3,33.3,33.1,33.2,33,33.4,33.4,33.3,33.3,33.2,33,33.2,33.1,33.1,33.2,33.3,32.8,33.6,34.7],\"draws_per_frame\":[38.77,61,80.03,80,92.77,98.07,95.2,95,91.4,91,88.23,87,86.17,86,85.17,85,85,85,85,85,85,85,85,85,85,85,85,85,85,85,85.47,87,83.8,83,83,83,83,83,83,83,83,83,83,83,83,85.13,89.59,89.73,90],\"raw_ms_max\":[54,35.4,36.9,35.7,38.6,38.5,36.8,50.8,37.3,37.3,39.3,36.9,37.8,40.1,37,36.9,37.2,36.4,36.6,39.1,36.9,35.2,38.1,39.8,37.7,38.3,36.9,36.6,36.6,37.1,39.9,37.9,38.3,36.9,36.1,37.8,37.4,38.1,35.9,35.9,36.9,38.1,37.3,38.5,36.9,38.4,51.6,38.6,34.7],\"ms_to_first_draw_p50\":[32.2,31.5,30.4,30.4,30,29,29.2,28.6,19,20.6,20.2,20.7,20.5,21.6,21.5,21,21.3,21.1,21.4,21.2,20.7,20,21.6,21.3,21.1,19.8,20.6,21.3,21,20.4,21.2,21.3,20.7,20.3,21.9,22.2,22.4,22.1,22,21.5,20.6,19.9,20.4,19,21,20.4,21.2,21.9,23.4],\"ms_first_draw_to_swap_p50\":[0.7,1.7,2.5,2.3,3.5,3.5,4.3,4,14,13.3,12.2,12.5,12.6,12.1,11.8,12.5,12.3,12,12.1,12.2,12.5,12.8,11.2,11.7,12.6,13.1,12.4,12.2,11.9,13,12,12.5,12.2,12.8,11,11.5,11,10.9,11.1,11.8,12.6,13.1,12.6,13.9,12.6,13.1,12.1,11.3,11.3]}},{\"round\":2,\"length_s\":60.95,\"closed_by\":\"round_winner\",\"measured_from_s\":0.57,\"measured_to_s\":59.11,\"human_death_s\":59.11,\"ends_at\":\"human_death\",\"pre_round\":{\"frames\":16,\"ms_p50\":33.3,\"draws_per_frame\":15.44,\"span_ms\":476.6,\"split_at_draws\":45},\"early_5s\":{\"frames\":150,\"frames_excluded\":0,\"ms_p50\":33.4,\"ms_p90\":36.2,\"fps\":30,\"draws_per_frame\":96.58,\"kb_per_frame\":181.1,\"hitches_over_50ms\":0,\"raw_ms_max\":39.7,\"ms_in_swap_p50\":0,\"ms_in_swap_p90\":0,\"ms_in_swap_max\":1.2,\"ms_to_first_draw_p50\":16.1,\"ms_first_draw_to_swap_p50\":17.3},\"late_5s\":{\"frames\":146,\"frames_excluded\":0,\"ms_p50\":33.5,\"ms_p90\":40.1,\"fps\":29.2,\"draws_per_frame\":113.82,\"kb_per_frame\":179.36,\"hitches_over_50ms\":2,\"raw_ms_max\":54,\"ms_in_swap_p50\":0,\"ms_in_swap_p90\":0.1,\"ms_in_swap_max\":1.3,\"ms_to_first_draw_p50\":16.8,\"ms_first_draw_to_swap_p50\":16.6},\"ratio_ms\":1,\"ratio_draws\":1.18,\"hitches_over_50ms\":10,\"frames\":1684,\"frames_excluded\":47,\"raw_ms_max\":93.9,\"shots\":[{\"name\":\"r2-06s\",\"at_s\":6.08,\"dur_ms\":166.8},{\"name\":\"r2-30s\",\"at_s\":30.26,\"dur_ms\":172.5},{\"name\":\"r2-50s\",\"at_s\":50.43,\"dur_ms\":218.3}],\"per_second\":{\"ms_p50\":[33.3,33,33.7,33.4,33.4,33.6,33.3,33.3,33.5,33.6,33.3,33.9,33.1,33.2,33.6,33.5,33.8,34,33.6,32.8,33.7,33.8,33.7,33.6,33.3,33.8,33,33.8,32.9,32.6,33.5,34.6,33.9,34.1,34.2,33.6,32.7,33.9,33.2,33.3,33.8,34.1,33.7,33.2,33,33.3,34.8,35.7,33.7,34.3,37,34.2,34.5,34.4,35.7,33.2,33.5,32.8,33.4,33.1,33.8],\"draws_per_frame\":[42.77,75,94.03,94,118.45,122.1,117,117,114.3,114,111.3,111,108.3,108,107.1,107,107,107,107,107,107,107,107,107,107,107,107,107,107,107,107,107,107,107,107,107,107,107,107,107,107,107,107,107,107,109.59,107,108,109,109,109,109,110.03,111,111,111,112.67,114.87,118.14,118.76,119.68],\"raw_ms_max\":[49.7,37.9,36.6,39.7,36.4,38,39.7,37.9,37.6,39.4,36.4,44.6,39.7,38.6,39.1,40.7,38.3,39.2,40.2,39.7,37.4,38.7,37.6,37,37.8,38.9,37.9,37.4,40.4,38.3,39.2,37.5,41.8,48.4,38.8,39.9,42.2,47,38.3,36.9,38.6,39.6,36.3,39,36.2,93.9,56.9,60.7,52,57.6,56.1,61.8,47.4,49.8,53.2,41.9,42.9,40.1,54,51.3,46.2],\"ms_to_first_draw_p50\":[29,17.1,16.2,16.2,15.3,13.6,13,14.7,15.3,15.6,14.8,14,13.6,14,14.7,14.1,13.9,13.8,12.7,13.6,13.6,14.5,14.6,15.3,13.8,13.5,15.3,14.2,14.2,15.4,13.5,12.3,13.9,12.9,13,13.2,15.1,15.1,14.6,14.7,12.6,14.1,15,13.4,15.9,16,17.5,16.3,16.3,16.3,16.9,15.1,16.7,17.2,18,16.1,17.6,15.8,17.5,17.3,18],\"ms_first_draw_to_swap_p50\":[3.1,15.9,17.4,17.5,18.5,19.9,21,18.4,18.1,18.3,18.9,19.8,19.3,19.6,19.1,18.9,19.8,19.2,20.7,19.6,19.6,18.5,19.1,18.8,19.2,19.4,17.8,18.6,18.3,17.4,19.7,22.7,19.2,21.4,20.9,21.4,18.4,19,18.3,19.2,21.1,20.8,18.1,19.4,17.1,17.6,17.3,18.5,17.2,18.6,17.2,18.7,17.1,17.1,17.8,17,15.7,17.2,16.3,15.8,15.5]}},{\"round\":3,\"length_s\":60.3,\"closed_by\":\"round_winner\",\"measured_from_s\":0.55,\"measured_to_s\":59.12,\"human_death_s\":59.12,\"ends_at\":\"human_death\",\"pre_round\":{\"frames\":16,\"ms_p50\":33.1,\"draws_per_frame\":11.31,\"span_ms\":475.6,\"split_at_draws\":41},\"early_5s\":{\"frames\":150,\"frames_excluded\":0,\"ms_p50\":33.4,\"ms_p90\":35.2,\"fps\":30,\"draws_per_frame\":91.63,\"kb_per_frame\":184.24,\"hitches_over_50ms\":0,\"raw_ms_max\":39.4,\"ms_in_swap_p50\":0,\"ms_in_swap_p90\":0.1,\"ms_in_swap_max\":1.2,\"ms_to_first_draw_p50\":17.8,\"ms_first_draw_to_swap_p50\":15.5},\"late_5s\":{\"frames\":140,\"frames_excluded\":0,\"ms_p50\":34.6,\"ms_p90\":42.8,\"fps\":28,\"draws_per_frame\":248.97,\"kb_per_frame\":234.83,\"hitches_over_50ms\":2,\"raw_ms_max\":59.8,\"ms_in_swap_p50\":0,\"ms_in_swap_p90\":0.1,\"ms_in_swap_max\":1.2,\"ms_to_first_draw_p50\":13.5,\"ms_first_draw_to_swap_p50\":21},\"ratio_ms\":1.04,\"ratio_draws\":2.72,\"hitches_over_50ms\":15,\"frames\":1664,\"frames_excluded\":42,\"raw_ms_max\":87.8,\"shots\":[{\"name\":\"r3-06s\",\"at_s\":6.02,\"dur_ms\":133.6},{\"name\":\"r3-30s\",\"at_s\":30.17,\"dur_ms\":171.4},{\"name\":\"r3-50s\",\"at_s\":50.36,\"dur_ms\":209.7}],\"per_second\":{\"ms_p50\":[33.2,33.2,33.2,33.2,33.5,33.3,33,32.9,33.4,33.6,33,33.3,33,33.4,33.1,33.3,33.5,33.1,32.7,33.5,33.3,33.3,33.5,33.6,33.4,33.1,33.2,33.9,33.9,33.6,33.3,33.3,33.5,33.3,33.8,33.1,33.6,33.1,33.3,33.2,33.4,33.7,33.6,33.5,33,33.7,35.7,37.7,38.7,39.5,37.5,38.8,36,37.5,39.1,35.7,34.6,33.2,33.7,32.6,32.4],\"draws_per_frame\":[38.7,70.97,88.4,89,113.13,117,111,111,110.13,110,109.17,109,108.2,108,107.23,107,107,107,107,107,107,107,107,107,107,107,107,107,107,107,107,107,107,107,107,107,107,107,107,107,107,107,107,107,107,126.11,221,327.08,404.68,442.13,394.09,328.44,309.22,311.92,317.38,311.89,266,215.33,165.52,123.97,118.75],\"raw_ms_max\":[45.3,36.9,36.2,39.4,36.7,36.4,36.3,36.9,37.6,36.7,37.7,36.4,37.8,36.3,39.5,36.6,35.4,35.6,37.5,41.4,38.7,37.7,37.1,44,38.5,36,36.7,38,37.4,43.5,39.4,36.9,40.8,36.1,37.9,38.8,36.4,36.3,36.1,37.6,37.5,36.8,36.2,37.9,38.8,77.3,67.5,66,54.4,64.4,61.2,57.4,55.4,67.7,52.3,48.5,44.4,43.1,59.8,41.2,43.6],\"ms_to_first_draw_p50\":[30.5,18.9,17.6,17.6,16.5,17.1,17.3,17.3,17.2,16.8,18.2,17.1,17,17.5,17.6,17.6,18,17.4,17,16.5,17.2,17.9,16.5,17.6,17.7,17,17.6,17.4,15.1,15.7,14.6,13.9,15.8,16.4,16.9,17,17,16.2,17,16.8,16.8,17.4,16.7,17.2,17.6,17.3,17.4,14.9,14.1,13.4,13.1,13.6,13,13,13.5,13.1,13.1,14.1,16.6,16.5,17.8],\"ms_first_draw_to_swap_p50\":[1.6,14.2,15.8,15.5,17,16.5,15.7,16,15.8,15.8,15.3,15.9,16.4,16.1,15.8,15.8,15.7,15.9,16.1,17.1,16.1,15.8,17.1,15.7,15.3,15.8,15.4,15.7,17.7,17.5,18.8,19.5,17.7,16.8,16.8,16.8,16.8,17.1,16.1,16.4,16.5,16.1,16.3,16.2,15.5,16.6,18.9,22.8,25.2,26,25.8,24.5,22.9,23.5,23.5,22.9,22.6,18.9,17.9,15.5,14.6]}}]}"
