[    715ms] [harness] mobile emulation: 915x412 CSS px dpr 3 (= 2745x1236 device px), touch on
[    717ms] [harness] chrome: Chrome/152.0.7977.77
[    717ms] [harness] navigating to http://localhost:8007/armagetronad.html
[     27ms] [console.log] [DISPLAY] at load: viewport 915x412 dpr 3 -> canvas 2745x1236 aspect 2.2209 gpu-axis-limit 16384
[     28ms] [console.log] [TOUCH] enabled=true (media query -> true) maxTouchPoints=5
[     28ms] [console.log] [TOUCH] context 0 (menu no, cycle no) -> TAP=ENTER
[     28ms] [console.log] [TOUCH] play in portrait: false (localStorage aa.portrait)
[     29ms] [console.log] [TOUCH] orientation portrait=false (sized for portrait: false, boot held: false, play in portrait: false)
[     36ms] [console.error] WARNING: using emscripten GL emulation. This is a collection of limited workarounds, do not expect it to work.
[     37ms] [console.error] WARNING: using emscripten GL emulation unsafe opts. If weirdness happens, try -sGL_UNSAFE_OPTS=0
[     37ms] [console.log] [TOUCH] orientation portrait=false (sized for portrait: false, boot held: false, play in portrait: false)
[     42ms] [page] load event fired
[     44ms] [browser.error/network] Failed to load resource: the server responded with a status of 404 (File not found)   <- http://localhost:8007/favicon.ico
[     92ms] [console.log] [PERSIST] populate ok in 33ms
[    285ms] [console.log] [PERSIST] runtime initialized, starting the game
[    286ms] [console.log] [CAMERA] camera distance x0.5 written to /data/webdefaults/autoexec.cfg before main()
[    286ms] [console.log] [SPARKS] SPARKS 0 written to /data/webdefaults/autoexec.cfg before main() (touch device)
[    286ms] [console.log] [BOOT] autostart: calling main
[    289ms] [console.error] Error: Error in tString GeneratePrefix() in src/tools/tDirectories.cpp:1380 : 
[    289ms] [console.error]  	Relocation error. The binary was supposed to be installed into /usr/local/bin and found itself in . and could not find out what this means for the prefix /usr/local.
[    289ms] [console.error] 
[    290ms] [console.log] Warning in void FindConfigurationPath() in src/tools/tDirectories.cpp:1465 : 
[    290ms] [console.log]  	Could not determine path to configuration files. Using defaults or command line arguments.
[    290ms] [console.log] 
[    413ms] [console.log] [L] ENCODING latin1
[    420ms] [console.log] Trying to start sound. Just restart Armagetron Advanced in case of crash.
[    424ms] [console.log] [SND] device opened: 22050 Hz, 2 ch, 16-bit, 1024 frames/callback (46.4 ms per callback, SOUND_BUFFER_SHIFT 1)
[    439ms] [console.error] WARNING: using emscripten GL immediate mode emulation. This is very limited in what it supports
[    442ms] [console.error] TODO: glShadeModel
[    446ms] [browser.warning/rendering] Canvas2D: Multiple readback operations using getImageData are faster with the willReadFrequently attribute set to true. See: https://html.spec.whatwg.org/multipage/canvas.html#concept-canvas-will-read-frequently   <- http://localhost:8007/armagetronad.js
[    482ms] [browser.warning/other] The AudioContext was not allowed to start. It must be resumed (or created) after a user gesture on the page. https://developer.chrome.com/blog/autoplay/#web_audio   <- http://localhost:8007/armagetronad.js
[    483ms] [browser.warning/other] The AudioContext was not allowed to start. It must be resumed (or created) after a user gesture on the page. https://developer.chrome.com/blog/autoplay/#web_audio   <- http://localhost:8007/armagetronad.js
[    483ms] [browser.warning/other] The AudioContext was not allowed to start. It must be resumed (or created) after a user gesture on the page. https://developer.chrome.com/blog/autoplay/#web_audio   <- http://localhost:8007/armagetronad.js
[    483ms] [browser.warning/other] The AudioContext was not allowed to start. It must be resumed (or created) after a user gesture on the page. https://developer.chrome.com/blog/autoplay/#web_audio   <- http://localhost:8007/armagetronad.js
[    483ms] [browser.warning/other] The AudioContext was not allowed to start. It must be resumed (or created) after a user gesture on the page. https://developer.chrome.com/blog/autoplay/#web_audio   <- http://localhost:8007/armagetronad.js
[    529ms] [console.log] [TOUCH] context 1 (menu yes, cycle no) -> TAP=ENTER
[   1013ms] [harness] eval (()=>{if(window.__fps)return 'already installed';const S={t:new Float64Array(400000),n:0,marks:[],gl:[],polls:0};window.__fps=S;const wrap=(C)=>{if(!C)return;for(const m of ['flush','finish']){const o=C.prototype[m];if(!o)continue;C.prototype[m]=function(){if(S.n<S.t.length)S.t[S.n++]=performance.now();if(S.n%30===0){S.polls++;const e=this.getError();if(e){S.gl.push([S.n,e]);if(S.gl.length<=20)console.error('[GLERR] frame '+S.n+' glGetError=0x'+e.toString(16));}}return o.apply(this,arguments);};}};wrap(window.WebGLRenderingContext);wrap(window.WebGL2RenderingContext);const cl=console.log.bind(console);console.log=function(){const s=(arguments.length&&typeof arguments[0]==='string')?arguments[0]:'';if(s.indexOf('[L] ')===0)S.marks.push([performance.now(),s]);return cl.apply(null,arguments);};return 'frame sampler armed: glFlush+glFinish counted, glGetError polled every 30th frame, [L] lines timestamped'})() => "frame sampler armed: glFlush+glFinish counted, glGetError polled every 30th frame, [L] lines timestamped"
[   1015ms] [harness] eval (()=>{const S={};S.rd=(p)=>{try{return Module.FS.readFile(p,{encoding:'utf8'})}catch(e){return null}};S.line=(t,k)=>{if(t===null)return null;const m=t.split('\n').find(l=>{const s=l.trim();return s.indexOf(k)===0&&/\s/.test(s.charAt(k.length))});return m?m.trim().slice(k.length).trim().replace(/\s+/g,' '):null};S.save=()=>{try{Module._aa_web_save_config();return 'saved'}catch(e){return 'SAVE FAILED: '+e}};S.box=(id)=>{const e=document.getElementById(id);if(!e)return 'missing';const r=e.getBoundingClientRect();return Math.round(r.width)+'x'+Math.round(r.height)+'@'+Math.round(r.left)+','+Math.round(r.top)};S.dump=(phase)=>{const sv=S.save();const c=S.rd('/persist/var/user.cfg');const cv=document.getElementById('canvas');const ctx=window.AA_INPUT_CONTEXT?window.AA_INPUT_CONTEXT():null;console.log('[TOUCHGATE] '+JSON.stringify({phase:phase,save:sv,ctx:ctx,ctx_menu:ctx===null?null:!!(ctx&1),ctx_cycle:ctx===null?null:!!(ctx&2),driving_class:document.getElementById('touch').classList.contains('aa-driving'),box_tapzone:S.box('tapzone'),box_tzleft:S.box('tz-left'),box_tzright:S.box('tz-right'),box_escbtn:S.box('escbtn'),box_touchpad:S.box('touchpad'),canvas_w:cv.width,canvas_h:cv.height,mpx:Math.round(cv.width*cv.height/1e4)/100,css_w:Math.round(cv.getBoundingClientRect().width),css_h:Math.round(cv.getBoundingClientRect().height),inner:window.innerWidth+'x'+window.innerHeight,dpr:window.devicePixelRatio,touch_hidden:document.getElementById('touch').hidden,rotate_hidden:document.getElementById('rotate').hidden,chip_hidden:document.getElementById('reloadchip').hidden,maxTouchPoints:navigator.maxTouchPoints,coarse:window.matchMedia('(hover: none) and (pointer: coarse)').matches,tip_left:S.line(c,'CYCLE_TURN_LEFT_TOOLTIP'),tip_right:S.line(c,'CYCLE_TURN_RIGHT_TOOLTIP')}));return phase};window.__tg=S;return 'probe installed'})() => "probe installed"
[   1016ms] [harness] until 1x <<[BOOT] autostart>> (timeout 90000ms, have 1)
[   1016ms] [harness] until SATISFIED: saw 1x <<[BOOT] autostart>>
[   1016ms] [harness] === GAME-STARTED ===
[  10026ms] [console.log] [PERSISTSAVE] js-backstop n=1
[  10026ms] [console.log] [TOUCHGATE] {"phase":"landscape-at-language-menu","save":"saved","ctx":1,"ctx_menu":true,"ctx_cycle":false,"driving_class":false,"box_tapzone":"915x412@0,0","box_tzleft":"0x0@0,0","box_tzright":"0x0@0,0","box_escbtn":"54x46@10,10","box_touchpad":"128x59@394,0","canvas_w":2745,"canvas_h":1236,"mpx":3.39,"css_w":915,"css_h":412,"inner":"915x412","dpr":3,"touch_hidden":false,"rotate_hidden":true,"chip_hidden":true,"maxTouchPoints":5,"coarse":true,"tip_left":"0 2 1 1 1","tip_right":"0 3 1 1 1"}
[  10027ms] [harness] eval window.__tg.dump('landscape-at-language-menu') => "landscape-at-language-menu"
[  10134ms] [harness] screenshot -> /tmp/m6c-touch/00-language-menu-with-touch-controls.png
[  10135ms] [harness] until 1x <<[SPARKS] SPARKS 0 written to /data/webdefaults/autoexec.cfg>> (timeout 30000ms, have 1)
[  10135ms] [harness] until SATISFIED: saw 1x <<[SPARKS] SPARKS 0 written to /data/webdefaults/autoexec.cfg>>
[  10136ms] [harness] eval (()=>{const p='/data/webdefaults/autoexec.cfg';let t=null,err=null;try{t=Module.FS.readFile(p,{encoding:'utf8'})}catch(e){err=String(e)}const ok=typeof t==='string';const n=ok?(t.match(/^SPARKS\b/gm)||[]).length:-1;const ends=ok&&/\nSPARKS 0\n$/.test(t);return '[SPARKSGATE] T1b sparks-off-on-touch '+JSON.stringify({read:ok,err:err,bytes:ok?t.length:0,sparks_lines:n,ends_with_sparks_0:ends,tail:ok?t.slice(-96):null,PASS:ok&&n===1&&ends})})() => "[SPARKSGATE] T1b sparks-off-on-touch {\"read\":true,\"err\":null,\"bytes\":12746,\"sparks_lines\":1,\"ends_with_sparks_0\":true,\"tail\":\"ROMSPEED 0.2\\n\\n# appended at runtime by web/shell.html: crash sparks off (touch device)\\nSPARKS 0\\n\",\"PASS\":true}"
[  10137ms] [harness] eval (()=>{const t=document.getElementById('touch');const z=['tz-left','tz-right'].map(i=>document.getElementById(i).getBoundingClientRect());const p=document.getElementById('tapzone').getBoundingClientRect();const ctx=window.AA_INPUT_CONTEXT();return '[TOUCHGATE] T2b menu-side collision check '+JSON.stringify({ctx:ctx,driving_class:t.classList.contains('aa-driving'),turn_zones_have_no_box:z.every(r=>r.width===0&&r.height===0),tap_layer_area:Math.round(p.width*p.height),PASS:!t.classList.contains('aa-driving')&&z.every(r=>r.width===0&&r.height===0)&&p.width>0})})() => "[TOUCHGATE] T2b menu-side collision check {\"ctx\":1,\"driving_class\":false,\"turn_zones_have_no_box\":true,\"tap_layer_area\":376980,\"PASS\":true}"
[  10137ms] [harness] === TAP-ENTER-ACCEPTS-LANGUAGE ===
[  10150ms] [browser.warning/other] The AudioContext was not allowed to start. It must be resumed (or created) after a user gesture on the page. https://developer.chrome.com/blog/autoplay/#web_audio   <- http://localhost:8007/armagetronad.js
[  10217ms] [harness] tap #tapzone at 458,206 (1/1)
[  10254ms] [console.log] [PERSISTSAVE] menu-leave n=2
[  10518ms] [harness] until 1x <<[PERSISTSAVE] menu-leave>> (timeout 30000ms, have 1)
[  10518ms] [harness] until SATISFIED: saw 1x <<[PERSISTSAVE] menu-leave>>
[  13140ms] [harness] screenshot -> /tmp/m6c-touch/01-first-setup-reached-by-tapping.png
[  13140ms] [harness] === TAP-ENTER-ACCEPTS-FIRST-SETUP ===
[  13212ms] [harness] tap #tapzone at 458,206 (1/1)
[  13219ms] [console.log] [PERSISTSAVE] menu-leave n=3
[  13285ms] [console.log] [TOUCH] context 0 (menu no, cycle no) -> TAP=ENTER
[  13513ms] [harness] until 2x <<[PERSISTSAVE] menu-leave>> (timeout 30000ms, have 2)
[  13513ms] [harness] until SATISFIED: saw 2x <<[PERSISTSAVE] menu-leave>>
[  16621ms] [harness] screenshot -> /tmp/m6c-touch/02-welcome-message-reached-by-tapping.png
[  16621ms] [harness] === TAP-ENTER-DISMISSES-WELCOME ===
[  16703ms] [console.log] [L] PLAYER_ENTERED web_user  web_user
[  16704ms] [console.log] [L] TEAM_CREATED web_user
[  16704ms] [console.log] [L] TEAM_PLAYER_ADDED web_user web_user
[  16706ms] [console.log] [WAV] loaded /data/sound/expl.wav: 11937 bytes, 8-bit mono @ 11025 Hz (fopen misses so far: 1)
[  16709ms] [console.log] [L] ROUND_SCORE_TEAM 0 web_user
[  16709ms] [console.log] [L] NEW_ROUND 2026-09-04 17:50:12 UTC+0200
[  16727ms] [console.log] [L] TEAM_CREATED ai_team
[  16727ms] [console.log] [L] TEAM_PLAYER_ADDED ai_team word
[  16727ms] [console.log] [L] TEAM_PLAYER_ADDED ai_team excel
[  16728ms] [console.log] [L] TEAM_PLAYER_ADDED ai_team notepad
[  16728ms] [console.log] [WAV] loaded /data/sound/cyclrun.wav: 40403 bytes, 8-bit mono @ 22050 Hz (fopen misses so far: 2)
[  16751ms] [harness] tap #tapzone at 458,206 (1/1)
[  16752ms] [console.log] [WAV] loaded /data/sound/expl.wav: 11937 bytes, 8-bit mono @ 11025 Hz (fopen misses so far: 2)
[  16753ms] [console.log] [WAV] retiring a voice on moviesounds/intro.wav: loaded but zero samples
[  16753ms] [console.log] [SND] live voices peaked at 9 (SOUND_SOURCES 10, loudness_thresh 0.0000)
[  16780ms] [console.log] [TOUCH] context 2 (menu no, cycle alive) -> STEERING
[  16998ms] [browser.error/network] Failed to load resource: the server responded with a status of 404 (File not found)   <- http://localhost:8007/favicon.ico
[  19054ms] [harness] until 1x <<[L] NEW_ROUND>> (timeout 90000ms, have 1)
[  19054ms] [harness] until SATISFIED: saw 1x <<[L] NEW_ROUND>>
[  19055ms] [harness] === ROUND-1-STARTED-WITHOUT-A-SINGLE-KEYSTROKE ===
[  21289ms] [harness] screenshot -> /tmp/m6c-touch/03-round1-driving.png
[  21293ms] [console.log] [PERSISTSAVE] js-backstop n=4
[  21293ms] [console.log] [TOUCHGATE] {"phase":"round1-before-steering","save":"saved","ctx":2,"ctx_menu":false,"ctx_cycle":true,"driving_class":true,"box_tapzone":"0x0@0,0","box_tzleft":"480x412@0,0","box_tzright":"480x412@435,0","box_escbtn":"54x46@10,10","box_touchpad":"0x0@0,0","canvas_w":2745,"canvas_h":1236,"mpx":3.39,"css_w":915,"css_h":412,"inner":"915x412","dpr":3,"touch_hidden":false,"rotate_hidden":true,"chip_hidden":true,"maxTouchPoints":5,"coarse":true,"tip_left":"0 2 1 1 1","tip_right":"0 3 1 1 1"}
[  21294ms] [harness] eval window.__tg.dump('round1-before-steering') => "round1-before-steering"
[  21294ms] [harness] eval (()=>{const t=document.getElementById('touch');const p=document.getElementById('tapzone').getBoundingClientRect();const z=['tz-left','tz-right'].map(i=>document.getElementById(i).getBoundingClientRect());const ctx=window.AA_INPUT_CONTEXT();return '[TOUCHGATE] T3b round-side collision check '+JSON.stringify({ctx:ctx,driving_class:t.classList.contains('aa-driving'),tap_layer_has_no_box:p.width===0&&p.height===0,turn_zone_areas:z.map(r=>Math.round(r.width*r.height)),PASS:t.classList.contains('aa-driving')&&p.width===0&&p.height===0&&z.every(r=>r.width>0)})})() => "[TOUCHGATE] T3b round-side collision check {\"ctx\":2,\"driving_class\":true,\"tap_layer_has_no_box\":true,\"turn_zone_areas\":[197915,197915],\"PASS\":true}"
[  21294ms] [harness] === TAP-LEFT-HALF ===
[  21365ms] [harness] tap #tz-left at 240,206 (1/3)
[  21368ms] [console.log] [WAV] loaded /data/sound/expl.wav: 11937 bytes, 8-bit mono @ 11025 Hz (fopen misses so far: 3)
[  21747ms] [harness] tap #tz-left at 240,206 (2/3)
[  22131ms] [harness] tap #tz-left at 240,206 (3/3)
[  22778ms] [console.log] [L] DEATH_SUICIDE web_user
[  22779ms] [console.log] [WAV] loaded /data/sound/expl.wav: 11937 bytes, 8-bit mono @ 11025 Hz (fopen misses so far: 4)
[  22781ms] [console.log] [TOUCH] context 0 (menu no, cycle no) -> TAP=ENTER
[  23508ms] [harness] screenshot -> /tmp/m6c-touch/04-after-tapping-left-half.png
[  23512ms] [console.log] [PERSISTSAVE] js-backstop n=5
[  23512ms] [console.log] [TOUCHGATE] {"phase":"after-tapping-left-half","save":"saved","ctx":0,"ctx_menu":false,"ctx_cycle":false,"driving_class":false,"box_tapzone":"915x412@0,0","box_tzleft":"0x0@0,0","box_tzright":"0x0@0,0","box_escbtn":"54x46@10,10","box_touchpad":"128x59@394,0","canvas_w":2745,"canvas_h":1236,"mpx":3.39,"css_w":915,"css_h":412,"inner":"915x412","dpr":3,"touch_hidden":false,"rotate_hidden":true,"chip_hidden":true,"maxTouchPoints":5,"coarse":true,"tip_left":"0 0 1 1 1","tip_right":"0 3 1 1 1"}
[  23512ms] [harness] eval window.__tg.dump('after-tapping-left-half') => "after-tapping-left-half"
[  23512ms] [harness] === TAP-RIGHT-HALF ===
[  23584ms] [harness] tap #tz-right at 0,0 (1/4)
[  23784ms] [console.log] [TOUCH] context 1 (menu yes, cycle no) -> TAP=ENTER
[  23966ms] [harness] tap #tz-right at 0,0 (2/4)
[  23985ms] [console.log] [PERSISTSAVE] menu-leave n=6
[  24035ms] [console.log] [TOUCH] context 0 (menu no, cycle no) -> TAP=ENTER
[  24352ms] [harness] tap #tz-right at 0,0 (3/4)
[  24536ms] [console.log] [TOUCH] context 1 (menu yes, cycle no) -> TAP=ENTER
[  24736ms] [harness] tap #tz-right at 0,0 (4/4)
[  24758ms] [console.log] [PERSISTSAVE] menu-leave n=7
[  24772ms] [console.log] [L] ROUND_WINNER ai_team notepad excel word
[  24779ms] [console.log] [TOUCH] context 0 (menu no, cycle no) -> TAP=ENTER
[  26109ms] [harness] screenshot -> /tmp/m6c-touch/05-after-tapping-right-half.png
[  26113ms] [console.log] [PERSISTSAVE] js-backstop n=8
[  26113ms] [console.log] [TOUCHGATE] {"phase":"after-tapping-right-half","save":"saved","ctx":0,"ctx_menu":false,"ctx_cycle":false,"driving_class":false,"box_tapzone":"915x412@0,0","box_tzleft":"0x0@0,0","box_tzright":"0x0@0,0","box_escbtn":"54x46@10,10","box_touchpad":"128x59@394,0","canvas_w":2745,"canvas_h":1236,"mpx":3.39,"css_w":915,"css_h":412,"inner":"915x412","dpr":3,"touch_hidden":false,"rotate_hidden":true,"chip_hidden":true,"maxTouchPoints":5,"coarse":true,"tip_left":"0 0 1 1 1","tip_right":"0 3 1 1 1"}
[  26113ms] [harness] eval window.__tg.dump('after-tapping-right-half') => "after-tapping-right-half"
[  26113ms] [harness] until 2x <<[L] NEW_ROUND>> (timeout 150000ms, have 1)
[  28839ms] [console.log] [L] ROUND_SCORE -4 web_user web_user
[  28839ms] [console.log] [L] ROUND_SCORE_TEAM -4 web_user
[  28839ms] [console.log] [L] NEW_ROUND 2026-09-04 17:50:24 UTC+0200
[  28842ms] [console.log] [L] TEAM_PLAYER_REMOVED ai_team notepad
[  28842ms] [console.log] [L] TEAM_PLAYER_ADDED ai_team outlook
[  28939ms] [harness] until SATISFIED: saw 2x <<[L] NEW_ROUND>>
[  28940ms] [harness] === ROUND-2-STARTED ===
[  29036ms] [console.log] [TOUCH] context 2 (menu no, cycle alive) -> STEERING
[  31013ms] [harness] tap #tz-left at 240,206 (1/3)
[  31398ms] [harness] tap #tz-left at 240,206 (2/3)
[  31781ms] [harness] tap #tz-left at 240,206 (3/3)
[  32865ms] [harness] tap #tz-right at 675,206 (1/4)
[  33247ms] [harness] tap #tz-right at 675,206 (2/4)
[  33630ms] [harness] tap #tz-right at 675,206 (3/4)
[  33999ms] [harness] tap #tz-right at 675,206 (4/4)
[  35369ms] [harness] screenshot -> /tmp/m6c-touch/06-after-round2-taps.png
[  35373ms] [console.log] [PERSISTSAVE] js-backstop n=9
[  35373ms] [console.log] [TOUCHGATE] {"phase":"after-round2-taps","save":"saved","ctx":2,"ctx_menu":false,"ctx_cycle":true,"driving_class":true,"box_tapzone":"0x0@0,0","box_tzleft":"480x412@0,0","box_tzright":"480x412@435,0","box_escbtn":"54x46@10,10","box_touchpad":"0x0@0,0","canvas_w":2745,"canvas_h":1236,"mpx":3.39,"css_w":915,"css_h":412,"inner":"915x412","dpr":3,"touch_hidden":false,"rotate_hidden":true,"chip_hidden":true,"maxTouchPoints":5,"coarse":true,"tip_left":"0 0 1 1 1","tip_right":"0 0 1 1 1"}
[  35374ms] [harness] eval window.__tg.dump('after-round2-taps') => "after-round2-taps"
[  35374ms] [harness] until 3x <<[L] NEW_ROUND>> (timeout 150000ms, have 2)
[  36944ms] [console.log] [L] DEATH_FRAG web_user excel
[  37034ms] [console.log] [TOUCH] context 0 (menu no, cycle no) -> TAP=ENTER
[  37944ms] [console.log] [L] ROUND_WINNER ai_team outlook excel word
[  42012ms] [console.log] [L] ROUND_SCORE -2 web_user web_user
[  42013ms] [console.log] [L] ROUND_SCORE_TEAM -2 web_user
[  42013ms] [console.log] [L] NEW_ROUND 2026-09-04 17:50:37 UTC+0200
[  42033ms] [console.log] [TOUCH] context 2 (menu no, cycle alive) -> STEERING
[  42037ms] [harness] until SATISFIED: saw 3x <<[L] NEW_ROUND>>
[  42038ms] [harness] === ROUND-3-STARTED-RIGHT-TAPS-ONLY ===
[  44137ms] [harness] tap #tz-right at 675,206 (1/2)
[  44516ms] [harness] tap #tz-right at 675,206 (2/2)
[  45599ms] [harness] tap #tz-right at 675,206 (1/2)
[  45982ms] [harness] tap #tz-right at 675,206 (2/2)
[  47307ms] [harness] screenshot -> /tmp/m6c-touch/06b-after-round3-right-taps.png
[  47310ms] [console.log] [PERSISTSAVE] js-backstop n=10
[  47311ms] [console.log] [TOUCHGATE] {"phase":"after-round3-right-taps","save":"saved","ctx":2,"ctx_menu":false,"ctx_cycle":true,"driving_class":true,"box_tapzone":"0x0@0,0","box_tzleft":"480x412@0,0","box_tzright":"480x412@435,0","box_escbtn":"54x46@10,10","box_touchpad":"0x0@0,0","canvas_w":2745,"canvas_h":1236,"mpx":3.39,"css_w":915,"css_h":412,"inner":"915x412","dpr":3,"touch_hidden":false,"rotate_hidden":true,"chip_hidden":true,"maxTouchPoints":5,"coarse":true,"tip_left":"0 0 1 1 1","tip_right":"0 0 1 1 1"}
[  47311ms] [harness] eval window.__tg.dump('after-round3-right-taps') => "after-round3-right-taps"
[  47311ms] [harness] until 1x <<[L] ROUND_WINNER>> (timeout 150000ms, have 2)
[  47311ms] [harness] until SATISFIED: saw 2x <<[L] ROUND_WINNER>>
[  47311ms] [harness] === ROTATE-TO-PORTRAIT ===
[  47313ms] [harness] metrics -> 412x915 dpr 3
[  47318ms] [console.log] [TOUCH] orientation portrait=true (sized for portrait: false, boot held: false, play in portrait: false)
[  47322ms] [console.log] [TOUCH] orientation portrait=true (sized for portrait: false, boot held: false, play in portrait: false)
[  48873ms] [console.log] [L] DEATH_FRAG web_user outlook
[  48914ms] [harness] screenshot -> /tmp/m6c-touch/07-portrait-shows-rotate-prompt.png
[  48917ms] [console.log] [PERSISTSAVE] js-backstop n=11
[  48917ms] [console.log] [TOUCHGATE] {"phase":"rotated-to-portrait","save":"saved","ctx":0,"ctx_menu":false,"ctx_cycle":false,"driving_class":true,"box_tapzone":"0x0@0,0","box_tzleft":"216x915@0,0","box_tzright":"216x915@196,0","box_escbtn":"54x46@10,10","box_touchpad":"0x0@0,0","canvas_w":2745,"canvas_h":1236,"mpx":3.39,"css_w":412,"css_h":186,"inner":"412x915","dpr":3,"touch_hidden":false,"rotate_hidden":false,"chip_hidden":false,"maxTouchPoints":5,"coarse":true,"tip_left":"0 0 1 1 1","tip_right":"0 0 1 1 1"}
[  48917ms] [harness] eval window.__tg.dump('rotated-to-portrait') => "rotated-to-portrait"
[  48917ms] [harness] === ROTATE-BACK-TO-LANDSCAPE ===
[  48919ms] [harness] metrics -> 915x412 dpr 3
[  48920ms] [console.log] [TOUCH] orientation portrait=false (sized for portrait: false, boot held: false, play in portrait: false)
[  48920ms] [console.log] [TOUCH] orientation portrait=false (sized for portrait: false, boot held: false, play in portrait: false)
[  49030ms] [console.log] [TOUCH] context 0 (menu no, cycle no) -> TAP=ENTER
[  50130ms] [console.log] [L] ROUND_WINNER ai_team outlook excel word
[  50676ms] [harness] screenshot -> /tmp/m6c-touch/08-back-in-landscape.png
[  50679ms] [console.log] [PERSISTSAVE] js-backstop n=12
[  50680ms] [console.log] [TOUCHGATE] {"phase":"rotated-back-to-landscape","save":"saved","ctx":0,"ctx_menu":false,"ctx_cycle":false,"driving_class":false,"box_tapzone":"915x412@0,0","box_tzleft":"0x0@0,0","box_tzright":"0x0@0,0","box_escbtn":"54x46@10,10","box_touchpad":"128x59@394,0","canvas_w":2745,"canvas_h":1236,"mpx":3.39,"css_w":915,"css_h":412,"inner":"915x412","dpr":3,"touch_hidden":false,"rotate_hidden":true,"chip_hidden":true,"maxTouchPoints":5,"coarse":true,"tip_left":"0 0 1 1 1","tip_right":"0 0 1 1 1"}
[  50680ms] [harness] eval window.__tg.dump('rotated-back-to-landscape') => "rotated-back-to-landscape"
[  50680ms] [harness] === FRAME-RATE ===
[  50687ms] [harness] eval (()=>{const S=window.__fps;if(!S)return 'no sampler';const all=Array.prototype.slice.call(S.t.subarray(0,S.n));const nr=S.marks.filter(m=>m[1].indexOf('[L] NEW_ROUND')===0).map(m=>m[0]);const rw=S.marks.filter(m=>m[1].indexOf('[L] ROUND_WINNER')===0).map(m=>m[0]);const q=(a,p)=>{if(!a.length)return null;const s=a.slice().sort((x,y)=>x-y);return s[Math.min(s.length-1,Math.max(0,Math.round(p*(s.length-1))))]};const r2=(x)=>(x===null||x===undefined)?null:Math.round(x*100)/100;const f=(v)=>(v&&v>0)?Math.round(100000/v)/100:null;const stats=(t0,t1)=>{const w=all.filter(x=>x>=t0&&x<=t1);const d=[];for(let i=1;i<w.length;i++)d.push(w[i]-w[i-1]);const sec={};for(const x of w){const k=Math.floor((x-t0)/1000);sec[k]=(sec[k]||0)+1}const span=(t1-t0)/1000;const nb=Math.floor(span);const per=[];for(let k=0;k<nb;k++)per.push(sec[k]||0);return{span_s:r2(span),frames:w.length,mean_fps:span>0?r2(w.length/span):null,frame_ms:{p50:r2(q(d,0.5)),p90:r2(q(d,0.9)),p99:r2(q(d,0.99)),max:r2(q(d,1))},inst_fps:{median:f(q(d,0.5)),p10:f(q(d,0.9)),p01:f(q(d,0.99)),min:f(q(d,1))},fps_per_second:per,fps_per_second_min:per.length?Math.min.apply(null,per):null,fps_per_second_median:q(per,0.5)}};const out={total_frames_sampled:S.n,rounds_started:nr.length,rounds_won:rw.length,gl_errors:S.gl.length,gl_polls:S.polls};const n=Math.min(nr.length,rw.length);if(n>0){out.overall=stats(nr[0],rw[n-1]);out.per_round=[];for(let i=0;i<n;i++)out.per_round.push(stats(nr[i],rw[i]))}return JSON.stringify(out)})() => "{\"total_frames_sampled\":2909,\"rounds_started\":3,\"rounds_won\":3,\"gl_errors\":0,\"gl_polls\":96,\"overall\":{\"span_s\":33.42,\"frames\":1944,\"mean_fps\":58.17,\"frame_ms\":{\"p50\":16.7,\"p90\":18.1,\"p99\":24,\"max\":110.9},\"inst_fps\":{\"median\":59.88,\"p10\":55.25,\"p01\":41.67,\"min\":9.02},\"fps_per_second\":[58,60,60,60,55,55,57,52,59,60,60,60,60,60,53,57,51,56,60,60,60,60,60,60,60,60,60,52,57,57,60,60,60],\"fps_per_second_min\":51,\"fps_per_second_median\":60},\"per_round\":[{\"span_s\":8.06,\"frames\":459,\"mean_fps\":56.93,\"frame_ms\":{\"p50\":16.7,\"p90\":17.9,\"p99\":67.3,\"max\":83.9},\"inst_fps\":{\"median\":59.88,\"p10\":55.87,\"p01\":14.86,\"min\":11.92},\"fps_per_second\":[58,60,60,60,55,55,57,52],\"fps_per_second_min\":52,\"fps_per_second_median\":58},{\"span_s\":9.1,\"frames\":524,\"mean_fps\":57.55,\"frame_ms\":{\"p50\":16.6,\"p90\":18.3,\"p99\":74.2,\"max\":82.4},\"inst_fps\":{\"median\":60.24,\"p10\":54.64,\"p01\":13.48,\"min\":12.14},\"fps_per_second\":[61,60,50,58,53,56,60,60,60],\"fps_per_second_min\":50,\"fps_per_second_median\":60},{\"span_s\":8.12,\"frames\":473,\"mean_fps\":58.27,\"frame_ms\":{\"p50\":16.7,\"p90\":18.1,\"p99\":20.8,\"max\":110.9},\"inst_fps\":{\"median\":59.88,\"p10\":55.25,\"p01\":48.08,\"min\":9.02},\"fps_per_second\":[61,59,52,54,60,60,60,60],\"fps_per_second_min\":52,\"fps_per_second_median\":60}]}"
[  50687ms] [harness] === TAP-ESCAPE-IN-THE-CORNER ===
[  50688ms] [harness] eval (()=>{const r=document.getElementById('escbtn').getBoundingClientRect();return '[TOUCHGATE] T6 escape corner '+JSON.stringify({rect:Math.round(r.width)+'x'+Math.round(r.height)+'@'+Math.round(r.left)+','+Math.round(r.top),at_least_44px:r.width>=44&&r.height>=44,inset_from_left_px:Math.round(r.left),inset_from_top_px:Math.round(r.top),centre_x_px:Math.round(r.left+r.width/2)})})() => "[TOUCHGATE] T6 escape corner {\"rect\":\"54x46@10,10\",\"at_least_44px\":true,\"inset_from_left_px\":10,\"inset_from_top_px\":10,\"centre_x_px\":37}"
[  50765ms] [harness] tap #escbtn at 37,33 (1/1)
[  50783ms] [console.log] [TOUCH] context 1 (menu yes, cycle no) -> TAP=ENTER
[  53768ms] [harness] screenshot -> /tmp/m6c-touch/10-after-tapping-escape-in-the-corner.png
[  53772ms] [console.log] [PERSISTSAVE] js-backstop n=13
[  53772ms] [console.log] [TOUCHGATE] {"phase":"after-escape-corner-tap","save":"saved","ctx":1,"ctx_menu":true,"ctx_cycle":false,"driving_class":false,"box_tapzone":"915x412@0,0","box_tzleft":"0x0@0,0","box_tzright":"0x0@0,0","box_escbtn":"54x46@10,10","box_touchpad":"128x59@394,0","canvas_w":2745,"canvas_h":1236,"mpx":3.39,"css_w":915,"css_h":412,"inner":"915x412","dpr":3,"touch_hidden":false,"rotate_hidden":true,"chip_hidden":true,"maxTouchPoints":5,"coarse":true,"tip_left":"0 0 1 1 1","tip_right":"0 0 1 1 1"}
[  53772ms] [harness] eval window.__tg.dump('after-escape-corner-tap') => "after-escape-corner-tap"
[  53772ms] [harness] === P1-ROTATE-TO-PORTRAIT-WITH-THE-GAME-ALREADY-RUNNING ===
[  53773ms] [harness] metrics -> 412x915 dpr 3
[  53786ms] [console.log] [TOUCH] orientation portrait=true (sized for portrait: false, boot held: false, play in portrait: false)
[  53786ms] [console.log] [TOUCH] orientation portrait=true (sized for portrait: false, boot held: false, play in portrait: false)
[  55862ms] [harness] screenshot -> /tmp/m6c-touch/11-portrait-prompt-after-boot-has-the-button.png
[  55863ms] [harness] eval (()=>{const r=document.getElementById('rotate'),b=document.getElementById('rotate-play'),h=document.getElementById('rotate-held'),x=document.getElementById('rotate-restart');const bb=b.getBoundingClientRect();const st=(()=>{try{return localStorage.getItem('aa.portrait')}catch(e){return 'THREW'}})();return '[PORTRAITGATE] P1 prompt-after-boot '+JSON.stringify({rotate_hidden:r.hidden,button:Math.round(bb.width)+'x'+Math.round(bb.height)+'@'+Math.round(bb.left)+','+Math.round(bb.top),label:b.textContent,held_note_hidden:h.hidden,restart_note_hidden:x.hidden,boot_held:!!window.AA_BOOT_HELD_FOR_PORTRAIT,stored:st,PASS:r.hidden===false&&bb.width>=44&&bb.height>=44&&h.hidden===true&&x.hidden===false&&!window.AA_BOOT_HELD_FOR_PORTRAIT&&st===null})})() => "[PORTRAITGATE] P1 prompt-after-boot {\"rotate_hidden\":false,\"button\":\"128x44@142,528\",\"label\":\"Play in portrait\",\"held_note_hidden\":true,\"restart_note_hidden\":false,\"boot_held\":false,\"stored\":null,\"PASS\":true}"
[  55863ms] [harness] === P2-TAP-PLAY-IN-PORTRAIT ===
[  55936ms] [console.log] [TOUCH] play in portrait chosen (stored for next load: true)
[  55936ms] [console.log] [BOOT] reloading to size the canvas for portrait
[  55939ms] [console.log] [PERSISTSAVE] js-backstop n=14
[  55940ms] [console.log] [PERSISTBACKSTOP] beforeunload
[  55943ms] [harness] tap #rotate-play at 206,550 (1/1)
[  55962ms] [console.log] [DISPLAY] at load: viewport 412x915 dpr 3 -> canvas 1236x2745 aspect 0.4503 gpu-axis-limit 16384
[  55962ms] [console.log] [TOUCH] enabled=true (media query -> true) maxTouchPoints=5
[  55962ms] [console.log] [TOUCH] context 0 (menu no, cycle no) -> TAP=ENTER
[  55962ms] [console.log] [TOUCH] play in portrait: true (localStorage aa.portrait)
[  55962ms] [console.log] [TOUCH] orientation portrait=true (sized for portrait: true, boot held: false, play in portrait: true)
[  55964ms] [console.error] WARNING: using emscripten GL emulation. This is a collection of limited workarounds, do not expect it to work.
[  55965ms] [console.error] WARNING: using emscripten GL emulation unsafe opts. If weirdness happens, try -sGL_UNSAFE_OPTS=0
[  55968ms] [console.log] [TOUCH] orientation portrait=true (sized for portrait: true, boot held: false, play in portrait: true)
[  55971ms] [page] load event fired
[  55981ms] [console.log] [PERSIST] populate ok in 4ms
[  56019ms] [console.log] [PERSIST] runtime initialized, starting the game
[  56019ms] [console.log] [CAMERA] camera distance x0.5 written to /data/webdefaults/autoexec.cfg before main()
[  56020ms] [console.log] [SPARKS] SPARKS 0 written to /data/webdefaults/autoexec.cfg before main() (touch device)
[  56020ms] [console.log] [BOOT] autostart: calling main
[  56020ms] [console.error] Error: Error in tString GeneratePrefix() in src/tools/tDirectories.cpp:1380 : 
[  56021ms] [console.error]  	Relocation error. The binary was supposed to be installed into /usr/local/bin and found itself in . and could not find out what this means for the prefix /usr/local.
[  56021ms] [console.error] 
[  56021ms] [console.log] Warning in void FindConfigurationPath() in src/tools/tDirectories.cpp:1465 : 
[  56021ms] [console.log]  	Could not determine path to configuration files. Using defaults or command line arguments.
[  56021ms] [console.log] 
[  56133ms] [console.log] [L] ENCODING latin1
[  56136ms] [console.log] [SND] device opened: 22050 Hz, 2 ch, 16-bit, 1024 frames/callback (46.4 ms per callback, SOUND_BUFFER_SHIFT 1)
[  56149ms] [console.error] WARNING: using emscripten GL immediate mode emulation. This is very limited in what it supports
[  56152ms] [console.error] TODO: glShadeModel
[  56155ms] [browser.warning/rendering] Canvas2D: Multiple readback operations using getImageData are faster with the willReadFrequently attribute set to true. See: https://html.spec.whatwg.org/multipage/canvas.html#concept-canvas-will-read-frequently   <- http://localhost:8007/armagetronad.js
[  56244ms] [harness] until 2x <<[BOOT] autostart>> (timeout 120000ms, have 2)
[  56244ms] [harness] until SATISFIED: saw 2x <<[BOOT] autostart>>
[  56245ms] [harness] until 1x <<sized for portrait: true>> (timeout 30000ms, have 2)
[  56245ms] [harness] until SATISFIED: saw 2x <<sized for portrait: true>>
[  62213ms] [console.log] [TOUCH] context 1 (menu yes, cycle no) -> TAP=ENTER
[  65362ms] [harness] screenshot -> /tmp/m6c-touch/12-portrait-boot-after-choosing-play-in-portrait.png
[  65363ms] [harness] eval (()=>{const c=document.getElementById('canvas'),r=document.getElementById('rotate'),ch=document.getElementById('reloadchip');const b=c.getBoundingClientRect();const st=(()=>{try{return localStorage.getItem('aa.portrait')}catch(e){return 'THREW'}})();return '[PORTRAITGATE] P2/P3 portrait-boot '+JSON.stringify({stored:st,boot_held:!!window.AA_BOOT_HELD_FOR_PORTRAIT,rotate_hidden:r.hidden,chip_hidden:ch.hidden,inner:innerWidth+'x'+innerHeight,canvas:c.width+'x'+c.height,canvas_portrait:c.height>c.width,aspect:Math.round(c.width/c.height*1000)/1000,css:Math.round(b.width)+'x'+Math.round(b.height),touch_hidden:document.getElementById('touch').hidden,PASS:st==='play'&&!window.AA_BOOT_HELD_FOR_PORTRAIT&&r.hidden===true&&ch.hidden===true&&c.height>c.width&&document.getElementById('touch').hidden===false})})() => "[PORTRAITGATE] P2/P3 portrait-boot {\"stored\":\"play\",\"boot_held\":false,\"rotate_hidden\":true,\"chip_hidden\":true,\"inner\":\"412x915\",\"canvas\":\"1236x2745\",\"canvas_portrait\":true,\"aspect\":0.45,\"css\":\"412x915\",\"touch_hidden\":false,\"PASS\":true}"
[  65363ms] [harness] === P5-ROTATE-TO-LANDSCAPE-WITH-THE-CHOICE-STORED ===
[  65364ms] [harness] metrics -> 915x412 dpr 3
[  65370ms] [console.log] [TOUCH] orientation portrait=false (sized for portrait: true, boot held: false, play in portrait: true)
[  65370ms] [console.log] [TOUCH] orientation portrait=false (sized for portrait: true, boot held: false, play in portrait: true)
[  67446ms] [harness] screenshot -> /tmp/m6c-touch/12b-landscape-with-the-choice-stored.png
[  67447ms] [harness] eval (()=>{const r=document.getElementById('rotate'),ch=document.getElementById('reloadchip'),c=document.getElementById('canvas');const st=(()=>{try{return localStorage.getItem('aa.portrait')}catch(e){return 'THREW'}})();return '[PORTRAITGATE] P5 rotated-to-landscape '+JSON.stringify({stored:st,rotate_hidden:r.hidden,chip_hidden:ch.hidden,inner:innerWidth+'x'+innerHeight,canvas:c.width+'x'+c.height,PASS:st==='play'&&r.hidden===true&&ch.hidden===false})})() => "[PORTRAITGATE] P5 rotated-to-landscape {\"stored\":\"play\",\"rotate_hidden\":true,\"chip_hidden\":false,\"inner\":\"915x412\",\"canvas\":\"1236x2745\",\"PASS\":true}"
[  67448ms] [harness] metrics -> 412x915 dpr 3
[  67454ms] [console.log] [TOUCH] orientation portrait=true (sized for portrait: true, boot held: false, play in portrait: true)
[  67454ms] [console.log] [TOUCH] orientation portrait=true (sized for portrait: true, boot held: false, play in portrait: true)
[  68949ms] [harness] === P4-PORTRAIT-ASK-RESTORES-THE-PROMPT ===
[  68954ms] [console.log] [PERSISTSAVE] js-backstop n=1
[  68955ms] [console.log] [PERSISTBACKSTOP] beforeunload
[  68955ms] [harness] eval location.search='?portrait=ask' => "?portrait=ask"
[  68955ms] [harness] until 1x <<[BOOT] portrait at load: HOLDING main()>> (timeout 60000ms, have 0)
[  68976ms] [console.log] [DISPLAY] at load: viewport 412x915 dpr 3 -> canvas 1236x2745 aspect 0.4503 gpu-axis-limit 16384
[  68976ms] [console.log] [TOUCH] enabled=true (media query -> true) maxTouchPoints=5
[  68976ms] [console.log] [TOUCH] context 0 (menu no, cycle no) -> TAP=ENTER
[  68976ms] [console.log] [TOUCH] play in portrait: false (localStorage aa.portrait, cleared by ?portrait=ask)
[  68977ms] [console.log] [BOOT] portrait at load: HOLDING main() until landscape
[  68977ms] [console.log] [TOUCH] orientation portrait=true (sized for portrait: true, boot held: true, play in portrait: false)
[  68979ms] [console.error] WARNING: using emscripten GL emulation. This is a collection of limited workarounds, do not expect it to work.
[  68979ms] [console.error] WARNING: using emscripten GL emulation unsafe opts. If weirdness happens, try -sGL_UNSAFE_OPTS=0
[  68980ms] [console.log] [TOUCH] orientation portrait=true (sized for portrait: true, boot held: true, play in portrait: false)
[  68982ms] [page] load event fired
[  68993ms] [console.log] [PERSIST] populate ok in 5ms
[  69035ms] [console.log] [PERSIST] runtime initialized, starting the game
[  69036ms] [console.log] [CAMERA] camera distance x0.5 written to /data/webdefaults/autoexec.cfg before main()
[  69036ms] [console.log] [SPARKS] SPARKS 0 written to /data/webdefaults/autoexec.cfg before main() (touch device)
[  69036ms] [console.log] [BOOT] main() HELD in portrait, waiting for landscape
[  69057ms] [harness] until SATISFIED: saw 1x <<[BOOT] portrait at load: HOLDING main()>>
[  72123ms] [harness] screenshot -> /tmp/m6c-touch/13-portrait-ask-restores-the-prompt.png
[  72124ms] [harness] eval (()=>{const r=document.getElementById('rotate'),h=document.getElementById('rotate-held'),x=document.getElementById('rotate-restart');const st=(()=>{try{return localStorage.getItem('aa.portrait')}catch(e){return 'THREW'}})();return '[PORTRAITGATE] P4 portrait=ask '+JSON.stringify({search:location.search,stored:st,boot_held:!!window.AA_BOOT_HELD_FOR_PORTRAIT,rotate_hidden:r.hidden,held_note_hidden:h.hidden,restart_note_hidden:x.hidden,button_present:!!document.getElementById('rotate-play'),PASS:st===null&&window.AA_BOOT_HELD_FOR_PORTRAIT===true&&r.hidden===false&&h.hidden===false&&x.hidden===true})})() => "[PORTRAITGATE] P4 portrait=ask {\"search\":\"?portrait=ask\",\"stored\":null,\"boot_held\":true,\"rotate_hidden\":false,\"held_note_hidden\":false,\"restart_note_hidden\":true,\"button_present\":true,\"PASS\":true}"
[  72124ms] [harness] === P6-RELEASE-THE-HOLD-SO-THE-GAME-BOOTS-WITH-ASK-STILL-IN-THE-URL ===
[  72125ms] [harness] metrics -> 915x412 dpr 3
[  72125ms] [harness] until 3x <<[BOOT] autostart>> (timeout 120000ms, have 2)
[  72128ms] [console.log] [DISPLAY] portrait hold released by resize: viewport 915x412 dpr 3 -> canvas 2745x1236 aspect 2.2209 gpu-axis-limit 16384
[  72129ms] [console.log] [TOUCH] orientation portrait=false (sized for portrait: false, boot held: false, play in portrait: false)
[  72129ms] [console.log] [BOOT] portrait hold released by resize
[  72129ms] [console.log] [BOOT] autostart: calling main
[  72129ms] [console.error] Error: Error in tString GeneratePrefix() in src/tools/tDirectories.cpp:1380 : 
[  72130ms] [console.error]  	Relocation error. The binary was supposed to be installed into /usr/local/bin and found itself in . and could not find out what this means for the prefix /usr/local.
[  72130ms] [console.error] 
[  72130ms] [console.log] Warning in void FindConfigurationPath() in src/tools/tDirectories.cpp:1465 : 
[  72130ms] [console.log]  	Could not determine path to configuration files. Using defaults or command line arguments.
[  72130ms] [console.log] 
[  72225ms] [harness] until SATISFIED: saw 3x <<[BOOT] autostart>>
[  72243ms] [console.log] [L] ENCODING latin1
[  72246ms] [console.log] [SND] device opened: 22050 Hz, 2 ch, 16-bit, 1024 frames/callback (46.4 ms per callback, SOUND_BUFFER_SHIFT 1)
[  72261ms] [console.error] WARNING: using emscripten GL immediate mode emulation. This is very limited in what it supports
[  72263ms] [console.error] TODO: glShadeModel
[  72266ms] [browser.warning/rendering] Canvas2D: Multiple readback operations using getImageData are faster with the willReadFrequently attribute set to true. See: https://html.spec.whatwg.org/multipage/canvas.html#concept-canvas-will-read-frequently   <- http://localhost:8007/armagetronad.js
[  72274ms] [console.log] [TOUCH] orientation portrait=false (sized for portrait: false, boot held: false, play in portrait: false)
[  78477ms] [console.log] [TOUCH] context 1 (menu yes, cycle no) -> TAP=ENTER
[  80226ms] [harness] === P6-BACK-TO-PORTRAIT-WITH-THE-GAME-RUNNING ===
[  80228ms] [harness] metrics -> 412x915 dpr 3
[  80238ms] [console.log] [TOUCH] orientation portrait=true (sized for portrait: false, boot held: false, play in portrait: false)
[  80238ms] [console.log] [TOUCH] orientation portrait=true (sized for portrait: false, boot held: false, play in portrait: false)
[  82327ms] [harness] screenshot -> /tmp/m6c-touch/13b-portrait-prompt-with-ask-still-in-the-url.png
[  82328ms] [harness] eval '[PORTRAITGATE] P6 precondition '+JSON.stringify({search:location.search,rotate_hidden:document.getElementById('rotate').hidden,boot_held:!!window.AA_BOOT_HELD_FOR_PORTRAIT,PASS:location.search==='?portrait=ask'&&document.getElementById('rotate').hidden===false&&!window.AA_BOOT_HELD_FOR_PORTRAIT}) => "[PORTRAITGATE] P6 precondition {\"search\":\"?portrait=ask\",\"rotate_hidden\":false,\"boot_held\":false,\"PASS\":true}"
[  82328ms] [harness] === P6-TAP-PLAY-IN-PORTRAIT-FROM-AN-ASK-URL ===
[  82402ms] [console.log] [TOUCH] play in portrait chosen (stored for next load: true)
[  82403ms] [console.log] [BOOT] reloading to size the canvas for portrait
[  82405ms] [console.log] [PERSISTSAVE] js-backstop n=1
[  82406ms] [console.log] [PERSISTBACKSTOP] beforeunload
[  82408ms] [harness] tap #rotate-play at 206,550 (1/1)
[  82424ms] [console.log] [DISPLAY] at load: viewport 412x915 dpr 3 -> canvas 1236x2745 aspect 0.4503 gpu-axis-limit 16384
[  82425ms] [console.log] [TOUCH] enabled=true (media query -> true) maxTouchPoints=5
[  82425ms] [console.log] [TOUCH] context 0 (menu no, cycle no) -> TAP=ENTER
[  82425ms] [console.log] [TOUCH] play in portrait: true (localStorage aa.portrait)
[  82425ms] [console.log] [TOUCH] orientation portrait=true (sized for portrait: true, boot held: false, play in portrait: true)
[  82427ms] [console.error] WARNING: using emscripten GL emulation. This is a collection of limited workarounds, do not expect it to work.
[  82427ms] [console.error] WARNING: using emscripten GL emulation unsafe opts. If weirdness happens, try -sGL_UNSAFE_OPTS=0
[  82427ms] [console.log] [TOUCH] orientation portrait=true (sized for portrait: true, boot held: false, play in portrait: true)
[  82429ms] [page] load event fired
[  82440ms] [console.log] [PERSIST] populate ok in 5ms
[  82487ms] [console.log] [PERSIST] runtime initialized, starting the game
[  82488ms] [console.log] [CAMERA] camera distance x0.5 written to /data/webdefaults/autoexec.cfg before main()
[  82488ms] [console.log] [SPARKS] SPARKS 0 written to /data/webdefaults/autoexec.cfg before main() (touch device)
[  82488ms] [console.log] [BOOT] autostart: calling main
[  82488ms] [console.error] Error: Error in tString GeneratePrefix() in src/tools/tDirectories.cpp:1380 : 
[  82489ms] [console.error]  	Relocation error. The binary was supposed to be installed into /usr/local/bin and found itself in . and could not find out what this means for the prefix /usr/local.
[  82489ms] [console.error] 
[  82489ms] [console.log] Warning in void FindConfigurationPath() in src/tools/tDirectories.cpp:1465 : 
[  82489ms] [console.log]  	Could not determine path to configuration files. Using defaults or command line arguments.
[  82489ms] [console.log] 
[  82600ms] [console.log] [L] ENCODING latin1
[  82602ms] [console.log] [SND] device opened: 22050 Hz, 2 ch, 16-bit, 1024 frames/callback (46.4 ms per callback, SOUND_BUFFER_SHIFT 1)
[  82615ms] [console.error] WARNING: using emscripten GL immediate mode emulation. This is very limited in what it supports
[  82618ms] [console.error] TODO: glShadeModel
[  82620ms] [browser.warning/rendering] Canvas2D: Multiple readback operations using getImageData are faster with the willReadFrequently attribute set to true. See: https://html.spec.whatwg.org/multipage/canvas.html#concept-canvas-will-read-frequently   <- http://localhost:8007/armagetronad.js
[  82709ms] [harness] until 4x <<[BOOT] autostart>> (timeout 120000ms, have 4)
[  82709ms] [harness] until SATISFIED: saw 4x <<[BOOT] autostart>>
[  88596ms] [console.log] [TOUCH] context 1 (menu yes, cycle no) -> TAP=ENTER
[  91738ms] [harness] screenshot -> /tmp/m6c-touch/14-ask-dropped-and-portrait-kept.png
[  91739ms] [harness] eval (()=>{const c=document.getElementById('canvas'),r=document.getElementById('rotate');const st=(()=>{try{return localStorage.getItem('aa.portrait')}catch(e){return 'THREW'}})();return '[PORTRAITGATE] P6 ask-dropped '+JSON.stringify({search:location.search,stored:st,boot_held:!!window.AA_BOOT_HELD_FOR_PORTRAIT,rotate_hidden:r.hidden,canvas:c.width+'x'+c.height,canvas_portrait:c.height>c.width,PASS:location.search===''&&st==='play'&&!window.AA_BOOT_HELD_FOR_PORTRAIT&&r.hidden===true&&c.height>c.width})})() => "[PORTRAITGATE] P6 ask-dropped {\"search\":\"\",\"stored\":\"play\",\"boot_held\":false,\"rotate_hidden\":true,\"canvas\":\"1236x2745\",\"canvas_portrait\":true,\"PASS\":true}"
[  91739ms] [harness] === positive-control-deliberate-uncaught-error-follows ===
[  91740ms] [harness] eval setTimeout(function(){null.thisIsADeliberateUncaughtError;},0) => 1286
[  91741ms] [console.error] Uncaught TypeError: Cannot read properties of null (reading 'thisIsADeliberateUncaughtError')
[  91742ms] [EXCEPTION] TypeError: Cannot read properties of null (reading 'thisIsADeliberateUncaughtError')
    at <anonymous>:1:28
[  91742ms] [EXCEPTION] structured stack, 1 frames:
[  91742ms]     <anonymous> @ :0:27
[  93884ms] [harness] screenshot -> /tmp/m6c-touch/09-after-deliberate-uncaught-error.png
