[    618ms] [harness] chrome: Chrome/152.0.7977.75
[    619ms] [harness] navigating to http://localhost:8000/armagetronad.html?autostart=0
[      7ms] [harness] until 1x <<[PERSIST] populate ok>> (timeout 90000ms, have 0)
[     46ms] [console.log] [DISPLAY] at load: viewport 1024x768 dpr 1 -> canvas 1024x768 aspect 1.3333 gpu-axis-limit 16384
[     47ms] [console.log] [TOUCH] enabled=false (media query -> false) maxTouchPoints=0
[     59ms] [console.error] WARNING: using emscripten GL emulation. This is a collection of limited workarounds, do not expect it to work.
[     60ms] [console.error] WARNING: using emscripten GL emulation unsafe opts. If weirdness happens, try -sGL_UNSAFE_OPTS=0
[     60ms] [page] load event fired
[     67ms] [browser.error/network] Failed to load resource: the server responded with a status of 404 (File not found)   <- http://localhost:8000/favicon.ico
[    118ms] [console.log] [PERSIST] populate ok in 36ms
[    209ms] [harness] until SATISFIED: saw 1x <<[PERSIST] populate ok>>
[    210ms] [harness] === BOOT-1-POPULATED ===
[    323ms] [console.log] [PERSIST] runtime initialized, starting the game
[    323ms] [console.log] [CAMERA] stock camera (factor 1)
[    324ms] [console.log] [BOOT] main() HELD by ?autostart=0, waiting for AA_START()
[   1214ms] [harness] eval (()=>{const S={};S.rd=(p)=>{try{return Module.FS.readFile(p,{encoding:'utf8'})}catch(e){return null}};S.line=(t,k)=>{if(t===null)return null;const m=t.split('\n').find(l=>{const s=l.trim();return s.indexOf(k)===0&&/\s/.test(s.charAt(k.length))});return m?m.trim().slice(k.length).trim().replace(/\s+/g,' '):null};S.keys=(t)=>t===null?[]:t.split('\n').filter(l=>l.trim().indexOf('KEYBOARD')===0).map(l=>l.trim().replace(/\s+/g,' '));S.binds=(K,a)=>K.filter(l=>l.indexOf(' PLAYER_BIND '+a+' 1')>0).map(l=>l.split(' ')[1]);S.dump=(phase)=>{const c=S.rd('/persist/var/user.cfg');const cv=document.getElementById('canvas');const K=S.keys(c);console.log('[MILE] '+JSON.stringify({phase:phase,canvas_w:cv.width,canvas_h:cv.height,present:c!==null,bytes:c===null?null:c.length,first_use:S.line(c,'FIRST_USE'),fullscreen:S.line(c,'FULLSCREEN'),screenmode:S.line(c,'ARMAGETRON_SCREENMODE'),screenmode_w:S.line(c,'ARMAGETRON_SCREENMODE_W'),screenmode_h:S.line(c,'ARMAGETRON_SCREENMODE_H'),windowsize_w:S.line(c,'ARMAGETRON_WINDOWSIZE_W'),windowsize_h:S.line(c,'ARMAGETRON_WINDOWSIZE_H'),n_keyboard:K.length,left_binds:S.binds(K,'CYCLE_TURN_LEFT'),right_binds:S.binds(K,'CYCLE_TURN_RIGHT'),tip_left:S.line(c,'CYCLE_TURN_LEFT_TOOLTIP'),tip_right:S.line(c,'CYCLE_TURN_RIGHT_TOOLTIP')}));return phase};window.__mile=S;return 'probe installed'})() => "probe installed"
[   1217ms] [console.log] [MILE] {"phase":"boot1-before-play","canvas_w":1024,"canvas_h":768,"present":false,"bytes":null,"first_use":null,"fullscreen":null,"screenmode":null,"screenmode_w":null,"screenmode_h":null,"windowsize_w":null,"windowsize_h":null,"n_keyboard":0,"left_binds":[],"right_binds":[],"tip_left":null,"tip_right":null}
[   1217ms] [harness] eval window.__mile.dump('boot1-before-play') => "boot1-before-play"
[   1219ms] [console.log] [BOOT] autostart: calling main
[   1225ms] [console.error] Error: Error in tString GeneratePrefix() in src/tools/tDirectories.cpp:1380 : 
[   1225ms] [console.error]  	Relocation error. The binary was supposed to be installed into /usr/local/bin and found itself in . and could not find out what this means for the prefix /usr/local.
[   1226ms] [console.error] 
[   1226ms] [console.log] Warning in void FindConfigurationPath() in src/tools/tDirectories.cpp:1465 : 
[   1227ms] [console.log]  	Could not determine path to configuration files. Using defaults or command line arguments.
[   1227ms] [console.log] 
[   1364ms] [console.log] [L] ENCODING latin1
[   1371ms] [console.log] Trying to start sound. Just restart Armagetron Advanced in case of crash.
[   1372ms] [console.log] [SND] device opened: 22050 Hz, 2 ch, 16-bit, 1024 frames/callback (46.4 ms per callback, SOUND_BUFFER_SHIFT 1)
[   1391ms] [console.error] WARNING: using emscripten GL immediate mode emulation. This is very limited in what it supports
[   1394ms] [console.error] TODO: glShadeModel
[   1398ms] [browser.warning/rendering] Canvas2D: Multiple readback operations using getImageData are faster with the willReadFrequently attribute set to true. See: https://html.spec.whatwg.org/multipage/canvas.html#concept-canvas-will-read-frequently   <- http://localhost:8000/armagetronad.js
[   1431ms] [harness] eval window.AA_START() => undefined
[   1433ms] [browser.warning/other] The AudioContext was not allowed to start. It must be resumed (or created) after a user gesture on the page. https://developer.chrome.com/blog/autoplay/#web_audio   <- http://localhost:8000/armagetronad.js
[   1433ms] [browser.warning/other] The AudioContext was not allowed to start. It must be resumed (or created) after a user gesture on the page. https://developer.chrome.com/blog/autoplay/#web_audio   <- http://localhost:8000/armagetronad.js
[   1433ms] [browser.warning/other] The AudioContext was not allowed to start. It must be resumed (or created) after a user gesture on the page. https://developer.chrome.com/blog/autoplay/#web_audio   <- http://localhost:8000/armagetronad.js
[   1433ms] [browser.warning/other] The AudioContext was not allowed to start. It must be resumed (or created) after a user gesture on the page. https://developer.chrome.com/blog/autoplay/#web_audio   <- http://localhost:8000/armagetronad.js
[   1434ms] [browser.warning/other] The AudioContext was not allowed to start. It must be resumed (or created) after a user gesture on the page. https://developer.chrome.com/blog/autoplay/#web_audio   <- http://localhost:8000/armagetronad.js
[  10490ms] [harness] screenshot -> docs/evidence/phone-feedback/gates/m4-milestone-chrome/00-boot1-language-menu.png
[  10515ms] [console.log] [PERSISTSAVE] menu-leave n=1
[  10525ms] [harness] key Enter (1/1)
[  10827ms] [harness] until 1x <<[PERSISTSAVE] menu-leave>> (timeout 30000ms, have 1)
[  10827ms] [harness] until SATISFIED: saw 1x <<[PERSISTSAVE] menu-leave>>
[  13367ms] [harness] screenshot -> docs/evidence/phone-feedback/gates/m4-milestone-chrome/01-boot1-first-setup.png
[  13400ms] [console.log] [PERSISTSAVE] menu-leave n=2
[  13402ms] [harness] key Escape (1/1)
[  13703ms] [harness] until 2x <<[PERSISTSAVE] menu-leave>> (timeout 30000ms, have 2)
[  13703ms] [harness] until SATISFIED: saw 2x <<[PERSISTSAVE] menu-leave>>
[  16743ms] [harness] screenshot -> docs/evidence/phone-feedback/gates/m4-milestone-chrome/02-boot1-after-first-setup.png
[  16746ms] [console.log] [MILE] {"phase":"boot1-after-first-setup","canvas_w":1024,"canvas_h":768,"present":true,"bytes":21950,"first_use":"1","fullscreen":"1","screenmode":"0","screenmode_w":"0","screenmode_h":"0","windowsize_w":"640","windowsize_h":"480","n_keyboard":59,"left_binds":[],"right_binds":[],"tip_left":"0 2 1 1 1","tip_right":"0 3 1 1 1"}
[  16746ms] [harness] eval window.__mile.dump('boot1-after-first-setup') => "boot1-after-first-setup"
[  16746ms] [harness] === RELOAD-1-REQUESTED ===
[  16751ms] [console.log] [PERSISTSAVE] js-backstop n=3
[  16752ms] [console.log] [PERSISTBACKSTOP] beforeunload
[  16752ms] [harness] eval location.reload() => undefined
[  16752ms] [harness] until 2x <<[PERSIST] populate ok>> (timeout 90000ms, have 1)
[  16773ms] [console.log] [DISPLAY] at load: viewport 1024x768 dpr 1 -> canvas 1024x768 aspect 1.3333 gpu-axis-limit 16384
[  16774ms] [console.log] [TOUCH] enabled=false (media query -> false) maxTouchPoints=0
[  16775ms] [console.error] WARNING: using emscripten GL emulation. This is a collection of limited workarounds, do not expect it to work.
[  16776ms] [console.error] WARNING: using emscripten GL emulation unsafe opts. If weirdness happens, try -sGL_UNSAFE_OPTS=0
[  16780ms] [page] load event fired
[  16791ms] [console.log] [PERSIST] populate ok in 5ms
[  16832ms] [console.log] [PERSIST] runtime initialized, starting the game
[  16833ms] [console.log] [CAMERA] stock camera (factor 1)
[  16833ms] [console.log] [BOOT] main() HELD by ?autostart=0, waiting for AA_START()
[  16854ms] [harness] until SATISFIED: saw 2x <<[PERSIST] populate ok>>
[  16855ms] [harness] === BOOT-2-POPULATED ===
[  18356ms] [harness] eval (()=>{const S={};S.rd=(p)=>{try{return Module.FS.readFile(p,{encoding:'utf8'})}catch(e){return null}};S.line=(t,k)=>{if(t===null)return null;const m=t.split('\n').find(l=>{const s=l.trim();return s.indexOf(k)===0&&/\s/.test(s.charAt(k.length))});return m?m.trim().slice(k.length).trim().replace(/\s+/g,' '):null};S.keys=(t)=>t===null?[]:t.split('\n').filter(l=>l.trim().indexOf('KEYBOARD')===0).map(l=>l.trim().replace(/\s+/g,' '));S.binds=(K,a)=>K.filter(l=>l.indexOf(' PLAYER_BIND '+a+' 1')>0).map(l=>l.split(' ')[1]);S.dump=(phase)=>{const c=S.rd('/persist/var/user.cfg');const cv=document.getElementById('canvas');const K=S.keys(c);console.log('[MILE] '+JSON.stringify({phase:phase,canvas_w:cv.width,canvas_h:cv.height,present:c!==null,bytes:c===null?null:c.length,first_use:S.line(c,'FIRST_USE'),fullscreen:S.line(c,'FULLSCREEN'),screenmode:S.line(c,'ARMAGETRON_SCREENMODE'),screenmode_w:S.line(c,'ARMAGETRON_SCREENMODE_W'),screenmode_h:S.line(c,'ARMAGETRON_SCREENMODE_H'),windowsize_w:S.line(c,'ARMAGETRON_WINDOWSIZE_W'),windowsize_h:S.line(c,'ARMAGETRON_WINDOWSIZE_H'),n_keyboard:K.length,left_binds:S.binds(K,'CYCLE_TURN_LEFT'),right_binds:S.binds(K,'CYCLE_TURN_RIGHT'),tip_left:S.line(c,'CYCLE_TURN_LEFT_TOOLTIP'),tip_right:S.line(c,'CYCLE_TURN_RIGHT_TOOLTIP')}));return phase};window.__mile=S;return 'probe installed'})() => "probe installed"
[  18360ms] [console.log] [MILE] {"phase":"boot2-before-play","canvas_w":1024,"canvas_h":768,"present":true,"bytes":22758,"first_use":"0","fullscreen":"1","screenmode":"0","screenmode_w":"0","screenmode_h":"0","windowsize_w":"640","windowsize_h":"480","n_keyboard":79,"left_binds":["1104","117"],"right_binds":["1103","111"],"tip_left":"0 2 1 1 1","tip_right":"0 3 1 1 1"}
[  18360ms] [harness] eval window.__mile.dump('boot2-before-play') => "boot2-before-play"
[  18361ms] [console.log] [BOOT] autostart: calling main
[  18362ms] [console.error] Error: Error in tString GeneratePrefix() in src/tools/tDirectories.cpp:1380 : 
[  18362ms] [console.error]  	Relocation error. The binary was supposed to be installed into /usr/local/bin and found itself in . and could not find out what this means for the prefix /usr/local.
[  18362ms] [console.error] 
[  18363ms] [console.log] Warning in void FindConfigurationPath() in src/tools/tDirectories.cpp:1465 : 
[  18363ms] [console.log]  	Could not determine path to configuration files. Using defaults or command line arguments.
[  18363ms] [console.log] 
[  18495ms] [console.log] [L] ENCODING latin1
[  18498ms] [console.log] [SND] device opened: 22050 Hz, 2 ch, 16-bit, 1024 frames/callback (46.4 ms per callback, SOUND_BUFFER_SHIFT 1)
[  18514ms] [console.error] WARNING: using emscripten GL immediate mode emulation. This is very limited in what it supports
[  18517ms] [console.error] TODO: glShadeModel
[  18519ms] [browser.warning/rendering] Canvas2D: Multiple readback operations using getImageData are faster with the willReadFrequently attribute set to true. See: https://html.spec.whatwg.org/multipage/canvas.html#concept-canvas-will-read-frequently   <- http://localhost:8000/armagetronad.js
[  18527ms] [harness] eval window.AA_START() => undefined
[  28567ms] [harness] screenshot -> docs/evidence/phone-feedback/gates/m4-milestone-chrome/03-boot2-main-menu.png
[  28569ms] [console.log] [MILE] {"phase":"boot2-after-boot","canvas_w":1024,"canvas_h":768,"present":true,"bytes":22758,"first_use":"0","fullscreen":"1","screenmode":"0","screenmode_w":"0","screenmode_h":"0","windowsize_w":"640","windowsize_h":"480","n_keyboard":79,"left_binds":["1104","117"],"right_binds":["1103","111"],"tip_left":"0 2 1 1 1","tip_right":"0 3 1 1 1"}
[  28569ms] [harness] eval window.__mile.dump('boot2-after-boot') => "boot2-after-boot"
[  28602ms] [harness] key Down (1/2)
[  28940ms] [harness] key Down (2/2)
[  30185ms] [harness] screenshot -> docs/evidence/phone-feedback/gates/m4-milestone-chrome/04-boot2-cursor-on-system-setup.png
[  30217ms] [harness] key Enter (1/1)
[  32363ms] [harness] screenshot -> docs/evidence/phone-feedback/gates/m4-milestone-chrome/05-boot2-system-setup.png
[  32396ms] [harness] key Enter (1/1)
[  34545ms] [harness] screenshot -> docs/evidence/phone-feedback/gates/m4-milestone-chrome/06-boot2-display-settings.png
[  34578ms] [harness] key Enter (1/1)
[  37430ms] [harness] screenshot -> docs/evidence/phone-feedback/gates/m4-milestone-chrome/07-boot2-screen-mode.png
[  37462ms] [harness] key Down (1/1)
[  39022ms] [harness] screenshot -> docs/evidence/phone-feedback/gates/m4-milestone-chrome/08-boot2-cursor-on-screen-resolution.png
[  39022ms] [harness] === THE-PLAYER-PICKS-320x200 ===
[  39055ms] [harness] key Left (1/20)
[  39395ms] [harness] key Left (2/20)
[  39731ms] [harness] key Left (3/20)
[  40069ms] [harness] key Left (4/20)
[  40405ms] [harness] key Left (5/20)
[  40747ms] [harness] key Left (6/20)
[  41084ms] [harness] key Left (7/20)
[  41421ms] [harness] key Left (8/20)
[  41756ms] [harness] key Left (9/20)
[  42096ms] [harness] key Left (10/20)
[  42431ms] [harness] key Left (11/20)
[  42770ms] [harness] key Left (12/20)
[  43106ms] [harness] key Left (13/20)
[  43444ms] [harness] key Left (14/20)
[  43780ms] [harness] key Left (15/20)
[  44115ms] [harness] key Left (16/20)
[  44451ms] [harness] key Left (17/20)
[  44787ms] [harness] key Left (18/20)
[  45130ms] [harness] key Left (19/20)
[  45467ms] [harness] key Left (20/20)
[  47330ms] [harness] screenshot -> docs/evidence/phone-feedback/gates/m4-milestone-chrome/09-boot2-resolution-now-320x200.png
[  47332ms] [console.log] [MILE] {"phase":"boot2-chosen-menu-still-open","canvas_w":1024,"canvas_h":768,"present":true,"bytes":22758,"first_use":"0","fullscreen":"1","screenmode":"0","screenmode_w":"0","screenmode_h":"0","windowsize_w":"640","windowsize_h":"480","n_keyboard":79,"left_binds":["1104","117"],"right_binds":["1103","111"],"tip_left":"0 2 1 1 1","tip_right":"0 3 1 1 1"}
[  47332ms] [harness] eval window.__mile.dump('boot2-chosen-menu-still-open') => "boot2-chosen-menu-still-open"
[  47332ms] [harness] === ESCAPE-LEAVES-SCREEN-MODE ===
[  47363ms] [console.log] [PERSISTSAVE] menu-leave n=1
[  47363ms] [harness] key Escape (1/1)
[  47665ms] [harness] until 3x <<[PERSISTSAVE] menu-leave>> (timeout 30000ms, have 3)
[  47667ms] [harness] until SATISFIED: saw 3x <<[PERSISTSAVE] menu-leave>>
[  49210ms] [harness] screenshot -> docs/evidence/phone-feedback/gates/m4-milestone-chrome/10-boot2-back-in-display-settings.png
[  49212ms] [console.log] [MILE] {"phase":"boot2-after-menu-leave","canvas_w":1024,"canvas_h":768,"present":true,"bytes":22763,"first_use":"0","fullscreen":"1","screenmode":"14","screenmode_w":"320","screenmode_h":"200","windowsize_w":"640","windowsize_h":"480","n_keyboard":79,"left_binds":["1104","117"],"right_binds":["1103","111"],"tip_left":"0 2 1 1 1","tip_right":"0 3 1 1 1"}
[  49212ms] [harness] eval window.__mile.dump('boot2-after-menu-leave') => "boot2-after-menu-leave"
[  49246ms] [console.log] [PERSISTSAVE] menu-leave n=2
[  49246ms] [harness] key Escape (1/1)
[  49547ms] [harness] until 4x <<[PERSISTSAVE] menu-leave>> (timeout 30000ms, have 4)
[  49548ms] [harness] until SATISFIED: saw 4x <<[PERSISTSAVE] menu-leave>>
[  50783ms] [console.log] [PERSISTSAVE] menu-leave n=3
[  50786ms] [harness] key Escape (1/1)
[  51087ms] [harness] until 5x <<[PERSISTSAVE] menu-leave>> (timeout 30000ms, have 5)
[  51087ms] [harness] until SATISFIED: saw 5x <<[PERSISTSAVE] menu-leave>>
[  52640ms] [harness] screenshot -> docs/evidence/phone-feedback/gates/m4-milestone-chrome/11-boot2-back-at-main-menu.png
[  52673ms] [harness] key Up (1/2)
[  53014ms] [harness] key Up (2/2)
[  54251ms] [harness] key Enter (1/1)
[  56591ms] [harness] screenshot -> docs/evidence/phone-feedback/gates/m4-milestone-chrome/12-boot2-play-game-submenu.png
[  56625ms] [harness] key Down (1/1)
[  58181ms] [harness] screenshot -> docs/evidence/phone-feedback/gates/m4-milestone-chrome/13-boot2-cursor-on-start-new-game.png
[  58181ms] [harness] === START-NEW-GAME ===
[  58196ms] [console.log] [L] PLAYER_ENTERED web_user  web_user
[  58198ms] [console.log] [L] TEAM_CREATED web_user
[  58198ms] [console.log] [L] TEAM_PLAYER_ADDED web_user web_user
[  58201ms] [console.log] [WAV] loaded /data/sound/expl.wav: 11937 bytes, 8-bit mono @ 11025 Hz (fopen misses so far: 1)
[  58203ms] [console.log] [L] ROUND_SCORE_TEAM 0 web_user
[  58204ms] [console.log] [L] NEW_ROUND 2026-09-03 13:59:07 UTC+0200
[  58224ms] [console.log] [L] TEAM_CREATED ai_team
[  58224ms] [console.log] [L] TEAM_PLAYER_ADDED ai_team word
[  58225ms] [console.log] [L] TEAM_PLAYER_ADDED ai_team excel
[  58225ms] [console.log] [L] TEAM_PLAYER_ADDED ai_team notepad
[  58226ms] [console.log] [WAV] loaded /data/sound/cyclrun.wav: 40403 bytes, 8-bit mono @ 22050 Hz (fopen misses so far: 2)
[  58240ms] [harness] key Enter (1/1)
[  58241ms] [console.log] [WAV] loaded /data/sound/expl.wav: 11937 bytes, 8-bit mono @ 11025 Hz (fopen misses so far: 2)
[  58241ms] [console.log] [WAV] retiring a voice on moviesounds/intro.wav: loaded but zero samples
[  58241ms] [console.log] [SND] live voices peaked at 9 (SOUND_SOURCES 10, loudness_thresh 0.0000)
[  58504ms] [browser.error/network] Failed to load resource: the server responded with a status of 404 (File not found)   <- http://localhost:8000/favicon.ico
[  61542ms] [harness] until 1x <<[L] NEW_ROUND>> (timeout 90000ms, have 1)
[  61542ms] [harness] until SATISFIED: saw 1x <<[L] NEW_ROUND>>
[  61543ms] [harness] === ROUND-1-STARTED ===
[  62830ms] [harness] screenshot -> docs/evidence/phone-feedback/gates/m4-milestone-chrome/14-boot2-round1-driving.png
[  62831ms] [harness] === ROUND-1-STEERING ===
[  62835ms] [console.log] [WAV] loaded /data/sound/expl.wav: 11937 bytes, 8-bit mono @ 11025 Hz (fopen misses so far: 3)
[  62864ms] [harness] key Left (1/2)
[  63200ms] [harness] key Left (2/2)
[  63536ms] [harness] key Right (1/3)
[  63872ms] [harness] key Right (2/3)
[  64207ms] [harness] key Right (3/3)
[  64538ms] [console.log] [L] DEATH_SUICIDE web_user
[  64539ms] [console.log] [WAV] loaded /data/sound/expl.wav: 11937 bytes, 8-bit mono @ 11025 Hz (fopen misses so far: 4)
[  65841ms] [harness] screenshot -> docs/evidence/phone-feedback/gates/m4-milestone-chrome/15-boot2-round1-after-steering.png
[  65841ms] [harness] until 2x <<[L] NEW_ROUND>> (timeout 120000ms, have 1)
[  66339ms] [console.log] [L] ROUND_WINNER ai_team notepad excel word
[  70392ms] [console.log] [L] ROUND_SCORE -4 web_user web_user
[  70393ms] [console.log] [L] ROUND_SCORE_TEAM -4 web_user
[  70394ms] [console.log] [L] NEW_ROUND 2026-09-03 13:59:20 UTC+0200
[  70397ms] [console.log] [L] TEAM_PLAYER_REMOVED ai_team notepad
[  70397ms] [harness] until SATISFIED: saw 2x <<[L] NEW_ROUND>>
[  70398ms] [harness] === ROUND-2-STARTED ===
[  70398ms] [console.log] [L] TEAM_PLAYER_ADDED ai_team outlook
[  71599ms] [harness] === ROUND-2-STEERING ===
[  71631ms] [harness] key Left (1/2)
[  71965ms] [harness] key Left (2/2)
[  72298ms] [harness] key Right (1/3)
[  72633ms] [harness] key Right (2/3)
[  72967ms] [harness] key Right (3/3)
[  74553ms] [harness] screenshot -> docs/evidence/phone-feedback/gates/m4-milestone-chrome/16-boot2-round2-after-steering.png
[  74553ms] [harness] until 3x <<[L] NEW_ROUND>> (timeout 120000ms, have 2)
[  76915ms] [console.log] [L] DEATH_FRAG web_user outlook
[  78498ms] [console.log] [L] ROUND_WINNER ai_team outlook excel word
[  82563ms] [console.log] [L] ROUND_SCORE -2 web_user web_user
[  82563ms] [console.log] [L] ROUND_SCORE_TEAM -2 web_user
[  82563ms] [console.log] [L] NEW_ROUND 2026-09-03 13:59:32 UTC+0200
[  82659ms] [harness] until SATISFIED: saw 3x <<[L] NEW_ROUND>>
[  82659ms] [harness] === ROUND-3-STARTED ===
[  83859ms] [harness] === ROUND-3-STEERING ===
[  83893ms] [harness] key Left (1/2)
[  84233ms] [harness] key Left (2/2)
[  84570ms] [harness] key Right (1/3)
[  84907ms] [harness] key Right (2/3)
[  85241ms] [harness] key Right (3/3)
[  87155ms] [harness] screenshot -> docs/evidence/phone-feedback/gates/m4-milestone-chrome/17-boot2-round3-after-steering.png
[  87155ms] [harness] === INGAME-MENU-OPENED ===
[  87188ms] [harness] key Escape (1/1)
[  90085ms] [harness] screenshot -> docs/evidence/phone-feedback/gates/m4-milestone-chrome/18-boot2-ingame-menu.png
[  90114ms] [console.log] [PERSISTSAVE] menu-leave n=4
[  90118ms] [harness] key Escape (1/1)
[  90420ms] [harness] until 6x <<[PERSISTSAVE] menu-leave>> (timeout 30000ms, have 6)
[  90420ms] [harness] until SATISFIED: saw 6x <<[PERSISTSAVE] menu-leave>>
[  90420ms] [harness] === INGAME-MENU-LEFT ===
[  91925ms] [console.log] [MILE] {"phase":"boot2-after-steering","canvas_w":1024,"canvas_h":768,"present":true,"bytes":22770,"first_use":"0","fullscreen":"1","screenmode":"14","screenmode_w":"320","screenmode_h":"200","windowsize_w":"640","windowsize_h":"480","n_keyboard":79,"left_binds":["1104","117"],"right_binds":["1103","111"],"tip_left":"0 0 1 1 1","tip_right":"0 0 1 1 1"}
[  91926ms] [harness] eval window.__mile.dump('boot2-after-steering') => "boot2-after-steering"
[  91926ms] [harness] === RELOAD-2-REQUESTED ===
[  91932ms] [console.log] [PERSISTSAVE] js-backstop n=5
[  91932ms] [console.log] [PERSISTBACKSTOP] beforeunload
[  91933ms] [harness] eval location.reload() => undefined
[  91933ms] [harness] until 3x <<[PERSIST] populate ok>> (timeout 90000ms, have 2)
[  91960ms] [console.log] [DISPLAY] at load: viewport 1024x768 dpr 1 -> canvas 1024x768 aspect 1.3333 gpu-axis-limit 16384
[  91960ms] [console.log] [TOUCH] enabled=false (media query -> false) maxTouchPoints=0
[  91961ms] [console.error] WARNING: using emscripten GL emulation. This is a collection of limited workarounds, do not expect it to work.
[  91961ms] [console.error] WARNING: using emscripten GL emulation unsafe opts. If weirdness happens, try -sGL_UNSAFE_OPTS=0
[  91963ms] [page] load event fired
[  91974ms] [console.log] [PERSIST] populate ok in 5ms
[  92016ms] [console.log] [PERSIST] runtime initialized, starting the game
[  92017ms] [console.log] [CAMERA] stock camera (factor 1)
[  92017ms] [console.log] [BOOT] main() HELD by ?autostart=0, waiting for AA_START()
[  92034ms] [harness] until SATISFIED: saw 3x <<[PERSIST] populate ok>>
[  92034ms] [harness] === BOOT-3-POPULATED ===
[  93538ms] [harness] eval (()=>{const S={};S.rd=(p)=>{try{return Module.FS.readFile(p,{encoding:'utf8'})}catch(e){return null}};S.line=(t,k)=>{if(t===null)return null;const m=t.split('\n').find(l=>{const s=l.trim();return s.indexOf(k)===0&&/\s/.test(s.charAt(k.length))});return m?m.trim().slice(k.length).trim().replace(/\s+/g,' '):null};S.keys=(t)=>t===null?[]:t.split('\n').filter(l=>l.trim().indexOf('KEYBOARD')===0).map(l=>l.trim().replace(/\s+/g,' '));S.binds=(K,a)=>K.filter(l=>l.indexOf(' PLAYER_BIND '+a+' 1')>0).map(l=>l.split(' ')[1]);S.dump=(phase)=>{const c=S.rd('/persist/var/user.cfg');const cv=document.getElementById('canvas');const K=S.keys(c);console.log('[MILE] '+JSON.stringify({phase:phase,canvas_w:cv.width,canvas_h:cv.height,present:c!==null,bytes:c===null?null:c.length,first_use:S.line(c,'FIRST_USE'),fullscreen:S.line(c,'FULLSCREEN'),screenmode:S.line(c,'ARMAGETRON_SCREENMODE'),screenmode_w:S.line(c,'ARMAGETRON_SCREENMODE_W'),screenmode_h:S.line(c,'ARMAGETRON_SCREENMODE_H'),windowsize_w:S.line(c,'ARMAGETRON_WINDOWSIZE_W'),windowsize_h:S.line(c,'ARMAGETRON_WINDOWSIZE_H'),n_keyboard:K.length,left_binds:S.binds(K,'CYCLE_TURN_LEFT'),right_binds:S.binds(K,'CYCLE_TURN_RIGHT'),tip_left:S.line(c,'CYCLE_TURN_LEFT_TOOLTIP'),tip_right:S.line(c,'CYCLE_TURN_RIGHT_TOOLTIP')}));return phase};window.__mile=S;return 'probe installed'})() => "probe installed"
[  93541ms] [console.log] [MILE] {"phase":"boot3-before-play","canvas_w":1024,"canvas_h":768,"present":true,"bytes":22770,"first_use":"0","fullscreen":"1","screenmode":"14","screenmode_w":"320","screenmode_h":"200","windowsize_w":"640","windowsize_h":"480","n_keyboard":79,"left_binds":["1104","117"],"right_binds":["1103","111"],"tip_left":"0 0 1 1 1","tip_right":"0 0 1 1 1"}
[  93541ms] [harness] eval window.__mile.dump('boot3-before-play') => "boot3-before-play"
[  93580ms] [harness] screenshot -> docs/evidence/phone-feedback/gates/m4-milestone-chrome/19-boot3-before-play.png
[  93581ms] [console.log] [BOOT] autostart: calling main
[  93582ms] [console.error] Error: Error in tString GeneratePrefix() in src/tools/tDirectories.cpp:1380 : 
[  93582ms] [console.error]  	Relocation error. The binary was supposed to be installed into /usr/local/bin and found itself in . and could not find out what this means for the prefix /usr/local.
[  93582ms] [console.error] 
[  93583ms] [console.log] Warning in void FindConfigurationPath() in src/tools/tDirectories.cpp:1465 : 
[  93583ms] [console.log]  	Could not determine path to configuration files. Using defaults or command line arguments.
[  93583ms] [console.log] 
[  93701ms] [console.log] [L] ENCODING latin1
[  93704ms] [console.log] [SND] device opened: 22050 Hz, 2 ch, 16-bit, 1024 frames/callback (46.4 ms per callback, SOUND_BUFFER_SHIFT 1)
[  93718ms] [console.error] WARNING: using emscripten GL immediate mode emulation. This is very limited in what it supports
[  93720ms] [console.error] TODO: glShadeModel
[  93723ms] [browser.warning/rendering] Canvas2D: Multiple readback operations using getImageData are faster with the willReadFrequently attribute set to true. See: https://html.spec.whatwg.org/multipage/canvas.html#concept-canvas-will-read-frequently   <- http://localhost:8000/armagetronad.js
[  93730ms] [harness] eval window.AA_START() => undefined
[ 103732ms] [console.log] [MILE] {"phase":"boot3-after-boot","canvas_w":320,"canvas_h":200,"present":true,"bytes":22775,"first_use":"0","fullscreen":"1","screenmode":"14","screenmode_w":"320","screenmode_h":"200","windowsize_w":"640","windowsize_h":"480","n_keyboard":79,"left_binds":["1104","117"],"right_binds":["1103","111"],"tip_left":"0 0 1 1 1","tip_right":"0 0 1 1 1"}
[ 103733ms] [harness] eval window.__mile.dump('boot3-after-boot') => "boot3-after-boot"
[ 103810ms] [harness] screenshot -> docs/evidence/phone-feedback/gates/m4-milestone-chrome/20-boot3-main-menu-at-320x200.png
[ 103842ms] [harness] key Enter (1/1)
[ 106218ms] [harness] screenshot -> docs/evidence/phone-feedback/gates/m4-milestone-chrome/21-boot3-play-game-submenu.png
[ 106218ms] [harness] === ESCAPE-LEAVES-PLAY-GAME-SUBMENU ===
[ 106250ms] [console.log] [PERSISTSAVE] menu-leave n=1
[ 106250ms] [harness] key Escape (1/1)
[ 106552ms] [harness] until 7x <<[PERSISTSAVE] menu-leave>> (timeout 30000ms, have 7)
[ 106553ms] [harness] until SATISFIED: saw 7x <<[PERSISTSAVE] menu-leave>>
[ 106553ms] [harness] === BOOT-3-SAVED-FROM-MEMORY ===
[ 108060ms] [console.log] [MILE] {"phase":"boot3-after-save","canvas_w":320,"canvas_h":200,"present":true,"bytes":22775,"first_use":"0","fullscreen":"1","screenmode":"14","screenmode_w":"320","screenmode_h":"200","windowsize_w":"640","windowsize_h":"480","n_keyboard":79,"left_binds":["1104","117"],"right_binds":["1103","111"],"tip_left":"0 0 1 1 1","tip_right":"0 0 1 1 1"}
[ 108061ms] [harness] eval window.__mile.dump('boot3-after-save') => "boot3-after-save"
[ 108135ms] [harness] screenshot -> docs/evidence/phone-feedback/gates/m4-milestone-chrome/22-boot3-final.png
[ 108135ms] [harness] === positive-control-deliberate-uncaught-error-follows ===
[ 108136ms] [harness] eval setTimeout(function(){null.thisIsADeliberateUncaughtError;},0) => 2004
[ 108136ms] [console.error] Uncaught TypeError: Cannot read properties of null (reading 'thisIsADeliberateUncaughtError')
[ 108136ms] [EXCEPTION] TypeError: Cannot read properties of null (reading 'thisIsADeliberateUncaughtError')
    at <anonymous>:1:28
[ 108137ms] [EXCEPTION] structured stack, 1 frames:
[ 108137ms]     <anonymous> @ :0:27
[ 110225ms] [harness] screenshot -> docs/evidence/phone-feedback/gates/m4-milestone-chrome/23-after-deliberate-uncaught-error.png
