[    719ms] [harness] mobile emulation: 412x915 CSS px dpr 3 (= 1236x2745 device px), touch on
[    723ms] [harness] chrome: Chrome/152.0.7977.77
[    723ms] [harness] navigating to http://localhost:8008/armagetronad.html?autostart=0
[     10ms] [harness] until 1x <<[BOOT] main() HELD>> (timeout 90000ms, have 0)
[     22ms] [console.log] [TOUCH] enabled=true (media query -> true) maxTouchPoints=5
[     23ms] [console.log] [DISPLAY] layout=gameboy (from the orientation) at parse
[     28ms] [console.log] [DISPLAY] at load: viewport 412x915 dpr 3 -> canvas 1236x1236 aspect 1.0000 gpu-axis-limit 16384 gameboy square 412css
[     29ms] [console.log] [TOUCH] haptics=on (12 ms per sent press)
[     30ms] [console.log] [TOUCH] context 0 (menu no, cycle no) -> TAP=ENTER
[     39ms] [console.error] WARNING: using emscripten GL emulation. This is a collection of limited workarounds, do not expect it to work.
[     40ms] [console.error] WARNING: using emscripten GL emulation unsafe opts. If weirdness happens, try -sGL_UNSAFE_OPTS=0
[     56ms] [console.log] [TOUCH] orientation portrait=true (layout stays gameboy) via resize
[     59ms] [page] load event fired
[     71ms] [browser.error/network] Failed to load resource: the server responded with a status of 404 (File not found)   <- http://localhost:8008/favicon.ico
[    113ms] [console.log] [PERSIST] populate ok in 36ms
[    300ms] [console.log] [PERSIST] runtime initialized, starting the game
[    301ms] [console.log] [CAMERA] camera distance x0.5 written to /data/webdefaults/autoexec.cfg before main()
[    302ms] [console.log] [SPARKS] SPARKS 1 / SPARKS_LIFETIME 1 / SPARKS_INTERVAL 0.05 written to /data/webdefaults/autoexec.cfg before main() (touch device)
[    302ms] [console.log] [BOOT] main() HELD by ?autostart=0, waiting for AA_START()
[    314ms] [harness] until SATISFIED: saw 1x <<[BOOT] main() HELD>>
[    315ms] [console.log] [M9GATE] LB0 parse-time {"layout":"gameboy","canvas_w":1236,"canvas_h":1236,"inner":"412x915"}
[    316ms] [harness] eval (()=>{const c=document.getElementById('canvas');const r={layout:document.documentElement.classList.contains('aa-gameboy')?'gameboy':'full',canvas_w:c.width,canvas_h:c.height,inner:window.innerWidth+'x'+window.innerHeight};console.log('[M9GATE] LB0 parse-time '+JSON.stringify(r));return 'LB0'})() => "LB0"
[    387ms] [harness] screenshot -> docs/evidence/m9-layout-lock/gates/layout-boot/lb-00-loading-overlay-while-held.png
[    387ms] [harness] === ROTATE-WHILE-HELD ===
[    390ms] [harness] metrics -> 915x412 dpr 3
[    391ms] [console.log] [TOUCH] orientation portrait=false (layout stays gameboy) via resize
[    391ms] [console.log] [TOUCH] orientation portrait=false (layout stays gameboy) via media query
[   1392ms] [console.log] [DISPLAY] layout=full (from the orientation) before main
[   1397ms] [console.log] [DISPLAY] before main: viewport 915x412 dpr 3 -> canvas 2745x1236 aspect 2.2209 gpu-axis-limit 16384
[   1397ms] [console.log] [BOOT] autostart: calling main
[   1400ms] [console.error] Error: Error in tString GeneratePrefix() in src/tools/tDirectories.cpp:1380 : 
[   1401ms] [console.error]  	Relocation error. The binary was supposed to be installed into /usr/local/bin and found itself in . and could not find out what this means for the prefix /usr/local.
[   1401ms] [console.error] 
[   1401ms] [console.log] Warning in void FindConfigurationPath() in src/tools/tDirectories.cpp:1465 : 
[   1401ms] [console.log]  	Could not determine path to configuration files. Using defaults or command line arguments.
[   1401ms] [console.log] 
[   1526ms] [console.log] [L] ENCODING latin1
[   1535ms] [console.log] Trying to start sound. Just restart Armagetron Advanced in case of crash.
[   1535ms] [console.log] [SND] device opened: 22050 Hz, 2 ch, 16-bit, 1024 frames/callback (46.4 ms per callback, SOUND_BUFFER_SHIFT 1)
[   1555ms] [console.error] WARNING: using emscripten GL immediate mode emulation. This is very limited in what it supports
[   1558ms] [console.error] TODO: glShadeModel
[   1562ms] [browser.warning/rendering] Canvas2D: Multiple readback operations using getImageData are faster with the willReadFrequently attribute set to true. See: https://html.spec.whatwg.org/multipage/canvas.html#concept-canvas-will-read-frequently   <- http://localhost:8008/armagetronad.js
[   1599ms] [harness] eval AA_START() => undefined
[   1599ms] [harness] until 1x <<[BOOT] autostart>> (timeout 60000ms, have 1)
[   1600ms] [harness] until SATISFIED: saw 1x <<[BOOT] autostart>>
[   1601ms] [browser.warning/other] The AudioContext was not allowed to start. It must be resumed (or created) after a user gesture on the page. https://developer.chrome.com/blog/autoplay/#web_audio   <- http://localhost:8008/armagetronad.js
[   1602ms] [browser.warning/other] The AudioContext was not allowed to start. It must be resumed (or created) after a user gesture on the page. https://developer.chrome.com/blog/autoplay/#web_audio   <- http://localhost:8008/armagetronad.js
[   1602ms] [browser.warning/other] The AudioContext was not allowed to start. It must be resumed (or created) after a user gesture on the page. https://developer.chrome.com/blog/autoplay/#web_audio   <- http://localhost:8008/armagetronad.js
[   1602ms] [browser.warning/other] The AudioContext was not allowed to start. It must be resumed (or created) after a user gesture on the page. https://developer.chrome.com/blog/autoplay/#web_audio   <- http://localhost:8008/armagetronad.js
[   1602ms] [browser.warning/other] The AudioContext was not allowed to start. It must be resumed (or created) after a user gesture on the page. https://developer.chrome.com/blog/autoplay/#web_audio   <- http://localhost:8008/armagetronad.js
[   1781ms] [console.log] [TOUCH] context 1 (menu yes, cycle no) -> TAP=ENTER
[   4101ms] [console.log] [M9GATE] LB3 boots-into-held-orientation {"layout":"full","canvas_w":2745,"canvas_h":1236,"css_w":915,"css_h":412,"inner":"915x412","square_var":"0px","PASS":true}
[   4102ms] [harness] eval (()=>{const c=document.getElementById('canvas');const b=c.getBoundingClientRect();const r={layout:document.documentElement.classList.contains('aa-gameboy')?'gameboy':'full',canvas_w:c.width,canvas_h:c.height,css_w:Math.round(b.width),css_h:Math.round(b.height),inner:window.innerWidth+'x'+window.innerHeight,square_var:getComputedStyle(document.documentElement).getPropertyValue('--aa-square').trim()};r.PASS=r.layout==='full'&&r.canvas_w>r.canvas_h&&r.canvas_w===Math.floor(window.innerWidth*window.devicePixelRatio)&&r.square_var==='0px';console.log('[M9GATE] LB3 boots-into-held-orientation '+JSON.stringify(r));return 'LB3 '+r.PASS})() => "LB3 true"
[   4181ms] [harness] screenshot -> docs/evidence/m9-layout-lock/gates/layout-boot/lb-01-turned-while-loading-boots-landscape.png
[   5684ms] [console.log] [M9GATE] LB1b layout-button-in-landscape-menu {"present":true,"display":"flex","label":"Portrait layout","PASS":true}
[   5684ms] [harness] eval (()=>{const lb=document.getElementById('layoutbtn');const r={present:!!lb,display:lb?getComputedStyle(lb).display:null,label:lb?lb.textContent.trim():null};r.PASS=r.present&&r.display!=='none'&&r.label==='Portrait layout';console.log('[M9GATE] LB1b layout-button-in-landscape-menu '+JSON.stringify(r));return 'LB1b '+r.PASS})() => "LB1b true"
[   5685ms] [harness] === TAP-THE-SWITCH ===
[   5687ms] [browser.warning/other] The AudioContext was not allowed to start. It must be resumed (or created) after a user gesture on the page. https://developer.chrome.com/blog/autoplay/#web_audio   <- http://localhost:8008/armagetronad.js
[   5750ms] [console.log] [TOUCH] layout switch -> ?layout=portrait (reload)
[   5753ms] [console.log] [PERSISTSAVE] js-backstop n=1
[   5754ms] [console.log] [PERSISTBACKSTOP] beforeunload
[   5756ms] [harness] tap #layoutbtn at 824,32 (1/1)
[   5769ms] [console.log] [TOUCH] enabled=true (media query -> true) maxTouchPoints=5
[   5769ms] [console.log] [DISPLAY] layout=gameboy (from ?layout=portrait) at parse
[   5774ms] [console.log] [DISPLAY] at load: viewport 412x915 dpr 3 -> canvas 1236x1236 aspect 1.0000 gpu-axis-limit 16384 gameboy square 412css
[   5774ms] [console.log] [TOUCH] haptics=on (12 ms per sent press)
[   5775ms] [console.log] [TOUCH] context 0 (menu no, cycle no) -> TAP=ENTER
[   5776ms] [console.error] WARNING: using emscripten GL emulation. This is a collection of limited workarounds, do not expect it to work.
[   5777ms] [console.error] WARNING: using emscripten GL emulation unsafe opts. If weirdness happens, try -sGL_UNSAFE_OPTS=0
[   5781ms] [console.log] [TOUCH] orientation portrait=false (layout stays gameboy) via resize
[   5782ms] [page] load event fired
[   5791ms] [console.log] [PERSIST] populate ok in 4ms
[   5858ms] [console.log] [PERSIST] runtime initialized, starting the game
[   5858ms] [console.log] [CAMERA] camera distance x0.5 written to /data/webdefaults/autoexec.cfg before main()
[   5859ms] [console.log] [SPARKS] SPARKS 1 / SPARKS_LIFETIME 1 / SPARKS_INTERVAL 0.05 written to /data/webdefaults/autoexec.cfg before main() (touch device)
[   5859ms] [console.log] [BOOT] main() HELD by ?autostart=0, waiting for AA_START()
[   6058ms] [harness] until 1x <<[TOUCH] layout switch -> ?layout=portrait>> (timeout 60000ms, have 1)
[   6059ms] [harness] until SATISFIED: saw 1x <<[TOUCH] layout switch -> ?layout=portrait>>
[   6059ms] [harness] until 2x <<[BOOT] main() HELD>> (timeout 90000ms, have 2)
[   6059ms] [harness] until SATISFIED: saw 2x <<[BOOT] main() HELD>>
[   6562ms] [console.log] [DISPLAY] layout=gameboy (from ?layout=portrait) before main
[   6565ms] [console.log] [DISPLAY] before main: viewport 412x915 dpr 3 -> canvas 1236x1236 aspect 1.0000 gpu-axis-limit 16384 gameboy square 412css
[   6566ms] [console.log] [BOOT] autostart: calling main
[   6566ms] [console.error] Error: Error in tString GeneratePrefix() in src/tools/tDirectories.cpp:1380 : 
[   6567ms] [console.error]  	Relocation error. The binary was supposed to be installed into /usr/local/bin and found itself in . and could not find out what this means for the prefix /usr/local.
[   6567ms] [console.error] 
[   6567ms] [console.log] Warning in void FindConfigurationPath() in src/tools/tDirectories.cpp:1465 : 
[   6567ms] [console.log]  	Could not determine path to configuration files. Using defaults or command line arguments.
[   6567ms] [console.log] 
[   6685ms] [console.log] [L] ENCODING latin1
[   6690ms] [console.log] Trying to start sound. Just restart Armagetron Advanced in case of crash.
[   6690ms] [console.log] [SND] device opened: 22050 Hz, 2 ch, 16-bit, 1024 frames/callback (46.4 ms per callback, SOUND_BUFFER_SHIFT 1)
[   6708ms] [console.error] WARNING: using emscripten GL immediate mode emulation. This is very limited in what it supports
[   6711ms] [console.error] TODO: glShadeModel
[   6714ms] [browser.warning/rendering] Canvas2D: Multiple readback operations using getImageData are faster with the willReadFrequently attribute set to true. See: https://html.spec.whatwg.org/multipage/canvas.html#concept-canvas-will-read-frequently   <- http://localhost:8008/armagetronad.js
[   6722ms] [harness] eval AA_START() => undefined
[   6723ms] [harness] until 2x <<[BOOT] autostart>> (timeout 60000ms, have 2)
[   6723ms] [harness] until SATISFIED: saw 2x <<[BOOT] autostart>>
[   6777ms] [console.log] [TOUCH] context 1 (menu yes, cycle no) -> TAP=ENTER
[   9225ms] [console.log] [M9GATE] LB4 switch-reloads-into-the-other-layout {"url_layout":"portrait","layout":"gameboy","canvas_w":1236,"canvas_h":1236,"css_w":412,"css_h":412,"inner":"915x412","square_var":"412px","label":"Landscape layout","PASS":true}
[   9225ms] [harness] eval (()=>{const c=document.getElementById('canvas');const b=c.getBoundingClientRect();const lb=document.getElementById('layoutbtn');const r={url_layout:new URLSearchParams(location.search).get('layout'),layout:document.documentElement.classList.contains('aa-gameboy')?'gameboy':'full',canvas_w:c.width,canvas_h:c.height,css_w:Math.round(b.width),css_h:Math.round(b.height),inner:window.innerWidth+'x'+window.innerHeight,square_var:getComputedStyle(document.documentElement).getPropertyValue('--aa-square').trim(),label:lb?lb.textContent.trim():null};r.PASS=r.url_layout==='portrait'&&r.layout==='gameboy'&&r.canvas_w===r.canvas_h&&r.canvas_w===Math.floor(Math.min(window.innerWidth,window.innerHeight)*window.devicePixelRatio)&&r.label==='Landscape layout';console.log('[M9GATE] LB4 switch-reloads-into-the-other-layout '+JSON.stringify(r));return 'LB4 '+r.PASS})() => "LB4 true"
[   9294ms] [harness] screenshot -> docs/evidence/m9-layout-lock/gates/layout-boot/lb-02-switched-to-portrait-while-held-landscape.png
