[   1168ms] [harness] mobile emulation: 915x412 CSS px dpr 3 (= 2745x1236 device px), touch on
[   1170ms] [harness] chrome: Chrome/152.0.7977.77
[   1171ms] [harness] navigating to http://localhost:8007/armagetronad.html?autostart=0&touch=1
[     66ms] [console.log] [DISPLAY] at load: viewport 915x412 dpr 3 -> canvas 2745x1236 aspect 2.2209 gpu-axis-limit 16384
[     67ms] [console.log] [TOUCH] enabled=true (?touch=1) maxTouchPoints=5
[     71ms] [console.log] [TOUCH] context 0 (menu no, cycle no) -> TAP=ENTER
[     73ms] [console.log] [TOUCH] play in portrait: false (localStorage aa.portrait)
[     74ms] [console.log] [TOUCH] orientation portrait=false (sized for portrait: false, boot held: false, play in portrait: false)
[     83ms] [console.error] WARNING: using emscripten GL emulation. This is a collection of limited workarounds, do not expect it to work.
[     84ms] [console.error] WARNING: using emscripten GL emulation unsafe opts. If weirdness happens, try -sGL_UNSAFE_OPTS=0
[     88ms] [console.log] [TOUCH] orientation portrait=false (sized for portrait: false, boot held: false, play in portrait: false)
[     93ms] [page] load event fired
[    101ms] [browser.error/network] Failed to load resource: the server responded with a status of 404 (File not found)   <- http://localhost:8007/favicon.ico
[    176ms] [console.log] [PERSIST] populate ok in 52ms
[    402ms] [console.log] [PERSIST] runtime initialized, starting the game
[    403ms] [console.log] [CAMERA] camera distance x0.5 written to /data/webdefaults/autoexec.cfg before main()
[    403ms] [console.log] [BOOT] main() HELD by ?autostart=0, waiting for AA_START()
[    812ms] [harness] eval (() => {  /* One frame = one flush/finish on the WebGL context. rSysDep::SwapGL calls     exactly one of the two per swap, chosen by swapMode_: the static default     is rSwap_glFlush, but sr_LoadDefaultConfig (rScreen.cpp) sets     rSwap_glFinish and welcome() (gArmagetron.cpp) runs it under st_FirstUse     -- and every harness run is a first-use boot (drive-browser.mjs makes a     fresh profile), so the client the harness measures swaps with glFinish,     a synchronous wait for the GPU. S.swaps counts each kind so the [PERF]     line says which fired instead of assuming. Per frame we keep: the     timestamp (taken BEFORE the swap call), the time spent INSIDE the swap     call (the GPU wait), the timestamp of the frame's first draw call, the     number of drawArrays/drawElements calls, and the bytes through     bufferData/bufferSubData. Draw calls and bytes are the direct measure of     "geometry re-submitted through the emulation this frame" (mechanism 1);     the first-draw timestamp lets report.js split a frame interval into     [end of previous swap -> first draw] (event-loop yield, input,     simulation) and [first draw -> swap] (render submission), so a frame that     gets slower in the first part while its draw calls stay flat is NOT the     renderer. */  /* THIS FILE IS ONE EXPRESSION WITH BLOCK COMMENTS ONLY: run-arm.sh strips     every newline to fit it into a single eval: step of drive-browser.mjs, so     a // comment would swallow the rest of the program. */  const N = 600000;  const S = { t: new Float64Array(N), wait: new Float32Array(N), first: new Float64Array(N),              draws: new Uint32Array(N), bytes: new Float64Array(N), n: 0,              swaps: { flush: 0, finish: 0 }, marks: [], shots: [], cur: { draws: 0, bytes: 0, first: 0 } };  window.__fps = S;  /* Screenshot bracket. Page.captureScreenshot spends real time on the page     and can put a hitch INTO a measured window; the driver's own     "[harness] screenshot" line is on the driver's clock, in the driver's     transcript, where report.js cannot see it. The template therefore wraps     every shot: step in eval:__fps.shot('name','begin') and     eval:__fps.shot('name','end'), on the page's clock, and report.js drops     the frames between the two (plus a pad) from every statistic. */  S.shot = (name, edge) => { S.shots.push([performance.now(), name, edge]); return 'shot ' + edge + ' ' + name; };  const wrap = (C) => {    if (!C) return; const P = C.prototype;    for (const m of ['flush', 'finish']) { const o = P[m]; if (!o) continue;      P[m] = function () {        const i = S.n, now = performance.now();        if (i < N) { S.t[i] = now; S.draws[i] = S.cur.draws; S.bytes[i] = S.cur.bytes; S.first[i] = S.cur.first; S.n = i + 1; }        S.swaps[m]++; S.cur.draws = 0; S.cur.bytes = 0; S.cur.first = 0;        const r = o.apply(this, arguments);        if (i < N) S.wait[i] = performance.now() - now;        return r; }; }    for (const m of ['drawArrays', 'drawElements']) { const o = P[m]; if (!o) continue;      P[m] = function () { if (!S.cur.first) S.cur.first = performance.now(); S.cur.draws++; return o.apply(this, arguments); }; }    for (const m of ['bufferData', 'bufferSubData']) { const o = P[m]; if (!o) continue;      P[m] = function () { const d = (m === 'bufferData') ? arguments[1] : arguments[2];        S.cur.bytes += (d && d.byteLength) ? d.byteLength : (typeof d === 'number' ? d : 0);        return o.apply(this, arguments); }; }  };  wrap(window.WebGLRenderingContext); wrap(window.WebGL2RenderingContext);  const cl = console.log.bind(console);  console.log = function () { const s = (arguments.length && typeof arguments[0] === 'string') ? arguments[0] : '';    if (s.indexOf('[L] ') === 0) S.marks.push([performance.now(), s]); return cl.apply(null, arguments); };  return 'sampler armed: frames, swap kind and wait, first draw, draw calls, buffer bytes, shot brackets';})() => "sampler armed: frames, swap kind and wait, first draw, draw calls, buffer bytes, shot brackets"
[    814ms] [harness] eval (()=>{const rd=(p)=>{try{return Module.FS.readFile(p,{encoding:'utf8'})}catch(e){return null}};const pick=(t,k)=>{if(t===null)return null;let v=null;for(const l of t.split('\n')){const s=l.trim();if(s.indexOf(k)===0&&/\s/.test(s.charAt(k.length)))v=s.slice(k.length).trim().replace(/\s+/g,' ')}return v};const DFLT={FIRST_USE:'1',SP_WALLS_LENGTH:'-1',SP_SPEED_FACTOR:'0',SP_SIZE_FACTOR:'-3',SP_NUM_AIS:'1',SP_AUTO_AIS:'1'};const KEYS=['FIRST_USE','SP_WALLS_LENGTH','SP_SPEED_FACTOR','SP_SIZE_FACTOR','SP_NUM_AIS','SP_AUTO_AIS','MAX_FPS','SWAP_MODE','TEXT_OUT','FLOOR_DETAIL'];window.__posttut=(phase)=>{let sv;try{Module._aa_web_save_config();sv='saved'}catch(e){sv='SAVE FAILED: '+e}const a=rd('/data/webdefaults/autoexec.cfg');const c=rd('/persist/var/user.cfg');const asked={},live={},expect={};for(const k of KEYS){asked[k]=pick(a,k);live[k]=pick(c,k);expect[k]=asked[k]!==null?asked[k]:(DFLT[k]!==undefined?DFLT[k]:null)}const K=c===null?[]:c.split('\n').map(l=>l.trim().replace(/\s+/g,' ')).filter(l=>l.indexOf('KEYBOARD ')===0);const bind=(x)=>K.filter(l=>l.indexOf(' PLAYER_BIND '+x+' 1')>0).map(l=>l.split(' ')[1]);console.log('[POSTTUT] '+JSON.stringify({phase:phase,save:sv,user_cfg_bytes:c===null?null:c.length,asked:asked,live:live,expect:expect,turn_left_bound:bind('CYCLE_TURN_LEFT'),turn_right_bound:bind('CYCLE_TURN_RIGHT')}));return 'posttut probe '+phase};return 'posttut probe installed'})() => "posttut probe installed"
[    814ms] [harness] eval (()=>{const p='/data/webdefaults/autoexec.cfg';const cur=Module.FS.readFile(p,{encoding:'utf8'});const add='\n# perf arm posttut-walls150-r2 (post-tutorial path)\nFIRST_USE 0\nSWAP_MODE 2\nFLOOR_DETAIL 3\nTEXT_OUT 1\nKEYBOARD 276 PLAYER_BIND CYCLE_TURN_LEFT 1\nKEYBOARD 275 PLAYER_BIND CYCLE_TURN_RIGHT 1\nMAX_FPS 1000\nSP_SIZE_FACTOR 6\nSP_NUM_AIS 7\nSP_WALLS_LENGTH 150\n';Module.FS.writeFile(p,cur+add);return 'autoexec.cfg patched: '+JSON.stringify(add)})() => "autoexec.cfg patched: \"\\n# perf arm posttut-walls150-r2 (post-tutorial path)\\nFIRST_USE 0\\nSWAP_MODE 2\\nFLOOR_DETAIL 3\\nTEXT_OUT 1\\nKEYBOARD 276 PLAYER_BIND CYCLE_TURN_LEFT 1\\nKEYBOARD 275 PLAYER_BIND CYCLE_TURN_RIGHT 1\\nMAX_FPS 1000\\nSP_SIZE_FACTOR 6\\nSP_NUM_AIS 7\\nSP_WALLS_LENGTH 150\\n\""
[    816ms] [console.log] [BOOT] autostart: calling main
[    820ms] [console.error] Error: Error in tString GeneratePrefix() in src/tools/tDirectories.cpp:1380 : 
[    820ms] [console.error]  	Relocation error. The binary was supposed to be installed into /usr/local/bin and found itself in . and could not find out what this means for the prefix /usr/local.
[    821ms] [console.error] 
[    821ms] [console.log] Warning in void FindConfigurationPath() in src/tools/tDirectories.cpp:1465 : 
[    821ms] [console.log]  	Could not determine path to configuration files. Using defaults or command line arguments.
[    822ms] [console.log] 
[    956ms] [console.log] [L] ENCODING latin1
[    968ms] [console.log] [SND] device opened: 22050 Hz, 2 ch, 16-bit, 1024 frames/callback (46.4 ms per callback, SOUND_BUFFER_SHIFT 1)
[    992ms] [console.error] WARNING: using emscripten GL immediate mode emulation. This is very limited in what it supports
[    996ms] [console.error] TODO: glShadeModel
[   1001ms] [browser.warning/rendering] Canvas2D: Multiple readback operations using getImageData are faster with the willReadFrequently attribute set to true. See: https://html.spec.whatwg.org/multipage/canvas.html#concept-canvas-will-read-frequently   <- http://localhost:8007/armagetronad.js
[   1047ms] [harness] eval window.AA_START() => undefined
[   1048ms] [harness] until 1x <<[BOOT] autostart>> (timeout 90000ms, have 1)
[   1048ms] [harness] until SATISFIED: saw 1x <<[BOOT] autostart>>
[   1051ms] [browser.warning/other] The AudioContext was not allowed to start. It must be resumed (or created) after a user gesture on the page. https://developer.chrome.com/blog/autoplay/#web_audio   <- http://localhost:8007/armagetronad.js
[   1051ms] [browser.warning/other] The AudioContext was not allowed to start. It must be resumed (or created) after a user gesture on the page. https://developer.chrome.com/blog/autoplay/#web_audio   <- http://localhost:8007/armagetronad.js
[   1052ms] [browser.warning/other] The AudioContext was not allowed to start. It must be resumed (or created) after a user gesture on the page. https://developer.chrome.com/blog/autoplay/#web_audio   <- http://localhost:8007/armagetronad.js
[   1052ms] [browser.warning/other] The AudioContext was not allowed to start. It must be resumed (or created) after a user gesture on the page. https://developer.chrome.com/blog/autoplay/#web_audio   <- http://localhost:8007/armagetronad.js
[   1053ms] [browser.warning/other] The AudioContext was not allowed to start. It must be resumed (or created) after a user gesture on the page. https://developer.chrome.com/blog/autoplay/#web_audio   <- http://localhost:8007/armagetronad.js
[   7065ms] [console.log] [TOUCH] context 1 (menu yes, cycle no) -> TAP=ENTER
[  10156ms] [harness] screenshot -> docs/evidence/m6-lag/task7-posttutorial/posttut-walls150-r2/m0a-splash.png
[  19264ms] [harness] screenshot -> docs/evidence/m6-lag/task7-posttutorial/posttut-walls150-r2/m0-main-menu.png
[  19265ms] [harness] === MENU-WALK-NO-TUTORIAL-ON-THIS-PATH ===
[  19305ms] [harness] key Enter (1/1)
[  21525ms] [harness] screenshot -> docs/evidence/m6-lag/task7-posttutorial/posttut-walls150-r2/m1-game-submenu.png
[  21559ms] [harness] key Down (1/1)
[  23171ms] [harness] screenshot -> docs/evidence/m6-lag/task7-posttutorial/posttut-walls150-r2/m2-cursor-on-start-new-game.png
[  23176ms] [console.log] [L] PLAYER_ENTERED web_user  web_user
[  23177ms] [console.log] [L] TEAM_CREATED web_user
[  23177ms] [console.log] [L] TEAM_PLAYER_ADDED web_user web_user
[  23179ms] [console.log] [WAV] loaded /data/sound/expl.wav: 11937 bytes, 8-bit mono @ 11025 Hz (fopen misses so far: 1)
[  23181ms] [console.log] [L] ROUND_SCORE_TEAM 0 web_user
[  23182ms] [console.log] [L] NEW_ROUND 2026-09-04 11:29:27 UTC+0200
[  23199ms] [console.log] [L] TEAM_CREATED ai_team
[  23199ms] [console.log] [L] TEAM_PLAYER_ADDED ai_team word
[  23199ms] [console.log] [L] TEAM_PLAYER_ADDED ai_team excel
[  23200ms] [console.log] [L] TEAM_PLAYER_ADDED ai_team notepad
[  23200ms] [console.log] [L] TEAM_PLAYER_ADDED ai_team gcc
[  23201ms] [console.log] [WAV] loaded /data/sound/cyclrun.wav: 40403 bytes, 8-bit mono @ 22050 Hz (fopen misses so far: 2)
[  23213ms] [harness] key Enter (1/1)
[  23216ms] [console.log] [WAV] loaded /data/sound/expl.wav: 11937 bytes, 8-bit mono @ 11025 Hz (fopen misses so far: 2)
[  23216ms] [console.log] [WAV] retiring a voice on moviesounds/intro.wav: loaded but zero samples
[  23216ms] [console.log] [SND] live voices peaked at 11 (SOUND_SOURCES 10, loudness_thresh 0.0000)
[  23316ms] [console.log] [TOUCH] context 2 (menu no, cycle alive) -> STEERING
[  23484ms] [browser.error/network] Failed to load resource: the server responded with a status of 404 (File not found)   <- http://localhost:8007/favicon.ico
[  23514ms] [harness] until 1x <<[L] NEW_ROUND>> (timeout 120000ms, have 1)
[  23514ms] [harness] until SATISFIED: saw 1x <<[L] NEW_ROUND>>
[  23515ms] [harness] === ROUND-1-SETUP-NOT-MEASURED ===
[  26550ms] [harness] key Right (1/1)
[  26888ms] [harness] key Left (1/1)
[  28691ms] [harness] eval __fps.shot('r1-after-keys','begin') => "shot begin r1-after-keys"
[  28858ms] [harness] screenshot -> docs/evidence/m6-lag/task7-posttutorial/posttut-walls150-r2/r1-after-keys.png
[  28859ms] [harness] eval __fps.shot('r1-after-keys','end') => "shot end r1-after-keys"
[  28863ms] [console.log] [PERSISTSAVE] js-backstop n=1
[  28864ms] [console.log] [POSTTUT] {"phase":"round1-setup","save":"saved","user_cfg_bytes":22047,"asked":{"FIRST_USE":"0","SP_WALLS_LENGTH":"150","SP_SPEED_FACTOR":null,"SP_SIZE_FACTOR":"6","SP_NUM_AIS":"7","SP_AUTO_AIS":"0","MAX_FPS":"1000","SWAP_MODE":"2","TEXT_OUT":"1","FLOOR_DETAIL":"3"},"live":{"FIRST_USE":"0","SP_WALLS_LENGTH":"150","SP_SPEED_FACTOR":"0","SP_SIZE_FACTOR":"6","SP_NUM_AIS":"7","SP_AUTO_AIS":"0","MAX_FPS":"1000","SWAP_MODE":"2","TEXT_OUT":"1","FLOOR_DETAIL":"3"},"expect":{"FIRST_USE":"0","SP_WALLS_LENGTH":"150","SP_SPEED_FACTOR":"0","SP_SIZE_FACTOR":"6","SP_NUM_AIS":"7","SP_AUTO_AIS":"0","MAX_FPS":"1000","SWAP_MODE":"2","TEXT_OUT":"1","FLOOR_DETAIL":"3"},"turn_left_bound":["1104"],"turn_right_bound":["1103"]}
[  28864ms] [harness] eval window.__posttut('round1-setup') => "posttut probe round1-setup"
[  28866ms] [harness] CPU throttling rate 6x
[  28867ms] [harness] === THROTTLE-ON ===
[  28867ms] [harness] until 2x <<[L] NEW_ROUND>> (timeout 260000ms, have 1)
[  68645ms] [console.log] [L] DEATH_FRAG web_user gcc
[  68655ms] [console.log] [WAV] loaded /data/sound/expl.wav: 11937 bytes, 8-bit mono @ 11025 Hz (fopen misses so far: 3)
[  68830ms] [console.log] [TOUCH] context 0 (menu no, cycle no) -> TAP=ENTER
[  70620ms] [console.log] [L] ROUND_WINNER ai_team gcc notepad excel word
[  74673ms] [console.log] [WAV] loaded /data/sound/expl.wav: 11937 bytes, 8-bit mono @ 11025 Hz (fopen misses so far: 4)
[  74690ms] [console.log] [L] ROUND_SCORE -2 web_user web_user
[  74693ms] [console.log] [L] ROUND_SCORE_TEAM -2 web_user
[  74695ms] [console.log] [L] NEW_ROUND 2026-09-04 11:30:18 UTC+0200
[  74714ms] [console.log] [L] TEAM_PLAYER_ADDED ai_team outlook
[  74716ms] [console.log] [L] TEAM_PLAYER_ADDED ai_team latex
[  74719ms] [console.log] [L] TEAM_PLAYER_ADDED ai_team gdb
[  74740ms] [console.log] [SND] live voices peaked at 16 (SOUND_SOURCES 10, loudness_thresh 0.0110)
[  74740ms] [console.log] [SND] voice limiter STARTED cutting: 16 live voices, SOUND_SOURCES 10, loudness_thresh 0.0110
[  74742ms] [harness] until SATISFIED: saw 2x <<[L] NEW_ROUND>>
[  74742ms] [harness] === ROUND-2-MEASURED ===
[  74818ms] [console.log] [TOUCH] context 2 (menu no, cycle alive) -> STEERING
[  75174ms] [console.log] [SND] voice limiter stopped cutting: 2 live voices, SOUND_SOURCES 10, loudness_thresh 0.0000
[  75211ms] [console.log] [SND] voice limiter STARTED cutting: 15 live voices, SOUND_SOURCES 10, loudness_thresh 0.0110
[  75676ms] [console.log] [SND] voice limiter stopped cutting: 2 live voices, SOUND_SOURCES 10, loudness_thresh 0.0000
[  75741ms] [console.log] [SND] voice limiter STARTED cutting: 15 live voices, SOUND_SOURCES 10, loudness_thresh 0.0110
[  76201ms] [console.log] [SND] voice limiter stopped cutting: 2 live voices, SOUND_SOURCES 10, loudness_thresh 0.0000
[  76242ms] [console.log] [SND] voice limiter STARTED cutting: 15 live voices, SOUND_SOURCES 10, loudness_thresh 0.0110
[  76710ms] [console.log] [SND] voice limiter stopped cutting: 2 live voices, SOUND_SOURCES 10, loudness_thresh 0.0000
[  76756ms] [console.log] [SND] voice limiter STARTED cutting: 15 live voices, SOUND_SOURCES 10, loudness_thresh 0.0110
[  77226ms] [console.log] [SND] voice limiter stopped cutting: 2 live voices, SOUND_SOURCES 10, loudness_thresh 0.0000
[  77270ms] [console.log] [SND] voice limiter STARTED cutting: 15 live voices, SOUND_SOURCES 10, loudness_thresh 0.0110
[  77724ms] [console.log] [SND] voice limiter stopped cutting: 2 live voices, SOUND_SOURCES 10, loudness_thresh 0.0000
[  80751ms] [harness] eval __fps.shot('r2-06s','begin') => "shot begin r2-06s"
[  80931ms] [harness] screenshot -> docs/evidence/m6-lag/task7-posttutorial/posttut-walls150-r2/r2-06s.png
[  80948ms] [harness] eval __fps.shot('r2-06s','end') => "shot end r2-06s"
[  80949ms] [harness] eval __fps.shot('r2-probe','begin') => "shot begin r2-probe"
[  80985ms] [console.log] [PERSISTSAVE] js-backstop n=2
[  80993ms] [console.log] [POSTTUT] {"phase":"round2-measured","save":"saved","user_cfg_bytes":22048,"asked":{"FIRST_USE":"0","SP_WALLS_LENGTH":"150","SP_SPEED_FACTOR":null,"SP_SIZE_FACTOR":"6","SP_NUM_AIS":"7","SP_AUTO_AIS":"0","MAX_FPS":"1000","SWAP_MODE":"2","TEXT_OUT":"1","FLOOR_DETAIL":"3"},"live":{"FIRST_USE":"0","SP_WALLS_LENGTH":"150","SP_SPEED_FACTOR":"0","SP_SIZE_FACTOR":"6","SP_NUM_AIS":"7","SP_AUTO_AIS":"0","MAX_FPS":"1000","SWAP_MODE":"2","TEXT_OUT":"1","FLOOR_DETAIL":"3"},"expect":{"FIRST_USE":"0","SP_WALLS_LENGTH":"150","SP_SPEED_FACTOR":"0","SP_SIZE_FACTOR":"6","SP_NUM_AIS":"7","SP_AUTO_AIS":"0","MAX_FPS":"1000","SWAP_MODE":"2","TEXT_OUT":"1","FLOOR_DETAIL":"3"},"turn_left_bound":["1104"],"turn_right_bound":["1103"]}
[  80993ms] [harness] eval window.__posttut('round2-measured') => "posttut probe round2-measured"
[  81018ms] [harness] eval __fps.shot('r2-probe','end') => "shot end r2-probe"
[ 105038ms] [harness] eval __fps.shot('r2-30s','begin') => "shot begin r2-30s"
[ 105223ms] [harness] screenshot -> docs/evidence/m6-lag/task7-posttutorial/posttut-walls150-r2/r2-30s.png
[ 105237ms] [harness] eval __fps.shot('r2-30s','end') => "shot end r2-30s"
[ 120160ms] [console.log] [SND] voice limiter STARTED cutting: 12 live voices, SOUND_SOURCES 10, loudness_thresh 0.0010
[ 121620ms] [console.log] [SND] voice limiter stopped cutting: 8 live voices, SOUND_SOURCES 10, loudness_thresh 0.0000
[ 125241ms] [harness] eval __fps.shot('r2-50s','begin') => "shot begin r2-50s"
[ 125418ms] [harness] screenshot -> docs/evidence/m6-lag/task7-posttutorial/posttut-walls150-r2/r2-50s.png
[ 125423ms] [harness] eval __fps.shot('r2-50s','end') => "shot end r2-50s"
[ 125423ms] [harness] until 3x <<[L] NEW_ROUND>> (timeout 260000ms, have 2)
[ 133542ms] [console.log] [L] DEATH_FRAG web_user notepad
[ 133580ms] [console.log] [TOUCH] context 0 (menu no, cycle no) -> TAP=ENTER
[ 135480ms] [console.log] [L] ROUND_WINNER ai_team gdb latex outlook gcc notepad excel word
[ 139581ms] [console.log] [L] ROUND_SCORE -2 web_user web_user
[ 139584ms] [console.log] [L] ROUND_SCORE_TEAM -2 web_user
[ 139586ms] [console.log] [L] NEW_ROUND 2026-09-04 11:31:23 UTC+0200
[ 139621ms] [console.log] [SND] voice limiter STARTED cutting: 16 live voices, SOUND_SOURCES 10, loudness_thresh 0.0110
[ 139623ms] [console.log] [TOUCH] context 2 (menu no, cycle alive) -> STEERING
[ 139639ms] [harness] until SATISFIED: saw 3x <<[L] NEW_ROUND>>
[ 139642ms] [harness] === ROUND-3-MEASURED ===
[ 140048ms] [console.log] [SND] voice limiter stopped cutting: 2 live voices, SOUND_SOURCES 10, loudness_thresh 0.0000
[ 145651ms] [harness] eval __fps.shot('r3-06s','begin') => "shot begin r3-06s"
[ 145807ms] [harness] screenshot -> docs/evidence/m6-lag/task7-posttutorial/posttut-walls150-r2/r3-06s.png
[ 145809ms] [harness] eval __fps.shot('r3-06s','end') => "shot end r3-06s"
[ 169831ms] [harness] eval __fps.shot('r3-30s','begin') => "shot begin r3-30s"
[ 170001ms] [harness] screenshot -> docs/evidence/m6-lag/task7-posttutorial/posttut-walls150-r2/r3-30s.png
[ 170026ms] [harness] eval __fps.shot('r3-30s','end') => "shot end r3-30s"
[ 190033ms] [harness] eval __fps.shot('r3-50s','begin') => "shot begin r3-50s"
[ 190199ms] [harness] screenshot -> docs/evidence/m6-lag/task7-posttutorial/posttut-walls150-r2/r3-50s.png
[ 190205ms] [harness] eval __fps.shot('r3-50s','end') => "shot end r3-50s"
[ 190205ms] [harness] until 3x <<[L] ROUND_WINNER>> (timeout 260000ms, have 2)
[ 198388ms] [console.log] [L] DEATH_FRAG web_user notepad
[ 198592ms] [console.log] [TOUCH] context 0 (menu no, cycle no) -> TAP=ENTER
[ 199431ms] [console.log] [L] ROUND_WINNER ai_team gdb latex outlook gcc notepad excel word
[ 199476ms] [harness] until SATISFIED: saw 3x <<[L] ROUND_WINNER>>
[ 199476ms] [harness] === MATCH-OVER ===
[ 200607ms] [harness] eval (() => {  /* ONE EXPRESSION, BLOCK COMMENTS ONLY: run-arm.sh strips newlines to make     this a single eval: step (see sampler.js). posttut-walls150-r2 and 6 are     substituted by run-arm.sh. The object this prints after "[PERF] <arm> " is     the schema Tasks 2-4 read; web/tools/perf/README.md documents it. */  const S = window.__fps, n = S.n;  const PAD_BEFORE = 100, PAD_AFTER = 250;  const marks = (p) => S.marks.filter(m => m[1].indexOf(p) === 0);  const nr = marks('[L] NEW_ROUND').map(m => m[0]);  const rw = marks('[L] ROUND_WINNER').map(m => m[0]);  /* The human is the first PLAYER_ENTERED name; the AIs never enter that way.     A DEATH_* line names its victim first, so the human's deaths are the     DEATH_ marks whose first name is that one. */  const pe = marks('[L] PLAYER_ENTERED ');  const human = pe.length ? pe[0][1].split(/\s+/)[2] : 'web_user';  const deaths = S.marks.filter(m => /^\[L\] DEATH_\w+ /.test(m[1]) && m[1].split(/\s+/)[2] === human).map(m => m[0]);  /* Screenshot exclusions: [begin - PAD_BEFORE, end + PAD_AFTER] for every     bracketed shot (sampler.js S.shot); a begin with no end -- the driver died     mid-shot -- excludes two seconds. */  const ex = []; const open = {};  for (const [t, name, edge] of S.shots) {    if (edge === 'begin') open[name] = t;    else if (edge === 'end' && open[name] != null) { ex.push({ a: open[name] - PAD_BEFORE, b: t + PAD_AFTER, name: name, dur: t - open[name] }); delete open[name]; } }  for (const name in open) ex.push({ a: open[name] - PAD_BEFORE, b: open[name] + 2000, name: name, dur: null });  const excluded = (t) => ex.some(e => t >= e.a && t <= e.b);  const q = (a, p) => { if (!a.length) return null; const s = a.slice().sort((x, y) => x - y);    return s[Math.min(s.length - 1, Math.max(0, Math.round(p * (s.length - 1))))]; };  const r2 = (x) => (x == null) ? null : Math.round(x * 100) / 100;  /* A window's statistics use only frames outside every exclusion, and only     deltas between frames that were ADJACENT samples, so a gap that straddles     an exclusion is never counted as a frame time. raw_ms_max ignores the     exclusions on purpose: it is where a screenshot hitch stays visible, so a     reader can see what was excluded and that it did not leak into ms_p50.     Each frame interval t[i]-t[p] (p the previous sample) is also split into     the three parts the sampler timestamps: ms_in_swap = the previous swap     call itself (p50, p90 and max: if glFinish waited for the GPU it would     show here, and the first measured run read 0 in every window -- so the     tail is reported too), ms_to_first_draw = from that     call's return to this frame's first draw call (the emscripten_sleep(0)     yield, input, the simulation, render setup), ms_first_draw_to_swap = from     the first draw call to this frame's swap call (render submission). */  const win = (t0, t1) => {    const ix = []; let dropped = 0, rawMax = 0, prev = -1;    for (let i = 0; i < n; i++) { const t = S.t[i]; if (t < t0 || t > t1) continue;      if (prev >= 0) rawMax = Math.max(rawMax, t - S.t[prev]); prev = i;      if (excluded(t)) dropped++; else ix.push(i); }    const d = [], sw = [], pre = [], ren = []; let dr = 0, by = 0;    for (let k = 1; k < ix.length; k++) if (ix[k] === ix[k - 1] + 1) { const i = ix[k], p = ix[k - 1];      d.push(S.t[i] - S.t[p]); sw.push(S.wait[p]);      if (S.first[i] > 0) { pre.push(S.first[i] - (S.t[p] + S.wait[p])); ren.push(S.t[i] - S.first[i]); } }    for (const i of ix) { dr += S.draws[i]; by += S.bytes[i]; }    const f = ix.length || 1;    let exms = 0; for (const e of ex) exms += Math.max(0, Math.min(t1, e.b) - Math.max(t0, e.a));    const span = Math.max(1, (t1 - t0) - exms);    return { frames: ix.length, frames_excluded: dropped, ms_p50: r2(q(d, .5)), ms_p90: r2(q(d, .9)),             fps: r2(ix.length / (span / 1000)), draws_per_frame: r2(dr / f),             kb_per_frame: r2(by / f / 1024), hitches_over_50ms: d.filter(x => x > 50).length,             raw_ms_max: r2(rawMax), ms_in_swap_p50: r2(q(sw, .5)), ms_in_swap_p90: r2(q(sw, .9)), ms_in_swap_max: r2(q(sw, 1)),             ms_to_first_draw_p50: r2(q(pre, .5)), ms_first_draw_to_swap_p50: r2(q(ren, .5)) }; };  const perSec = (t0, t1) => { const ms = [], dr = [], mx = [], pre = [], ren = [];    for (let k = 0; k * 1000 < t1 - t0; k++) { const w = win(t0 + k * 1000, Math.min(t1, t0 + (k + 1) * 1000));      ms.push(w.ms_p50); dr.push(w.draws_per_frame); mx.push(w.raw_ms_max); pre.push(w.ms_to_first_draw_p50); ren.push(w.ms_first_draw_to_swap_p50); }    return { ms_p50: ms, draws_per_frame: dr, raw_ms_max: mx, ms_to_first_draw_p50: pre, ms_first_draw_to_swap_p50: ren }; };  /* Pre-round frames. For the first half second of game time after a round     starts (gGame.cpp GameLoop, the gtime <= -PREPARE_TIME + .5 branch) the     game clears the screen and swaps WITHOUT calling Render: overlay only, no     arena, a handful of draw calls at a fraction of a world frame's cost.     They sit right after NEW_ROUND and would otherwise fill the early window     with frames that have no geometry in them. They are found by their draw     count: the threshold is halfway between the fewest draws of any frame in     the round's first two seconds (an overlay-only frame) and the median of     its second second (world frames); the measured span starts at the first     frame after the last frame under the threshold. The frame that straddles     NEW_ROUND itself (drawn mostly before it) is above the threshold and is     left out of both. */  const preRound = (t0) => {    const a = [], b = [];    for (let i = 0; i < n; i++) { const t = S.t[i]; if (t < t0) continue; if (t >= t0 + 2000) break; a.push(i); if (t >= t0 + 1000) b.push(S.draws[i]); }    const none = { start: t0, stats: { frames: 0, ms_p50: null, draws_per_frame: null, span_ms: 0, split_at_draws: null } };    if (!a.length) return none;    let lo = Infinity; for (const i of a) lo = Math.min(lo, S.draws[i]);    const med = q(b, .5); if (med == null || !(med > lo)) return none;    const thr = (lo + med) / 2; const ov = a.filter(i => S.draws[i] <= thr);    if (!ov.length) return none;    const last = ov[ov.length - 1]; const d = []; let dr = 0;    for (let k = 1; k < ov.length; k++) if (ov[k] === ov[k - 1] + 1) d.push(S.t[ov[k]] - S.t[ov[k - 1]]);    for (const i of ov) dr += S.draws[i];    return { start: (last + 1 < n) ? S.t[last + 1] : t0,             stats: { frames: ov.length, ms_p50: r2(q(d, .5)), draws_per_frame: r2(dr / ov.length),                      span_ms: r2(S.t[last] - S.t[ov[0]]), split_at_draws: r2(thr) } }; };  /* A round is closed by its ROUND_WINNER mark when one is written; a     winnerless round -- a lone cycle with no AI (gGame.cpp Analysis: a winner     needs more than one team) -- writes none and ends when the next NEW_ROUND     starts, and a round still running when this report runs closes here. For     a transcript where every round has its ROUND_WINNER before the next     NEW_ROUND (every base arm), this pairs exactly as nr[i]/rw[i] did. */  const rounds = [];  const tReport = performance.now();  for (let i = 0; i < nr.length; i++) {    const t0 = nr[i], next = (i + 1 < nr.length) ? nr[i + 1] : Infinity;    const won = rw.find(t => t > t0 && t < next);    const t1 = won != null ? won : (next < Infinity ? next : tReport);    const closedBy = won != null ? 'round_winner' : (next < Infinity ? 'next_round' : 'report');    const len = (t1 - t0) / 1000; if (len < 8) continue;    /* The measured span runs from the first world frame to the human's death       when the human dies before ROUND_WINNER (after it the camera shows an       explosion and the AIs' endgame, which is not what the maintainer       plays), else to ROUND_WINNER. */    const death = deaths.find(t => t > t0 && t < t1); const te = death != null ? death : t1;    const pr = preRound(t0); const ts = pr.start;    const e = win(ts, ts + 5000), l = win(te - 5000, te), all = win(ts, te);    const shots = ex.filter(x => x.a >= t0 && x.a <= t1).map(x => ({ name: x.name, at_s: r2((x.a + PAD_BEFORE - t0) / 1000), dur_ms: r2(x.dur) }));    rounds.push({ round: i + 1, length_s: r2(len), closed_by: closedBy,      measured_from_s: r2((ts - t0) / 1000), measured_to_s: r2((te - t0) / 1000),      human_death_s: death != null ? r2((death - t0) / 1000) : null, ends_at: death != null ? 'human_death' : 'round_winner',      pre_round: pr.stats, early_5s: e, late_5s: l,      ratio_ms: e.ms_p50 ? r2(l.ms_p50 / e.ms_p50) : null,      ratio_draws: e.draws_per_frame ? r2(l.draws_per_frame / e.draws_per_frame) : null,      hitches_over_50ms: all.hitches_over_50ms, frames: all.frames, frames_excluded: all.frames_excluded,      raw_ms_max: all.raw_ms_max, shots: shots, per_second: perSec(t0, t1) }); }  return '[PERF] posttut-walls150-r2 ' + JSON.stringify({ arm: 'posttut-walls150-r2', cpu_rate: 6, frames: n, human: human,    swaps: S.swaps, rounds_started: nr.length, rounds_won: rw.length,    shots_bracketed: ex.filter(x => x.dur != null).length, shot_pad_ms: [PAD_BEFORE, PAD_AFTER], rounds });})() => "[PERF] posttut-walls150-r2 {\"arm\":\"posttut-walls150-r2\",\"cpu_rate\":6,\"frames\":13155,\"human\":\"web_user\",\"swaps\":{\"flush\":0,\"finish\":13155},\"rounds_started\":3,\"rounds_won\":3,\"shots_bracketed\":8,\"shot_pad_ms\":[100,250],\"rounds\":[{\"round\":1,\"length_s\":47.44,\"closed_by\":\"round_winner\",\"measured_from_s\":0.53,\"measured_to_s\":45.46,\"human_death_s\":45.46,\"ends_at\":\"human_death\",\"pre_round\":{\"frames\":97,\"ms_p50\":4.9,\"draws_per_frame\":19.05,\"span_ms\":481.3,\"split_at_draws\":43.5},\"early_5s\":{\"frames\":715,\"frames_excluded\":17,\"ms_p50\":6.8,\"ms_p90\":7.4,\"fps\":146.61,\"draws_per_frame\":85.23,\"kb_per_frame\":122.84,\"hitches_over_50ms\":0,\"raw_ms_max\":12.6,\"ms_in_swap_p50\":0,\"ms_in_swap_p90\":0,\"ms_in_swap_max\":0.1,\"ms_to_first_draw_p50\":5,\"ms_first_draw_to_swap_p50\":1.8},\"late_5s\":{\"frames\":273,\"frames_excluded\":0,\"ms_p50\":17.9,\"ms_p90\":20.8,\"fps\":54.6,\"draws_per_frame\":90.01,\"kb_per_frame\":122.23,\"hitches_over_50ms\":0,\"raw_ms_max\":32.9,\"ms_in_swap_p50\":0,\"ms_in_swap_p90\":0.1,\"ms_in_swap_max\":1.3,\"ms_to_first_draw_p50\":6.7,\"ms_first_draw_to_swap_p50\":11.1},\"ratio_ms\":2.63,\"ratio_draws\":1.06,\"hitches_over_50ms\":0,\"frames\":2934,\"frames_excluded\":52,\"raw_ms_max\":44.5,\"shots\":[{\"name\":\"r1-after-keys\",\"at_s\":5.51,\"dur_ms\":167.8}],\"per_second\":{\"ms_p50\":[5.4,6.4,6.7,6.9,7,7.1,19.2,18.8,18.8,18.4,17.7,18,17.6,17.1,16.6,16.8,17.4,18.1,17.3,17.5,18.1,18.7,18.7,17.9,17.5,17.4,16.9,16.7,17.6,17.6,17.5,17.6,17.5,16.8,16.5,16.8,17.5,17.5,18.6,18.2,18.3,17.8,17.1,16.9,19.1,17.8,16.7,15.3],\"draws_per_frame\":[39.91,68,86.76,87,101.82,103.87,99.17,99,95.3,95,92.21,92,91.09,91,90.1,90,90,90,90,90,90,90,90,90,90,90,90,90,90,90,90,90,90,90,90,90,90,90,90,90,90,90,90,90,90,91.56,92.12,93],\"raw_ms_max\":[20.3,7.7,7.8,11.5,12.6,21,23.2,20.9,20.7,21.3,20.2,32.6,19.9,20.1,19,20.2,20.3,21.9,19.7,20.2,22.3,21.9,26.1,33.4,19.4,20.9,18.4,18.6,19.8,19.8,19.4,20.4,22.1,19.5,18.5,18.8,20,25.3,26,44.5,22.4,20.3,20.6,20.2,32.9,45.5,20.7,16.7],\"ms_to_first_draw_p50\":[4.9,4.9,4.9,4.9,5.1,5.2,6.8,6.9,6.9,6.8,6.6,6.8,6.5,6.3,6.1,6.4,6.4,6.6,6.7,6.6,6.6,6.8,6.9,6.8,6.6,6.3,6.3,6.3,6.5,6.6,6.6,6.7,6.7,6.4,6.2,6.3,6.4,6.5,6.5,6.7,6.8,6.7,6.4,6.3,7.3,6.9,6.5,5.9],\"ms_first_draw_to_swap_p50\":[0.2,1.5,1.8,2,1.9,1.9,12.3,11.9,11.7,11.6,11.1,11.4,11,10.7,10.4,10.6,11.1,11.3,10.7,10.7,11.4,11.9,11.6,11.1,10.7,11.1,10.3,10.3,11,10.9,10.8,11.1,10.9,10.3,10.1,10.4,11,10.8,12.1,11.3,11.4,11.1,10.7,10.7,11.6,11.1,10,9.1]}},{\"round\":2,\"length_s\":60.78,\"closed_by\":\"round_winner\",\"measured_from_s\":0.53,\"measured_to_s\":58.84,\"human_death_s\":58.84,\"ends_at\":\"human_death\",\"pre_round\":{\"frames\":75,\"ms_p50\":6.1,\"draws_per_frame\":15.09,\"span_ms\":470.7,\"split_at_draws\":48.5},\"early_5s\":{\"frames\":224,\"frames_excluded\":0,\"ms_p50\":22.2,\"ms_p90\":24.9,\"fps\":44.8,\"draws_per_frame\":102.95,\"kb_per_frame\":181.5,\"hitches_over_50ms\":0,\"raw_ms_max\":28.3,\"ms_in_swap_p50\":0,\"ms_in_swap_p90\":0.1,\"ms_in_swap_max\":1.3,\"ms_to_first_draw_p50\":6.2,\"ms_first_draw_to_swap_p50\":15.9},\"late_5s\":{\"frames\":197,\"frames_excluded\":0,\"ms_p50\":24,\"ms_p90\":28.7,\"fps\":39.4,\"draws_per_frame\":114.1,\"kb_per_frame\":177.83,\"hitches_over_50ms\":2,\"raw_ms_max\":69.6,\"ms_in_swap_p50\":0,\"ms_in_swap_p90\":0,\"ms_in_swap_max\":0.7,\"ms_to_first_draw_p50\":7.6,\"ms_first_draw_to_swap_p50\":16.3},\"ratio_ms\":1.08,\"ratio_draws\":1.11,\"hitches_over_50ms\":6,\"frames\":2357,\"frames_excluded\":68,\"raw_ms_max\":97.2,\"shots\":[{\"name\":\"r2-06s\",\"at_s\":6.06,\"dur_ms\":195.5},{\"name\":\"r2-probe\",\"at_s\":6.26,\"dur_ms\":68.6},{\"name\":\"r2-30s\",\"at_s\":30.34,\"dur_ms\":199.1},{\"name\":\"r2-50s\",\"at_s\":50.55,\"dur_ms\":181.6}],\"per_second\":{\"ms_p50\":[6.8,20.7,23.1,22.1,23.9,23.9,23.8,23.4,22.5,23.5,24.2,23.9,22.5,23.1,23.3,23.1,22.7,22,22.4,22.5,25.8,23.4,23.5,25.1,24.2,23.4,23.5,24.3,23.6,22.6,23.3,24.1,24.2,23.9,26,24.9,24.4,23.9,23,23.8,24.4,22.7,22.1,22.6,24.1,29.1,29.1,25.2,24.9,24.2,27,22.6,22.1,22.6,24.1,23.2,23.5,24.4,28.4,27.7,24.7],\"draws_per_frame\":[31.07,81.98,100.6,101,128.17,129.03,124,124,121.27,121,118.37,118,115.34,115,114.14,114,114,114,114,114,114,114,114,114,114,114,114,114,114,114,114,114,114,114,114,114,114,114,114,114,114,114,114,114,114,114.61,115.06,117.11,118,118,118,116.74,114.76,114,114,114,114.05,114.2,115.1,117.57,120.39],\"raw_ms_max\":[22.6,27.1,26.6,26.9,26.4,28.3,48.2,27.1,25,26.7,28.2,25.7,25.7,25.3,26.3,25.4,26.7,54.6,25.1,30,31.3,27.4,26.8,28.4,26.2,27.2,25.9,27.5,26,26.2,27.9,29.4,27.1,26.6,30.5,32,32.8,28.1,25.3,30.9,30.9,28,25.5,25.7,26.9,97.2,76.2,48.1,34.6,31.7,58.1,27,24.2,25.8,28.5,29.6,36.4,42.2,69.6,48.4,35.5],\"ms_to_first_draw_p50\":[5.3,6,5.8,5.8,7.4,7.2,7.2,7,7.1,7.3,7.7,7.5,7.2,7.3,7.4,7.2,7,6.9,7.2,7.2,7.7,7.4,7.5,7.3,7.5,7.3,7.5,7.5,7.3,7.3,7.3,7.4,7.6,7.5,7.7,7.7,7.3,7.4,7.1,7.4,7.5,6.8,7.1,7.2,7.3,11.5,10.5,7.5,7.7,7.6,7.7,7.1,7.1,7.3,7.5,7.4,7.6,8,9.3,10.9,7.6],\"ms_first_draw_to_swap_p50\":[1.3,14.7,17.3,16,16.8,16.6,16.6,16.1,15.7,16.4,16.6,16.1,15.4,15.8,15.7,15.8,15.6,15.2,15.3,15.3,17.6,16.1,16.1,17.6,16.3,15.9,16.3,16.8,16.1,15.7,16.1,16.5,16.9,16.2,18.2,17.4,17.2,16.6,15.8,16.2,16.9,16,15,15.3,16.5,17.8,17.8,17.6,17.1,16.6,18.7,15.3,14.9,15.2,16.3,15.8,16,16.5,18.2,16.1,15.8]}},{\"round\":3,\"length_s\":59.84,\"closed_by\":\"round_winner\",\"measured_from_s\":0.53,\"measured_to_s\":58.8,\"human_death_s\":58.8,\"ends_at\":\"human_death\",\"pre_round\":{\"frames\":64,\"ms_p50\":7.5,\"draws_per_frame\":11,\"span_ms\":477.3,\"split_at_draws\":44.5},\"early_5s\":{\"frames\":218,\"frames_excluded\":0,\"ms_p50\":22.6,\"ms_p90\":26.4,\"fps\":43.6,\"draws_per_frame\":97.88,\"kb_per_frame\":184.64,\"hitches_over_50ms\":0,\"raw_ms_max\":31.4,\"ms_in_swap_p50\":0,\"ms_in_swap_p90\":0.1,\"ms_in_swap_max\":1.3,\"ms_to_first_draw_p50\":6.1,\"ms_first_draw_to_swap_p50\":16.4},\"late_5s\":{\"frames\":199,\"frames_excluded\":0,\"ms_p50\":24.6,\"ms_p90\":27.1,\"fps\":39.8,\"draws_per_frame\":114.07,\"kb_per_frame\":181.73,\"hitches_over_50ms\":1,\"raw_ms_max\":58,\"ms_in_swap_p50\":0,\"ms_in_swap_p90\":0,\"ms_in_swap_max\":1.3,\"ms_to_first_draw_p50\":7.7,\"ms_first_draw_to_swap_p50\":16.6},\"ratio_ms\":1.09,\"ratio_draws\":1.17,\"hitches_over_50ms\":6,\"frames\":2322,\"frames_excluded\":64,\"raw_ms_max\":72,\"shots\":[{\"name\":\"r3-06s\",\"at_s\":6.07,\"dur_ms\":158},{\"name\":\"r3-30s\",\"at_s\":30.25,\"dur_ms\":190.2},{\"name\":\"r3-50s\",\"at_s\":50.45,\"dur_ms\":171.5}],\"per_second\":{\"ms_p50\":[7.9,20.9,22,22.4,25.1,24.9,22.2,22.2,22.5,22,23.3,22.4,22.9,25.6,26.6,27.3,25.2,25.5,25.8,22.3,22.1,22.9,23.4,22.8,24.6,24.5,24.7,24,23.2,23.7,23.3,24.5,23.1,23.8,24.4,24.5,26.7,26.1,26.2,25.7,25.9,23.4,24.9,23.4,24.2,29.2,27.3,23.1,23.5,23.2,23.2,23.5,24.4,24.4,25.4,23.6,24.1,25.4,24.9,26.5],\"draws_per_frame\":[27.88,77.89,95.56,95.95,123,123.68,118,118,117,117,116,116,115.02,115,114.03,114,114,114,114,114,114,114,114,114,114,114,114,114,114,114,114,114,114,114,114,114,114,114,114,114,114,114,114,114,114,114.9,114,115.14,116,116,116,116,114.73,114,114,114,114,114,115.45,117.9],\"raw_ms_max\":[27,31.4,25.8,28.7,28.7,29,26.7,25.2,38.2,24.4,26.9,27.5,25.4,32.3,42.6,72,29.1,29.1,28.8,25.3,24.7,28.6,27.1,30.3,27.8,30.2,28.4,31,28.2,29.2,33.5,34.2,26.1,27.5,29,30.2,37.3,29.7,32.2,29.8,39,29.7,33.4,28.8,27.3,61.7,57,31.9,27.7,28.8,28.4,28.8,28.5,27.8,31.4,31.7,36.6,37.5,58,46.8],\"ms_to_first_draw_p50\":[5.8,5.8,5.6,5.9,7.3,7.3,7,7,7,7,7.2,6.8,7.2,7.3,8.3,8.1,7.5,7.6,7.6,7.1,7,7.1,7.3,7.2,7.5,7.6,7.6,7.5,7.3,7.3,7.5,7.7,7.3,7.5,7.8,7.6,7.8,7.8,7.7,7.5,7.7,7.2,7.7,7.2,7.4,12.9,11.6,7.5,7.3,7.2,7.3,7.4,7.6,7.6,7.7,7.6,7.5,7.9,8.6,10.5],\"ms_first_draw_to_swap_p50\":[1.8,15.2,16.4,16.5,17.7,17.3,15.3,15.2,15.3,15,16,15.3,15.8,18.3,17.9,19,17.4,17.7,18,15.2,15.1,16,15.9,15.5,17.2,16.9,17,16.4,15.8,16.3,15.8,17.3,15.7,16.3,16.7,16.8,18.3,18.2,18,18.3,17.7,16,17.4,16.2,17,16.8,16.4,15.8,16.1,15.9,16.2,16,16.7,16.6,17.8,16.3,16.5,17.3,15.8,15]}}]}"
