[    814ms] [harness] mobile emulation: 915x412 CSS px dpr 3 (= 2745x1236 device px), touch on
[    815ms] [harness] chrome: Chrome/152.0.7977.75
[    815ms] [harness] navigating to http://localhost:8006/armagetronad.html?autostart=0&touch=1
[     24ms] [console.log] [DISPLAY] at load: viewport 915x412 dpr 3 -> canvas 2745x1236 aspect 2.2209 gpu-axis-limit 16384
[     25ms] [console.log] [TOUCH] enabled=true (?touch=1) maxTouchPoints=5
[     25ms] [console.log] [TOUCH] context 0 (menu no, cycle no) -> TAP=ENTER
[     26ms] [console.log] [TOUCH] orientation portrait=false (sized for portrait: false, boot held: false)
[     66ms] [console.error] WARNING: using emscripten GL emulation. This is a collection of limited workarounds, do not expect it to work.
[     70ms] [console.error] WARNING: using emscripten GL emulation unsafe opts. If weirdness happens, try -sGL_UNSAFE_OPTS=0
[     72ms] [console.log] [TOUCH] orientation portrait=false (sized for portrait: false, boot held: false)
[     73ms] [page] load event fired
[     73ms] [browser.error/network] Failed to load resource: the server responded with a status of 404 (File not found)   <- http://localhost:8006/favicon.ico
[    128ms] [console.log] [PERSIST] populate ok in 37ms
[    331ms] [console.log] [PERSIST] runtime initialized, starting the game
[    332ms] [console.log] [CAMERA] camera distance x0.5 written to /data/webdefaults/autoexec.cfg before main()
[    332ms] [console.log] [BOOT] main() HELD by ?autostart=0, waiting for AA_START()
[    811ms] [harness] eval (() => {  /* One frame = one flush/finish on the WebGL context. rSysDep::SwapGL calls     exactly one of the two per swap, chosen by swapMode_: the static default     is rSwap_glFlush, but sr_LoadDefaultConfig (rScreen.cpp) sets     rSwap_glFinish and welcome() (gArmagetron.cpp) runs it under st_FirstUse     -- and every harness run is a first-use boot (drive-browser.mjs makes a     fresh profile), so the client the harness measures swaps with glFinish,     a synchronous wait for the GPU. S.swaps counts each kind so the [PERF]     line says which fired instead of assuming. Per frame we keep: the     timestamp (taken BEFORE the swap call), the time spent INSIDE the swap     call (the GPU wait), the timestamp of the frame's first draw call, the     number of drawArrays/drawElements calls, and the bytes through     bufferData/bufferSubData. Draw calls and bytes are the direct measure of     "geometry re-submitted through the emulation this frame" (mechanism 1);     the first-draw timestamp lets report.js split a frame interval into     [end of previous swap -> first draw] (event-loop yield, input,     simulation) and [first draw -> swap] (render submission), so a frame that     gets slower in the first part while its draw calls stay flat is NOT the     renderer. */  /* THIS FILE IS ONE EXPRESSION WITH BLOCK COMMENTS ONLY: run-arm.sh strips     every newline to fit it into a single eval: step of drive-browser.mjs, so     a // comment would swallow the rest of the program. */  const N = 600000;  const S = { t: new Float64Array(N), wait: new Float32Array(N), first: new Float64Array(N),              draws: new Uint32Array(N), bytes: new Float64Array(N), n: 0,              swaps: { flush: 0, finish: 0 }, marks: [], shots: [], cur: { draws: 0, bytes: 0, first: 0 } };  window.__fps = S;  /* Screenshot bracket. Page.captureScreenshot spends real time on the page     and can put a hitch INTO a measured window; the driver's own     "[harness] screenshot" line is on the driver's clock, in the driver's     transcript, where report.js cannot see it. The template therefore wraps     every shot: step in eval:__fps.shot('name','begin') and     eval:__fps.shot('name','end'), on the page's clock, and report.js drops     the frames between the two (plus a pad) from every statistic. */  S.shot = (name, edge) => { S.shots.push([performance.now(), name, edge]); return 'shot ' + edge + ' ' + name; };  const wrap = (C) => {    if (!C) return; const P = C.prototype;    for (const m of ['flush', 'finish']) { const o = P[m]; if (!o) continue;      P[m] = function () {        const i = S.n, now = performance.now();        if (i < N) { S.t[i] = now; S.draws[i] = S.cur.draws; S.bytes[i] = S.cur.bytes; S.first[i] = S.cur.first; S.n = i + 1; }        S.swaps[m]++; S.cur.draws = 0; S.cur.bytes = 0; S.cur.first = 0;        const r = o.apply(this, arguments);        if (i < N) S.wait[i] = performance.now() - now;        return r; }; }    for (const m of ['drawArrays', 'drawElements']) { const o = P[m]; if (!o) continue;      P[m] = function () { if (!S.cur.first) S.cur.first = performance.now(); S.cur.draws++; return o.apply(this, arguments); }; }    for (const m of ['bufferData', 'bufferSubData']) { const o = P[m]; if (!o) continue;      P[m] = function () { const d = (m === 'bufferData') ? arguments[1] : arguments[2];        S.cur.bytes += (d && d.byteLength) ? d.byteLength : (typeof d === 'number' ? d : 0);        return o.apply(this, arguments); }; }  };  wrap(window.WebGLRenderingContext); wrap(window.WebGL2RenderingContext);  const cl = console.log.bind(console);  console.log = function () { const s = (arguments.length && typeof arguments[0] === 'string') ? arguments[0] : '';    if (s.indexOf('[L] ') === 0) S.marks.push([performance.now(), s]); return cl.apply(null, arguments); };  return 'sampler armed: frames, swap kind and wait, first draw, draw calls, buffer bytes, shot brackets';})() => "sampler armed: frames, swap kind and wait, first draw, draw calls, buffer bytes, shot brackets"
[    812ms] [harness] eval (()=>{const p='/data/webdefaults/autoexec.cfg';const cur=Module.FS.readFile(p,{encoding:'utf8'});const add='\n# perf arm base-r5\nMAX_FPS 1000\nSP_SIZE_FACTOR 6\nSP_NUM_AIS 7\n';Module.FS.writeFile(p,cur+add);return 'autoexec.cfg patched: '+JSON.stringify(add)})() => "autoexec.cfg patched: \"\\n# perf arm base-r5\\nMAX_FPS 1000\\nSP_SIZE_FACTOR 6\\nSP_NUM_AIS 7\\n\""
[    813ms] [console.log] [BOOT] autostart: calling main
[    817ms] [console.error] Error: Error in tString GeneratePrefix() in src/tools/tDirectories.cpp:1380 : 
[    818ms] [console.error]  	Relocation error. The binary was supposed to be installed into /usr/local/bin and found itself in . and could not find out what this means for the prefix /usr/local.
[    818ms] [console.error] 
[    819ms] [console.log] Warning in void FindConfigurationPath() in src/tools/tDirectories.cpp:1465 : 
[    819ms] [console.log]  	Could not determine path to configuration files. Using defaults or command line arguments.
[    820ms] [console.log] 
[    948ms] [console.log] [L] ENCODING latin1
[    956ms] [console.log] Trying to start sound. Just restart Armagetron Advanced in case of crash.
[    957ms] [console.log] [SND] device opened: 22050 Hz, 2 ch, 16-bit, 1024 frames/callback (46.4 ms per callback, SOUND_BUFFER_SHIFT 1)
[    978ms] [console.error] WARNING: using emscripten GL immediate mode emulation. This is very limited in what it supports
[    982ms] [console.error] TODO: glShadeModel
[    986ms] [browser.warning/rendering] Canvas2D: Multiple readback operations using getImageData are faster with the willReadFrequently attribute set to true. See: https://html.spec.whatwg.org/multipage/canvas.html#concept-canvas-will-read-frequently   <- http://localhost:8006/armagetronad.js
[   1025ms] [harness] eval window.AA_START() => undefined
[   1026ms] [harness] until 1x <<[BOOT] autostart>> (timeout 90000ms, have 1)
[   1026ms] [harness] until SATISFIED: saw 1x <<[BOOT] autostart>>
[   1027ms] [browser.warning/other] The AudioContext was not allowed to start. It must be resumed (or created) after a user gesture on the page. https://developer.chrome.com/blog/autoplay/#web_audio   <- http://localhost:8006/armagetronad.js
[   1027ms] [browser.warning/other] The AudioContext was not allowed to start. It must be resumed (or created) after a user gesture on the page. https://developer.chrome.com/blog/autoplay/#web_audio   <- http://localhost:8006/armagetronad.js
[   1027ms] [browser.warning/other] The AudioContext was not allowed to start. It must be resumed (or created) after a user gesture on the page. https://developer.chrome.com/blog/autoplay/#web_audio   <- http://localhost:8006/armagetronad.js
[   1028ms] [browser.warning/other] The AudioContext was not allowed to start. It must be resumed (or created) after a user gesture on the page. https://developer.chrome.com/blog/autoplay/#web_audio   <- http://localhost:8006/armagetronad.js
[   1028ms] [browser.warning/other] The AudioContext was not allowed to start. It must be resumed (or created) after a user gesture on the page. https://developer.chrome.com/blog/autoplay/#web_audio   <- http://localhost:8006/armagetronad.js
[   1032ms] [console.log] [TOUCH] context 1 (menu yes, cycle no) -> TAP=ENTER
[  10034ms] [browser.warning/other] The AudioContext was not allowed to start. It must be resumed (or created) after a user gesture on the page. https://developer.chrome.com/blog/autoplay/#web_audio   <- http://localhost:8006/armagetronad.js
[  10097ms] [harness] tap #tapzone at 458,206 (1/1)
[  10108ms] [console.log] [PERSISTSAVE] menu-leave n=1
[  13473ms] [harness] tap #tapzone at 458,206 (1/1)
[  13482ms] [console.log] [PERSISTSAVE] menu-leave n=2
[  13531ms] [console.log] [TOUCH] context 0 (menu no, cycle no) -> TAP=ENTER
[  17349ms] [console.log] [L] PLAYER_ENTERED web_user  web_user
[  17350ms] [console.log] [L] TEAM_CREATED web_user
[  17351ms] [console.log] [L] TEAM_PLAYER_ADDED web_user web_user
[  17353ms] [console.log] [WAV] loaded /data/sound/expl.wav: 11937 bytes, 8-bit mono @ 11025 Hz (fopen misses so far: 1)
[  17355ms] [console.log] [L] ROUND_SCORE_TEAM 0 web_user
[  17355ms] [console.log] [L] NEW_ROUND 2026-09-03 21:14:45 UTC+0200
[  17378ms] [console.log] [L] TEAM_CREATED ai_team
[  17378ms] [console.log] [L] TEAM_PLAYER_ADDED ai_team word
[  17378ms] [console.log] [L] TEAM_PLAYER_ADDED ai_team excel
[  17379ms] [console.log] [L] TEAM_PLAYER_ADDED ai_team notepad
[  17379ms] [console.log] [L] TEAM_PLAYER_ADDED ai_team gcc
[  17380ms] [console.log] [WAV] loaded /data/sound/cyclrun.wav: 40403 bytes, 8-bit mono @ 22050 Hz (fopen misses so far: 2)
[  17404ms] [harness] tap #tapzone at 458,206 (1/1)
[  17406ms] [console.log] [WAV] loaded /data/sound/expl.wav: 11937 bytes, 8-bit mono @ 11025 Hz (fopen misses so far: 2)
[  17406ms] [console.log] [WAV] retiring a voice on moviesounds/intro.wav: loaded but zero samples
[  17407ms] [console.log] [SND] live voices peaked at 11 (SOUND_SOURCES 10, loudness_thresh 0.0000)
[  17531ms] [console.log] [TOUCH] context 2 (menu no, cycle alive) -> STEERING
[  17666ms] [browser.error/network] Failed to load resource: the server responded with a status of 404 (File not found)   <- http://localhost:8006/favicon.ico
[  19706ms] [harness] until 1x <<[L] NEW_ROUND>> (timeout 120000ms, have 1)
[  19706ms] [harness] until SATISFIED: saw 1x <<[L] NEW_ROUND>>
[  19706ms] [harness] === ROUND-1-SETUP-NOT-MEASURED ===
[  22717ms] [console.log] [WAV] loaded /data/sound/expl.wav: 11937 bytes, 8-bit mono @ 11025 Hz (fopen misses so far: 3)
[  22743ms] [harness] key Right (1/1)
[  23077ms] [harness] key Left (1/1)
[  24882ms] [harness] eval __fps.shot('r1-after-tutorial-keys','begin') => "shot begin r1-after-tutorial-keys"
[  25036ms] [harness] screenshot -> docs/evidence/m6-lag/task2-repro/base-r5/r1-after-tutorial-keys.png
[  25037ms] [harness] eval __fps.shot('r1-after-tutorial-keys','end') => "shot end r1-after-tutorial-keys"
[  25038ms] [harness] CPU throttling rate 6x
[  25038ms] [harness] === THROTTLE-ON ===
[  25038ms] [harness] until 2x <<[L] NEW_ROUND>> (timeout 260000ms, have 1)
[  63467ms] [console.log] [L] DEATH_FRAG web_user gcc
[  63476ms] [console.log] [WAV] loaded /data/sound/expl.wav: 11937 bytes, 8-bit mono @ 11025 Hz (fopen misses so far: 4)
[  63537ms] [console.log] [TOUCH] context 0 (menu no, cycle no) -> TAP=ENTER
[  64919ms] [console.log] [L] ROUND_WINNER ai_team gcc notepad excel word
[  68989ms] [console.log] [L] ROUND_SCORE -2 web_user web_user
[  68992ms] [console.log] [L] ROUND_SCORE_TEAM -2 web_user
[  68992ms] [console.log] [L] NEW_ROUND 2026-09-03 21:15:36 UTC+0200
[  68992ms] [harness] until SATISFIED: saw 2x <<[L] NEW_ROUND>>
[  68992ms] [harness] === ROUND-2-MEASURED ===
[  69010ms] [console.log] [L] TEAM_PLAYER_ADDED ai_team outlook
[  69013ms] [console.log] [L] TEAM_PLAYER_ADDED ai_team latex
[  69015ms] [console.log] [L] TEAM_PLAYER_ADDED ai_team gdb
[  69033ms] [console.log] [SND] live voices peaked at 16 (SOUND_SOURCES 10, loudness_thresh 0.0110)
[  69034ms] [console.log] [SND] voice limiter STARTED cutting: 16 live voices, SOUND_SOURCES 10, loudness_thresh 0.0110
[  69035ms] [console.log] [TOUCH] context 2 (menu no, cycle alive) -> STEERING
[  69446ms] [console.log] [SND] voice limiter stopped cutting: 4 live voices, SOUND_SOURCES 10, loudness_thresh 0.0000
[  69497ms] [console.log] [SND] voice limiter STARTED cutting: 15 live voices, SOUND_SOURCES 10, loudness_thresh 0.0110
[  69973ms] [console.log] [SND] voice limiter stopped cutting: 4 live voices, SOUND_SOURCES 10, loudness_thresh 0.0000
[  70016ms] [console.log] [SND] voice limiter STARTED cutting: 15 live voices, SOUND_SOURCES 10, loudness_thresh 0.0110
[  70468ms] [console.log] [SND] voice limiter stopped cutting: 4 live voices, SOUND_SOURCES 10, loudness_thresh 0.0000
[  70509ms] [console.log] [SND] voice limiter STARTED cutting: 14 live voices, SOUND_SOURCES 10, loudness_thresh 0.0010
[  70557ms] [console.log] [SND] voice limiter stopped cutting: 5 live voices, SOUND_SOURCES 10, loudness_thresh 0.0000
[  70622ms] [console.log] [SND] voice limiter STARTED cutting: 14 live voices, SOUND_SOURCES 10, loudness_thresh 0.0010
[  70667ms] [console.log] [SND] voice limiter stopped cutting: 5 live voices, SOUND_SOURCES 10, loudness_thresh 0.0000
[  70715ms] [console.log] [SND] voice limiter STARTED cutting: 14 live voices, SOUND_SOURCES 10, loudness_thresh 0.0010
[  70760ms] [console.log] [SND] voice limiter stopped cutting: 5 live voices, SOUND_SOURCES 10, loudness_thresh 0.0000
[  75007ms] [harness] eval __fps.shot('r2-06s','begin') => "shot begin r2-06s"
[  75195ms] [harness] screenshot -> docs/evidence/m6-lag/task2-repro/base-r5/r2-06s.png
[  75197ms] [harness] eval __fps.shot('r2-06s','end') => "shot end r2-06s"
[  99204ms] [harness] eval __fps.shot('r2-30s','begin') => "shot begin r2-30s"
[  99373ms] [harness] screenshot -> docs/evidence/m6-lag/task2-repro/base-r5/r2-30s.png
[  99388ms] [harness] eval __fps.shot('r2-30s','end') => "shot end r2-30s"
[ 114439ms] [console.log] [SND] voice limiter STARTED cutting: 12 live voices, SOUND_SOURCES 10, loudness_thresh 0.0010
[ 116331ms] [console.log] [SND] voice limiter stopped cutting: 8 live voices, SOUND_SOURCES 10, loudness_thresh 0.0000
[ 119392ms] [harness] eval __fps.shot('r2-50s','begin') => "shot begin r2-50s"
[ 119607ms] [harness] screenshot -> docs/evidence/m6-lag/task2-repro/base-r5/r2-50s.png
[ 119626ms] [harness] eval __fps.shot('r2-50s','end') => "shot end r2-50s"
[ 119626ms] [harness] until 3x <<[L] NEW_ROUND>> (timeout 260000ms, have 2)
[ 127821ms] [console.log] [SND] voice limiter STARTED cutting: 12 live voices, SOUND_SOURCES 10, loudness_thresh 0.0010
[ 128105ms] [console.log] [L] DEATH_FRAG web_user notepad
[ 128307ms] [console.log] [TOUCH] context 0 (menu no, cycle no) -> TAP=ENTER
[ 129312ms] [console.log] [SND] voice limiter stopped cutting: 7 live voices, SOUND_SOURCES 10, loudness_thresh 0.0000
[ 129704ms] [console.log] [L] ROUND_WINNER ai_team gdb latex outlook gcc notepad excel word
[ 133854ms] [console.log] [L] ROUND_SCORE -2 web_user web_user
[ 133858ms] [console.log] [L] ROUND_SCORE_TEAM -2 web_user
[ 133860ms] [console.log] [L] NEW_ROUND 2026-09-03 21:16:41 UTC+0200
[ 133945ms] [harness] until SATISFIED: saw 3x <<[L] NEW_ROUND>>
[ 133946ms] [harness] === ROUND-3-MEASURED ===
[ 134031ms] [console.log] [TOUCH] context 2 (menu no, cycle alive) -> STEERING
[ 139971ms] [harness] eval __fps.shot('r3-06s','begin') => "shot begin r3-06s"
[ 140140ms] [harness] screenshot -> docs/evidence/m6-lag/task2-repro/base-r5/r3-06s.png
[ 140157ms] [harness] eval __fps.shot('r3-06s','end') => "shot end r3-06s"
[ 164164ms] [harness] eval __fps.shot('r3-30s','begin') => "shot begin r3-30s"
[ 164349ms] [harness] screenshot -> docs/evidence/m6-lag/task2-repro/base-r5/r3-30s.png
[ 164366ms] [harness] eval __fps.shot('r3-30s','end') => "shot end r3-30s"
[ 184395ms] [harness] eval __fps.shot('r3-50s','begin') => "shot begin r3-50s"
[ 184610ms] [harness] screenshot -> docs/evidence/m6-lag/task2-repro/base-r5/r3-50s.png
[ 184618ms] [harness] eval __fps.shot('r3-50s','end') => "shot end r3-50s"
[ 184618ms] [harness] until 3x <<[L] ROUND_WINNER>> (timeout 260000ms, have 2)
[ 192958ms] [console.log] [L] DEATH_FRAG web_user notepad
[ 193049ms] [console.log] [TOUCH] context 0 (menu no, cycle no) -> TAP=ENTER
[ 194864ms] [console.log] [L] ROUND_WINNER ai_team gdb latex outlook gcc notepad excel word
[ 194901ms] [harness] until SATISFIED: saw 3x <<[L] ROUND_WINNER>>
[ 194901ms] [harness] === MATCH-OVER ===
[ 196054ms] [harness] eval (() => {  /* ONE EXPRESSION, BLOCK COMMENTS ONLY: run-arm.sh strips newlines to make     this a single eval: step (see sampler.js). base-r5 and 6 are     substituted by run-arm.sh. The object this prints after "[PERF] <arm> " is     the schema Tasks 2-4 read; web/tools/perf/README.md documents it. */  const S = window.__fps, n = S.n;  const PAD_BEFORE = 100, PAD_AFTER = 250;  const marks = (p) => S.marks.filter(m => m[1].indexOf(p) === 0);  const nr = marks('[L] NEW_ROUND').map(m => m[0]);  const rw = marks('[L] ROUND_WINNER').map(m => m[0]);  /* The human is the first PLAYER_ENTERED name; the AIs never enter that way.     A DEATH_* line names its victim first, so the human's deaths are the     DEATH_ marks whose first name is that one. */  const pe = marks('[L] PLAYER_ENTERED ');  const human = pe.length ? pe[0][1].split(/\s+/)[2] : 'web_user';  const deaths = S.marks.filter(m => /^\[L\] DEATH_\w+ /.test(m[1]) && m[1].split(/\s+/)[2] === human).map(m => m[0]);  /* Screenshot exclusions: [begin - PAD_BEFORE, end + PAD_AFTER] for every     bracketed shot (sampler.js S.shot); a begin with no end -- the driver died     mid-shot -- excludes two seconds. */  const ex = []; const open = {};  for (const [t, name, edge] of S.shots) {    if (edge === 'begin') open[name] = t;    else if (edge === 'end' && open[name] != null) { ex.push({ a: open[name] - PAD_BEFORE, b: t + PAD_AFTER, name: name, dur: t - open[name] }); delete open[name]; } }  for (const name in open) ex.push({ a: open[name] - PAD_BEFORE, b: open[name] + 2000, name: name, dur: null });  const excluded = (t) => ex.some(e => t >= e.a && t <= e.b);  const q = (a, p) => { if (!a.length) return null; const s = a.slice().sort((x, y) => x - y);    return s[Math.min(s.length - 1, Math.max(0, Math.round(p * (s.length - 1))))]; };  const r2 = (x) => (x == null) ? null : Math.round(x * 100) / 100;  /* A window's statistics use only frames outside every exclusion, and only     deltas between frames that were ADJACENT samples, so a gap that straddles     an exclusion is never counted as a frame time. raw_ms_max ignores the     exclusions on purpose: it is where a screenshot hitch stays visible, so a     reader can see what was excluded and that it did not leak into ms_p50.     Each frame interval t[i]-t[p] (p the previous sample) is also split into     the three parts the sampler timestamps: ms_in_swap = the previous swap     call itself (p50, p90 and max: if glFinish waited for the GPU it would     show here, and the first measured run read 0 in every window -- so the     tail is reported too), ms_to_first_draw = from that     call's return to this frame's first draw call (the emscripten_sleep(0)     yield, input, the simulation, render setup), ms_first_draw_to_swap = from     the first draw call to this frame's swap call (render submission). */  const win = (t0, t1) => {    const ix = []; let dropped = 0, rawMax = 0, prev = -1;    for (let i = 0; i < n; i++) { const t = S.t[i]; if (t < t0 || t > t1) continue;      if (prev >= 0) rawMax = Math.max(rawMax, t - S.t[prev]); prev = i;      if (excluded(t)) dropped++; else ix.push(i); }    const d = [], sw = [], pre = [], ren = []; let dr = 0, by = 0;    for (let k = 1; k < ix.length; k++) if (ix[k] === ix[k - 1] + 1) { const i = ix[k], p = ix[k - 1];      d.push(S.t[i] - S.t[p]); sw.push(S.wait[p]);      if (S.first[i] > 0) { pre.push(S.first[i] - (S.t[p] + S.wait[p])); ren.push(S.t[i] - S.first[i]); } }    for (const i of ix) { dr += S.draws[i]; by += S.bytes[i]; }    const f = ix.length || 1;    let exms = 0; for (const e of ex) exms += Math.max(0, Math.min(t1, e.b) - Math.max(t0, e.a));    const span = Math.max(1, (t1 - t0) - exms);    return { frames: ix.length, frames_excluded: dropped, ms_p50: r2(q(d, .5)), ms_p90: r2(q(d, .9)),             fps: r2(ix.length / (span / 1000)), draws_per_frame: r2(dr / f),             kb_per_frame: r2(by / f / 1024), hitches_over_50ms: d.filter(x => x > 50).length,             raw_ms_max: r2(rawMax), ms_in_swap_p50: r2(q(sw, .5)), ms_in_swap_p90: r2(q(sw, .9)), ms_in_swap_max: r2(q(sw, 1)),             ms_to_first_draw_p50: r2(q(pre, .5)), ms_first_draw_to_swap_p50: r2(q(ren, .5)) }; };  const perSec = (t0, t1) => { const ms = [], dr = [], mx = [], pre = [], ren = [];    for (let k = 0; k * 1000 < t1 - t0; k++) { const w = win(t0 + k * 1000, Math.min(t1, t0 + (k + 1) * 1000));      ms.push(w.ms_p50); dr.push(w.draws_per_frame); mx.push(w.raw_ms_max); pre.push(w.ms_to_first_draw_p50); ren.push(w.ms_first_draw_to_swap_p50); }    return { ms_p50: ms, draws_per_frame: dr, raw_ms_max: mx, ms_to_first_draw_p50: pre, ms_first_draw_to_swap_p50: ren }; };  /* Pre-round frames. For the first half second of game time after a round     starts (gGame.cpp GameLoop, the gtime <= -PREPARE_TIME + .5 branch) the     game clears the screen and swaps WITHOUT calling Render: overlay only, no     arena, a handful of draw calls at a fraction of a world frame's cost.     They sit right after NEW_ROUND and would otherwise fill the early window     with frames that have no geometry in them. They are found by their draw     count: the threshold is halfway between the fewest draws of any frame in     the round's first two seconds (an overlay-only frame) and the median of     its second second (world frames); the measured span starts at the first     frame after the last frame under the threshold. The frame that straddles     NEW_ROUND itself (drawn mostly before it) is above the threshold and is     left out of both. */  const preRound = (t0) => {    const a = [], b = [];    for (let i = 0; i < n; i++) { const t = S.t[i]; if (t < t0) continue; if (t >= t0 + 2000) break; a.push(i); if (t >= t0 + 1000) b.push(S.draws[i]); }    const none = { start: t0, stats: { frames: 0, ms_p50: null, draws_per_frame: null, span_ms: 0, split_at_draws: null } };    if (!a.length) return none;    let lo = Infinity; for (const i of a) lo = Math.min(lo, S.draws[i]);    const med = q(b, .5); if (med == null || !(med > lo)) return none;    const thr = (lo + med) / 2; const ov = a.filter(i => S.draws[i] <= thr);    if (!ov.length) return none;    const last = ov[ov.length - 1]; const d = []; let dr = 0;    for (let k = 1; k < ov.length; k++) if (ov[k] === ov[k - 1] + 1) d.push(S.t[ov[k]] - S.t[ov[k - 1]]);    for (const i of ov) dr += S.draws[i];    return { start: (last + 1 < n) ? S.t[last + 1] : t0,             stats: { frames: ov.length, ms_p50: r2(q(d, .5)), draws_per_frame: r2(dr / ov.length),                      span_ms: r2(S.t[last] - S.t[ov[0]]), split_at_draws: r2(thr) } }; };  const rounds = [];  for (let i = 0; i < Math.min(nr.length, rw.length); i++) {    const t0 = nr[i], t1 = rw[i], len = (t1 - t0) / 1000; if (len < 8) continue;    /* The measured span runs from the first world frame to the human's death       when the human dies before ROUND_WINNER (after it the camera shows an       explosion and the AIs' endgame, which is not what the maintainer       plays), else to ROUND_WINNER. */    const death = deaths.find(t => t > t0 && t < t1); const te = death != null ? death : t1;    const pr = preRound(t0); const ts = pr.start;    const e = win(ts, ts + 5000), l = win(te - 5000, te), all = win(ts, te);    const shots = ex.filter(x => x.a >= t0 && x.a <= t1).map(x => ({ name: x.name, at_s: r2((x.a + PAD_BEFORE - t0) / 1000), dur_ms: r2(x.dur) }));    rounds.push({ round: i + 1, length_s: r2(len),      measured_from_s: r2((ts - t0) / 1000), measured_to_s: r2((te - t0) / 1000),      human_death_s: death != null ? r2((death - t0) / 1000) : null, ends_at: death != null ? 'human_death' : 'round_winner',      pre_round: pr.stats, early_5s: e, late_5s: l,      ratio_ms: e.ms_p50 ? r2(l.ms_p50 / e.ms_p50) : null,      ratio_draws: e.draws_per_frame ? r2(l.draws_per_frame / e.draws_per_frame) : null,      hitches_over_50ms: all.hitches_over_50ms, frames: all.frames, frames_excluded: all.frames_excluded,      raw_ms_max: all.raw_ms_max, shots: shots, per_second: perSec(t0, t1) }); }  return '[PERF] base-r5 ' + JSON.stringify({ arm: 'base-r5', cpu_rate: 6, frames: n, human: human,    swaps: S.swaps, rounds_started: nr.length, rounds_won: rw.length,    shots_bracketed: ex.filter(x => x.dur != null).length, shot_pad_ms: [PAD_BEFORE, PAD_AFTER], rounds });})() => "[PERF] base-r5 {\"arm\":\"base-r5\",\"cpu_rate\":6,\"frames\":11378,\"human\":\"web_user\",\"swaps\":{\"flush\":0,\"finish\":11378},\"rounds_started\":3,\"rounds_won\":3,\"shots_bracketed\":7,\"shot_pad_ms\":[100,250],\"rounds\":[{\"round\":1,\"length_s\":47.56,\"measured_from_s\":0.54,\"measured_to_s\":46.11,\"human_death_s\":46.11,\"ends_at\":\"human_death\",\"pre_round\":{\"frames\":91,\"ms_p50\":5.2,\"draws_per_frame\":19.05,\"span_ms\":468,\"split_at_draws\":40},\"early_5s\":{\"frames\":718,\"frames_excluded\":0,\"ms_p50\":7,\"ms_p90\":7.6,\"fps\":143.6,\"draws_per_frame\":78.38,\"kb_per_frame\":120.92,\"hitches_over_50ms\":0,\"raw_ms_max\":13.4,\"ms_in_swap_p50\":0,\"ms_in_swap_p90\":0,\"ms_in_swap_max\":0.1,\"ms_to_first_draw_p50\":5.1,\"ms_first_draw_to_swap_p50\":1.9},\"late_5s\":{\"frames\":246,\"frames_excluded\":0,\"ms_p50\":20.1,\"ms_p90\":22.3,\"fps\":49.2,\"draws_per_frame\":83.35,\"kb_per_frame\":121.17,\"hitches_over_50ms\":0,\"raw_ms_max\":30.6,\"ms_in_swap_p50\":0,\"ms_in_swap_p90\":0.1,\"ms_in_swap_max\":1.3,\"ms_to_first_draw_p50\":7,\"ms_first_draw_to_swap_p50\":13},\"ratio_ms\":2.87,\"ratio_draws\":1.06,\"hitches_over_50ms\":0,\"frames\":2923,\"frames_excluded\":49,\"raw_ms_max\":35.8,\"shots\":[{\"name\":\"r1-after-tutorial-keys\",\"at_s\":7.53,\"dur_ms\":155.2}],\"per_second\":{\"ms_p50\":[5.7,6.6,7,7.1,7.3,7.3,7.4,7.4,19.4,19.5,19.5,20.7,19.3,18.7,20.3,19.2,18.6,18.4,18.8,19.1,19.7,19,21.4,20.5,19.5,19.5,20.1,19.9,20.1,19.3,19.8,20.1,19.4,18.6,18.8,19.3,19.5,18.1,18.7,20.6,19.1,19.6,19.9,20.1,20,21.5,18.7,18.6],\"draws_per_frame\":[36.99,61,79.64,80,93.01,98.09,95.22,95,91.31,91,88.04,87,86.08,86,85.12,85,85,85,85,85,85,85,85,85,85,85,85,85,85,85,85.44,87,83.85,83,83,83,83,83,83,83,83,83,83,83,83,84.11,85.46,85.53],\"raw_ms_max\":[28.2,7.5,8.4,7.9,13.4,10,8.2,23.1,21.6,23.3,26.8,25.3,22.7,24.9,24.9,22.6,21.1,22.1,20.9,21.8,25.1,21.9,23.7,23.1,23.7,22.3,24.5,23.1,23.8,22.8,35.8,23.3,22.2,21.6,22,23.4,23.1,21.1,21.7,23.2,22.6,21.9,22.8,23.9,23.4,30.6,40.9,21.4],\"ms_to_first_draw_p50\":[5,5,5.1,5.1,5.3,5.2,5.4,5.3,6.8,6.7,6.9,7.2,6.8,6.7,6.9,6.7,6.8,7,6.7,6.7,7,6.7,7.2,7,6.9,6.9,7,6.9,6.9,6.9,6.9,6.8,6.5,6.7,6.7,6.6,6.7,6.6,6.9,6.8,6.9,6.7,6.8,6.6,7,8.4,6.9,6.7],\"ms_first_draw_to_swap_p50\":[0.3,1.5,1.8,2,2,2,2,2,12.5,12.8,13,13.7,12.4,11.9,13,12.3,11.7,11.5,11.7,12.3,12.4,12.2,14.1,13.2,12.7,12.6,13,12.7,12.9,12.4,13,13.3,12.7,11.9,12,12.7,12.4,11.4,11.7,13.7,12.1,12.8,12.8,13.2,12.8,13,11.7,11.8]}},{\"round\":2,\"length_s\":60.71,\"measured_from_s\":0.54,\"measured_to_s\":59.11,\"human_death_s\":59.11,\"ends_at\":\"human_death\",\"pre_round\":{\"frames\":70,\"ms_p50\":6.8,\"draws_per_frame\":15.2,\"span_ms\":478,\"split_at_draws\":45},\"early_5s\":{\"frames\":212,\"frames_excluded\":0,\"ms_p50\":23.8,\"ms_p90\":26.7,\"fps\":42.4,\"draws_per_frame\":95,\"kb_per_frame\":180.71,\"hitches_over_50ms\":0,\"raw_ms_max\":30.6,\"ms_in_swap_p50\":0,\"ms_in_swap_p90\":0.1,\"ms_in_swap_max\":1.4,\"ms_to_first_draw_p50\":6.2,\"ms_first_draw_to_swap_p50\":17.5},\"late_5s\":{\"frames\":172,\"frames_excluded\":0,\"ms_p50\":27.4,\"ms_p90\":34.5,\"fps\":34.4,\"draws_per_frame\":114.23,\"kb_per_frame\":179.38,\"hitches_over_50ms\":2,\"raw_ms_max\":68.8,\"ms_in_swap_p50\":0,\"ms_in_swap_p90\":0.1,\"ms_in_swap_max\":1.3,\"ms_to_first_draw_p50\":8.8,\"ms_first_draw_to_swap_p50\":18.1},\"ratio_ms\":1.15,\"ratio_draws\":1.2,\"hitches_over_50ms\":7,\"frames\":2237,\"frames_excluded\":61,\"raw_ms_max\":79.6,\"shots\":[{\"name\":\"r2-06s\",\"at_s\":6.02,\"dur_ms\":189},{\"name\":\"r2-30s\",\"at_s\":30.21,\"dur_ms\":184.4},{\"name\":\"r2-50s\",\"at_s\":50.4,\"dur_ms\":234.8}],\"per_second\":{\"ms_p50\":[7,21.2,22.9,24.1,26.6,25.8,29.5,27.2,25.6,23.4,24,23.7,24.1,23.2,24.6,22.8,23,22.7,23.8,22.5,22.8,22.9,23.7,23.3,22.1,22.3,23.2,22.5,22.3,23.6,23.5,23,23.8,24.8,25,27.5,24.9,25.6,25.1,26.2,28.1,25.3,25.6,25.5,25.4,30,32.4,31.8,29.7,30.9,30.3,28.5,28.6,31.2,30.9,31.4,26.2,25.1,26.9,31.9,29.5],\"draws_per_frame\":[28.77,74.98,93.16,94,117.95,122.32,117,117,114.38,114,111.44,111,108.44,108,107.17,107,107,107,107,107,107,107,107,107,107,107,107,107,107,107,107,107,107,107,107,107,107,107,107,107,107,107,107,107,107,109.13,108,109.13,110.88,111,111,111,111,111,111,111.13,114.74,115,117.3,118.97,119.26],\"raw_ms_max\":[28.1,25.8,26.1,26.8,30.6,32.3,34,30.5,27.6,41.5,27.3,29,30.6,29.3,29.4,29.9,26.7,25.8,29.9,25.5,25.1,26.1,27.6,26,26.9,26.7,26.7,25.4,25.9,25.8,26,25.7,27.9,28.6,30,32.1,31,27.9,28.3,29.6,32,46.3,29.5,28.2,35.7,79.6,66.3,54.3,37.9,50.8,41.5,45.2,44.9,41.8,39.8,48.1,41.3,38.7,68.8,50.6,52.5],\"ms_to_first_draw_p50\":[5.4,5.9,5.8,6,7.5,7.4,8.1,7.5,7.5,7.3,7.4,7.3,7.5,7,7.5,7.2,7.2,7,7.2,7,7.1,6.9,7.2,7.3,6.9,6.8,7,7.1,6.9,7.2,7.2,7.1,7.2,7.4,7.3,7.7,7.4,7.6,7.7,7.5,7.9,7.5,7.6,7.5,7.7,12.6,14.3,13.1,11.8,12.4,11.3,11.3,10.9,11.4,12,12.4,7.9,7.7,8.6,13.6,12.5],\"ms_first_draw_to_swap_p50\":[1.5,15.4,17.5,18.3,18.6,18.3,21.8,19.6,18,16.2,16.8,16.6,16.8,16.1,17.2,15.6,15.7,15.4,16.3,15.3,15.5,15.9,16.3,16,15.2,15.3,15.7,15.2,15.3,16.1,15.7,15.6,16.1,16.9,17.7,19.4,17.4,17.9,17.5,18.8,19.4,17.4,18.3,17.8,17.6,17.7,18.3,18.1,18.1,18.7,19,17.2,17.1,18.6,18.3,18.6,18.6,16.7,17.9,17.7,16.7]}},{\"round\":3,\"length_s\":61,\"measured_from_s\":0.53,\"measured_to_s\":59.1,\"human_death_s\":59.1,\"ends_at\":\"human_death\",\"pre_round\":{\"frames\":65,\"ms_p50\":7.3,\"draws_per_frame\":11.08,\"span_ms\":472.9,\"split_at_draws\":41},\"early_5s\":{\"frames\":208,\"frames_excluded\":0,\"ms_p50\":23.6,\"ms_p90\":27.9,\"fps\":41.6,\"draws_per_frame\":89.8,\"kb_per_frame\":183.95,\"hitches_over_50ms\":0,\"raw_ms_max\":31.6,\"ms_in_swap_p50\":0,\"ms_in_swap_p90\":0.1,\"ms_in_swap_max\":2,\"ms_to_first_draw_p50\":6.1,\"ms_first_draw_to_swap_p50\":17.6},\"late_5s\":{\"frames\":169,\"frames_excluded\":0,\"ms_p50\":28,\"ms_p90\":36.8,\"fps\":33.8,\"draws_per_frame\":112.82,\"kb_per_frame\":182.06,\"hitches_over_50ms\":1,\"raw_ms_max\":62.3,\"ms_in_swap_p50\":0,\"ms_in_swap_p90\":0,\"ms_in_swap_max\":1.1,\"ms_to_first_draw_p50\":8.9,\"ms_first_draw_to_swap_p50\":18.7},\"ratio_ms\":1.19,\"ratio_draws\":1.26,\"hitches_over_50ms\":8,\"frames\":2153,\"frames_excluded\":55,\"raw_ms_max\":73.9,\"shots\":[{\"name\":\"r3-06s\",\"at_s\":6.11,\"dur_ms\":186.8},{\"name\":\"r3-30s\",\"at_s\":30.3,\"dur_ms\":202.3},{\"name\":\"r3-50s\",\"at_s\":50.54,\"dur_ms\":222.1}],\"per_second\":{\"ms_p50\":[7.7,21.6,23.2,24.1,26.7,28.3,26.3,25.2,25.6,25.3,24.6,25.1,24.4,25.9,25.9,25.6,25.3,27.1,25,23.6,24.8,25.6,26.1,25.5,24.3,25.8,25.8,25.3,25.2,25.4,27.2,26.9,24.9,25.2,26,26.8,24.4,24.7,24.3,26.1,26,25.1,24.8,24.7,25.4,29.5,30.2,30.7,28,29.5,31.4,34.2,31.5,29.5,28.9,28.9,27.1,27.1,29.4,31,32.1,null],\"draws_per_frame\":[25.98,70.96,88.57,89,112.47,116.8,111,111,110.08,110,109.1,109,108.13,108,107.13,107,107,107,107,107,107,107,107,107,107,107,107,107,107,107,107,107,107,107,107,107,107,107,107,107,107,107,107,107,107,109.5,107,107.13,110.77,111,111,111,111,111,111,111,112.44,113,115.65,116.9,117.57,0],\"raw_ms_max\":[25.8,23.9,26.6,29.3,31.6,33.6,28.6,27.9,28.6,28,43.4,27.5,35,32.3,30.4,28.9,28.2,29.8,28.4,30.4,28.2,29.2,29.4,28.7,26.9,29.2,29.7,28.2,28.3,30.2,30.1,30.6,29.8,27.6,29.8,29.2,28,28.2,27.6,30.2,46.4,28.6,28.7,28.1,30.7,71.9,58.7,73.9,37,65.3,47.4,58,47.8,39.5,46,40.8,42,37.9,62.3,56.2,47.6,0],\"ms_to_first_draw_p50\":[5.7,5.6,5.8,5.6,7.4,8.1,7.7,7.6,7.4,7.6,7.4,7.5,7.2,7.8,7.8,7.6,7.7,7.9,7.5,7.3,7.4,7.7,7.7,7.8,7.3,7.4,7.8,7.2,7.7,7.4,7.9,7.3,7.6,7.7,7.5,7.6,7.3,7.4,7.3,7.6,7.6,7.4,7.1,7.2,7.7,12.7,13.3,13.5,11.3,11.4,12,12.8,12.3,11.5,11.2,11,8,8.2,9.4,12.9,13.2,null],\"ms_first_draw_to_swap_p50\":[1.8,15.9,17.5,18.5,19.1,20.2,18,17.5,17.8,17.4,16.9,17.5,17,18.1,17.9,18,17.3,19.2,17.5,16.4,17.2,17.5,18.3,17.5,16.8,17.9,18,17.6,17.4,17.9,19.9,19.5,17,17.4,17.6,19,17.1,17.3,16.8,18,18.8,17.8,17.6,17.3,18.2,17.1,16.9,16.8,17,17.7,20,20.4,18.8,17.7,17.7,18.5,19,19.1,19.4,17.5,17.6,null]}}]}"
