[   1816ms] [harness] chrome: Chrome/154.0.8037.92
[   1817ms] [harness] navigating to http://localhost:8008/armagetronad.html?bridge=ws://127.0.0.1:8010
[     12ms] [harness] until 1x <<[PERSIST] populate ok>> (timeout 90000ms, have 0)
[     64ms] [console.log] [TOUCH] enabled=false (media query -> false) maxTouchPoints=0
[     65ms] [console.log] [DISPLAY] layout=full (from the orientation) at parse
[   4653ms] [console.log] [DISPLAY] at load: viewport 1024x768 dpr 1 -> canvas 1024x768 aspect 1.3333 gpu-axis-limit 8192
[   5304ms] [console.error] WARNING: using emscripten GL emulation. This is a collection of limited workarounds, do not expect it to work.
[   5307ms] [console.error] WARNING: using emscripten GL emulation unsafe opts. If weirdness happens, try -sGL_UNSAFE_OPTS=0
[   5310ms] [page] load event fired
[   5333ms] [browser.error/network] Failed to load resource: the server responded with a status of 404 (File not found)   <- http://localhost:8008/favicon.ico
[   5377ms] [console.log] [PERSIST] populate ok in 79ms
[   5478ms] [harness] until SATISFIED: saw 1x <<[PERSIST] populate ok>>
[   6479ms] [harness] until 1x <<[BOOT] autostart>> (timeout 120000ms, have 0)
[   6891ms] [console.log] [PERSIST] runtime initialized, starting the game
[   6892ms] [console.log] [CAMERA] stock camera (factor 1)
[   6892ms] [console.log] [SPARKS] stock sparks, nothing written
[   6893ms] [console.log] [DISPLAY] layout=full (from the orientation) before main
[   6940ms] [console.log] [DISPLAY] before main: viewport 1024x768 dpr 1 -> canvas 1024x768 aspect 1.3333 gpu-axis-limit 8192
[   6941ms] [console.log] [BOOT] autostart: calling main
[   6943ms] [console.error] Error: Error in tString GeneratePrefix() in src/tools/tDirectories.cpp:1380 : 
[   6943ms] [console.error]  	Relocation error. The binary was supposed to be installed into /usr/local/bin and found itself in . and could not find out what this means for the prefix /usr/local.
[   6943ms] [console.error] 
[   6951ms] [console.log] Warning in void FindConfigurationPath() in src/tools/tDirectories.cpp:1465 : 
[   6953ms] [console.log]  	Could not determine path to configuration files. Using defaults or command line arguments.
[   6953ms] [console.log] 
[   6985ms] [harness] until SATISFIED: saw 1x <<[BOOT] autostart>>
[   7080ms] [console.log] [L] ENCODING latin1
[   7090ms] [console.log] Trying to start sound. Just restart Armagetron Advanced in case of crash.
[   7096ms] [console.log] [SND] device opened: 22050 Hz, 2 ch, 16-bit, 1024 frames/callback (46.4 ms per callback, SOUND_BUFFER_SHIFT 1)
[   7295ms] [console.error] WARNING: using emscripten GL immediate mode emulation. This is very limited in what it supports
[   7301ms] [console.error] TODO: glShadeModel
[   7305ms] [browser.warning/rendering] Canvas2D: Multiple readback operations using getImageData are faster with the willReadFrequently attribute set to true. See: https://html.spec.whatwg.org/multipage/canvas.html#concept-canvas-will-read-frequently   <- http://localhost:8008/armagetronad.js
[   7363ms] [harness] eval (()=>{if(window.__keyFilter)return 'filter already on';window.__keyFilter=true;window.__drop=0;for(const t of ['keydown','keyup','keypress'])window.addEventListener(t,e=>{if(e.key==='Unidentified'){window.__drop++;e.stopImmediatePropagation();e.preventDefault();}},true);return 'unidentified-key filter on'})() => "unidentified-key filter on"
[   7364ms] [browser.warning/other] The AudioContext was not allowed to start. It must be resumed (or created) after a user gesture on the page. https://developer.chrome.com/blog/autoplay/#web_audio   <- http://localhost:8008/armagetronad.js
[   7365ms] [browser.warning/other] The AudioContext was not allowed to start. It must be resumed (or created) after a user gesture on the page. https://developer.chrome.com/blog/autoplay/#web_audio   <- http://localhost:8008/armagetronad.js
[   7365ms] [browser.warning/other] The AudioContext was not allowed to start. It must be resumed (or created) after a user gesture on the page. https://developer.chrome.com/blog/autoplay/#web_audio   <- http://localhost:8008/armagetronad.js
[   7366ms] [browser.warning/other] The AudioContext was not allowed to start. It must be resumed (or created) after a user gesture on the page. https://developer.chrome.com/blog/autoplay/#web_audio   <- http://localhost:8008/armagetronad.js
[   7368ms] [browser.warning/other] The AudioContext was not allowed to start. It must be resumed (or created) after a user gesture on the page. https://developer.chrome.com/blog/autoplay/#web_audio   <- http://localhost:8008/armagetronad.js
[  16450ms] [harness] screenshot -> docs/evidence/map-downloads/download/01-boot1-language-menu.png
[  16459ms] [console.log] [AUDIO] resumed on keydown
[  16482ms] [console.log] [PERSISTSAVE] menu-leave n=1
[  16486ms] [harness] key Enter (1/1)
[  19811ms] [console.log] [PERSISTSAVE] menu-leave n=2
[  19823ms] [harness] key Escape (1/1)
[  20123ms] [harness] until 1x <<[PERSISTSAVE] menu-leave>> (timeout 30000ms, have 2)
[  20123ms] [harness] until SATISFIED: saw 2x <<[PERSISTSAVE] menu-leave>>
[  23126ms] [harness] === RELOAD-SO-BOOT-2-STARTS-AT-THE-REAL-MAIN-MENU ===
[  23143ms] [console.log] [PERSISTSAVE] js-backstop n=3
[  23144ms] [console.log] [PERSISTBACKSTOP] beforeunload
[  23144ms] [harness] eval location.reload() => undefined
[  23145ms] [harness] until 2x <<[PERSIST] populate ok>> (timeout 90000ms, have 1)
[  23955ms] [console.log] [TOUCH] enabled=false (media query -> false) maxTouchPoints=0
[  23957ms] [console.log] [DISPLAY] layout=full (from the orientation) at parse
[  24416ms] [console.log] [DISPLAY] at load: viewport 1024x768 dpr 1 -> canvas 1024x768 aspect 1.3333 gpu-axis-limit 8192
[  24418ms] [console.error] WARNING: using emscripten GL emulation. This is a collection of limited workarounds, do not expect it to work.
[  24420ms] [console.error] WARNING: using emscripten GL emulation unsafe opts. If weirdness happens, try -sGL_UNSAFE_OPTS=0
[  24421ms] [page] load event fired
[  24439ms] [console.log] [PERSIST] populate ok in 9ms
[  24466ms] [harness] until SATISFIED: saw 2x <<[PERSIST] populate ok>>
[  24466ms] [harness] until 2x <<[BOOT] autostart>> (timeout 120000ms, have 1)
[  24522ms] [console.log] [PERSIST] runtime initialized, starting the game
[  24523ms] [console.log] [CAMERA] stock camera (factor 1)
[  24525ms] [console.log] [SPARKS] stock sparks, nothing written
[  24532ms] [console.log] [DISPLAY] layout=full (from the orientation) before main
[  25284ms] [console.log] [DISPLAY] before main: viewport 1024x768 dpr 1 -> canvas 1024x768 aspect 1.3333 gpu-axis-limit 8192
[  25287ms] [console.log] [BOOT] autostart: calling main
[  25287ms] [console.error] Error: Error in tString GeneratePrefix() in src/tools/tDirectories.cpp:1380 : 
[  25289ms] [console.error]  	Relocation error. The binary was supposed to be installed into /usr/local/bin and found itself in . and could not find out what this means for the prefix /usr/local.
[  25290ms] [console.error] 
[  25291ms] [console.log] Warning in void FindConfigurationPath() in src/tools/tDirectories.cpp:1465 : 
[  25292ms] [console.log]  	Could not determine path to configuration files. Using defaults or command line arguments.
[  25292ms] [console.log] 
[  25384ms] [harness] until SATISFIED: saw 2x <<[BOOT] autostart>>
[  25414ms] [console.log] [L] ENCODING latin1
[  25419ms] [console.log] [SND] device opened: 22050 Hz, 2 ch, 16-bit, 1024 frames/callback (46.4 ms per callback, SOUND_BUFFER_SHIFT 1)
[  25439ms] [console.error] WARNING: using emscripten GL immediate mode emulation. This is very limited in what it supports
[  25442ms] [console.error] TODO: glShadeModel
[  25446ms] [browser.warning/rendering] Canvas2D: Multiple readback operations using getImageData are faster with the willReadFrequently attribute set to true. See: https://html.spec.whatwg.org/multipage/canvas.html#concept-canvas-will-read-frequently   <- http://localhost:8008/armagetronad.js
[  25475ms] [harness] eval (()=>{if(window.__keyFilter)return 'filter already on';window.__keyFilter=true;window.__drop=0;for(const t of ['keydown','keyup','keypress'])window.addEventListener(t,e=>{if(e.key==='Unidentified'){window.__drop++;e.stopImmediatePropagation();e.preventDefault();}},true);return 'unidentified-key filter on'})() => "unidentified-key filter on"
[  36434ms] [harness] screenshot -> docs/evidence/map-downloads/download/02-boot2-main-menu.png
[  36437ms] [harness] === ENTER-PLAY-GAME ===
[  36478ms] [harness] key Enter (1/1)
[  39281ms] [harness] === ENTER-MULTIPLAYER ===
[  39300ms] [console.log] [BRIDGE] open ws://127.0.0.1:8010
[  39320ms] [harness] key Enter (1/1)
[  43245ms] [harness] screenshot -> docs/evidence/map-downloads/download/03-network-menu.png
[  43245ms] [harness] === DOWN-3-TO-SERVER-BOOKMARKS ===
[  43287ms] [harness] key Down (1/3)
[  43620ms] [harness] key Down (2/3)
[  43956ms] [harness] key Down (3/3)
[  45865ms] [harness] screenshot -> docs/evidence/map-downloads/download/04-server-bookmarks-selected.png
[  45898ms] [harness] key Enter (1/1)
[  49278ms] [harness] screenshot -> docs/evidence/map-downloads/download/05-bookmarks-menu.png
[  49278ms] [harness] === R1 join started ===
[  49311ms] [harness] key Enter (1/1)
[  49348ms] [console.log] [BRIDGE] handle 1 bound to udp port 55129
[  49373ms] [console.log] [BRIDGE] peer 127.0.0.1 -> 127.0.0.1 (literal)
[  49612ms] [harness] until 1x <<[RESOURCE]>> (timeout 30000ms, have 0)
[  50032ms] [console.log] [WAV] loaded /data/sound/expl.wav: 11937 bytes, 8-bit mono @ 11025 Hz (fopen misses so far: 1)
[  50034ms] [console.log] [L] NEW_ROUND 2026-09-30 12:33:04 UTC+0200
[  50076ms] [console.log] [WAV] retiring a voice on moviesounds/intro.wav: loaded but zero samples
[  50076ms] [console.log] [SND] live voices peaked at 1 (SOUND_SOURCES 10, loudness_thresh 0.0000)
[  50148ms] [console.log] [L] TEAM_PLAYER_ADDED web_user web_user
[  50301ms] [console.log] [RESOURCE] 200 http://127.0.0.1:8009/gate/resource/sumo_gate-0.1.0.aamap.xml
[  50320ms] [harness] until SATISFIED: saw 1x <<[RESOURCE]>>
[  50354ms] [harness] screenshot -> docs/evidence/map-downloads/download/r1-after-fetch.png
[  50441ms] [console.log] [L] TEAM_PLAYER_ADDED ai_team gdb
[  50442ms] [console.log] [L] TEAM_PLAYER_ADDED ai_team gcc
[  50443ms] [console.log] [L] TEAM_PLAYER_ADDED ai_team latex
[  50552ms] [console.log] [WAV] loaded /data/sound/cyclrun.wav: 40403 bytes, 8-bit mono @ 22050 Hz (fopen misses so far: 2)
[  50741ms] [console.log] [WAV] loaded /data/sound/expl.wav: 11937 bytes, 8-bit mono @ 11025 Hz (fopen misses so far: 2)
[  50741ms] [console.log] [SND] live voices peaked at 8 (SOUND_SOURCES 10, loudness_thresh 0.0000)
[  50831ms] [console.error] warning: Audio callback had starved sending audio by 0.4753151927437145 seconds
[  50885ms] [browser.error/network] Failed to load resource: the server responded with a status of 404 (File not found)   <- http://localhost:8008/favicon.ico
[  56551ms] [console.log] [WAV] loaded /data/sound/expl.wav: 11937 bytes, 8-bit mono @ 11025 Hz (fopen misses so far: 3)
[  56902ms] [console.log] [WAV] loaded /data/sound/expl.wav: 11937 bytes, 8-bit mono @ 11025 Hz (fopen misses so far: 4)
[  62565ms] [harness] screenshot -> docs/evidence/map-downloads/download/r1-end.png
[  62568ms] [harness] eval (()=>{const p='/persist/resource/automatic/gate/resource/sumo_gate-0.1.0.aamap.xml';try{const a=Module.FS.analyzePath(p);return 'cached='+a.exists+' cachedBytes='+(a.exists?Module.FS.stat(p).size:-1)}catch(e){return 'cached=ERR '+e}})() => "cached=true cachedBytes=4618"
[  62569ms] [console.log] [GATE] unidentified keys dropped: 3
[  62569ms] [harness] eval (()=>{console.log('[GATE] unidentified keys dropped: '+window.__drop);return 'ok'})() => "ok"
