[0] Command HUD_CACHE_THRESHOLD unknown.
[0] 
[0] MAP_FILE_OVERRIDE changed from 3 to 0.
[0] FORTRESS_MAX_PER_TEAM changed from 0 to 1.
[0] Bound socket to *.*.*.*:39303.
[0] Bound socket to *.*.*.*:4534.
[0] Setting CYCLE_BRAKE_REFILL (Group: Annoying) deviates from its default value; clients older than 0.2.5.0 may experience problems.
[0] Setting MAP_FILE (Group: Breaking) deviates from its default value; clients older than 0.2.8_beta3 may experience problems.
[0] Nobody there. Taking a nap...
[0] Timestamp: 2026/09/30 11:11:57
[0] Closing socket bound to *.*.*.*:4534
[0] Bound socket to *.*.*.*:4534.
[1] Received login from 192.168.215.1:38473 via socket *.*.*.*:4534, network version: 0.2.9_alpha (ID: 17).
[1] New user: 1
[1] web_user entered the game.
[0] Time:     51.5087 seconds
Sent:     7412 bytes in 39 packets (143.898 bytes/s)
Received: 2392 bytes in 35 packets (46.4388 bytes/s)
[0] Timestamp: 2026/09/30 11:12:48
[0] Creating grid...
[0] Ping charity changed from 0 to 213.
[0] LaTeX entered the game.
[0] Gcc entered the game.
[0] Gdb entered the game.
[0] done!
[0] Resetting scores...
[0] New Match
[0] Go (round 1 of 10)!
[0] 3
[0] 2
[0] 1
[0] 0
[0] Gdb core dumped web_user for 3 points.
[0] web_user lost 2 points since it caused a general protection fault.
[0] AI team was awarded 10 points for being last active team.
[0] Winner: AI team
[0] web_user core dumped Gcc for 3 points.
[0] Gcc lost 2 points since it caused a general protection fault.
[0] Deleting objects...
[0] Deleting grid...
[0] 
[0] Time:     16.1437 seconds
Sent:     18346 bytes in 179 packets (1136.42 bytes/s)
Received: 4856 bytes in 100 packets (300.799 bytes/s)
[0] Timestamp: 2026/09/30 11:13:04
[0] Creating grid...
[0] Ping charity changed from 213 to 100.
[0] done!
[0] Go (round 2 of 10)!
