[   1185ms] [harness] mobile emulation: 915x412 CSS px dpr 3 (= 2745x1236 device px), touch on
[   1188ms] [harness] chrome: Chrome/152.0.7977.77
[   1188ms] [harness] navigating to http://localhost:8007/armagetronad.html?autostart=0&touch=1
[     82ms] [console.log] [DISPLAY] at load: viewport 915x412 dpr 3 -> canvas 2745x1236 aspect 2.2209 gpu-axis-limit 16384
[     84ms] [console.log] [TOUCH] enabled=true (?touch=1) maxTouchPoints=5
[     84ms] [console.log] [TOUCH] context 0 (menu no, cycle no) -> TAP=ENTER
[     85ms] [console.log] [TOUCH] play in portrait: false (localStorage aa.portrait)
[     88ms] [console.log] [TOUCH] orientation portrait=false (sized for portrait: false, boot held: false, play in portrait: false)
[     89ms] [console.error] WARNING: using emscripten GL emulation. This is a collection of limited workarounds, do not expect it to work.
[     98ms] [console.error] WARNING: using emscripten GL emulation unsafe opts. If weirdness happens, try -sGL_UNSAFE_OPTS=0
[    100ms] [console.log] [TOUCH] orientation portrait=false (sized for portrait: false, boot held: false, play in portrait: false)
[    100ms] [page] load event fired
[    109ms] [browser.error/network] Failed to load resource: the server responded with a status of 404 (File not found)   <- http://localhost:8007/favicon.ico
[    184ms] [console.log] [PERSIST] populate ok in 51ms
[    424ms] [console.log] [PERSIST] runtime initialized, starting the game
[    426ms] [console.log] [CAMERA] camera distance x0.5 written to /data/webdefaults/autoexec.cfg before main()
[    426ms] [console.log] [BOOT] main() HELD by ?autostart=0, waiting for AA_START()
[    811ms] [harness] eval (() => {  /* One frame = one flush/finish on the WebGL context. rSysDep::SwapGL calls     exactly one of the two per swap, chosen by swapMode_: the static default     is rSwap_glFlush, but sr_LoadDefaultConfig (rScreen.cpp) sets     rSwap_glFinish and welcome() (gArmagetron.cpp) runs it under st_FirstUse     -- and every harness run is a first-use boot (drive-browser.mjs makes a     fresh profile), so the client the harness measures swaps with glFinish,     a synchronous wait for the GPU. S.swaps counts each kind so the [PERF]     line says which fired instead of assuming. Per frame we keep: the     timestamp (taken BEFORE the swap call), the time spent INSIDE the swap     call (the GPU wait), the timestamp of the frame's first draw call, the     number of drawArrays/drawElements calls, and the bytes through     bufferData/bufferSubData. Draw calls and bytes are the direct measure of     "geometry re-submitted through the emulation this frame" (mechanism 1);     the first-draw timestamp lets report.js split a frame interval into     [end of previous swap -> first draw] (event-loop yield, input,     simulation) and [first draw -> swap] (render submission), so a frame that     gets slower in the first part while its draw calls stay flat is NOT the     renderer. */  /* THIS FILE IS ONE EXPRESSION WITH BLOCK COMMENTS ONLY: run-arm.sh strips     every newline to fit it into a single eval: step of drive-browser.mjs, so     a // comment would swallow the rest of the program. */  const N = 600000;  const S = { t: new Float64Array(N), wait: new Float32Array(N), first: new Float64Array(N),              draws: new Uint32Array(N), bytes: new Float64Array(N), n: 0,              swaps: { flush: 0, finish: 0 }, marks: [], shots: [], cur: { draws: 0, bytes: 0, first: 0 } };  window.__fps = S;  /* Screenshot bracket. Page.captureScreenshot spends real time on the page     and can put a hitch INTO a measured window; the driver's own     "[harness] screenshot" line is on the driver's clock, in the driver's     transcript, where report.js cannot see it. The template therefore wraps     every shot: step in eval:__fps.shot('name','begin') and     eval:__fps.shot('name','end'), on the page's clock, and report.js drops     the frames between the two (plus a pad) from every statistic. */  S.shot = (name, edge) => { S.shots.push([performance.now(), name, edge]); return 'shot ' + edge + ' ' + name; };  const wrap = (C) => {    if (!C) return; const P = C.prototype;    for (const m of ['flush', 'finish']) { const o = P[m]; if (!o) continue;      P[m] = function () {        const i = S.n, now = performance.now();        if (i < N) { S.t[i] = now; S.draws[i] = S.cur.draws; S.bytes[i] = S.cur.bytes; S.first[i] = S.cur.first; S.n = i + 1; }        S.swaps[m]++; S.cur.draws = 0; S.cur.bytes = 0; S.cur.first = 0;        const r = o.apply(this, arguments);        if (i < N) S.wait[i] = performance.now() - now;        return r; }; }    for (const m of ['drawArrays', 'drawElements']) { const o = P[m]; if (!o) continue;      P[m] = function () { if (!S.cur.first) S.cur.first = performance.now(); S.cur.draws++; return o.apply(this, arguments); }; }    for (const m of ['bufferData', 'bufferSubData']) { const o = P[m]; if (!o) continue;      P[m] = function () { const d = (m === 'bufferData') ? arguments[1] : arguments[2];        S.cur.bytes += (d && d.byteLength) ? d.byteLength : (typeof d === 'number' ? d : 0);        return o.apply(this, arguments); }; }  };  wrap(window.WebGLRenderingContext); wrap(window.WebGL2RenderingContext);  const cl = console.log.bind(console);  console.log = function () { const s = (arguments.length && typeof arguments[0] === 'string') ? arguments[0] : '';    if (s.indexOf('[L] ') === 0) S.marks.push([performance.now(), s]); return cl.apply(null, arguments); };  return 'sampler armed: frames, swap kind and wait, first draw, draw calls, buffer bytes, shot brackets';})() => "sampler armed: frames, swap kind and wait, first draw, draw calls, buffer bytes, shot brackets"
[    812ms] [harness] eval (()=>{const rd=(p)=>{try{return Module.FS.readFile(p,{encoding:'utf8'})}catch(e){return null}};const pick=(t,k)=>{if(t===null)return null;let v=null;for(const l of t.split('\n')){const s=l.trim();if(s.indexOf(k)===0&&/\s/.test(s.charAt(k.length)))v=s.slice(k.length).trim().replace(/\s+/g,' ')}return v};const DFLT={FIRST_USE:'1',SP_WALLS_LENGTH:'-1',SP_SPEED_FACTOR:'0',SP_SIZE_FACTOR:'-3',SP_NUM_AIS:'1',SP_AUTO_AIS:'1'};const KEYS=['FIRST_USE','SP_WALLS_LENGTH','SP_SPEED_FACTOR','SP_SIZE_FACTOR','SP_NUM_AIS','SP_AUTO_AIS','MAX_FPS','SWAP_MODE','TEXT_OUT','FLOOR_DETAIL'];window.__posttut=(phase)=>{let sv;try{Module._aa_web_save_config();sv='saved'}catch(e){sv='SAVE FAILED: '+e}const a=rd('/data/webdefaults/autoexec.cfg');const c=rd('/persist/var/user.cfg');const asked={},live={},expect={};for(const k of KEYS){asked[k]=pick(a,k);live[k]=pick(c,k);expect[k]=asked[k]!==null?asked[k]:(DFLT[k]!==undefined?DFLT[k]:null)}const K=c===null?[]:c.split('\n').map(l=>l.trim().replace(/\s+/g,' ')).filter(l=>l.indexOf('KEYBOARD ')===0);const bind=(x)=>K.filter(l=>l.indexOf(' PLAYER_BIND '+x+' 1')>0).map(l=>l.split(' ')[1]);console.log('[POSTTUT] '+JSON.stringify({phase:phase,save:sv,user_cfg_bytes:c===null?null:c.length,asked:asked,live:live,expect:expect,turn_left_bound:bind('CYCLE_TURN_LEFT'),turn_right_bound:bind('CYCLE_TURN_RIGHT')}));return 'posttut probe '+phase};return 'posttut probe installed'})() => "posttut probe installed"
[    813ms] [harness] eval (()=>{const p='/data/webdefaults/autoexec.cfg';const cur=Module.FS.readFile(p,{encoding:'utf8'});const add='\n# perf arm posttut-base-r2 (post-tutorial path)\nFIRST_USE 0\nSWAP_MODE 2\nFLOOR_DETAIL 3\nTEXT_OUT 1\nKEYBOARD 276 PLAYER_BIND CYCLE_TURN_LEFT 1\nKEYBOARD 275 PLAYER_BIND CYCLE_TURN_RIGHT 1\nMAX_FPS 1000\nSP_SIZE_FACTOR 6\nSP_NUM_AIS 7\nSP_WALLS_LENGTH -1\n';Module.FS.writeFile(p,cur+add);return 'autoexec.cfg patched: '+JSON.stringify(add)})() => "autoexec.cfg patched: \"\\n# perf arm posttut-base-r2 (post-tutorial path)\\nFIRST_USE 0\\nSWAP_MODE 2\\nFLOOR_DETAIL 3\\nTEXT_OUT 1\\nKEYBOARD 276 PLAYER_BIND CYCLE_TURN_LEFT 1\\nKEYBOARD 275 PLAYER_BIND CYCLE_TURN_RIGHT 1\\nMAX_FPS 1000\\nSP_SIZE_FACTOR 6\\nSP_NUM_AIS 7\\nSP_WALLS_LENGTH -1\\n\""
[    814ms] [console.log] [BOOT] autostart: calling main
[    817ms] [console.error] Error: Error in tString GeneratePrefix() in src/tools/tDirectories.cpp:1380 : 
[    817ms] [console.error]  	Relocation error. The binary was supposed to be installed into /usr/local/bin and found itself in . and could not find out what this means for the prefix /usr/local.
[    818ms] [console.error] 
[    818ms] [console.log] Warning in void FindConfigurationPath() in src/tools/tDirectories.cpp:1465 : 
[    818ms] [console.log]  	Could not determine path to configuration files. Using defaults or command line arguments.
[    818ms] [console.log] 
[    945ms] [console.log] [L] ENCODING latin1
[    954ms] [console.log] [SND] device opened: 22050 Hz, 2 ch, 16-bit, 1024 frames/callback (46.4 ms per callback, SOUND_BUFFER_SHIFT 1)
[    972ms] [console.error] WARNING: using emscripten GL immediate mode emulation. This is very limited in what it supports
[    976ms] [console.error] TODO: glShadeModel
[    982ms] [browser.warning/rendering] Canvas2D: Multiple readback operations using getImageData are faster with the willReadFrequently attribute set to true. See: https://html.spec.whatwg.org/multipage/canvas.html#concept-canvas-will-read-frequently   <- http://localhost:8007/armagetronad.js
[   1028ms] [harness] eval window.AA_START() => undefined
[   1028ms] [harness] until 1x <<[BOOT] autostart>> (timeout 90000ms, have 1)
[   1029ms] [harness] until SATISFIED: saw 1x <<[BOOT] autostart>>
[   1030ms] [browser.warning/other] The AudioContext was not allowed to start. It must be resumed (or created) after a user gesture on the page. https://developer.chrome.com/blog/autoplay/#web_audio   <- http://localhost:8007/armagetronad.js
[   1030ms] [browser.warning/other] The AudioContext was not allowed to start. It must be resumed (or created) after a user gesture on the page. https://developer.chrome.com/blog/autoplay/#web_audio   <- http://localhost:8007/armagetronad.js
[   1031ms] [browser.warning/other] The AudioContext was not allowed to start. It must be resumed (or created) after a user gesture on the page. https://developer.chrome.com/blog/autoplay/#web_audio   <- http://localhost:8007/armagetronad.js
[   1031ms] [browser.warning/other] The AudioContext was not allowed to start. It must be resumed (or created) after a user gesture on the page. https://developer.chrome.com/blog/autoplay/#web_audio   <- http://localhost:8007/armagetronad.js
[   1031ms] [browser.warning/other] The AudioContext was not allowed to start. It must be resumed (or created) after a user gesture on the page. https://developer.chrome.com/blog/autoplay/#web_audio   <- http://localhost:8007/armagetronad.js
[   7080ms] [console.log] [TOUCH] context 1 (menu yes, cycle no) -> TAP=ENTER
[  10159ms] [harness] screenshot -> docs/evidence/m6-lag/task7-posttutorial/posttut-base-r2/m0a-splash.png
[  19244ms] [harness] screenshot -> docs/evidence/m6-lag/task7-posttutorial/posttut-base-r2/m0-main-menu.png
[  19244ms] [harness] === MENU-WALK-NO-TUTORIAL-ON-THIS-PATH ===
[  19284ms] [harness] key Enter (1/1)
[  21490ms] [harness] screenshot -> docs/evidence/m6-lag/task7-posttutorial/posttut-base-r2/m1-game-submenu.png
[  21523ms] [harness] key Down (1/1)
[  23128ms] [harness] screenshot -> docs/evidence/m6-lag/task7-posttutorial/posttut-base-r2/m2-cursor-on-start-new-game.png
[  23134ms] [console.log] [L] PLAYER_ENTERED web_user  web_user
[  23135ms] [console.log] [L] TEAM_CREATED web_user
[  23136ms] [console.log] [L] TEAM_PLAYER_ADDED web_user web_user
[  23137ms] [console.log] [WAV] loaded /data/sound/expl.wav: 11937 bytes, 8-bit mono @ 11025 Hz (fopen misses so far: 1)
[  23139ms] [console.log] [L] ROUND_SCORE_TEAM 0 web_user
[  23140ms] [console.log] [L] NEW_ROUND 2026-09-04 11:18:44 UTC+0200
[  23158ms] [console.log] [L] TEAM_CREATED ai_team
[  23158ms] [console.log] [L] TEAM_PLAYER_ADDED ai_team word
[  23159ms] [console.log] [L] TEAM_PLAYER_ADDED ai_team excel
[  23159ms] [console.log] [L] TEAM_PLAYER_ADDED ai_team notepad
[  23159ms] [console.log] [L] TEAM_PLAYER_ADDED ai_team gcc
[  23160ms] [console.log] [WAV] loaded /data/sound/cyclrun.wav: 40403 bytes, 8-bit mono @ 22050 Hz (fopen misses so far: 2)
[  23172ms] [harness] key Enter (1/1)
[  23179ms] [console.log] [WAV] loaded /data/sound/expl.wav: 11937 bytes, 8-bit mono @ 11025 Hz (fopen misses so far: 2)
[  23184ms] [console.log] [WAV] retiring a voice on moviesounds/intro.wav: loaded but zero samples
[  23184ms] [console.log] [SND] live voices peaked at 11 (SOUND_SOURCES 10, loudness_thresh 0.0000)
[  23328ms] [console.log] [TOUCH] context 2 (menu no, cycle alive) -> STEERING
[  23465ms] [browser.error/network] Failed to load resource: the server responded with a status of 404 (File not found)   <- http://localhost:8007/favicon.ico
[  23473ms] [harness] until 1x <<[L] NEW_ROUND>> (timeout 120000ms, have 1)
[  23474ms] [harness] until SATISFIED: saw 1x <<[L] NEW_ROUND>>
[  23474ms] [harness] === ROUND-1-SETUP-NOT-MEASURED ===
[  26509ms] [harness] key Right (1/1)
[  26843ms] [harness] key Left (1/1)
[  28647ms] [harness] eval __fps.shot('r1-after-keys','begin') => "shot begin r1-after-keys"
[  28823ms] [harness] screenshot -> docs/evidence/m6-lag/task7-posttutorial/posttut-base-r2/r1-after-keys.png
[  28823ms] [harness] eval __fps.shot('r1-after-keys','end') => "shot end r1-after-keys"
[  28828ms] [console.log] [PERSISTSAVE] js-backstop n=1
[  28830ms] [console.log] [POSTTUT] {"phase":"round1-setup","save":"saved","user_cfg_bytes":22046,"asked":{"FIRST_USE":"0","SP_WALLS_LENGTH":"-1","SP_SPEED_FACTOR":null,"SP_SIZE_FACTOR":"6","SP_NUM_AIS":"7","SP_AUTO_AIS":"0","MAX_FPS":"1000","SWAP_MODE":"2","TEXT_OUT":"1","FLOOR_DETAIL":"3"},"live":{"FIRST_USE":"0","SP_WALLS_LENGTH":"-1","SP_SPEED_FACTOR":"0","SP_SIZE_FACTOR":"6","SP_NUM_AIS":"7","SP_AUTO_AIS":"0","MAX_FPS":"1000","SWAP_MODE":"2","TEXT_OUT":"1","FLOOR_DETAIL":"3"},"expect":{"FIRST_USE":"0","SP_WALLS_LENGTH":"-1","SP_SPEED_FACTOR":"0","SP_SIZE_FACTOR":"6","SP_NUM_AIS":"7","SP_AUTO_AIS":"0","MAX_FPS":"1000","SWAP_MODE":"2","TEXT_OUT":"1","FLOOR_DETAIL":"3"},"turn_left_bound":["1104"],"turn_right_bound":["1103"]}
[  28830ms] [harness] eval window.__posttut('round1-setup') => "posttut probe round1-setup"
[  28832ms] [harness] CPU throttling rate 6x
[  28832ms] [harness] === THROTTLE-ON ===
[  28833ms] [harness] until 2x <<[L] NEW_ROUND>> (timeout 260000ms, have 1)
[  68619ms] [console.log] [L] DEATH_FRAG web_user gcc
[  68631ms] [console.log] [WAV] loaded /data/sound/expl.wav: 11937 bytes, 8-bit mono @ 11025 Hz (fopen misses so far: 3)
[  68845ms] [console.log] [TOUCH] context 0 (menu no, cycle no) -> TAP=ENTER
[  70595ms] [console.log] [L] ROUND_WINNER ai_team gcc notepad excel word
[  74641ms] [console.log] [WAV] loaded /data/sound/expl.wav: 11937 bytes, 8-bit mono @ 11025 Hz (fopen misses so far: 4)
[  74657ms] [console.log] [L] ROUND_SCORE -2 web_user web_user
[  74659ms] [console.log] [L] ROUND_SCORE_TEAM -2 web_user
[  74661ms] [console.log] [L] NEW_ROUND 2026-09-04 11:19:36 UTC+0200
[  74682ms] [console.log] [L] TEAM_PLAYER_ADDED ai_team outlook
[  74685ms] [console.log] [L] TEAM_PLAYER_ADDED ai_team latex
[  74687ms] [console.log] [L] TEAM_PLAYER_ADDED ai_team gdb
[  74706ms] [console.log] [SND] live voices peaked at 16 (SOUND_SOURCES 10, loudness_thresh 0.0110)
[  74707ms] [console.log] [SND] voice limiter STARTED cutting: 16 live voices, SOUND_SOURCES 10, loudness_thresh 0.0110
[  74717ms] [harness] until SATISFIED: saw 2x <<[L] NEW_ROUND>>
[  74717ms] [harness] === ROUND-2-MEASURED ===
[  74836ms] [console.log] [TOUCH] context 2 (menu no, cycle alive) -> STEERING
[  75105ms] [console.log] [SND] voice limiter stopped cutting: 2 live voices, SOUND_SOURCES 10, loudness_thresh 0.0000
[  75154ms] [console.log] [SND] voice limiter STARTED cutting: 15 live voices, SOUND_SOURCES 10, loudness_thresh 0.0110
[  75622ms] [console.log] [SND] voice limiter stopped cutting: 2 live voices, SOUND_SOURCES 10, loudness_thresh 0.0000
[  75667ms] [console.log] [SND] voice limiter STARTED cutting: 15 live voices, SOUND_SOURCES 10, loudness_thresh 0.0110
[  76138ms] [console.log] [SND] voice limiter stopped cutting: 2 live voices, SOUND_SOURCES 10, loudness_thresh 0.0000
[  76182ms] [console.log] [SND] voice limiter STARTED cutting: 15 live voices, SOUND_SOURCES 10, loudness_thresh 0.0110
[  76647ms] [console.log] [SND] voice limiter stopped cutting: 2 live voices, SOUND_SOURCES 10, loudness_thresh 0.0000
[  76695ms] [console.log] [SND] voice limiter STARTED cutting: 15 live voices, SOUND_SOURCES 10, loudness_thresh 0.0110
[  77163ms] [console.log] [SND] voice limiter stopped cutting: 2 live voices, SOUND_SOURCES 10, loudness_thresh 0.0000
[  77208ms] [console.log] [SND] voice limiter STARTED cutting: 15 live voices, SOUND_SOURCES 10, loudness_thresh 0.0110
[  77656ms] [console.log] [SND] voice limiter stopped cutting: 2 live voices, SOUND_SOURCES 10, loudness_thresh 0.0000
[  80722ms] [harness] eval __fps.shot('r2-06s','begin') => "shot begin r2-06s"
[  80885ms] [harness] screenshot -> docs/evidence/m6-lag/task7-posttutorial/posttut-base-r2/r2-06s.png
[  80895ms] [harness] eval __fps.shot('r2-06s','end') => "shot end r2-06s"
[  80896ms] [harness] eval __fps.shot('r2-probe','begin') => "shot begin r2-probe"
[  80912ms] [console.log] [PERSISTSAVE] js-backstop n=2
[  80919ms] [console.log] [POSTTUT] {"phase":"round2-measured","save":"saved","user_cfg_bytes":22047,"asked":{"FIRST_USE":"0","SP_WALLS_LENGTH":"-1","SP_SPEED_FACTOR":null,"SP_SIZE_FACTOR":"6","SP_NUM_AIS":"7","SP_AUTO_AIS":"0","MAX_FPS":"1000","SWAP_MODE":"2","TEXT_OUT":"1","FLOOR_DETAIL":"3"},"live":{"FIRST_USE":"0","SP_WALLS_LENGTH":"-1","SP_SPEED_FACTOR":"0","SP_SIZE_FACTOR":"6","SP_NUM_AIS":"7","SP_AUTO_AIS":"0","MAX_FPS":"1000","SWAP_MODE":"2","TEXT_OUT":"1","FLOOR_DETAIL":"3"},"expect":{"FIRST_USE":"0","SP_WALLS_LENGTH":"-1","SP_SPEED_FACTOR":"0","SP_SIZE_FACTOR":"6","SP_NUM_AIS":"7","SP_AUTO_AIS":"0","MAX_FPS":"1000","SWAP_MODE":"2","TEXT_OUT":"1","FLOOR_DETAIL":"3"},"turn_left_bound":["1104"],"turn_right_bound":["1103"]}
[  80919ms] [harness] eval window.__posttut('round2-measured') => "posttut probe round2-measured"
[  80944ms] [harness] eval __fps.shot('r2-probe','end') => "shot end r2-probe"
[ 104957ms] [harness] eval __fps.shot('r2-30s','begin') => "shot begin r2-30s"
[ 105122ms] [harness] screenshot -> docs/evidence/m6-lag/task7-posttutorial/posttut-base-r2/r2-30s.png
[ 105123ms] [harness] eval __fps.shot('r2-30s','end') => "shot end r2-30s"
[ 120125ms] [console.log] [SND] voice limiter STARTED cutting: 12 live voices, SOUND_SOURCES 10, loudness_thresh 0.0010
[ 121371ms] [console.log] [SND] voice limiter stopped cutting: 8 live voices, SOUND_SOURCES 10, loudness_thresh 0.0000
[ 125138ms] [harness] eval __fps.shot('r2-50s','begin') => "shot begin r2-50s"
[ 125316ms] [harness] screenshot -> docs/evidence/m6-lag/task7-posttutorial/posttut-base-r2/r2-50s.png
[ 125340ms] [harness] eval __fps.shot('r2-50s','end') => "shot end r2-50s"
[ 125341ms] [harness] until 3x <<[L] NEW_ROUND>> (timeout 260000ms, have 2)
[ 133475ms] [console.log] [L] DEATH_FRAG web_user notepad
[ 133602ms] [console.log] [TOUCH] context 0 (menu no, cycle no) -> TAP=ENTER
[ 135477ms] [console.log] [L] ROUND_WINNER ai_team gdb latex outlook gcc notepad excel word
[ 139559ms] [console.log] [L] ROUND_SCORE -2 web_user web_user
[ 139561ms] [console.log] [L] ROUND_SCORE_TEAM -2 web_user
[ 139562ms] [console.log] [L] NEW_ROUND 2026-09-04 11:20:41 UTC+0200
[ 139595ms] [console.log] [TOUCH] context 2 (menu no, cycle alive) -> STEERING
[ 139596ms] [console.log] [SND] voice limiter STARTED cutting: 16 live voices, SOUND_SOURCES 10, loudness_thresh 0.0110
[ 139659ms] [harness] until SATISFIED: saw 3x <<[L] NEW_ROUND>>
[ 139659ms] [harness] === ROUND-3-MEASURED ===
[ 140028ms] [console.log] [SND] voice limiter stopped cutting: 2 live voices, SOUND_SOURCES 10, loudness_thresh 0.0000
[ 145665ms] [harness] eval __fps.shot('r3-06s','begin') => "shot begin r3-06s"
[ 145844ms] [harness] screenshot -> docs/evidence/m6-lag/task7-posttutorial/posttut-base-r2/r3-06s.png
[ 145849ms] [harness] eval __fps.shot('r3-06s','end') => "shot end r3-06s"
[ 169851ms] [harness] eval __fps.shot('r3-30s','begin') => "shot begin r3-30s"
[ 170030ms] [harness] screenshot -> docs/evidence/m6-lag/task7-posttutorial/posttut-base-r2/r3-30s.png
[ 170039ms] [harness] eval __fps.shot('r3-30s','end') => "shot end r3-30s"
[ 190062ms] [harness] eval __fps.shot('r3-50s','begin') => "shot begin r3-50s"
[ 190255ms] [harness] screenshot -> docs/evidence/m6-lag/task7-posttutorial/posttut-base-r2/r3-50s.png
[ 190262ms] [harness] eval __fps.shot('r3-50s','end') => "shot end r3-50s"
[ 190262ms] [harness] until 3x <<[L] ROUND_WINNER>> (timeout 260000ms, have 2)
[ 198363ms] [console.log] [L] DEATH_FRAG web_user notepad
[ 198587ms] [console.log] [TOUCH] context 0 (menu no, cycle no) -> TAP=ENTER
[ 200325ms] [console.log] [L] ROUND_WINNER ai_team gdb latex outlook gcc notepad excel word
[ 200348ms] [harness] until SATISFIED: saw 3x <<[L] ROUND_WINNER>>
[ 200348ms] [harness] === MATCH-OVER ===
[ 201493ms] [harness] eval (() => {  /* ONE EXPRESSION, BLOCK COMMENTS ONLY: run-arm.sh strips newlines to make     this a single eval: step (see sampler.js). posttut-base-r2 and 6 are     substituted by run-arm.sh. The object this prints after "[PERF] <arm> " is     the schema Tasks 2-4 read; web/tools/perf/README.md documents it. */  const S = window.__fps, n = S.n;  const PAD_BEFORE = 100, PAD_AFTER = 250;  const marks = (p) => S.marks.filter(m => m[1].indexOf(p) === 0);  const nr = marks('[L] NEW_ROUND').map(m => m[0]);  const rw = marks('[L] ROUND_WINNER').map(m => m[0]);  /* The human is the first PLAYER_ENTERED name; the AIs never enter that way.     A DEATH_* line names its victim first, so the human's deaths are the     DEATH_ marks whose first name is that one. */  const pe = marks('[L] PLAYER_ENTERED ');  const human = pe.length ? pe[0][1].split(/\s+/)[2] : 'web_user';  const deaths = S.marks.filter(m => /^\[L\] DEATH_\w+ /.test(m[1]) && m[1].split(/\s+/)[2] === human).map(m => m[0]);  /* Screenshot exclusions: [begin - PAD_BEFORE, end + PAD_AFTER] for every     bracketed shot (sampler.js S.shot); a begin with no end -- the driver died     mid-shot -- excludes two seconds. */  const ex = []; const open = {};  for (const [t, name, edge] of S.shots) {    if (edge === 'begin') open[name] = t;    else if (edge === 'end' && open[name] != null) { ex.push({ a: open[name] - PAD_BEFORE, b: t + PAD_AFTER, name: name, dur: t - open[name] }); delete open[name]; } }  for (const name in open) ex.push({ a: open[name] - PAD_BEFORE, b: open[name] + 2000, name: name, dur: null });  const excluded = (t) => ex.some(e => t >= e.a && t <= e.b);  const q = (a, p) => { if (!a.length) return null; const s = a.slice().sort((x, y) => x - y);    return s[Math.min(s.length - 1, Math.max(0, Math.round(p * (s.length - 1))))]; };  const r2 = (x) => (x == null) ? null : Math.round(x * 100) / 100;  /* A window's statistics use only frames outside every exclusion, and only     deltas between frames that were ADJACENT samples, so a gap that straddles     an exclusion is never counted as a frame time. raw_ms_max ignores the     exclusions on purpose: it is where a screenshot hitch stays visible, so a     reader can see what was excluded and that it did not leak into ms_p50.     Each frame interval t[i]-t[p] (p the previous sample) is also split into     the three parts the sampler timestamps: ms_in_swap = the previous swap     call itself (p50, p90 and max: if glFinish waited for the GPU it would     show here, and the first measured run read 0 in every window -- so the     tail is reported too), ms_to_first_draw = from that     call's return to this frame's first draw call (the emscripten_sleep(0)     yield, input, the simulation, render setup), ms_first_draw_to_swap = from     the first draw call to this frame's swap call (render submission). */  const win = (t0, t1) => {    const ix = []; let dropped = 0, rawMax = 0, prev = -1;    for (let i = 0; i < n; i++) { const t = S.t[i]; if (t < t0 || t > t1) continue;      if (prev >= 0) rawMax = Math.max(rawMax, t - S.t[prev]); prev = i;      if (excluded(t)) dropped++; else ix.push(i); }    const d = [], sw = [], pre = [], ren = []; let dr = 0, by = 0;    for (let k = 1; k < ix.length; k++) if (ix[k] === ix[k - 1] + 1) { const i = ix[k], p = ix[k - 1];      d.push(S.t[i] - S.t[p]); sw.push(S.wait[p]);      if (S.first[i] > 0) { pre.push(S.first[i] - (S.t[p] + S.wait[p])); ren.push(S.t[i] - S.first[i]); } }    for (const i of ix) { dr += S.draws[i]; by += S.bytes[i]; }    const f = ix.length || 1;    let exms = 0; for (const e of ex) exms += Math.max(0, Math.min(t1, e.b) - Math.max(t0, e.a));    const span = Math.max(1, (t1 - t0) - exms);    return { frames: ix.length, frames_excluded: dropped, ms_p50: r2(q(d, .5)), ms_p90: r2(q(d, .9)),             fps: r2(ix.length / (span / 1000)), draws_per_frame: r2(dr / f),             kb_per_frame: r2(by / f / 1024), hitches_over_50ms: d.filter(x => x > 50).length,             raw_ms_max: r2(rawMax), ms_in_swap_p50: r2(q(sw, .5)), ms_in_swap_p90: r2(q(sw, .9)), ms_in_swap_max: r2(q(sw, 1)),             ms_to_first_draw_p50: r2(q(pre, .5)), ms_first_draw_to_swap_p50: r2(q(ren, .5)) }; };  const perSec = (t0, t1) => { const ms = [], dr = [], mx = [], pre = [], ren = [];    for (let k = 0; k * 1000 < t1 - t0; k++) { const w = win(t0 + k * 1000, Math.min(t1, t0 + (k + 1) * 1000));      ms.push(w.ms_p50); dr.push(w.draws_per_frame); mx.push(w.raw_ms_max); pre.push(w.ms_to_first_draw_p50); ren.push(w.ms_first_draw_to_swap_p50); }    return { ms_p50: ms, draws_per_frame: dr, raw_ms_max: mx, ms_to_first_draw_p50: pre, ms_first_draw_to_swap_p50: ren }; };  /* Pre-round frames. For the first half second of game time after a round     starts (gGame.cpp GameLoop, the gtime <= -PREPARE_TIME + .5 branch) the     game clears the screen and swaps WITHOUT calling Render: overlay only, no     arena, a handful of draw calls at a fraction of a world frame's cost.     They sit right after NEW_ROUND and would otherwise fill the early window     with frames that have no geometry in them. They are found by their draw     count: the threshold is halfway between the fewest draws of any frame in     the round's first two seconds (an overlay-only frame) and the median of     its second second (world frames); the measured span starts at the first     frame after the last frame under the threshold. The frame that straddles     NEW_ROUND itself (drawn mostly before it) is above the threshold and is     left out of both. */  const preRound = (t0) => {    const a = [], b = [];    for (let i = 0; i < n; i++) { const t = S.t[i]; if (t < t0) continue; if (t >= t0 + 2000) break; a.push(i); if (t >= t0 + 1000) b.push(S.draws[i]); }    const none = { start: t0, stats: { frames: 0, ms_p50: null, draws_per_frame: null, span_ms: 0, split_at_draws: null } };    if (!a.length) return none;    let lo = Infinity; for (const i of a) lo = Math.min(lo, S.draws[i]);    const med = q(b, .5); if (med == null || !(med > lo)) return none;    const thr = (lo + med) / 2; const ov = a.filter(i => S.draws[i] <= thr);    if (!ov.length) return none;    const last = ov[ov.length - 1]; const d = []; let dr = 0;    for (let k = 1; k < ov.length; k++) if (ov[k] === ov[k - 1] + 1) d.push(S.t[ov[k]] - S.t[ov[k - 1]]);    for (const i of ov) dr += S.draws[i];    return { start: (last + 1 < n) ? S.t[last + 1] : t0,             stats: { frames: ov.length, ms_p50: r2(q(d, .5)), draws_per_frame: r2(dr / ov.length),                      span_ms: r2(S.t[last] - S.t[ov[0]]), split_at_draws: r2(thr) } }; };  /* A round is closed by its ROUND_WINNER mark when one is written; a     winnerless round -- a lone cycle with no AI (gGame.cpp Analysis: a winner     needs more than one team) -- writes none and ends when the next NEW_ROUND     starts, and a round still running when this report runs closes here. For     a transcript where every round has its ROUND_WINNER before the next     NEW_ROUND (every base arm), this pairs exactly as nr[i]/rw[i] did. */  const rounds = [];  const tReport = performance.now();  for (let i = 0; i < nr.length; i++) {    const t0 = nr[i], next = (i + 1 < nr.length) ? nr[i + 1] : Infinity;    const won = rw.find(t => t > t0 && t < next);    const t1 = won != null ? won : (next < Infinity ? next : tReport);    const closedBy = won != null ? 'round_winner' : (next < Infinity ? 'next_round' : 'report');    const len = (t1 - t0) / 1000; if (len < 8) continue;    /* The measured span runs from the first world frame to the human's death       when the human dies before ROUND_WINNER (after it the camera shows an       explosion and the AIs' endgame, which is not what the maintainer       plays), else to ROUND_WINNER. */    const death = deaths.find(t => t > t0 && t < t1); const te = death != null ? death : t1;    const pr = preRound(t0); const ts = pr.start;    const e = win(ts, ts + 5000), l = win(te - 5000, te), all = win(ts, te);    const shots = ex.filter(x => x.a >= t0 && x.a <= t1).map(x => ({ name: x.name, at_s: r2((x.a + PAD_BEFORE - t0) / 1000), dur_ms: r2(x.dur) }));    rounds.push({ round: i + 1, length_s: r2(len), closed_by: closedBy,      measured_from_s: r2((ts - t0) / 1000), measured_to_s: r2((te - t0) / 1000),      human_death_s: death != null ? r2((death - t0) / 1000) : null, ends_at: death != null ? 'human_death' : 'round_winner',      pre_round: pr.stats, early_5s: e, late_5s: l,      ratio_ms: e.ms_p50 ? r2(l.ms_p50 / e.ms_p50) : null,      ratio_draws: e.draws_per_frame ? r2(l.draws_per_frame / e.draws_per_frame) : null,      hitches_over_50ms: all.hitches_over_50ms, frames: all.frames, frames_excluded: all.frames_excluded,      raw_ms_max: all.raw_ms_max, shots: shots, per_second: perSec(t0, t1) }); }  return '[PERF] posttut-base-r2 ' + JSON.stringify({ arm: 'posttut-base-r2', cpu_rate: 6, frames: n, human: human,    swaps: S.swaps, rounds_started: nr.length, rounds_won: rw.length,    shots_bracketed: ex.filter(x => x.dur != null).length, shot_pad_ms: [PAD_BEFORE, PAD_AFTER], rounds });})() => "[PERF] posttut-base-r2 {\"arm\":\"posttut-base-r2\",\"cpu_rate\":6,\"frames\":13011,\"human\":\"web_user\",\"swaps\":{\"flush\":0,\"finish\":13011},\"rounds_started\":3,\"rounds_won\":3,\"shots_bracketed\":8,\"shot_pad_ms\":[100,250],\"rounds\":[{\"round\":1,\"length_s\":47.45,\"closed_by\":\"round_winner\",\"measured_from_s\":0.53,\"measured_to_s\":45.48,\"human_death_s\":45.48,\"ends_at\":\"human_death\",\"pre_round\":{\"frames\":96,\"ms_p50\":5,\"draws_per_frame\":19.05,\"span_ms\":477.4,\"split_at_draws\":43.5},\"early_5s\":{\"frames\":727,\"frames_excluded\":18,\"ms_p50\":6.7,\"ms_p90\":7.2,\"fps\":149.03,\"draws_per_frame\":85.3,\"kb_per_frame\":122.85,\"hitches_over_50ms\":0,\"raw_ms_max\":12.1,\"ms_in_swap_p50\":0,\"ms_in_swap_p90\":0,\"ms_in_swap_max\":0.1,\"ms_to_first_draw_p50\":5,\"ms_first_draw_to_swap_p50\":1.7},\"late_5s\":{\"frames\":273,\"frames_excluded\":0,\"ms_p50\":17.6,\"ms_p90\":20.3,\"fps\":54.6,\"draws_per_frame\":90.03,\"kb_per_frame\":122.21,\"hitches_over_50ms\":1,\"raw_ms_max\":55.5,\"ms_in_swap_p50\":0,\"ms_in_swap_p90\":0,\"ms_in_swap_max\":1.4,\"ms_to_first_draw_p50\":6.6,\"ms_first_draw_to_swap_p50\":11.1},\"ratio_ms\":2.63,\"ratio_draws\":1.06,\"hitches_over_50ms\":1,\"frames\":2781,\"frames_excluded\":54,\"raw_ms_max\":55.5,\"shots\":[{\"name\":\"r1-after-keys\",\"at_s\":5.51,\"dur_ms\":176.4}],\"per_second\":{\"ms_p50\":[5.4,6.5,6.7,6.6,7,6.9,21.5,20.3,20,19,19.1,18.3,19.1,18.9,19.1,19,19,18.6,18.3,18.8,18.6,19.2,18.7,19.6,19.6,19.4,18.4,19.1,19.5,22.8,23.1,21.4,20.6,19.8,19.1,17.4,17.4,18.4,17.8,18,18.8,18,16.9,17,18.5,19.1,19.8,18.4],\"draws_per_frame\":[40.2,68,86.64,87,101.73,103.87,99.2,99,95.32,95,92.23,92,91.1,91,90.11,90,90,90,90,90,90,90,90,90,90,90,90,90,90,90,90,90,90,90,90,90,90,90,90,90,90,90,90,90,90,91.45,91.98,93],\"raw_ms_max\":[19.7,7.5,7.7,7.5,12.1,20.6,25.7,25.3,24.3,22.3,33.8,21.9,24.9,21.6,21.6,22.2,21.7,22.9,22.1,22.9,21.2,21.8,22.5,32.4,22.5,22.4,21.4,23.1,25.9,48.9,32,25.4,27.1,24.6,25.9,19.8,19.8,22.9,22.2,20.3,55.5,20.3,19.3,19.1,32.8,43.5,30.4,21.7],\"ms_to_first_draw_p50\":[4.9,4.9,4.9,4.9,5.1,5.2,7.2,6.9,7.1,6.9,6.7,6.6,6.8,6.8,7.2,6.8,6.7,6.7,6.6,6.6,6.6,7.1,6.9,7,6.8,6.6,6.5,6.9,7,7.4,7.9,7.3,7.2,7.2,7,6.4,6.5,6.8,6.7,6.5,6.7,6.4,6.4,6.4,7.2,7.6,7.1,6.7],\"ms_first_draw_to_swap_p50\":[0.2,1.5,1.7,1.7,1.8,1.7,14.1,13.4,12.9,12.2,12.3,11.4,12.3,12.1,11.8,12.3,12.2,12.2,11.7,12.1,11.5,11.9,12.1,12.7,12.5,12.4,11.7,12.2,12.9,14.8,15.8,13.9,13.3,12.8,12,10.8,11,11.5,11.1,11.3,11.9,11.3,10.4,10.7,11.7,11.5,12.5,11.2]}},{\"round\":2,\"length_s\":60.81,\"closed_by\":\"round_winner\",\"measured_from_s\":0.53,\"measured_to_s\":58.81,\"human_death_s\":58.81,\"ends_at\":\"human_death\",\"pre_round\":{\"frames\":74,\"ms_p50\":6.3,\"draws_per_frame\":15.09,\"span_ms\":471.2,\"split_at_draws\":48.5},\"early_5s\":{\"frames\":224,\"frames_excluded\":0,\"ms_p50\":22.2,\"ms_p90\":24.5,\"fps\":44.8,\"draws_per_frame\":103.13,\"kb_per_frame\":181.6,\"hitches_over_50ms\":0,\"raw_ms_max\":27,\"ms_in_swap_p50\":0,\"ms_in_swap_p90\":0.1,\"ms_in_swap_max\":1.2,\"ms_to_first_draw_p50\":6,\"ms_first_draw_to_swap_p50\":16.1},\"late_5s\":{\"frames\":181,\"frames_excluded\":0,\"ms_p50\":25.9,\"ms_p90\":35.8,\"fps\":36.2,\"draws_per_frame\":122.14,\"kb_per_frame\":178.92,\"hitches_over_50ms\":1,\"raw_ms_max\":59.4,\"ms_in_swap_p50\":0,\"ms_in_swap_p90\":0,\"ms_in_swap_max\":1,\"ms_to_first_draw_p50\":9.7,\"ms_first_draw_to_swap_p50\":16.2},\"ratio_ms\":1.17,\"ratio_draws\":1.18,\"hitches_over_50ms\":9,\"frames\":2304,\"frames_excluded\":62,\"raw_ms_max\":84.5,\"shots\":[{\"name\":\"r2-06s\",\"at_s\":6.06,\"dur_ms\":173},{\"name\":\"r2-probe\",\"at_s\":6.24,\"dur_ms\":47.2},{\"name\":\"r2-30s\",\"at_s\":30.3,\"dur_ms\":165.8},{\"name\":\"r2-50s\",\"at_s\":50.48,\"dur_ms\":201.8}],\"per_second\":{\"ms_p50\":[6.6,22,21.7,21.4,23.9,25,25.5,24.5,23.8,24,23.5,23.4,23.4,23.7,23.3,23.7,24.2,23.3,25.1,24.7,23.3,23.1,22.5,23.8,23.9,23.3,23,23.7,23.5,23.1,23.2,23.4,24,24.1,23.7,22.6,22.8,22.5,23.4,25,23.6,23.1,22.6,23,23.6,27,28.4,28.3,27.1,27.5,27.6,27.6,28.2,27,25.9,26.2,26.1,25.6,26.7,26.5,26.7],\"draws_per_frame\":[30.72,81.98,100.2,101,127.88,129.05,124,124,121.3,121,118.29,118,115.35,115,114.12,114,114,114,114,114,114,114,114,114,114,114,114,114,114,114,114,114,114,114,114,114,114,114,114,114,114,114,114,114,114,117.71,122,122.06,122.28,122.06,122,122,122,122,122,122,122.16,122,124.09,128.94,131.3],\"raw_ms_max\":[23.3,25.5,25.3,23.6,25.8,27.2,48.3,26.3,29.2,27.5,26,26.7,28.1,26.8,32.2,26.9,33.1,25.6,28.6,63.3,27,27.7,25.7,32.9,27.1,26.5,25.4,27.7,26.4,30.9,26.2,25.8,26.7,26.3,25.8,24.6,24.4,25.1,28.2,27.4,26.4,24.6,25.6,26.3,28,84.5,63.8,59.4,34.9,50.6,53.3,54.9,42.6,40.1,39.4,42.5,38.2,37.4,59.4,42.7,53.4],\"ms_to_first_draw_p50\":[5.3,5.9,5.6,5.6,7.2,7.5,7.6,7.3,7.6,7.5,7.1,7.3,7.2,7.3,7.3,7.5,7.5,7.3,7.6,7.6,7.4,7.2,7.1,7.2,7.3,7.3,7.3,7.3,7.3,7.4,7.7,7.4,7.4,7.2,7.3,7,7.2,7.1,7.2,7.6,7.5,7.1,7.2,7.2,7.2,10.8,11.5,11.8,10.8,10.3,10.1,10.5,10.2,10,9.9,9.9,9.8,9.2,10,11.1,11],\"ms_first_draw_to_swap_p50\":[1.3,16.1,16.1,15.5,16.7,17.3,18,17.3,16.6,16.5,16.3,16.4,16,16.4,16.2,16,16.7,15.9,16.9,16.7,15.8,15.8,15.4,16.3,16.3,16,15.8,16.2,16.2,15.7,15.5,15.9,16.6,16.9,16.2,15.3,15.5,15.3,15.8,17.3,16.1,15.4,15.3,15.7,16.4,16.3,16.8,16.5,16,17,17,17.1,17.3,16.8,15.9,16.4,16.2,16.6,16.1,15.1,15.7]}},{\"round\":3,\"length_s\":60.76,\"closed_by\":\"round_winner\",\"measured_from_s\":0.53,\"measured_to_s\":58.8,\"human_death_s\":58.8,\"ends_at\":\"human_death\",\"pre_round\":{\"frames\":76,\"ms_p50\":6.3,\"draws_per_frame\":11,\"span_ms\":477.5,\"split_at_draws\":44.5},\"early_5s\":{\"frames\":231,\"frames_excluded\":0,\"ms_p50\":21.3,\"ms_p90\":25,\"fps\":46.2,\"draws_per_frame\":97.54,\"kb_per_frame\":184.54,\"hitches_over_50ms\":0,\"raw_ms_max\":27.4,\"ms_in_swap_p50\":0,\"ms_in_swap_p90\":0.1,\"ms_in_swap_max\":1.4,\"ms_to_first_draw_p50\":5.9,\"ms_first_draw_to_swap_p50\":15.4},\"late_5s\":{\"frames\":174,\"frames_excluded\":0,\"ms_p50\":26.7,\"ms_p90\":37.1,\"fps\":34.8,\"draws_per_frame\":122.06,\"kb_per_frame\":182.48,\"hitches_over_50ms\":1,\"raw_ms_max\":75.3,\"ms_in_swap_p50\":0,\"ms_in_swap_p90\":0.1,\"ms_in_swap_max\":1.1,\"ms_to_first_draw_p50\":9.8,\"ms_first_draw_to_swap_p50\":16.9},\"ratio_ms\":1.25,\"ratio_draws\":1.25,\"hitches_over_50ms\":7,\"frames\":2297,\"frames_excluded\":66,\"raw_ms_max\":79.1,\"shots\":[{\"name\":\"r3-06s\",\"at_s\":6.1,\"dur_ms\":184.9},{\"name\":\"r3-30s\",\"at_s\":30.29,\"dur_ms\":187.7},{\"name\":\"r3-50s\",\"at_s\":50.5,\"dur_ms\":200.5}],\"per_second\":{\"ms_p50\":[6.8,19.8,21,21.8,25,23.5,22.6,22.5,24.6,23.9,24,23.9,24.6,23.6,23.8,23.1,22.5,22.8,23.2,23.4,22.9,22.8,23,23.7,23.7,23.2,22.5,23,22.9,23.9,24,24.3,24.1,22.5,22.4,22.5,23.1,22.9,23.4,24.2,24.4,25.8,24.5,24.6,23.3,32.8,30.9,28.2,27.1,27.3,27.4,27.5,30.9,29.4,27.4,26.9,26.1,25.9,27.7,30.9,31],\"draws_per_frame\":[27.34,77.82,95.58,95.93,123,123.57,118,117.98,117,117,116,116,115,115,114.02,114,114,114,114,114,114,114,114,114,114,114,114,114,114,114,114,114,114,114,114,114,114,114,114,114,114,114,114,114,114,117.42,122.2,122.06,122.06,122,122,122,122,122,122,122,122.16,122,123.45,129,131],\"raw_ms_max\":[23,22.1,22.8,24.1,27.4,26.5,25.3,25.4,27.2,26,26.6,25.5,26.9,27.1,26.6,26.5,24.9,47.1,31.8,26.8,26.8,27,27.3,26.5,26.1,27.5,25.4,26.4,25.4,30.8,26.8,26.7,28.3,25.2,25.6,24.9,25.4,26.1,27.5,26.1,31.8,29.9,28.1,29.6,29,73.6,79.1,60.2,41.4,53.7,40.5,52.4,42.1,43.7,41.2,44.1,40.2,44.5,75.3,60.2,47.4],\"ms_to_first_draw_p50\":[5.1,5.6,5.5,5.7,7.4,7.3,7.2,7.1,7.5,7.5,7.3,7.4,7.5,7.3,7.2,7.1,7,7.1,7.4,7.2,7,7.1,7.4,7.5,7.3,7.2,7.1,7.3,7,7.3,7.3,7.4,7.6,7.1,7.2,7,7.2,7.1,7.1,7.3,7.5,7.6,7.2,7.3,7.2,11.8,12.1,11.3,10.3,10.4,9.9,10.6,11.5,11.1,10.2,10,9.4,9.3,10.3,13.8,13.3],\"ms_first_draw_to_swap_p50\":[1.3,14,15.4,15.9,17.8,16.1,15.5,15.4,16.7,16.6,16.5,16.5,17.1,16.2,16.6,15.9,15.4,15.6,15.8,16,16,15.7,15.6,16.1,16.2,15.9,15.7,15.8,15.8,16.5,16.7,17,16.7,15.4,15.3,15.3,15.8,15.6,16.6,16.9,16.7,18.2,17.2,16.9,16.1,19.1,17.8,17,16.8,16.7,17.3,16.8,18.9,17.9,17.1,16.7,16.9,16.7,17.4,17,17.3]}}]}"
