[    690ms] [harness] chrome: Chrome/152.0.7977.83
[    690ms] [harness] navigating to http://localhost:8008/armagetronad.html
[     29ms] [harness] until 1x <<[PERSIST] populate ok>> (timeout 90000ms, have 0)
[     30ms] [console.log] [TOUCH] enabled=false (media query -> false) maxTouchPoints=0
[     31ms] [console.log] [DISPLAY] layout=full (from the orientation) at parse
[     47ms] [console.log] [DISPLAY] at load: viewport 1024x768 dpr 1 -> canvas 1024x768 aspect 1.3333 gpu-axis-limit 16384
[     61ms] [console.error] WARNING: using emscripten GL emulation. This is a collection of limited workarounds, do not expect it to work.
[     62ms] [console.error] WARNING: using emscripten GL emulation unsafe opts. If weirdness happens, try -sGL_UNSAFE_OPTS=0
[     62ms] [page] load event fired
[     64ms] [browser.error/network] Failed to load resource: the server responded with a status of 404 (File not found)   <- http://localhost:8008/favicon.ico
[    123ms] [console.log] [PERSIST] populate ok in 37ms
[    131ms] [harness] until SATISFIED: saw 1x <<[PERSIST] populate ok>>
[    307ms] [console.log] [PERSIST] runtime initialized, starting the game
[    307ms] [console.log] [CAMERA] stock camera (factor 1)
[    307ms] [console.log] [SPARKS] stock sparks, nothing written
[    308ms] [console.log] [DISPLAY] layout=full (from the orientation) before main
[    310ms] [console.log] [DISPLAY] before main: viewport 1024x768 dpr 1 -> canvas 1024x768 aspect 1.3333 gpu-axis-limit 16384
[    310ms] [console.log] [BOOT] autostart: calling main
[    313ms] [console.error] Error: Error in tString GeneratePrefix() in src/tools/tDirectories.cpp:1380 : 
[    313ms] [console.error]  	Relocation error. The binary was supposed to be installed into /usr/local/bin and found itself in . and could not find out what this means for the prefix /usr/local.
[    313ms] [console.error] 
[    314ms] [console.log] Warning in void FindConfigurationPath() in src/tools/tDirectories.cpp:1465 : 
[    314ms] [console.log]  	Could not determine path to configuration files. Using defaults or command line arguments.
[    314ms] [console.log] 
[    437ms] [console.log] [L] ENCODING latin1
[    447ms] [console.log] Trying to start sound. Just restart Armagetron Advanced in case of crash.
[    447ms] [console.log] [SND] device opened: 22050 Hz, 2 ch, 16-bit, 1024 frames/callback (46.4 ms per callback, SOUND_BUFFER_SHIFT 1)
[    464ms] [console.error] WARNING: using emscripten GL immediate mode emulation. This is very limited in what it supports
[    467ms] [console.error] TODO: glShadeModel
[    470ms] [browser.warning/rendering] Canvas2D: Multiple readback operations using getImageData are faster with the willReadFrequently attribute set to true. See: https://html.spec.whatwg.org/multipage/canvas.html#concept-canvas-will-read-frequently   <- http://localhost:8008/armagetronad.js
[    507ms] [browser.warning/other] The AudioContext was not allowed to start. It must be resumed (or created) after a user gesture on the page. https://developer.chrome.com/blog/autoplay/#web_audio   <- http://localhost:8008/armagetronad.js
[    508ms] [browser.warning/other] The AudioContext was not allowed to start. It must be resumed (or created) after a user gesture on the page. https://developer.chrome.com/blog/autoplay/#web_audio   <- http://localhost:8008/armagetronad.js
[    508ms] [browser.warning/other] The AudioContext was not allowed to start. It must be resumed (or created) after a user gesture on the page. https://developer.chrome.com/blog/autoplay/#web_audio   <- http://localhost:8008/armagetronad.js
[    508ms] [browser.warning/other] The AudioContext was not allowed to start. It must be resumed (or created) after a user gesture on the page. https://developer.chrome.com/blog/autoplay/#web_audio   <- http://localhost:8008/armagetronad.js
[    508ms] [browser.warning/other] The AudioContext was not allowed to start. It must be resumed (or created) after a user gesture on the page. https://developer.chrome.com/blog/autoplay/#web_audio   <- http://localhost:8008/armagetronad.js
[   1132ms] [harness] until 1x <<[BOOT] autostart>> (timeout 120000ms, have 1)
[   1133ms] [harness] until SATISFIED: saw 1x <<[BOOT] autostart>>
[  10178ms] [harness] screenshot -> /tmp/bridge-absent/01-boot1-language-menu.png
[  10206ms] [console.log] [PERSISTSAVE] menu-leave n=1
[  10211ms] [harness] key Enter (1/1)
[  13543ms] [console.log] [PERSISTSAVE] menu-leave n=2
[  13547ms] [harness] key Escape (1/1)
[  13848ms] [harness] until 1x <<[PERSISTSAVE] menu-leave>> (timeout 30000ms, have 2)
[  13849ms] [harness] until SATISFIED: saw 2x <<[PERSISTSAVE] menu-leave>>
[  16849ms] [harness] === RELOAD-SO-BOOT-2-STARTS-AT-THE-REAL-MAIN-MENU ===
[  16857ms] [console.log] [PERSISTSAVE] js-backstop n=3
[  16858ms] [console.log] [PERSISTBACKSTOP] beforeunload
[  16859ms] [harness] eval location.reload() => undefined
[  16861ms] [harness] until 2x <<[PERSIST] populate ok>> (timeout 90000ms, have 1)
[  16880ms] [console.log] [TOUCH] enabled=false (media query -> false) maxTouchPoints=0
[  16881ms] [console.log] [DISPLAY] layout=full (from the orientation) at parse
[  16887ms] [console.log] [DISPLAY] at load: viewport 1024x768 dpr 1 -> canvas 1024x768 aspect 1.3333 gpu-axis-limit 16384
[  16889ms] [console.error] WARNING: using emscripten GL emulation. This is a collection of limited workarounds, do not expect it to work.
[  16889ms] [console.error] WARNING: using emscripten GL emulation unsafe opts. If weirdness happens, try -sGL_UNSAFE_OPTS=0
[  16893ms] [page] load event fired
[  16904ms] [console.log] [PERSIST] populate ok in 4ms
[  16943ms] [console.log] [PERSIST] runtime initialized, starting the game
[  16944ms] [console.log] [CAMERA] stock camera (factor 1)
[  16944ms] [console.log] [SPARKS] stock sparks, nothing written
[  16944ms] [console.log] [DISPLAY] layout=full (from the orientation) before main
[  16948ms] [console.log] [DISPLAY] before main: viewport 1024x768 dpr 1 -> canvas 1024x768 aspect 1.3333 gpu-axis-limit 16384
[  16948ms] [console.log] [BOOT] autostart: calling main
[  16949ms] [console.error] Error: Error in tString GeneratePrefix() in src/tools/tDirectories.cpp:1380 : 
[  16949ms] [console.error]  	Relocation error. The binary was supposed to be installed into /usr/local/bin and found itself in . and could not find out what this means for the prefix /usr/local.
[  16949ms] [console.error] 
[  16949ms] [console.log] Warning in void FindConfigurationPath() in src/tools/tDirectories.cpp:1465 : 
[  16950ms] [console.log]  	Could not determine path to configuration files. Using defaults or command line arguments.
[  16950ms] [console.log] 
[  16963ms] [harness] until SATISFIED: saw 2x <<[PERSIST] populate ok>>
[  16963ms] [harness] until 2x <<[BOOT] autostart>> (timeout 120000ms, have 2)
[  16963ms] [harness] until SATISFIED: saw 2x <<[BOOT] autostart>>
[  17067ms] [console.log] [L] ENCODING latin1
[  17070ms] [console.log] [SND] device opened: 22050 Hz, 2 ch, 16-bit, 1024 frames/callback (46.4 ms per callback, SOUND_BUFFER_SHIFT 1)
[  17084ms] [console.error] WARNING: using emscripten GL immediate mode emulation. This is very limited in what it supports
[  17087ms] [console.error] TODO: glShadeModel
[  17089ms] [browser.warning/rendering] Canvas2D: Multiple readback operations using getImageData are faster with the willReadFrequently attribute set to true. See: https://html.spec.whatwg.org/multipage/canvas.html#concept-canvas-will-read-frequently   <- http://localhost:8008/armagetronad.js
[  29007ms] [harness] screenshot -> /tmp/bridge-absent/02-boot2-main-menu.png
[  29007ms] [harness] === INSTRUMENT-BEFORE-TOUCHING-ANYTHING ===
[  29008ms] [harness] eval (()=>{const o=console.log;if(console.log.__aa)return 'already';window.__refusals=0;const w=function(){try{if(String(arguments[0]).indexOf('network menu refused')>=0)window.__refusals++}catch(e){}return o.apply(console,arguments)};w.__aa=true;console.log=w;return 'refusal counter installed'})() => "refusal counter installed"
[  29008ms] [harness] eval (()=>{const o=window.setTimeout;window.__st=0;window.setTimeout=function(){window.__st++;return o.apply(this,arguments)};window.__t0=performance.now();return 'setTimeout counter installed'})() => "setTimeout counter installed"
[  32015ms] [harness] eval (()=>{window.__tpsBefore=+(window.__st/((performance.now()-window.__t0)/1000)).toFixed(1);return 'timeouts/sec before = '+window.__tpsBefore})() => "timeouts/sec before = 138.5"
[  32015ms] [harness] === ENTER-1-PLAY-GAME-SUBMENU ===
[  32050ms] [harness] key Enter (1/1)
[  34911ms] [harness] screenshot -> /tmp/bridge-absent/03-play-game-menu-opens-on-multiplayer.png
[  34911ms] [harness] === ENTER-2-MULTIPLAYER-IS-REFUSED-INSTEAD-OF-OPENING ===
[  34930ms] [console.log] [BRIDGE] network menu refused: this page has no ?bridge=
[  34951ms] [harness] key Enter (1/1)
[  35252ms] [harness] until 1x <<network menu refused>> (timeout 30000ms, have 1)
[  35252ms] [harness] until SATISFIED: saw 1x <<network menu refused>>
[  37301ms] [harness] screenshot -> /tmp/bridge-absent/04-refusal-message.png
[  37301ms] [harness] === DISMISS-THE-MESSAGE-AND-ASK-AGAIN-SO-THE-MODULE-HAS-TO-BE-ALIVE ===
[  37334ms] [harness] key Enter (1/1)
[  40690ms] [harness] screenshot -> /tmp/bridge-absent/05-back-in-the-play-game-menu.png
[  40696ms] [console.log] [BRIDGE] network menu refused: this page has no ?bridge=
[  40723ms] [harness] key Enter (1/1)
[  41025ms] [harness] until 2x <<network menu refused>> (timeout 30000ms, have 2)
[  41026ms] [harness] until SATISFIED: saw 2x <<network menu refused>>
[  43073ms] [harness] screenshot -> /tmp/bridge-absent/06-refused-a-second-time.png
[  43073ms] [harness] === STILL-RUNNING ===
[  43074ms] [harness] eval (()=>{window.__st=0;window.__t0=performance.now();return 'resampling'})() => "resampling"
[  46085ms] [harness] eval (()=>{window.__tpsAfter=+(window.__st/((performance.now()-window.__t0)/1000)).toFixed(1);return 'timeouts/sec after = '+window.__tpsAfter})() => "timeouts/sec after = 136.9"
[  46119ms] [harness] key Enter (1/1)
[  49460ms] [harness] screenshot -> /tmp/bridge-absent/07-message-dismissed-menu-still-there.png
[  49461ms] [console.log] [BRIDGEGATE] N1 no-bridge-menu-refused-and-still-alive {"canvas":true,"canvas_w":1024,"canvas_h":768,"gl_err":0,"refusals":2,"tps_before":138.5,"tps_after":136.9,"ctx":1,"bridge_url":null,"ws":false,"state":0,"socket_as_expected":true,"PASS":true}
[  49462ms] [harness] eval (()=>{const c=document.getElementById('canvas');const g=c?c.getContext('webgl'):null;const B=window.AABridge;const r={canvas:!!c,canvas_w:c?c.width:0,canvas_h:c?c.height:0,gl_err:g?g.getError():'nogl',refusals:window.__refusals|0,tps_before:window.__tpsBefore,tps_after:window.__tpsAfter,ctx:(typeof Module!=='undefined'&&Module._aa_web_input_context)?Module._aa_web_input_context()|0:null,bridge_url:B?B.url:'no-AABridge',ws:!!(B&&B.ws),state:B?B.state:null};const configured=!!r.bridge_url;r.socket_as_expected=configured?(r.ws===true&&r.state===2):(r.ws===false);r.PASS=r.canvas&&r.canvas_w>0&&r.refusals>=2&&r.tps_after>20&&r.gl_err===0&&r.socket_as_expected;console.log('[BRIDGEGATE] N1 no-bridge-menu-refused-and-still-alive '+JSON.stringify(r));return 'N1 '+r.PASS})() => "N1 true"
