[   1045ms] [harness] mobile emulation: 412x915 CSS px dpr 3 (= 1236x2745 device px), touch on
[   1048ms] [harness] chrome: Chrome/152.0.7977.77
[   1048ms] [harness] navigating to http://localhost:8008/armagetronad.html
[     37ms] [console.log] [TOUCH] enabled=true (media query -> true) maxTouchPoints=5
[     38ms] [console.log] [DISPLAY] layout=gameboy
[     76ms] [console.log] [DISPLAY] at load: viewport 412x915 dpr 3 -> canvas 1236x1236 aspect 1.0000 gpu-axis-limit 16384 gameboy square 412css
[     77ms] [console.log] [TOUCH] haptics=on (12 ms per sent press)
[     77ms] [console.log] [TOUCH] context 0 (menu no, cycle no) -> TAP=ENTER
[     85ms] [console.log] [TOUCH] orientation portrait=true (sized for portrait: true) via load
[     93ms] [console.error] WARNING: using emscripten GL emulation. This is a collection of limited workarounds, do not expect it to work.
[     93ms] [console.error] WARNING: using emscripten GL emulation unsafe opts. If weirdness happens, try -sGL_UNSAFE_OPTS=0
[     96ms] [console.log] [TOUCH] orientation portrait=true (sized for portrait: true) via resize
[    104ms] [page] load event fired
[    117ms] [browser.error/network] Failed to load resource: the server responded with a status of 404 (File not found)   <- http://localhost:8008/favicon.ico
[    175ms] [console.log] [PERSIST] populate ok in 45ms
[    383ms] [console.log] [PERSIST] runtime initialized, starting the game
[    384ms] [console.log] [CAMERA] camera distance x0.5 written to /data/webdefaults/autoexec.cfg before main()
[    385ms] [console.log] [SPARKS] SPARKS 0 written to /data/webdefaults/autoexec.cfg before main() (touch device)
[    385ms] [console.log] [BOOT] autostart: calling main
[    388ms] [console.error] Error: Error in tString GeneratePrefix() in src/tools/tDirectories.cpp:1380 : 
[    388ms] [console.error]  	Relocation error. The binary was supposed to be installed into /usr/local/bin and found itself in . and could not find out what this means for the prefix /usr/local.
[    388ms] [console.error] 
[    389ms] [console.log] Warning in void FindConfigurationPath() in src/tools/tDirectories.cpp:1465 : 
[    389ms] [console.log]  	Could not determine path to configuration files. Using defaults or command line arguments.
[    389ms] [console.log] 
[    512ms] [console.log] [L] ENCODING latin1
[    521ms] [console.log] Trying to start sound. Just restart Armagetron Advanced in case of crash.
[    523ms] [console.log] [SND] device opened: 22050 Hz, 2 ch, 16-bit, 1024 frames/callback (46.4 ms per callback, SOUND_BUFFER_SHIFT 1)
[    544ms] [console.error] WARNING: using emscripten GL immediate mode emulation. This is very limited in what it supports
[    549ms] [console.error] TODO: glShadeModel
[    552ms] [browser.warning/rendering] Canvas2D: Multiple readback operations using getImageData are faster with the willReadFrequently attribute set to true. See: https://html.spec.whatwg.org/multipage/canvas.html#concept-canvas-will-read-frequently   <- http://localhost:8008/armagetronad.js
[    595ms] [browser.warning/other] The AudioContext was not allowed to start. It must be resumed (or created) after a user gesture on the page. https://developer.chrome.com/blog/autoplay/#web_audio   <- http://localhost:8008/armagetronad.js
[    595ms] [browser.warning/other] The AudioContext was not allowed to start. It must be resumed (or created) after a user gesture on the page. https://developer.chrome.com/blog/autoplay/#web_audio   <- http://localhost:8008/armagetronad.js
[    595ms] [browser.warning/other] The AudioContext was not allowed to start. It must be resumed (or created) after a user gesture on the page. https://developer.chrome.com/blog/autoplay/#web_audio   <- http://localhost:8008/armagetronad.js
[    596ms] [browser.warning/other] The AudioContext was not allowed to start. It must be resumed (or created) after a user gesture on the page. https://developer.chrome.com/blog/autoplay/#web_audio   <- http://localhost:8008/armagetronad.js
[    596ms] [browser.warning/other] The AudioContext was not allowed to start. It must be resumed (or created) after a user gesture on the page. https://developer.chrome.com/blog/autoplay/#web_audio   <- http://localhost:8008/armagetronad.js
[    829ms] [console.log] [TOUCH] context 1 (menu yes, cycle no) -> TAP=ENTER
[   1019ms] [harness] eval (()=>{if(window.__fps)return 'already installed';const S={t:new Float64Array(400000),n:0,marks:[],gl:[],polls:0};window.__fps=S;const wrap=(C)=>{if(!C)return;for(const m of ['flush','finish']){const o=C.prototype[m];if(!o)continue;C.prototype[m]=function(){if(S.n<S.t.length)S.t[S.n++]=performance.now();if(S.n%30===0){S.polls++;const e=this.getError();if(e){S.gl.push([S.n,e]);if(S.gl.length<=20)console.error('[GLERR] frame '+S.n+' glGetError=0x'+e.toString(16));}}return o.apply(this,arguments);};}};wrap(window.WebGLRenderingContext);wrap(window.WebGL2RenderingContext);const cl=console.log.bind(console);console.log=function(){const s=(arguments.length&&typeof arguments[0]==='string')?arguments[0]:'';if(s.indexOf('[L] ')===0)S.marks.push([performance.now(),s]);return cl.apply(null,arguments);};return 'frame sampler armed: glFlush+glFinish counted, glGetError polled every 30th frame, [L] lines timestamped'})() => "frame sampler armed: glFlush+glFinish counted, glGetError polled every 30th frame, [L] lines timestamped"
[   1020ms] [harness] eval (()=>{const S={};S.rd=(p)=>{try{return Module.FS.readFile(p,{encoding:'utf8'})}catch(e){return null}};S.line=(t,k)=>{if(t===null)return null;const m=t.split('\n').find(l=>{const s=l.trim();return s.indexOf(k)===0&&/\s/.test(s.charAt(k.length))});return m?m.trim().slice(k.length).trim().replace(/\s+/g,' '):null};S.save=()=>{try{Module._aa_web_save_config();return 'saved'}catch(e){return 'SAVE FAILED: '+e}};S.box=(id)=>{const e=document.getElementById(id);if(!e)return 'missing';const r=e.getBoundingClientRect();return Math.round(r.width)+'x'+Math.round(r.height)+'@'+Math.round(r.left)+','+Math.round(r.top)};S.dump=(phase)=>{const sv=S.save();const c=S.rd('/persist/var/user.cfg');const cv=document.getElementById('canvas');const ctx=window.AA_INPUT_CONTEXT?window.AA_INPUT_CONTEXT():null;console.log('[TOUCHGATE] '+JSON.stringify({phase:phase,save:sv,ctx:ctx,ctx_menu:ctx===null?null:!!(ctx&1),ctx_cycle:ctx===null?null:!!(ctx&2),driving_class:document.getElementById('touch').classList.contains('aa-driving'),box_tapzone:S.box('tapzone'),box_tzleft:S.box('tz-left'),box_tzright:S.box('tz-right'),box_escbtn:S.box('escbtn'),box_touchpad:S.box('touchpad'),canvas_w:cv.width,canvas_h:cv.height,mpx:Math.round(cv.width*cv.height/1e4)/100,css_w:Math.round(cv.getBoundingClientRect().width),css_h:Math.round(cv.getBoundingClientRect().height),inner:window.innerWidth+'x'+window.innerHeight,dpr:window.devicePixelRatio,touch_hidden:document.getElementById('touch').hidden,chip_hidden:document.getElementById('reloadchip').hidden,maxTouchPoints:navigator.maxTouchPoints,coarse:window.matchMedia('(hover: none) and (pointer: coarse)').matches,tip_left:S.line(c,'CYCLE_TURN_LEFT_TOOLTIP'),tip_right:S.line(c,'CYCLE_TURN_RIGHT_TOOLTIP')}));return phase};window.__tg=S;return 'probe installed'})() => "probe installed"
[   1021ms] [harness] until 1x <<[BOOT] autostart>> (timeout 90000ms, have 1)
[   1021ms] [harness] until SATISFIED: saw 1x <<[BOOT] autostart>>
[   1021ms] [harness] === PORTRAIT-BOOTED ===
[   1022ms] [console.log] [M7GATE] PB1 portrait-boot-no-hold {"rotate_element":false,"touch_visible":true,"PASS":true}
[   1022ms] [harness] eval (()=>{const r={rotate_element:document.getElementById('rotate')!==null,touch_visible:!document.getElementById('touch').hidden};r.PASS=!r.rotate_element&&r.touch_visible;console.log('[M7GATE] PB1 portrait-boot-no-hold '+JSON.stringify(r));return 'PB1 '+r.PASS})() => "PB1 true"
[   1024ms] [console.log] [M7GATE] PB2 square {"backing_w":1236,"backing_h":1236,"css_w":412,"css_h":412,"css_top":0,"inner_w":412,"gameboy":true,"square_var":"412px","PASS":true}
[   1024ms] [harness] eval (()=>{const c=document.getElementById('canvas');const b=c.getBoundingClientRect();const r={backing_w:c.width,backing_h:c.height,css_w:Math.round(b.width),css_h:Math.round(b.height),css_top:Math.round(b.top),inner_w:window.innerWidth,gameboy:document.documentElement.classList.contains('aa-gameboy'),square_var:getComputedStyle(document.documentElement).getPropertyValue('--aa-square').trim()};r.PASS=r.gameboy&&r.backing_w===r.backing_h&&Math.abs(r.css_w-r.css_h)<=1&&r.css_top===0&&r.css_w===r.inner_w&&r.square_var===r.css_w+'px';console.log('[M7GATE] PB2 square '+JSON.stringify(r));return 'PB2 '+r.PASS})() => "PB2 true"
[   1262ms] [harness] screenshot -> docs/evidence/m7-gameboy/m7.2-haptics/p412/pb-00-portrait-boot.png
[   1264ms] [console.log] [M7GATE] PB3 pad-geometry {"inner_w":412,"inner_h":915,"min_size":56,"pad_top":412,"square_bottom":412,"pad_bottom":915,"legend":{"shown":true,"left":59,"right":353,"bottom":905},"buttons":[{"key":"ArrowUp","label":"▲","w":62,"h":62,"top":550,"left":82,"right":144},{"key":"ArrowLeft","label":"◀","w":62,"h":62,"top":616,"left":16,"right":78},{"key":"ArrowRight","label":"▶","w":62,"h":62,"top":616,"left":148,"right":210},{"key":"ArrowDown","label":"▼","w":62,"h":62,"top":682,"left":82,"right":144},{"key":"Escape","label":"Esc","w":74,"h":74,"top":651,"left":225,"right":299},{"key":"Enter","label":"Enter","w":74,"h":74,"top":569,"left":307,"right":381}],"PASS":true}
[   1264ms] [harness] eval (()=>{const sq=document.getElementById('canvas').getBoundingClientRect();const pad=document.getElementById('pad').getBoundingClientRect();const iw=window.innerWidth;const minSz=iw>=400?56:44;const btns=[...document.querySelectorAll('#pad .pad-btn')].map(b=>{const r=b.getBoundingClientRect();return {key:b.dataset.aakey,label:b.textContent.trim(),w:Math.round(r.width),h:Math.round(r.height),top:Math.round(r.top),left:Math.round(r.left),right:Math.round(r.right)}});const lg=document.getElementById('pad-legend');const lr=lg?lg.getBoundingClientRect():null;const r={inner_w:iw,inner_h:window.innerHeight,min_size:minSz,pad_top:Math.round(pad.top),square_bottom:Math.round(sq.bottom),pad_bottom:Math.round(pad.bottom),legend:lr?{shown:getComputedStyle(lg).display!=='none',left:Math.round(lr.left),right:Math.round(lr.right),bottom:Math.round(lr.bottom)}:null,buttons:btns};r.PASS=Math.abs(r.pad_top-r.square_bottom)<=1&&btns.length===6&&btns.every(b=>b.w>=minSz&&b.h>=minSz&&b.top>=r.square_bottom&&b.left>=0&&b.right<=iw)&&['ArrowUp','ArrowLeft','ArrowRight','ArrowDown','Escape','Enter'].every(k=>btns.some(b=>b.key===k))&&btns.some(b=>b.key==='Enter'&&b.label==='Enter')&&btns.some(b=>b.key==='Escape'&&b.label==='Esc')&&!!r.legend&&r.legend.shown&&r.legend.left>=0&&r.legend.right<=iw&&r.legend.bottom<=window.innerHeight;console.log('[M7GATE] PB3 pad-geometry '+JSON.stringify(r));return 'PB3 '+r.PASS})() => "PB3 true"
[   1469ms] [harness] screenshot -> docs/evidence/m7-gameboy/m7.2-haptics/p412/pb-02-pad.png
[   1470ms] [harness] eval (()=>{window.__vib=[];navigator.vibrate=(p)=>{window.__vib.push(p);return true};return 'vibrate stubbed'})() => "vibrate stubbed"
[   1492ms] [browser.warning/other] The AudioContext was not allowed to start. It must be resumed (or created) after a user gesture on the page. https://developer.chrome.com/blog/autoplay/#web_audio   <- http://localhost:8008/armagetronad.js
[   1493ms] [browser.warning/other] The AudioContext was not allowed to start. It must be resumed (or created) after a user gesture on the page. https://developer.chrome.com/blog/autoplay/#web_audio   <- http://localhost:8008/armagetronad.js
[   1574ms] [harness] tap .pad-a at 344,606 (1/1)
[   1608ms] [console.log] [PERSISTSAVE] menu-leave n=1
[   4958ms] [harness] tap .pad-a at 344,606 (1/1)
[   4993ms] [console.log] [PERSISTSAVE] menu-leave n=2
[   5077ms] [console.log] [TOUCH] context 0 (menu no, cycle no) -> TAP=ENTER
[   8841ms] [harness] tap .pad-a at 344,606 (1/1)
[   8860ms] [console.log] [L] PLAYER_ENTERED web_user  web_user
[   8861ms] [console.log] [L] TEAM_CREATED web_user
[   8861ms] [console.log] [L] TEAM_PLAYER_ADDED web_user web_user
[   8863ms] [console.log] [WAV] loaded /data/sound/expl.wav: 11937 bytes, 8-bit mono @ 11025 Hz (fopen misses so far: 1)
[   8865ms] [console.log] [L] ROUND_SCORE_TEAM 0 web_user
[   8866ms] [console.log] [L] NEW_ROUND 2026-09-06 13:05:27 UTC+0200
[   8884ms] [console.log] [L] TEAM_CREATED ai_team
[   8884ms] [console.log] [L] TEAM_PLAYER_ADDED ai_team word
[   8884ms] [console.log] [L] TEAM_PLAYER_ADDED ai_team excel
[   8884ms] [console.log] [L] TEAM_PLAYER_ADDED ai_team notepad
[   8885ms] [console.log] [WAV] loaded /data/sound/cyclrun.wav: 40403 bytes, 8-bit mono @ 22050 Hz (fopen misses so far: 2)
[   8907ms] [console.log] [TOUCH] context 2 (menu no, cycle alive) -> STEERING
[   9142ms] [harness] until 1x <<[L] NEW_ROUND>> (timeout 120000ms, have 1)
[   9143ms] [harness] until SATISFIED: saw 1x <<[L] NEW_ROUND>>
[   9143ms] [harness] === PORTRAIT-ROUND-STARTED ===
[  10349ms] [console.log] [PERSISTSAVE] js-backstop n=3
[  10350ms] [console.log] [M7GATE] PB7 enter-in-round-before {"ctx":2,"chat":"0 1 0 0 0","suppressed":0,"vib":3}
[  10350ms] [harness] eval (()=>{const S=window.__tg;S.save();const c=S.rd('/persist/var/user.cfg');const r={ctx:Module._aa_web_input_context()|0,chat:S.line(c,'CHAT_TOOLTIP'),suppressed:window.AA_PAD_ENTER_SUPPRESSED|0,vib:(window.__vib||[]).length};window.__pb7=r;console.log('[M7GATE] PB7 enter-in-round-before '+JSON.stringify(r));return 'PB7 before'})() => "PB7 before"
[  10373ms] [console.log] [TOUCH] pad Enter suppressed while driving (Enter is CHAT in a round)
[  10457ms] [harness] tap .pad-a at 344,606 (1/1)
[  11264ms] [console.log] [PERSISTSAVE] js-backstop n=4
[  11265ms] [console.log] [M7GATE] PB7 enter-in-round-suppressed {"ctx":2,"chat":"0 1 0 0 0","suppressed":1,"vib":3,"before":{"ctx":2,"chat":"0 1 0 0 0","suppressed":0,"vib":3},"PASS":true}
[  11265ms] [harness] eval (()=>{const S=window.__tg;S.save();const c=S.rd('/persist/var/user.cfg');const b=window.__pb7||{};const r={ctx:Module._aa_web_input_context()|0,chat:S.line(c,'CHAT_TOOLTIP'),suppressed:window.AA_PAD_ENTER_SUPPRESSED|0,vib:(window.__vib||[]).length,before:b};r.PASS=(b.ctx&2)!==0&&(b.ctx&1)===0&&(r.ctx&2)!==0&&(r.ctx&1)===0&&r.chat===b.chat&&r.suppressed===(b.suppressed|0)+1&&r.vib===b.vib;console.log('[M7GATE] PB7 enter-in-round-suppressed '+JSON.stringify(r));return 'PB7 '+r.PASS})() => "PB7 true"
[  12368ms] [harness] screenshot -> docs/evidence/m7-gameboy/m7.2-haptics/p412/pb-01-portrait-round.png
[  14173ms] [console.log] [PERSISTSAVE] js-backstop n=5
[  14174ms] [console.log] [M7GATE] PB4 turn-counters-before {"left":2,"right":3}
[  14174ms] [harness] eval (()=>{const S=window.__tg;S.save();const c=S.rd('/persist/var/user.cfg');const n=(k)=>{const v=S.line(c,k);return v===null?null:parseInt(v.split(' ')[1],10)};const r={left:n('CYCLE_TURN_LEFT_TOOLTIP'),right:n('CYCLE_TURN_RIGHT_TOOLTIP')};window.__pb4=r;console.log('[M7GATE] PB4 turn-counters-before '+JSON.stringify(r));return 'PB4 before '+JSON.stringify(r)})() => "PB4 before {\"left\":2,\"right\":3}"
[  14176ms] [harness] eval (()=>{window.__vib0=(window.__vib||[]).length;return "vib0 "+window.__vib0})() => "vib0 3"
[  14258ms] [harness] tap .pad-left at 47,647 (1/1)
[  14277ms] [console.log] [WAV] loaded /data/sound/expl.wav: 11937 bytes, 8-bit mono @ 11025 Hz (fopen misses so far: 3)
[  15842ms] [harness] tap .pad-right at 179,647 (1/1)
[  17191ms] [console.log] [L] DEATH_FRAG web_user word
[  17192ms] [console.log] [WAV] loaded /data/sound/expl.wav: 11937 bytes, 8-bit mono @ 11025 Hz (fopen misses so far: 4)
[  17331ms] [console.log] [TOUCH] context 0 (menu no, cycle no) -> TAP=ENTER
[  17348ms] [console.log] [PERSISTSAVE] js-backstop n=6
[  17348ms] [console.log] [M7GATE] PB4 pad-turns-sent {"ctx":0,"before":{"left":2,"right":3},"after":{"left":1,"right":2},"PASS":true}
[  17348ms] [harness] eval (()=>{const S=window.__tg;S.save();const c=S.rd('/persist/var/user.cfg');const n=(k)=>{const v=S.line(c,k);return v===null?null:parseInt(v.split(' ')[1],10)};const b=window.__pb4||{};const r={ctx:Module._aa_web_input_context()|0,before:b,after:{left:n('CYCLE_TURN_LEFT_TOOLTIP'),right:n('CYCLE_TURN_RIGHT_TOOLTIP')}};r.PASS=typeof b.left==='number'&&typeof b.right==='number'&&r.after.left===b.left-1&&r.after.right===b.right-1;console.log('[M7GATE] PB4 pad-turns-sent '+JSON.stringify(r));return 'PB4 '+r.PASS})() => "PB4 true"
[  17349ms] [console.log] [M7GATE] PB8 haptic-pulse-per-press {"before":3,"after":5,"values":[12,12],"PASS":true}
[  17350ms] [harness] eval (()=>{const v=window.__vib||[];const b=window.__vib0|0;const r={before:b,after:v.length,values:v.slice(b)};r.PASS=r.after===b+2&&r.after===5&&r.values.every(x=>x===12);console.log('[M7GATE] PB8 haptic-pulse-per-press '+JSON.stringify(r));return 'PB8 '+r.PASS})() => "PB8 true"
[  17550ms] [harness] screenshot -> docs/evidence/m7-gameboy/m7.2-haptics/p412/pb-03-after-pad-turns.png
[  17551ms] [harness] until 2x <<[L] NEW_ROUND>> (timeout 150000ms, have 1)
[  18991ms] [console.log] [L] ROUND_WINNER ai_team notepad excel word
[  23061ms] [console.log] [L] ROUND_SCORE -2 web_user web_user
[  23061ms] [console.log] [L] ROUND_SCORE_TEAM -2 web_user
[  23062ms] [console.log] [L] NEW_ROUND 2026-09-06 13:05:41 UTC+0200
[  23064ms] [console.log] [L] TEAM_PLAYER_REMOVED ai_team notepad
[  23065ms] [console.log] [L] TEAM_PLAYER_ADDED ai_team outlook
[  23080ms] [console.log] [TOUCH] context 2 (menu no, cycle alive) -> STEERING
[  23102ms] [harness] until SATISFIED: saw 2x <<[L] NEW_ROUND>>
[  23102ms] [harness] === PORTRAIT-ROUND-2-STARTED ===
[  24377ms] [harness] tap .pad-b at 262,688 (1/1)
[  24581ms] [console.log] [TOUCH] context 3 (menu yes, cycle alive) -> TAP=ENTER
[  26181ms] [console.log] [M7GATE] PB5 menu-opened-via-B {"ctx":3,"menu":true,"cycle_alive":true}
[  26181ms] [harness] eval (()=>{const ctx=Module._aa_web_input_context()|0;window.__pb5={ctx:ctx};console.log('[M7GATE] PB5 menu-opened-via-B '+JSON.stringify({ctx:ctx,menu:(ctx&1)!==0,cycle_alive:(ctx&2)!==0}));return 'PB5 opened ctx '+ctx})() => "PB5 opened ctx 3"
[  26387ms] [harness] screenshot -> docs/evidence/m7-gameboy/m7.2-haptics/p412/pb-04-in-game-menu-via-B.png
[  26459ms] [harness] tap .pad-down at 113,713 (1/1)
[  27643ms] [harness] tap .pad-up at 113,581 (1/1)
[  28826ms] [harness] tap .pad-b at 262,688 (1/1)
[  28850ms] [console.log] [PERSISTSAVE] menu-leave n=7
[  29083ms] [console.log] [TOUCH] context 2 (menu no, cycle alive) -> STEERING
[  30029ms] [console.log] [M7GATE] PB5 menu-roundtrip-via-pad {"opened_ctx":3,"opened_menu":true,"ctx":2,"menu":false,"cycle_alive":true,"driving_class":true,"PASS":true}
[  30029ms] [harness] eval (()=>{const ctx=Module._aa_web_input_context()|0;const o=window.__pb5||{};const r={opened_ctx:o.ctx,opened_menu:typeof o.ctx==='number'&&(o.ctx&1)!==0,ctx:ctx,menu:(ctx&1)!==0,cycle_alive:(ctx&2)!==0,driving_class:document.getElementById('touch').classList.contains('aa-driving')};r.PASS=(ctx&2)!==0&&(ctx&1)===0&&typeof o.ctx==='number'&&(o.ctx&1)!==0;console.log('[M7GATE] PB5 menu-roundtrip-via-pad '+JSON.stringify(r));return 'PB5 '+r.PASS})() => "PB5 true"
[  30029ms] [harness] === ROTATE-TO-LANDSCAPE-AFTER-PORTRAIT-BOOT ===
[  30033ms] [harness] metrics -> 915x412 dpr 3
[  30041ms] [console.log] [TOUCH] orientation portrait=false (sized for portrait: true) via resize
[  30042ms] [console.log] [TOUCH] orientation portrait=false (sized for portrait: true) via media query
[  31536ms] [console.log] [M7GATE] PB6 rotate-after-portrait-boot {"chip_visible":true,"still_gameboy":true,"canvas_w":1236,"canvas_h":1236,"PASS":true}
[  31537ms] [harness] eval (()=>{const chip=document.getElementById('reloadchip');const r={chip_visible:!!chip&&!chip.hidden,still_gameboy:document.documentElement.classList.contains('aa-gameboy'),canvas_w:document.getElementById('canvas').width,canvas_h:document.getElementById('canvas').height};r.PASS=r.chip_visible&&r.still_gameboy&&r.canvas_w===r.canvas_h;console.log('[M7GATE] PB6 rotate-after-portrait-boot '+JSON.stringify(r));return 'PB6 '+r.PASS})() => "PB6 true"
[  31654ms] [harness] screenshot -> docs/evidence/m7-gameboy/m7.2-haptics/p412/pb-05-landscape-after-portrait-boot-chip.png
