[    631ms] [harness] mobile emulation: 915x412 CSS px dpr 3 (= 2745x1236 device px), touch on
[    632ms] [harness] chrome: Chrome/153.0.8010.37
[    632ms] [harness] navigating to http://localhost:8008/armagetronad.html
[     33ms] [console.log] [TOUCH] enabled=true (media query -> true) maxTouchPoints=5
[     34ms] [console.log] [DISPLAY] layout=full (from the orientation) at parse
[     73ms] [console.log] [DISPLAY] at load: viewport 915x412 dpr 3 -> canvas 2745x1236 aspect 2.2209 gpu-axis-limit 16384
[     73ms] [console.log] [TOUCH] haptics=on (12 ms per sent press)
[     74ms] [console.log] [TOUCH] context 0 (menu no, cycle no) -> TAP=ENTER
[     87ms] [console.error] WARNING: using emscripten GL emulation. This is a collection of limited workarounds, do not expect it to work.
[     88ms] [console.error] WARNING: using emscripten GL emulation unsafe opts. If weirdness happens, try -sGL_UNSAFE_OPTS=0
[     91ms] [page] load event fired
[     97ms] [browser.error/network] Failed to load resource: the server responded with a status of 404 (File not found)   <- http://localhost:8008/favicon.ico
[    155ms] [console.log] [PERSIST] populate ok in 39ms
[    352ms] [console.log] [PERSIST] runtime initialized, starting the game
[    353ms] [console.log] [CAMERA] camera distance x0.5 written to /data/webdefaults/autoexec.cfg before main()
[    353ms] [console.log] [SPARKS] SPARKS 1 / SPARKS_LIFETIME 1 / SPARKS_INTERVAL 0.05 written to /data/webdefaults/autoexec.cfg before main() (touch device)
[    353ms] [console.log] [DISPLAY] layout=full (from the orientation) before main
[    357ms] [console.log] [DISPLAY] before main: viewport 915x412 dpr 3 -> canvas 2745x1236 aspect 2.2209 gpu-axis-limit 16384
[    357ms] [console.log] [BOOT] autostart: calling main
[    360ms] [console.error] Error: Error in tString GeneratePrefix() in src/tools/tDirectories.cpp:1380 : 
[    360ms] [console.error]  	Relocation error. The binary was supposed to be installed into /usr/local/bin and found itself in . and could not find out what this means for the prefix /usr/local.
[    361ms] [console.error] 
[    361ms] [console.log] Warning in void FindConfigurationPath() in src/tools/tDirectories.cpp:1465 : 
[    361ms] [console.log]  	Could not determine path to configuration files. Using defaults or command line arguments.
[    362ms] [console.log] 
[    488ms] [console.log] [L] ENCODING latin1
[    496ms] [console.log] Trying to start sound. Just restart Armagetron Advanced in case of crash.
[    497ms] [console.log] [SND] device opened: 22050 Hz, 2 ch, 16-bit, 1024 frames/callback (46.4 ms per callback, SOUND_BUFFER_SHIFT 1)
[    516ms] [console.error] WARNING: using emscripten GL immediate mode emulation. This is very limited in what it supports
[    519ms] [console.error] TODO: glShadeModel
[    523ms] [browser.warning/rendering] Canvas2D: Multiple readback operations using getImageData are faster with the willReadFrequently attribute set to true. See: https://html.spec.whatwg.org/multipage/canvas.html#concept-canvas-will-read-frequently   <- http://localhost:8008/armagetronad.js
[    822ms] [console.log] [TOUCH] context 1 (menu yes, cycle no) -> TAP=ENTER
[   1022ms] [harness] eval (()=>{if(window.__fps)return 'already installed';const S={t:new Float64Array(400000),n:0,marks:[],gl:[],polls:0};window.__fps=S;const wrap=(C)=>{if(!C)return;for(const m of ['flush','finish']){const o=C.prototype[m];if(!o)continue;C.prototype[m]=function(){if(S.n<S.t.length)S.t[S.n++]=performance.now();if(S.n%30===0){S.polls++;const e=this.getError();if(e){S.gl.push([S.n,e]);if(S.gl.length<=20)console.error('[GLERR] frame '+S.n+' glGetError=0x'+e.toString(16));}}return o.apply(this,arguments);};}};wrap(window.WebGLRenderingContext);wrap(window.WebGL2RenderingContext);const cl=console.log.bind(console);console.log=function(){const s=(arguments.length&&typeof arguments[0]==='string')?arguments[0]:'';if(s.indexOf('[L] ')===0)S.marks.push([performance.now(),s]);return cl.apply(null,arguments);};return 'frame sampler armed: glFlush+glFinish counted, glGetError polled every 30th frame, [L] lines timestamped'})() => "frame sampler armed: glFlush+glFinish counted, glGetError polled every 30th frame, [L] lines timestamped"
[   1023ms] [harness] eval (()=>{const S={};S.rd=(p)=>{try{return Module.FS.readFile(p,{encoding:'utf8'})}catch(e){return null}};S.line=(t,k)=>{if(t===null)return null;const m=t.split('\n').find(l=>{const s=l.trim();return s.indexOf(k)===0&&/\s/.test(s.charAt(k.length))});return m?m.trim().slice(k.length).trim().replace(/\s+/g,' '):null};S.save=()=>{try{Module._aa_web_save_config();return 'saved'}catch(e){return 'SAVE FAILED: '+e}};S.box=(id)=>{const e=document.getElementById(id);if(!e)return 'missing';const r=e.getBoundingClientRect();return Math.round(r.width)+'x'+Math.round(r.height)+'@'+Math.round(r.left)+','+Math.round(r.top)};S.dump=(phase)=>{const sv=S.save();const c=S.rd('/persist/var/user.cfg');const cv=document.getElementById('canvas');const ctx=window.AA_INPUT_CONTEXT?window.AA_INPUT_CONTEXT():null;console.log('[TOUCHGATE] '+JSON.stringify({phase:phase,save:sv,ctx:ctx,ctx_menu:ctx===null?null:!!(ctx&1),ctx_cycle:ctx===null?null:!!(ctx&2),driving_class:document.getElementById('touch').classList.contains('aa-driving'),box_tapzone:S.box('tapzone'),box_tzleft:S.box('tz-left'),box_tzright:S.box('tz-right'),box_escbtn:S.box('escbtn'),box_touchpad:S.box('touchpad'),canvas_w:cv.width,canvas_h:cv.height,mpx:Math.round(cv.width*cv.height/1e4)/100,css_w:Math.round(cv.getBoundingClientRect().width),css_h:Math.round(cv.getBoundingClientRect().height),inner:window.innerWidth+'x'+window.innerHeight,dpr:window.devicePixelRatio,touch_hidden:document.getElementById('touch').hidden,chip_hidden:document.getElementById('reloadchip').hidden,maxTouchPoints:navigator.maxTouchPoints,coarse:window.matchMedia('(hover: none) and (pointer: coarse)').matches,tip_left:S.line(c,'CYCLE_TURN_LEFT_TOOLTIP'),tip_right:S.line(c,'CYCLE_TURN_RIGHT_TOOLTIP')}));return phase};window.__tg=S;return 'probe installed'})() => "probe installed"
[   1024ms] [harness] until 1x <<[BOOT] autostart>> (timeout 90000ms, have 1)
[   1024ms] [harness] until SATISFIED: saw 1x <<[BOOT] autostart>>
[   1024ms] [harness] === GAME-STARTED ===
[   1026ms] [console.log] [M7GATE] L1 landscape-unchanged {"layout":"full","visible":"tapzone,escbtn,touchpad,,,pad-cross,pad-btn pad-up,pad-btn pad-left,pad-btn pad-right,pad-btn pad-down,pad-ab,pad-btn pad-b,pad-btn pad-a,pad-legend,,,,,layoutbtn,[object SVGAnimatedString],[object SVGAnimatedString],[object SVGAnimatedString],[object SVGAnimatedString],layoutbtn-label","pad_display":"none","square_var":"0px","PASS":true}
[   1026ms] [harness] eval (()=>{const t=document.getElementById('touch');const vis=[...t.querySelectorAll('*')].filter(e=>getComputedStyle(e).display!=='none').map(e=>e.id||e.className).join(',');const r={layout:document.documentElement.classList.contains('aa-gameboy')?'gameboy':'full',visible:vis,pad_display:getComputedStyle(document.getElementById('pad')).display,square_var:getComputedStyle(document.documentElement).getPropertyValue('--aa-square').trim()};r.PASS=r.layout==='full'&&r.pad_display==='none'&&r.square_var==='0px';console.log('[M7GATE] L1 landscape-unchanged '+JSON.stringify(r));return 'L1 '+r.PASS})() => "L1 true"
[  10032ms] [console.log] [PERSISTSAVE] js-backstop n=1
[  10032ms] [harness] eval window.__tg.dump('landscape-at-language-menu') => "TypeError: Cannot read properties of null (reading 'hidden')\n    at S.dump (<anonymous>:1:1522)\n    at <anonymous>:1:13"
[  10171ms] [harness] screenshot -> /tmp/t5-gates/landscape/00-language-menu-with-touch-controls.png
[  10171ms] [harness] until 1x <<[SPARKS] SPARKS 1 / SPARKS_LIFETIME 1 / SPARKS_INTERVAL 0.05 written to /data/webdefaults/autoexec.cfg>> (timeout 30000ms, have 1)
[  10171ms] [harness] until SATISFIED: saw 1x <<[SPARKS] SPARKS 1 / SPARKS_LIFETIME 1 / SPARKS_INTERVAL 0.05 written to /data/webdefaults/autoexec.cfg>>
[  10172ms] [harness] eval (()=>{const p='/data/webdefaults/autoexec.cfg';let t=null,err=null;try{t=Module.FS.readFile(p,{encoding:'utf8'})}catch(e){err=String(e)}const ok=typeof t==='string';const n=ok?(t.match(/^SPARKS\b/gm)||[]).length:-1;const ends=ok&&/\nSPARKS 1\nSPARKS_LIFETIME 1\nSPARKS_INTERVAL 0.05\n$/.test(t);return '[SPARKSGATE] T1b cheap-sparks-on-touch '+JSON.stringify({read:ok,err:err,bytes:ok?t.length:0,sparks_lines:n,ends_with_cheap_block:ends,tail:ok?t.slice(-128):null,PASS:ok&&n===1&&ends})})() => "[SPARKSGATE] T1b cheap-sparks-on-touch {\"read\":true,\"err\":null,\"bytes\":15633,\"sparks_lines\":1,\"ends_with_cheap_block\":true,\"tail\":\"t runtime by web/shell.html: crash sparks on, priced for a phone (touch device)\\nSPARKS 1\\nSPARKS_LIFETIME 1\\nSPARKS_INTERVAL 0.05\\n\",\"PASS\":true}"
[  10173ms] [harness] eval (()=>{const t=document.getElementById('touch');const z=['tz-left','tz-right'].map(i=>document.getElementById(i).getBoundingClientRect());const p=document.getElementById('tapzone').getBoundingClientRect();const ctx=window.AA_INPUT_CONTEXT();return '[TOUCHGATE] T2b menu-side collision check '+JSON.stringify({ctx:ctx,driving_class:t.classList.contains('aa-driving'),turn_zones_have_no_box:z.every(r=>r.width===0&&r.height===0),tap_layer_area:Math.round(p.width*p.height),PASS:!t.classList.contains('aa-driving')&&z.every(r=>r.width===0&&r.height===0)&&p.width>0})})() => "[TOUCHGATE] T2b menu-side collision check {\"ctx\":1,\"driving_class\":false,\"turn_zones_have_no_box\":true,\"tap_layer_area\":376980,\"PASS\":true}"
[  10174ms] [harness] === TAP-ENTER-ACCEPTS-LANGUAGE ===
[  10244ms] [harness] tap #tapzone at 458,206 (1/1)
[  10264ms] [console.log] [PERSISTSAVE] menu-leave n=2
[  10547ms] [harness] until 1x <<[PERSISTSAVE] menu-leave>> (timeout 30000ms, have 1)
[  10547ms] [harness] until SATISFIED: saw 1x <<[PERSISTSAVE] menu-leave>>
[  13172ms] [harness] screenshot -> /tmp/t5-gates/landscape/01-first-setup-reached-by-tapping.png
[  13172ms] [harness] === TAP-ENTER-ACCEPTS-FIRST-SETUP ===
[  13245ms] [harness] tap #tapzone at 458,206 (1/1)
[  13265ms] [console.log] [PERSISTSAVE] menu-leave n=3
[  13330ms] [console.log] [TOUCH] context 0 (menu no, cycle no) -> TAP=ENTER
[  13549ms] [harness] until 2x <<[PERSISTSAVE] menu-leave>> (timeout 30000ms, have 2)
[  13550ms] [harness] until SATISFIED: saw 2x <<[PERSISTSAVE] menu-leave>>
[  16671ms] [harness] screenshot -> /tmp/t5-gates/landscape/02-welcome-message-reached-by-tapping.png
[  16671ms] [harness] === TAP-ENTER-DISMISSES-WELCOME ===
[  16743ms] [console.log] [L] PLAYER_ENTERED web_user  web_user
[  16744ms] [console.log] [L] TEAM_CREATED web_user
[  16745ms] [console.log] [L] TEAM_PLAYER_ADDED web_user web_user
[  16747ms] [console.log] [WAV] loaded /data/sound/expl.wav: 11937 bytes, 8-bit mono @ 11025 Hz (fopen misses so far: 1)
[  16749ms] [console.log] [L] ROUND_SCORE_TEAM 0 web_user
[  16749ms] [console.log] [L] NEW_ROUND 2026-09-10 23:34:39 UTC+0200
[  16767ms] [console.log] [L] TEAM_CREATED ai_team
[  16768ms] [console.log] [L] TEAM_PLAYER_ADDED ai_team word
[  16768ms] [console.log] [L] TEAM_PLAYER_ADDED ai_team excel
[  16768ms] [console.log] [L] TEAM_PLAYER_ADDED ai_team notepad
[  16769ms] [console.log] [WAV] loaded /data/sound/cyclrun.wav: 40403 bytes, 8-bit mono @ 22050 Hz (fopen misses so far: 2)
[  16789ms] [harness] tap #tapzone at 458,206 (1/1)
[  16790ms] [console.log] [WAV] loaded /data/sound/expl.wav: 11937 bytes, 8-bit mono @ 11025 Hz (fopen misses so far: 2)
[  16790ms] [console.log] [WAV] retiring a voice on moviesounds/intro.wav: loaded but zero samples
[  16791ms] [console.log] [SND] live voices peaked at 9 (SOUND_SOURCES 10, loudness_thresh 0.0000)
[  16829ms] [console.log] [TOUCH] context 2 (menu no, cycle alive) -> STEERING
[  17062ms] [browser.error/network] Failed to load resource: the server responded with a status of 404 (File not found)   <- http://localhost:8008/favicon.ico
[  19091ms] [harness] until 1x <<[L] NEW_ROUND>> (timeout 90000ms, have 1)
[  19092ms] [harness] until SATISFIED: saw 1x <<[L] NEW_ROUND>>
[  19092ms] [harness] === ROUND-1-STARTED-WITHOUT-A-SINGLE-KEYSTROKE ===
[  21318ms] [harness] screenshot -> /tmp/t5-gates/landscape/03-round1-driving.png
[  21324ms] [console.log] [PERSISTSAVE] js-backstop n=4
[  21324ms] [harness] eval window.__tg.dump('round1-before-steering') => "TypeError: Cannot read properties of null (reading 'hidden')\n    at S.dump (<anonymous>:1:1522)\n    at <anonymous>:1:13"
[  21325ms] [harness] eval (()=>{const t=document.getElementById('touch');const p=document.getElementById('tapzone').getBoundingClientRect();const z=['tz-left','tz-right'].map(i=>document.getElementById(i).getBoundingClientRect());const ctx=window.AA_INPUT_CONTEXT();return '[TOUCHGATE] T3b round-side collision check '+JSON.stringify({ctx:ctx,driving_class:t.classList.contains('aa-driving'),tap_layer_has_no_box:p.width===0&&p.height===0,turn_zone_areas:z.map(r=>Math.round(r.width*r.height)),PASS:t.classList.contains('aa-driving')&&p.width===0&&p.height===0&&z.every(r=>r.width>0)})})() => "[TOUCHGATE] T3b round-side collision check {\"ctx\":2,\"driving_class\":true,\"tap_layer_has_no_box\":true,\"turn_zone_areas\":[197915,197915],\"PASS\":true}"
[  21325ms] [harness] === TAP-LEFT-HALF ===
[  21395ms] [harness] tap #tz-left at 240,206 (1/3)
[  21413ms] [console.log] [WAV] loaded /data/sound/expl.wav: 11937 bytes, 8-bit mono @ 11025 Hz (fopen misses so far: 3)
[  21781ms] [harness] tap #tz-left at 240,206 (2/3)
[  22164ms] [harness] tap #tz-left at 240,206 (3/3)
[  22832ms] [console.log] [L] DEATH_SUICIDE web_user
[  22833ms] [console.log] [WAV] loaded /data/sound/expl.wav: 11937 bytes, 8-bit mono @ 11025 Hz (fopen misses so far: 4)
[  23072ms] [console.log] [TOUCH] context 0 (menu no, cycle no) -> TAP=ENTER
[  23539ms] [harness] screenshot -> /tmp/t5-gates/landscape/04-after-tapping-left-half.png
[  23542ms] [console.log] [PERSISTSAVE] js-backstop n=5
[  23543ms] [harness] eval window.__tg.dump('after-tapping-left-half') => "TypeError: Cannot read properties of null (reading 'hidden')\n    at S.dump (<anonymous>:1:1522)\n    at <anonymous>:1:13"
[  23543ms] [harness] === TAP-RIGHT-HALF ===
[  23629ms] [harness] tap #tz-right at 0,0 (1/4)
[  23824ms] [console.log] [TOUCH] context 1 (menu yes, cycle no) -> TAP=ENTER
[  24012ms] [harness] tap #tz-right at 0,0 (2/4)
[  24021ms] [console.log] [PERSISTSAVE] menu-leave n=6
[  24075ms] [console.log] [TOUCH] context 0 (menu no, cycle no) -> TAP=ENTER
[  24395ms] [harness] tap #tz-right at 0,0 (3/4)
[  24576ms] [console.log] [TOUCH] context 1 (menu yes, cycle no) -> TAP=ENTER
[  24782ms] [harness] tap #tz-right at 0,0 (4/4)
[  24790ms] [console.log] [PERSISTSAVE] menu-leave n=7
[  24822ms] [console.log] [L] ROUND_WINNER ai_team notepad excel word
[  24829ms] [console.log] [TOUCH] context 0 (menu no, cycle no) -> TAP=ENTER
[  26148ms] [harness] screenshot -> /tmp/t5-gates/landscape/05-after-tapping-right-half.png
[  26152ms] [console.log] [PERSISTSAVE] js-backstop n=8
[  26152ms] [harness] eval window.__tg.dump('after-tapping-right-half') => "TypeError: Cannot read properties of null (reading 'hidden')\n    at S.dump (<anonymous>:1:1522)\n    at <anonymous>:1:13"
[  26152ms] [harness] until 2x <<[L] NEW_ROUND>> (timeout 150000ms, have 1)
[  28893ms] [console.log] [L] ROUND_SCORE -4 web_user web_user
[  28893ms] [console.log] [L] ROUND_SCORE_TEAM -4 web_user
[  28894ms] [console.log] [L] NEW_ROUND 2026-09-10 23:34:51 UTC+0200
[  28898ms] [console.log] [L] TEAM_PLAYER_REMOVED ai_team notepad
[  28899ms] [console.log] [L] TEAM_PLAYER_ADDED ai_team outlook
[  28979ms] [harness] until SATISFIED: saw 2x <<[L] NEW_ROUND>>
[  28980ms] [harness] === ROUND-2-STARTED ===
[  29076ms] [console.log] [TOUCH] context 2 (menu no, cycle alive) -> STEERING
[  31063ms] [harness] tap #tz-left at 240,206 (1/3)
[  31447ms] [harness] tap #tz-left at 240,206 (2/3)
[  31830ms] [harness] tap #tz-left at 240,206 (3/3)
[  32914ms] [harness] tap #tz-right at 675,206 (1/4)
[  33296ms] [harness] tap #tz-right at 675,206 (2/4)
[  33681ms] [harness] tap #tz-right at 675,206 (3/4)
[  34063ms] [harness] tap #tz-right at 675,206 (4/4)
[  35404ms] [harness] screenshot -> /tmp/t5-gates/landscape/06-after-round2-taps.png
[  35408ms] [console.log] [PERSISTSAVE] js-backstop n=9
[  35409ms] [harness] eval window.__tg.dump('after-round2-taps') => "TypeError: Cannot read properties of null (reading 'hidden')\n    at S.dump (<anonymous>:1:1522)\n    at <anonymous>:1:13"
[  35409ms] [harness] until 3x <<[L] NEW_ROUND>> (timeout 150000ms, have 2)
[  37000ms] [console.log] [L] DEATH_FRAG web_user excel
[  37072ms] [console.log] [TOUCH] context 0 (menu no, cycle no) -> TAP=ENTER
[  39002ms] [console.log] [L] ROUND_WINNER ai_team outlook excel word
[  43083ms] [console.log] [L] ROUND_SCORE -2 web_user web_user
[  43083ms] [console.log] [L] ROUND_SCORE_TEAM -2 web_user
[  43084ms] [console.log] [L] NEW_ROUND 2026-09-10 23:35:05 UTC+0200
[  43093ms] [harness] until SATISFIED: saw 3x <<[L] NEW_ROUND>>
[  43093ms] [harness] === ROUND-3-STARTED-RIGHT-TAPS-ONLY ===
[  43322ms] [console.log] [TOUCH] context 2 (menu no, cycle alive) -> STEERING
[  45182ms] [harness] tap #tz-right at 675,206 (1/2)
[  45565ms] [harness] tap #tz-right at 675,206 (2/2)
[  46651ms] [harness] tap #tz-right at 675,206 (1/2)
[  47030ms] [harness] tap #tz-right at 675,206 (2/2)
[  48376ms] [harness] screenshot -> /tmp/t5-gates/landscape/06b-after-round3-right-taps.png
[  48380ms] [console.log] [PERSISTSAVE] js-backstop n=10
[  48381ms] [harness] eval window.__tg.dump('after-round3-right-taps') => "TypeError: Cannot read properties of null (reading 'hidden')\n    at S.dump (<anonymous>:1:1522)\n    at <anonymous>:1:13"
[  48381ms] [harness] until 1x <<[L] ROUND_WINNER>> (timeout 150000ms, have 2)
[  48381ms] [harness] until SATISFIED: saw 2x <<[L] ROUND_WINNER>>
[  48382ms] [harness] eval (()=>{const c=document.getElementById('canvas');window.__t4={w:c.width,h:c.height,layout:document.documentElement.classList.contains('aa-gameboy')?'gameboy':'full'};return 'T4 snapshot '+JSON.stringify(window.__t4)})() => "T4 snapshot {\"w\":2745,\"h\":1236,\"layout\":\"full\"}"
[  48383ms] [harness] === ROTATE-TO-PORTRAIT ===
[  48384ms] [harness] metrics -> 412x915 dpr 3
[  48396ms] [console.log] [TOUCH] orientation portrait=true (layout stays full) via resize
[  48397ms] [console.log] [TOUCH] orientation portrait=true (layout stays full) via media query
[  49886ms] [console.log] [M7GATE] T4 rotate-to-portrait {"chip_element":false,"rotate_element":false,"layout":"full","canvas_w":2745,"canvas_h":1236,"before":{"w":2745,"h":1236,"layout":"full"},"layoutbtn_display":"none","ctx":2,"PASS":true}
[  49887ms] [harness] eval (()=>{const c=document.getElementById('canvas');const s=window.__t4||{};const lb=document.getElementById('layoutbtn');const r={chip_element:document.getElementById('reloadchip')!==null,rotate_element:document.getElementById('rotate')!==null,layout:document.documentElement.classList.contains('aa-gameboy')?'gameboy':'full',canvas_w:c.width,canvas_h:c.height,before:s,layoutbtn_display:lb?getComputedStyle(lb).display:null,ctx:Module._aa_web_input_context()|0};r.PASS=!r.chip_element&&!r.rotate_element&&r.layout===s.layout&&r.canvas_w===s.w&&r.canvas_h===s.h;console.log('[M7GATE] T4 rotate-to-portrait '+JSON.stringify(r));return 'T4 '+r.PASS})() => "T4 true"
[  49916ms] [console.log] [L] DEATH_FRAG web_user outlook
[  50021ms] [harness] screenshot -> /tmp/t5-gates/landscape/07-portrait-mid-game-changes-nothing.png
[  50021ms] [harness] === ROTATE-BACK-TO-LANDSCAPE ===
[  50022ms] [harness] metrics -> 915x412 dpr 3
[  50030ms] [console.log] [TOUCH] orientation portrait=false (layout stays full) via resize
[  50030ms] [console.log] [TOUCH] orientation portrait=false (layout stays full) via media query
[  50072ms] [console.log] [TOUCH] context 0 (menu no, cycle no) -> TAP=ENTER
[  51182ms] [console.log] [L] ROUND_WINNER ai_team outlook excel word
[  51524ms] [console.log] [M7GATE] T4 back-in-landscape {"chip_element":false,"layout":"full","canvas_w":2745,"canvas_h":1236,"PASS":true}
[  51524ms] [harness] eval (()=>{const c=document.getElementById('canvas');const s=window.__t4||{};const r={chip_element:document.getElementById('reloadchip')!==null,layout:document.documentElement.classList.contains('aa-gameboy')?'gameboy':'full',canvas_w:c.width,canvas_h:c.height};r.PASS=!r.chip_element&&r.layout===s.layout&&r.canvas_w===s.w&&r.canvas_h===s.h;console.log('[M7GATE] T4 back-in-landscape '+JSON.stringify(r));return 'T4b '+r.PASS})() => "T4b true"
[  51770ms] [harness] screenshot -> /tmp/t5-gates/landscape/08-back-in-landscape.png
[  51770ms] [harness] === FRAME-RATE ===
[  51777ms] [harness] eval (()=>{const S=window.__fps;if(!S)return 'no sampler';const all=Array.prototype.slice.call(S.t.subarray(0,S.n));const nr=S.marks.filter(m=>m[1].indexOf('[L] NEW_ROUND')===0).map(m=>m[0]);const rw=S.marks.filter(m=>m[1].indexOf('[L] ROUND_WINNER')===0).map(m=>m[0]);const q=(a,p)=>{if(!a.length)return null;const s=a.slice().sort((x,y)=>x-y);return s[Math.min(s.length-1,Math.max(0,Math.round(p*(s.length-1))))]};const r2=(x)=>(x===null||x===undefined)?null:Math.round(x*100)/100;const f=(v)=>(v&&v>0)?Math.round(100000/v)/100:null;const stats=(t0,t1)=>{const w=all.filter(x=>x>=t0&&x<=t1);const d=[];for(let i=1;i<w.length;i++)d.push(w[i]-w[i-1]);const sec={};for(const x of w){const k=Math.floor((x-t0)/1000);sec[k]=(sec[k]||0)+1}const span=(t1-t0)/1000;const nb=Math.floor(span);const per=[];for(let k=0;k<nb;k++)per.push(sec[k]||0);return{span_s:r2(span),frames:w.length,mean_fps:span>0?r2(w.length/span):null,frame_ms:{p50:r2(q(d,0.5)),p90:r2(q(d,0.9)),p99:r2(q(d,0.99)),max:r2(q(d,1))},inst_fps:{median:f(q(d,0.5)),p10:f(q(d,0.9)),p01:f(q(d,0.99)),min:f(q(d,1))},fps_per_second:per,fps_per_second_min:per.length?Math.min.apply(null,per):null,fps_per_second_median:q(per,0.5)}};const out={total_frames_sampled:S.n,rounds_started:nr.length,rounds_won:rw.length,gl_errors:S.gl.length,gl_polls:S.polls};const n=Math.min(nr.length,rw.length);if(n>0){out.overall=stats(nr[0],rw[n-1]);out.per_round=[];for(let i=0;i<n;i++)out.per_round.push(stats(nr[i],rw[i]))}return JSON.stringify(out)})() => "{\"total_frames_sampled\":2959,\"rounds_started\":3,\"rounds_won\":3,\"gl_errors\":0,\"gl_polls\":98,\"overall\":{\"span_s\":34.43,\"frames\":1991,\"mean_fps\":57.82,\"frame_ms\":{\"p50\":16.7,\"p90\":18.5,\"p99\":24.8,\"max\":102.9},\"inst_fps\":{\"median\":59.88,\"p10\":54.05,\"p01\":40.32,\"min\":9.72},\"fps_per_second\":[58,60,60,60,54,53,57,52,59,60,60,60,60,60,52,55,47,55,60,60,60,60,60,60,60,60,60,60,52,56,55,61,59,60],\"fps_per_second_min\":47,\"fps_per_second_median\":60},\"per_round\":[{\"span_s\":8.07,\"frames\":457,\"mean_fps\":56.61,\"frame_ms\":{\"p50\":16.7,\"p90\":18.2,\"p99\":75.8,\"max\":97.7},\"inst_fps\":{\"median\":59.88,\"p10\":54.95,\"p01\":13.19,\"min\":10.24},\"fps_per_second\":[58,60,60,60,54,53,57,52],\"fps_per_second_min\":52,\"fps_per_second_median\":58},{\"span_s\":10.11,\"frames\":576,\"mean_fps\":56.98,\"frame_ms\":{\"p50\":16.8,\"p90\":18.7,\"p99\":89.5,\"max\":102.9},\"inst_fps\":{\"median\":59.52,\"p10\":53.48,\"p01\":11.17,\"min\":9.72},\"fps_per_second\":[61,60,47,57,49,56,60,60,60,60],\"fps_per_second_min\":47,\"fps_per_second_median\":60},{\"span_s\":8.1,\"frames\":469,\"mean_fps\":57.91,\"frame_ms\":{\"p50\":16.6,\"p90\":18.5,\"p99\":20.6,\"max\":100.3},\"inst_fps\":{\"median\":60.24,\"p10\":54.05,\"p01\":48.54,\"min\":9.97},\"fps_per_second\":[60,60,52,52,59,60,60,61],\"fps_per_second_min\":52,\"fps_per_second_median\":60}]}"
[  51777ms] [harness] === TAP-ESCAPE-IN-THE-CORNER ===
[  51778ms] [harness] eval (()=>{const r=document.getElementById('escbtn').getBoundingClientRect();return '[TOUCHGATE] T6 escape corner '+JSON.stringify({rect:Math.round(r.width)+'x'+Math.round(r.height)+'@'+Math.round(r.left)+','+Math.round(r.top),at_least_44px:r.width>=44&&r.height>=44,inset_from_left_px:Math.round(r.left),inset_from_top_px:Math.round(r.top),centre_x_px:Math.round(r.left+r.width/2)})})() => "[TOUCHGATE] T6 escape corner {\"rect\":\"54x46@10,10\",\"at_least_44px\":true,\"inset_from_left_px\":10,\"inset_from_top_px\":10,\"centre_x_px\":37}"
[  51864ms] [harness] tap #escbtn at 37,33 (1/1)
[  52074ms] [console.log] [TOUCH] context 1 (menu yes, cycle no) -> TAP=ENTER
[  54884ms] [harness] screenshot -> /tmp/t5-gates/landscape/10-after-tapping-escape-in-the-corner.png
[  54888ms] [console.log] [PERSISTSAVE] js-backstop n=11
[  54888ms] [harness] eval window.__tg.dump('after-escape-corner-tap') => "TypeError: Cannot read properties of null (reading 'hidden')\n    at S.dump (<anonymous>:1:1522)\n    at <anonymous>:1:13"
[  54888ms] [harness] === T1c-PRECONDITION-THE-SAVED-CONFIG-HOLDS-SPARKS-1 ===
[  54890ms] [harness] eval (()=>{const p='/persist/var/user.cfg';let t=null,err=null;try{t=Module.FS.readFile(p,{encoding:'utf8'})}catch(e){err=String(e)}const ok=typeof t==='string';const m=ok?/^[ \t]*SPARKS[ \t]+(\S+)[ \t]*$/m.exec(t):null;return '[SPARKSGATE] T1c precondition saved-config-holds-sparks-1 '+JSON.stringify({read:ok,err:err,bytes:ok?t.length:0,line:m?m[0]:null,value:m?m[1]:null,PASS:!!m&&m[1]==='1'})})() => "[SPARKSGATE] T1c precondition saved-config-holds-sparks-1 {\"read\":true,\"err\":null,\"bytes\":22776,\"line\":\"                      SPARKS 1\",\"value\":\"1\",\"PASS\":true}"
[  54890ms] [harness] === T1c-RELOAD-WITH-SPARKS-0 ===
[  54893ms] [console.log] [PERSISTSAVE] js-backstop n=12
[  54894ms] [console.log] [PERSISTBACKSTOP] beforeunload
[  54894ms] [harness] eval location.search='?sparks=0' => "?sparks=0"
[  54894ms] [harness] until 1x <<[SPARKS] SPARKS 0 written to /data/webdefaults/autoexec.cfg>> (timeout 90000ms, have 0)
[  54910ms] [console.log] [TOUCH] enabled=true (media query -> true) maxTouchPoints=5
[  54914ms] [console.log] [DISPLAY] layout=full (from the orientation) at parse
[  54917ms] [console.log] [DISPLAY] at load: viewport 915x412 dpr 3 -> canvas 2745x1236 aspect 2.2209 gpu-axis-limit 16384
[  54918ms] [console.log] [TOUCH] haptics=on (12 ms per sent press)
[  54918ms] [console.log] [TOUCH] context 0 (menu no, cycle no) -> TAP=ENTER
[  54920ms] [console.error] WARNING: using emscripten GL emulation. This is a collection of limited workarounds, do not expect it to work.
[  54920ms] [console.error] WARNING: using emscripten GL emulation unsafe opts. If weirdness happens, try -sGL_UNSAFE_OPTS=0
[  54923ms] [console.log] [TOUCH] orientation portrait=false (layout stays full) via resize
[  54924ms] [page] load event fired
[  54936ms] [console.log] [PERSIST] populate ok in 5ms
[  54957ms] [console.log] [PERSIST] runtime initialized, starting the game
[  54957ms] [console.log] [CAMERA] camera distance x0.5 written to /data/webdefaults/autoexec.cfg before main()
[  54957ms] [console.log] [SPARKS] SPARKS 0 written to /data/webdefaults/autoexec.cfg before main() (from ?sparks=0)
[  54957ms] [console.log] [DISPLAY] layout=full (from the orientation) before main
[  54960ms] [console.log] [DISPLAY] before main: viewport 915x412 dpr 3 -> canvas 2745x1236 aspect 2.2209 gpu-axis-limit 16384
[  54961ms] [console.log] [BOOT] autostart: calling main
[  54961ms] [console.error] Error: Error in tString GeneratePrefix() in src/tools/tDirectories.cpp:1380 : 
[  54962ms] [console.error]  	Relocation error. The binary was supposed to be installed into /usr/local/bin and found itself in . and could not find out what this means for the prefix /usr/local.
[  54962ms] [console.error] 
[  54962ms] [console.log] Warning in void FindConfigurationPath() in src/tools/tDirectories.cpp:1465 : 
[  54962ms] [console.log]  	Could not determine path to configuration files. Using defaults or command line arguments.
[  54963ms] [console.log] 
[  54995ms] [harness] until SATISFIED: saw 1x <<[SPARKS] SPARKS 0 written to /data/webdefaults/autoexec.cfg>>
[  54995ms] [harness] until 2x <<[BOOT] autostart>> (timeout 90000ms, have 2)
[  54995ms] [harness] until SATISFIED: saw 2x <<[BOOT] autostart>>
[  55078ms] [console.log] [L] ENCODING latin1
[  55081ms] [console.log] [SND] device opened: 22050 Hz, 2 ch, 16-bit, 1024 frames/callback (46.4 ms per callback, SOUND_BUFFER_SHIFT 1)
[  55096ms] [console.error] WARNING: using emscripten GL immediate mode emulation. This is very limited in what it supports
[  55099ms] [console.error] TODO: glShadeModel
[  55101ms] [browser.warning/rendering] Canvas2D: Multiple readback operations using getImageData are faster with the willReadFrequently attribute set to true. See: https://html.spec.whatwg.org/multipage/canvas.html#concept-canvas-will-read-frequently   <- http://localhost:8008/armagetronad.js
[  61175ms] [console.log] [TOUCH] context 1 (menu yes, cycle no) -> TAP=ENTER
[  63005ms] [console.log] [PERSISTSAVE] js-backstop n=1
[  63005ms] [harness] eval (()=>{const a='/data/webdefaults/autoexec.cfg',u='/persist/var/user.cfg';const rd=(p)=>{try{return Module.FS.readFile(p,{encoding:'utf8'})}catch(e){return null}};let sv='not attempted';try{Module._aa_web_save_config();sv='saved'}catch(e){sv='SAVE FAILED: '+e}const t=rd(a),c=rd(u);const lines=t===null?null:(t.match(/^SPARKS\b.*$/gm)||[]);const um=c===null?null:/^[ \t]*SPARKS[ \t]+(\S+)[ \t]*$/m.exec(c);const ends=t!==null&&/\nSPARKS 0\n$/.test(t);return '[SPARKSGATE] T1c sparks-0-overrides-the-saved-1 '+JSON.stringify({save:sv,autoexec_read:t!==null,autoexec_bytes:t===null?0:t.length,autoexec_sparks_lines:lines,ends_with_sparks_0:ends,live_sparks_in_user_cfg:um?um[1]:null,tail:t===null?null:t.slice(-92),PASS:t!==null&&lines!==null&&lines.length===1&&lines[0]==='SPARKS 0'&&ends&&sv==='saved'&&!!um&&um[1]==='0'})})() => "[SPARKSGATE] T1c sparks-0-overrides-the-saved-1 {\"save\":\"saved\",\"autoexec_read\":true,\"autoexec_bytes\":15577,\"autoexec_sparks_lines\":[\"SPARKS 0\"],\"ends_with_sparks_0\":true,\"live_sparks_in_user_cfg\":\"0\",\"tail\":\"ED 0.2\\n\\n# appended at runtime by web/shell.html: crash sparks off (from ?sparks=0)\\nSPARKS 0\\n\",\"PASS\":true}"
[  63109ms] [harness] screenshot -> /tmp/t5-gates/landscape/15-booted-with-sparks-0.png
[  63109ms] [harness] === positive-control-deliberate-uncaught-error-follows ===
[  63110ms] [harness] eval setTimeout(function(){null.thisIsADeliberateUncaughtError;},0) => 1121
[  63111ms] [console.error] Uncaught TypeError: Cannot read properties of null (reading 'thisIsADeliberateUncaughtError')
[  63111ms] [EXCEPTION] TypeError: Cannot read properties of null (reading 'thisIsADeliberateUncaughtError')
    at <anonymous>:1:28
[  63111ms] [EXCEPTION] structured stack, 1 frames:
[  63111ms]     <anonymous> @ :0:27
[  65225ms] [harness] screenshot -> /tmp/t5-gates/landscape/09-after-deliberate-uncaught-error.png
