[    647ms] [harness] chrome: Chrome/154.0.8037.92
[    648ms] [harness] navigating to http://localhost:8008/armagetronad.html?bridge=ws://127.0.0.1:8010
[     10ms] [harness] until 1x <<[PERSIST] populate ok>> (timeout 90000ms, have 0)
[     22ms] [console.log] [TOUCH] enabled=false (media query -> false) maxTouchPoints=0
[     22ms] [console.log] [DISPLAY] layout=full (from the orientation) at parse
[   2554ms] [console.log] [DISPLAY] at load: viewport 1024x768 dpr 1 -> canvas 1024x768 aspect 1.3333 gpu-axis-limit 8192
[   3195ms] [console.error] WARNING: using emscripten GL emulation. This is a collection of limited workarounds, do not expect it to work.
[   3196ms] [console.error] WARNING: using emscripten GL emulation unsafe opts. If weirdness happens, try -sGL_UNSAFE_OPTS=0
[   3197ms] [page] load event fired
[   3199ms] [browser.error/network] Failed to load resource: the server responded with a status of 404 (File not found)   <- http://localhost:8008/favicon.ico
[   4726ms] [console.log] [PERSIST] populate ok in 36ms
[   4757ms] [harness] until SATISFIED: saw 1x <<[PERSIST] populate ok>>
[   5004ms] [console.log] [PERSIST] runtime initialized, starting the game
[   5004ms] [console.log] [CAMERA] stock camera (factor 1)
[   5004ms] [console.log] [SPARKS] stock sparks, nothing written
[   5005ms] [console.log] [DISPLAY] layout=full (from the orientation) before main
[   5220ms] [console.log] [DISPLAY] before main: viewport 1024x768 dpr 1 -> canvas 1024x768 aspect 1.3333 gpu-axis-limit 8192
[   5221ms] [console.log] [BOOT] autostart: calling main
[   5222ms] [console.error] Error: Error in tString GeneratePrefix() in src/tools/tDirectories.cpp:1380 : 
[   5222ms] [console.error]  	Relocation error. The binary was supposed to be installed into /usr/local/bin and found itself in . and could not find out what this means for the prefix /usr/local.
[   5223ms] [console.error] 
[   5223ms] [console.log] Warning in void FindConfigurationPath() in src/tools/tDirectories.cpp:1465 : 
[   5224ms] [console.log]  	Could not determine path to configuration files. Using defaults or command line arguments.
[   5224ms] [console.log] 
[   5351ms] [console.log] [L] ENCODING latin1
[   5376ms] [console.log] Trying to start sound. Just restart Armagetron Advanced in case of crash.
[   5378ms] [console.log] [SND] device opened: 22050 Hz, 2 ch, 16-bit, 1024 frames/callback (46.4 ms per callback, SOUND_BUFFER_SHIFT 1)
[   5632ms] [console.error] WARNING: using emscripten GL immediate mode emulation. This is very limited in what it supports
[   5635ms] [console.error] TODO: glShadeModel
[   5639ms] [browser.warning/rendering] Canvas2D: Multiple readback operations using getImageData are faster with the willReadFrequently attribute set to true. See: https://html.spec.whatwg.org/multipage/canvas.html#concept-canvas-will-read-frequently   <- http://localhost:8008/armagetronad.js
[   5686ms] [browser.warning/other] The AudioContext was not allowed to start. It must be resumed (or created) after a user gesture on the page. https://developer.chrome.com/blog/autoplay/#web_audio   <- http://localhost:8008/armagetronad.js
[   5686ms] [browser.warning/other] The AudioContext was not allowed to start. It must be resumed (or created) after a user gesture on the page. https://developer.chrome.com/blog/autoplay/#web_audio   <- http://localhost:8008/armagetronad.js
[   5687ms] [browser.warning/other] The AudioContext was not allowed to start. It must be resumed (or created) after a user gesture on the page. https://developer.chrome.com/blog/autoplay/#web_audio   <- http://localhost:8008/armagetronad.js
[   5687ms] [browser.warning/other] The AudioContext was not allowed to start. It must be resumed (or created) after a user gesture on the page. https://developer.chrome.com/blog/autoplay/#web_audio   <- http://localhost:8008/armagetronad.js
[   5687ms] [browser.warning/other] The AudioContext was not allowed to start. It must be resumed (or created) after a user gesture on the page. https://developer.chrome.com/blog/autoplay/#web_audio   <- http://localhost:8008/armagetronad.js
[   5760ms] [harness] until 1x <<[BOOT] autostart>> (timeout 120000ms, have 1)
[   5760ms] [harness] until SATISFIED: saw 1x <<[BOOT] autostart>>
[   5832ms] [harness] eval (()=>{if(window.__keyFilter)return 'filter already on';window.__keyFilter=true;window.__drop=0;for(const t of ['keydown','keyup','keypress'])window.addEventListener(t,e=>{if(e.key==='Unidentified'){window.__drop++;e.stopImmediatePropagation();e.preventDefault();}},true);return 'unidentified-key filter on'})() => "unidentified-key filter on"
[  14900ms] [harness] screenshot -> docs/evidence/map-downloads/refused/01-boot1-language-menu.png
[  14928ms] [console.log] [AUDIO] resumed on keydown
[  14933ms] [harness] key Enter (1/1)
[  14936ms] [console.log] [PERSISTSAVE] menu-leave n=1
[  18270ms] [console.log] [PERSISTSAVE] menu-leave n=2
[  18271ms] [harness] key Escape (1/1)
[  18572ms] [harness] until 1x <<[PERSISTSAVE] menu-leave>> (timeout 30000ms, have 2)
[  18572ms] [harness] until SATISFIED: saw 2x <<[PERSISTSAVE] menu-leave>>
[  21575ms] [harness] === RELOAD-SO-BOOT-2-STARTS-AT-THE-REAL-MAIN-MENU ===
[  21579ms] [console.log] [PERSISTSAVE] js-backstop n=3
[  21580ms] [console.log] [PERSISTBACKSTOP] beforeunload
[  21580ms] [harness] eval location.reload() => undefined
[  21580ms] [harness] until 2x <<[PERSIST] populate ok>> (timeout 90000ms, have 1)
[  21617ms] [console.log] [TOUCH] enabled=false (media query -> false) maxTouchPoints=0
[  21617ms] [console.log] [DISPLAY] layout=full (from the orientation) at parse
[  21624ms] [console.log] [DISPLAY] at load: viewport 1024x768 dpr 1 -> canvas 1024x768 aspect 1.3333 gpu-axis-limit 8192
[  21626ms] [console.error] WARNING: using emscripten GL emulation. This is a collection of limited workarounds, do not expect it to work.
[  21627ms] [console.error] WARNING: using emscripten GL emulation unsafe opts. If weirdness happens, try -sGL_UNSAFE_OPTS=0
[  21631ms] [page] load event fired
[  21641ms] [console.log] [PERSIST] populate ok in 6ms
[  21668ms] [console.log] [PERSIST] runtime initialized, starting the game
[  21668ms] [console.log] [CAMERA] stock camera (factor 1)
[  21668ms] [console.log] [SPARKS] stock sparks, nothing written
[  21668ms] [console.log] [DISPLAY] layout=full (from the orientation) before main
[  21677ms] [console.log] [DISPLAY] before main: viewport 1024x768 dpr 1 -> canvas 1024x768 aspect 1.3333 gpu-axis-limit 8192
[  21677ms] [console.log] [BOOT] autostart: calling main
[  21678ms] [console.error] Error: Error in tString GeneratePrefix() in src/tools/tDirectories.cpp:1380 : 
[  21678ms] [console.error]  	Relocation error. The binary was supposed to be installed into /usr/local/bin and found itself in . and could not find out what this means for the prefix /usr/local.
[  21678ms] [console.error] 
[  21678ms] [console.log] Warning in void FindConfigurationPath() in src/tools/tDirectories.cpp:1465 : 
[  21678ms] [console.log]  	Could not determine path to configuration files. Using defaults or command line arguments.
[  21678ms] [console.log] 
[  21681ms] [harness] until SATISFIED: saw 2x <<[PERSIST] populate ok>>
[  21681ms] [harness] until 2x <<[BOOT] autostart>> (timeout 120000ms, have 2)
[  21681ms] [harness] until SATISFIED: saw 2x <<[BOOT] autostart>>
[  21799ms] [console.log] [L] ENCODING latin1
[  21802ms] [console.log] [SND] device opened: 22050 Hz, 2 ch, 16-bit, 1024 frames/callback (46.4 ms per callback, SOUND_BUFFER_SHIFT 1)
[  21819ms] [console.error] WARNING: using emscripten GL immediate mode emulation. This is very limited in what it supports
[  21821ms] [console.error] TODO: glShadeModel
[  21825ms] [browser.warning/rendering] Canvas2D: Multiple readback operations using getImageData are faster with the willReadFrequently attribute set to true. See: https://html.spec.whatwg.org/multipage/canvas.html#concept-canvas-will-read-frequently   <- http://localhost:8008/armagetronad.js
[  21839ms] [harness] eval (()=>{if(window.__keyFilter)return 'filter already on';window.__keyFilter=true;window.__drop=0;for(const t of ['keydown','keyup','keypress'])window.addEventListener(t,e=>{if(e.key==='Unidentified'){window.__drop++;e.stopImmediatePropagation();e.preventDefault();}},true);return 'unidentified-key filter on'})() => "unidentified-key filter on"
[  27928ms] [harness] screenshot -> docs/evidence/map-downloads/refused/02-boot2-main-menu.png
[  27928ms] [harness] === ENTER-PLAY-GAME ===
[  27961ms] [harness] key Enter (1/1)
[  30764ms] [harness] === ENTER-MULTIPLAYER ===
[  30778ms] [console.log] [BRIDGE] open ws://127.0.0.1:8010
[  30796ms] [harness] key Enter (1/1)
[  34680ms] [harness] screenshot -> docs/evidence/map-downloads/refused/03-network-menu.png
[  34680ms] [harness] === DOWN-3-TO-SERVER-BOOKMARKS ===
[  34712ms] [harness] key Down (1/3)
[  35046ms] [harness] key Down (2/3)
[  35380ms] [harness] key Down (3/3)
[  37259ms] [harness] screenshot -> docs/evidence/map-downloads/refused/04-server-bookmarks-selected.png
[  37296ms] [harness] key Enter (1/1)
[  40676ms] [harness] screenshot -> docs/evidence/map-downloads/refused/05-bookmarks-menu.png
[  40676ms] [harness] === R1 join started ===
[  40709ms] [harness] key Enter (1/1)
[  40743ms] [console.log] [BRIDGE] handle 1 bound to udp port 49724
[  40769ms] [console.log] [BRIDGE] peer 127.0.0.1 -> 127.0.0.1 (literal)
[  41010ms] [harness] until 1x <<[RESOURCE]>> (timeout 30000ms, have 0)
[  41319ms] [console.log] [WAV] loaded /data/sound/expl.wav: 11937 bytes, 8-bit mono @ 11025 Hz (fopen misses so far: 1)
[  41322ms] [console.log] [L] NEW_ROUND 2026-09-30 12:34:26 UTC+0200
[  41352ms] [console.log] [WAV] retiring a voice on moviesounds/intro.wav: loaded but zero samples
[  41353ms] [console.log] [SND] live voices peaked at 1 (SOUND_SOURCES 10, loudness_thresh 0.0000)
[  41431ms] [console.log] [L] TEAM_PLAYER_ADDED web_user web_user
[  41574ms] [browser.error/network] Failed to load resource: the server responded with a status of 403 (Forbidden)   <- http://127.0.0.1:8010/resource?url=http%3A%2F%2F127.0.0.1%3A8009%2Fgate%2Fresource%2Fsumo_gate-0.1.0.aamap.xml
[  41574ms] [console.log] [RESOURCE] 403 http://127.0.0.1:8009/gate/resource/sumo_gate-0.1.0.aamap.xml (host 127.0.0.1:8009 is not an allowed resource host)
[  41577ms] [browser.error/network] Failed to load resource: the server responded with a status of 403 (Forbidden)   <- http://127.0.0.1:8010/resource?url=http%3A%2F%2Fresource.armagetronad.net%2Fresource%2Fgate%2Fresource%2Fsumo_gate-0.1.0.aamap.xml
[  41577ms] [console.log] [RESOURCE] 403 http://resource.armagetronad.net/resource/gate/resource/sumo_gate-0.1.0.aamap.xml (host resource.armagetronad.net is not an allowed resource host)
[  41586ms] [console.log] [L] TEAM_PLAYER_REMOVED web_user web_user
[  41617ms] [harness] until SATISFIED: saw 2x <<[RESOURCE]>>
[  41687ms] [harness] screenshot -> docs/evidence/map-downloads/refused/r1-after-fetch.png
[  53764ms] [harness] screenshot -> docs/evidence/map-downloads/refused/r1-end.png
[  53767ms] [harness] eval (()=>{const p='/persist/resource/automatic/gate/resource/sumo_gate-0.1.0.aamap.xml';try{const a=Module.FS.analyzePath(p);return 'cached='+a.exists+' cachedBytes='+(a.exists?Module.FS.stat(p).size:-1)}catch(e){return 'cached=ERR '+e}})() => "cached=false cachedBytes=-1"
[  53768ms] [console.log] [GATE] unidentified keys dropped: 3
[  53768ms] [harness] eval (()=>{console.log('[GATE] unidentified keys dropped: '+window.__drop);return 'ok'})() => "ok"
