[0] Command HUD_CACHE_THRESHOLD unknown.
[0] 
[0] MAP_FILE_OVERRIDE changed from 3 to 0.
[0] FORTRESS_MAX_PER_TEAM changed from 0 to 1.
[0] Bound socket to *.*.*.*:42188.
[0] Bound socket to *.*.*.*:4534.
[0] Setting CYCLE_BRAKE_REFILL (Group: Annoying) deviates from its default value; clients older than 0.2.5.0 may experience problems.
[0] Setting MAP_FILE (Group: Breaking) deviates from its default value; clients older than 0.2.8_beta3 may experience problems.
[0] Nobody there. Taking a nap...
[0] Timestamp: 2026/09/30 10:33:35
[0] Closing socket bound to *.*.*.*:4534
[0] Bound socket to *.*.*.*:4534.
[1] Received login from 192.168.215.1:42571 via socket *.*.*.*:4534, network version: 0.2.9_alpha (ID: 17).
[1] New user: 1
[1] web_user entered the game.
[0] Time:     50.4153 seconds
Sent:     7378 bytes in 39 packets (146.344 bytes/s)
Received: 2358 bytes in 34 packets (46.7715 bytes/s)
[0] Timestamp: 2026/09/30 10:34:26
[0] Creating grid...
[1] received logout from 1.
[1] web_user left the game.
[1] Killing user 1, ping 0.473331, IP 192.168.215.1:42571: You logged out regularly.
[0] Armagetron entered the game.
[0] LaTeX entered the game.
[0] Gcc entered the game.
[0] Gdb entered the game.
[0] Closing socket bound to *.*.*.*:4534
[0] Closing socket bound to *.*.*.*:42188
[0] Gdb left AI team.
[0] Gcc left AI team.
[0] LaTeX left the game.
[0] Armagetron left the game.
[0] Bound socket to *.*.*.*:56623.
[0] Bound socket to *.*.*.*:4534.
[0] Nobody there. Taking a nap...
[0] Timestamp: 2026/09/30 10:34:26
[0] Closing socket bound to *.*.*.*:4534
[0] Bound socket to *.*.*.*:4534.
