[    704ms] [harness] mobile emulation: 915x412 CSS px dpr 3 (= 2745x1236 device px), touch on
[    705ms] [harness] chrome: Chrome/152.0.7977.75
[    706ms] [harness] navigating to http://localhost:8006/armagetronad.html?autostart=0&touch=1
[     41ms] [console.log] [DISPLAY] at load: viewport 915x412 dpr 3 -> canvas 2745x1236 aspect 2.2209 gpu-axis-limit 16384
[     42ms] [console.log] [TOUCH] enabled=true (?touch=1) maxTouchPoints=5
[     42ms] [console.log] [TOUCH] context 0 (menu no, cycle no) -> TAP=ENTER
[     43ms] [console.log] [TOUCH] orientation portrait=false (sized for portrait: false, boot held: false)
[     57ms] [console.error] WARNING: using emscripten GL emulation. This is a collection of limited workarounds, do not expect it to work.
[     58ms] [console.error] WARNING: using emscripten GL emulation unsafe opts. If weirdness happens, try -sGL_UNSAFE_OPTS=0
[     59ms] [console.log] [TOUCH] orientation portrait=false (sized for portrait: false, boot held: false)
[     64ms] [page] load event fired
[     68ms] [browser.error/network] Failed to load resource: the server responded with a status of 404 (File not found)   <- http://localhost:8006/favicon.ico
[    113ms] [console.log] [PERSIST] populate ok in 28ms
[    321ms] [console.log] [PERSIST] runtime initialized, starting the game
[    322ms] [console.log] [CAMERA] camera distance x0.5 written to /data/webdefaults/autoexec.cfg before main()
[    322ms] [console.log] [BOOT] main() HELD by ?autostart=0, waiting for AA_START()
[    818ms] [harness] eval (() => {  /* One frame = one flush/finish on the WebGL context. rSysDep::SwapGL calls     exactly one of the two per swap, chosen by swapMode_: the static default     is rSwap_glFlush, but sr_LoadDefaultConfig (rScreen.cpp) sets     rSwap_glFinish and welcome() (gArmagetron.cpp) runs it under st_FirstUse     -- and every harness run is a first-use boot (drive-browser.mjs makes a     fresh profile), so the client the harness measures swaps with glFinish,     a synchronous wait for the GPU. S.swaps counts each kind so the [PERF]     line says which fired instead of assuming. Per frame we keep: the     timestamp (taken BEFORE the swap call), the time spent INSIDE the swap     call (the GPU wait), the timestamp of the frame's first draw call, the     number of drawArrays/drawElements calls, and the bytes through     bufferData/bufferSubData. Draw calls and bytes are the direct measure of     "geometry re-submitted through the emulation this frame" (mechanism 1);     the first-draw timestamp lets report.js split a frame interval into     [end of previous swap -> first draw] (event-loop yield, input,     simulation) and [first draw -> swap] (render submission), so a frame that     gets slower in the first part while its draw calls stay flat is NOT the     renderer. */  /* THIS FILE IS ONE EXPRESSION WITH BLOCK COMMENTS ONLY: run-arm.sh strips     every newline to fit it into a single eval: step of drive-browser.mjs, so     a // comment would swallow the rest of the program. */  const N = 600000;  const S = { t: new Float64Array(N), wait: new Float32Array(N), first: new Float64Array(N),              draws: new Uint32Array(N), bytes: new Float64Array(N), n: 0,              swaps: { flush: 0, finish: 0 }, marks: [], shots: [], cur: { draws: 0, bytes: 0, first: 0 } };  window.__fps = S;  /* Screenshot bracket. Page.captureScreenshot spends real time on the page     and can put a hitch INTO a measured window; the driver's own     "[harness] screenshot" line is on the driver's clock, in the driver's     transcript, where report.js cannot see it. The template therefore wraps     every shot: step in eval:__fps.shot('name','begin') and     eval:__fps.shot('name','end'), on the page's clock, and report.js drops     the frames between the two (plus a pad) from every statistic. */  S.shot = (name, edge) => { S.shots.push([performance.now(), name, edge]); return 'shot ' + edge + ' ' + name; };  const wrap = (C) => {    if (!C) return; const P = C.prototype;    for (const m of ['flush', 'finish']) { const o = P[m]; if (!o) continue;      P[m] = function () {        const i = S.n, now = performance.now();        if (i < N) { S.t[i] = now; S.draws[i] = S.cur.draws; S.bytes[i] = S.cur.bytes; S.first[i] = S.cur.first; S.n = i + 1; }        S.swaps[m]++; S.cur.draws = 0; S.cur.bytes = 0; S.cur.first = 0;        const r = o.apply(this, arguments);        if (i < N) S.wait[i] = performance.now() - now;        return r; }; }    for (const m of ['drawArrays', 'drawElements']) { const o = P[m]; if (!o) continue;      P[m] = function () { if (!S.cur.first) S.cur.first = performance.now(); S.cur.draws++; return o.apply(this, arguments); }; }    for (const m of ['bufferData', 'bufferSubData']) { const o = P[m]; if (!o) continue;      P[m] = function () { const d = (m === 'bufferData') ? arguments[1] : arguments[2];        S.cur.bytes += (d && d.byteLength) ? d.byteLength : (typeof d === 'number' ? d : 0);        return o.apply(this, arguments); }; }  };  wrap(window.WebGLRenderingContext); wrap(window.WebGL2RenderingContext);  const cl = console.log.bind(console);  console.log = function () { const s = (arguments.length && typeof arguments[0] === 'string') ? arguments[0] : '';    if (s.indexOf('[L] ') === 0) S.marks.push([performance.now(), s]); return cl.apply(null, arguments); };  return 'sampler armed: frames, swap kind and wait, first draw, draw calls, buffer bytes, shot brackets';})() => "sampler armed: frames, swap kind and wait, first draw, draw calls, buffer bytes, shot brackets"
[    819ms] [harness] eval (()=>{const p='/data/webdefaults/autoexec.cfg';const cur=Module.FS.readFile(p,{encoding:'utf8'});const add='\n# perf arm base-r3\nMAX_FPS 1000\nSP_SIZE_FACTOR 6\nSP_NUM_AIS 7\n';Module.FS.writeFile(p,cur+add);return 'autoexec.cfg patched: '+JSON.stringify(add)})() => "autoexec.cfg patched: \"\\n# perf arm base-r3\\nMAX_FPS 1000\\nSP_SIZE_FACTOR 6\\nSP_NUM_AIS 7\\n\""
[    820ms] [console.log] [BOOT] autostart: calling main
[    825ms] [console.error] Error: Error in tString GeneratePrefix() in src/tools/tDirectories.cpp:1380 : 
[    825ms] [console.error]  	Relocation error. The binary was supposed to be installed into /usr/local/bin and found itself in . and could not find out what this means for the prefix /usr/local.
[    826ms] [console.error] 
[    827ms] [console.log] Warning in void FindConfigurationPath() in src/tools/tDirectories.cpp:1465 : 
[    827ms] [console.log]  	Could not determine path to configuration files. Using defaults or command line arguments.
[    827ms] [console.log] 
[    957ms] [console.log] [L] ENCODING latin1
[    964ms] [console.log] Trying to start sound. Just restart Armagetron Advanced in case of crash.
[    965ms] [console.log] [SND] device opened: 22050 Hz, 2 ch, 16-bit, 1024 frames/callback (46.4 ms per callback, SOUND_BUFFER_SHIFT 1)
[    986ms] [console.error] WARNING: using emscripten GL immediate mode emulation. This is very limited in what it supports
[    989ms] [console.error] TODO: glShadeModel
[    993ms] [browser.warning/rendering] Canvas2D: Multiple readback operations using getImageData are faster with the willReadFrequently attribute set to true. See: https://html.spec.whatwg.org/multipage/canvas.html#concept-canvas-will-read-frequently   <- http://localhost:8006/armagetronad.js
[   1030ms] [harness] eval window.AA_START() => undefined
[   1030ms] [harness] until 1x <<[BOOT] autostart>> (timeout 90000ms, have 1)
[   1030ms] [harness] until SATISFIED: saw 1x <<[BOOT] autostart>>
[   1032ms] [browser.warning/other] The AudioContext was not allowed to start. It must be resumed (or created) after a user gesture on the page. https://developer.chrome.com/blog/autoplay/#web_audio   <- http://localhost:8006/armagetronad.js
[   1032ms] [browser.warning/other] The AudioContext was not allowed to start. It must be resumed (or created) after a user gesture on the page. https://developer.chrome.com/blog/autoplay/#web_audio   <- http://localhost:8006/armagetronad.js
[   1032ms] [browser.warning/other] The AudioContext was not allowed to start. It must be resumed (or created) after a user gesture on the page. https://developer.chrome.com/blog/autoplay/#web_audio   <- http://localhost:8006/armagetronad.js
[   1033ms] [browser.warning/other] The AudioContext was not allowed to start. It must be resumed (or created) after a user gesture on the page. https://developer.chrome.com/blog/autoplay/#web_audio   <- http://localhost:8006/armagetronad.js
[   1033ms] [browser.warning/other] The AudioContext was not allowed to start. It must be resumed (or created) after a user gesture on the page. https://developer.chrome.com/blog/autoplay/#web_audio   <- http://localhost:8006/armagetronad.js
[   1041ms] [console.log] [TOUCH] context 1 (menu yes, cycle no) -> TAP=ENTER
[  10035ms] [browser.warning/other] The AudioContext was not allowed to start. It must be resumed (or created) after a user gesture on the page. https://developer.chrome.com/blog/autoplay/#web_audio   <- http://localhost:8006/armagetronad.js
[  10102ms] [harness] tap #tapzone at 458,206 (1/1)
[  10109ms] [console.log] [PERSISTSAVE] menu-leave n=1
[  13481ms] [harness] tap #tapzone at 458,206 (1/1)
[  13490ms] [console.log] [PERSISTSAVE] menu-leave n=2
[  13541ms] [console.log] [TOUCH] context 0 (menu no, cycle no) -> TAP=ENTER
[  17359ms] [console.log] [L] PLAYER_ENTERED web_user  web_user
[  17361ms] [console.log] [L] TEAM_CREATED web_user
[  17362ms] [console.log] [L] TEAM_PLAYER_ADDED web_user web_user
[  17364ms] [console.log] [WAV] loaded /data/sound/expl.wav: 11937 bytes, 8-bit mono @ 11025 Hz (fopen misses so far: 1)
[  17367ms] [console.log] [L] ROUND_SCORE_TEAM 0 web_user
[  17368ms] [console.log] [L] NEW_ROUND 2026-09-03 21:07:33 UTC+0200
[  17392ms] [console.log] [L] TEAM_CREATED ai_team
[  17392ms] [console.log] [L] TEAM_PLAYER_ADDED ai_team word
[  17393ms] [console.log] [L] TEAM_PLAYER_ADDED ai_team excel
[  17393ms] [console.log] [L] TEAM_PLAYER_ADDED ai_team notepad
[  17393ms] [console.log] [L] TEAM_PLAYER_ADDED ai_team gcc
[  17395ms] [console.log] [WAV] loaded /data/sound/cyclrun.wav: 40403 bytes, 8-bit mono @ 22050 Hz (fopen misses so far: 2)
[  17417ms] [harness] tap #tapzone at 458,206 (1/1)
[  17417ms] [console.log] [TOUCH] context 2 (menu no, cycle alive) -> STEERING
[  17419ms] [console.log] [WAV] loaded /data/sound/expl.wav: 11937 bytes, 8-bit mono @ 11025 Hz (fopen misses so far: 2)
[  17419ms] [console.log] [WAV] retiring a voice on moviesounds/intro.wav: loaded but zero samples
[  17420ms] [console.log] [SND] live voices peaked at 11 (SOUND_SOURCES 10, loudness_thresh 0.0000)
[  17679ms] [browser.error/network] Failed to load resource: the server responded with a status of 404 (File not found)   <- http://localhost:8006/favicon.ico
[  19719ms] [harness] until 1x <<[L] NEW_ROUND>> (timeout 120000ms, have 1)
[  19719ms] [harness] until SATISFIED: saw 1x <<[L] NEW_ROUND>>
[  19720ms] [harness] === ROUND-1-SETUP-NOT-MEASURED ===
[  22728ms] [console.log] [WAV] loaded /data/sound/expl.wav: 11937 bytes, 8-bit mono @ 11025 Hz (fopen misses so far: 3)
[  22753ms] [harness] key Right (1/1)
[  23092ms] [harness] key Left (1/1)
[  24895ms] [harness] eval __fps.shot('r1-after-tutorial-keys','begin') => "shot begin r1-after-tutorial-keys"
[  25043ms] [harness] screenshot -> docs/evidence/m6-lag/task2-repro/base-r3/r1-after-tutorial-keys.png
[  25044ms] [harness] eval __fps.shot('r1-after-tutorial-keys','end') => "shot end r1-after-tutorial-keys"
[  25045ms] [harness] CPU throttling rate 6x
[  25045ms] [harness] === THROTTLE-ON ===
[  25045ms] [harness] until 2x <<[L] NEW_ROUND>> (timeout 260000ms, have 1)
[  63494ms] [console.log] [L] DEATH_FRAG web_user gcc
[  63501ms] [console.log] [WAV] loaded /data/sound/expl.wav: 11937 bytes, 8-bit mono @ 11025 Hz (fopen misses so far: 4)
[  63556ms] [console.log] [TOUCH] context 0 (menu no, cycle no) -> TAP=ENTER
[  64853ms] [console.log] [L] ROUND_WINNER ai_team gcc notepad excel word
[  68920ms] [console.log] [L] ROUND_SCORE -2 web_user web_user
[  68923ms] [console.log] [L] ROUND_SCORE_TEAM -2 web_user
[  68925ms] [console.log] [L] NEW_ROUND 2026-09-03 21:08:25 UTC+0200
[  68941ms] [console.log] [L] TEAM_PLAYER_ADDED ai_team outlook
[  68944ms] [console.log] [L] TEAM_PLAYER_ADDED ai_team latex
[  68948ms] [console.log] [L] TEAM_PLAYER_ADDED ai_team gdb
[  68967ms] [console.log] [SND] live voices peaked at 16 (SOUND_SOURCES 10, loudness_thresh 0.0110)
[  68967ms] [console.log] [SND] voice limiter STARTED cutting: 16 live voices, SOUND_SOURCES 10, loudness_thresh 0.0110
[  69004ms] [harness] until SATISFIED: saw 2x <<[L] NEW_ROUND>>
[  69004ms] [harness] === ROUND-2-MEASURED ===
[  69048ms] [console.log] [TOUCH] context 2 (menu no, cycle alive) -> STEERING
[  69411ms] [console.log] [SND] voice limiter stopped cutting: 4 live voices, SOUND_SOURCES 10, loudness_thresh 0.0000
[  69461ms] [console.log] [SND] voice limiter STARTED cutting: 15 live voices, SOUND_SOURCES 10, loudness_thresh 0.0110
[  69921ms] [console.log] [SND] voice limiter stopped cutting: 4 live voices, SOUND_SOURCES 10, loudness_thresh 0.0000
[  69985ms] [console.log] [SND] voice limiter STARTED cutting: 15 live voices, SOUND_SOURCES 10, loudness_thresh 0.0110
[  70431ms] [console.log] [SND] voice limiter stopped cutting: 4 live voices, SOUND_SOURCES 10, loudness_thresh 0.0000
[  70496ms] [console.log] [SND] voice limiter STARTED cutting: 14 live voices, SOUND_SOURCES 10, loudness_thresh 0.0010
[  70540ms] [console.log] [SND] voice limiter stopped cutting: 5 live voices, SOUND_SOURCES 10, loudness_thresh 0.0000
[  70584ms] [console.log] [SND] voice limiter STARTED cutting: 14 live voices, SOUND_SOURCES 10, loudness_thresh 0.0010
[  70625ms] [console.log] [SND] voice limiter stopped cutting: 5 live voices, SOUND_SOURCES 10, loudness_thresh 0.0000
[  70669ms] [console.log] [SND] voice limiter STARTED cutting: 14 live voices, SOUND_SOURCES 10, loudness_thresh 0.0010
[  70709ms] [console.log] [SND] voice limiter stopped cutting: 5 live voices, SOUND_SOURCES 10, loudness_thresh 0.0000
[  75021ms] [harness] eval __fps.shot('r2-06s','begin') => "shot begin r2-06s"
[  75195ms] [harness] screenshot -> docs/evidence/m6-lag/task2-repro/base-r3/r2-06s.png
[  75199ms] [harness] eval __fps.shot('r2-06s','end') => "shot end r2-06s"
[  99220ms] [harness] eval __fps.shot('r2-30s','begin') => "shot begin r2-30s"
[  99396ms] [harness] screenshot -> docs/evidence/m6-lag/task2-repro/base-r3/r2-30s.png
[  99405ms] [harness] eval __fps.shot('r2-30s','end') => "shot end r2-30s"
[ 114382ms] [console.log] [SND] voice limiter STARTED cutting: 12 live voices, SOUND_SOURCES 10, loudness_thresh 0.0010
[ 116007ms] [console.log] [SND] voice limiter stopped cutting: 8 live voices, SOUND_SOURCES 10, loudness_thresh 0.0000
[ 119432ms] [harness] eval __fps.shot('r2-50s','begin') => "shot begin r2-50s"
[ 119619ms] [harness] screenshot -> docs/evidence/m6-lag/task2-repro/base-r3/r2-50s.png
[ 119639ms] [harness] eval __fps.shot('r2-50s','end') => "shot end r2-50s"
[ 119639ms] [harness] until 3x <<[L] NEW_ROUND>> (timeout 260000ms, have 2)
[ 127730ms] [console.log] [SND] voice limiter STARTED cutting: 12 live voices, SOUND_SOURCES 10, loudness_thresh 0.0010
[ 128040ms] [console.log] [L] DEATH_FRAG web_user notepad
[ 128063ms] [console.log] [TOUCH] context 0 (menu no, cycle no) -> TAP=ENTER
[ 129781ms] [console.log] [L] ROUND_WINNER ai_team gdb latex outlook gcc notepad excel word
[ 130025ms] [console.log] [SND] voice limiter stopped cutting: 8 live voices, SOUND_SOURCES 10, loudness_thresh 0.0000
[ 133887ms] [console.log] [L] ROUND_SCORE -2 web_user web_user
[ 133889ms] [console.log] [L] ROUND_SCORE_TEAM -2 web_user
[ 133891ms] [console.log] [L] NEW_ROUND 2026-09-03 21:09:30 UTC+0200
[ 133969ms] [harness] until SATISFIED: saw 3x <<[L] NEW_ROUND>>
[ 133970ms] [harness] === ROUND-3-MEASURED ===
[ 134052ms] [console.log] [TOUCH] context 2 (menu no, cycle alive) -> STEERING
[ 139982ms] [harness] eval __fps.shot('r3-06s','begin') => "shot begin r3-06s"
[ 140159ms] [harness] screenshot -> docs/evidence/m6-lag/task2-repro/base-r3/r3-06s.png
[ 140175ms] [harness] eval __fps.shot('r3-06s','end') => "shot end r3-06s"
[ 164181ms] [harness] eval __fps.shot('r3-30s','begin') => "shot begin r3-30s"
[ 164327ms] [harness] screenshot -> docs/evidence/m6-lag/task2-repro/base-r3/r3-30s.png
[ 164329ms] [harness] eval __fps.shot('r3-30s','end') => "shot end r3-30s"
[ 184354ms] [harness] eval __fps.shot('r3-50s','begin') => "shot begin r3-50s"
[ 184535ms] [harness] screenshot -> docs/evidence/m6-lag/task2-repro/base-r3/r3-50s.png
[ 184547ms] [harness] eval __fps.shot('r3-50s','end') => "shot end r3-50s"
[ 184547ms] [harness] until 3x <<[L] ROUND_WINNER>> (timeout 260000ms, have 2)
[ 193004ms] [console.log] [L] DEATH_FRAG web_user notepad
[ 193051ms] [console.log] [TOUCH] context 0 (menu no, cycle no) -> TAP=ENTER
[ 194760ms] [console.log] [L] ROUND_WINNER ai_team gdb latex outlook gcc notepad excel word
[ 194828ms] [harness] until SATISFIED: saw 3x <<[L] ROUND_WINNER>>
[ 194828ms] [harness] === MATCH-OVER ===
[ 195989ms] [harness] eval (() => {  /* ONE EXPRESSION, BLOCK COMMENTS ONLY: run-arm.sh strips newlines to make     this a single eval: step (see sampler.js). base-r3 and 6 are     substituted by run-arm.sh. The object this prints after "[PERF] <arm> " is     the schema Tasks 2-4 read; web/tools/perf/README.md documents it. */  const S = window.__fps, n = S.n;  const PAD_BEFORE = 100, PAD_AFTER = 250;  const marks = (p) => S.marks.filter(m => m[1].indexOf(p) === 0);  const nr = marks('[L] NEW_ROUND').map(m => m[0]);  const rw = marks('[L] ROUND_WINNER').map(m => m[0]);  /* The human is the first PLAYER_ENTERED name; the AIs never enter that way.     A DEATH_* line names its victim first, so the human's deaths are the     DEATH_ marks whose first name is that one. */  const pe = marks('[L] PLAYER_ENTERED ');  const human = pe.length ? pe[0][1].split(/\s+/)[2] : 'web_user';  const deaths = S.marks.filter(m => /^\[L\] DEATH_\w+ /.test(m[1]) && m[1].split(/\s+/)[2] === human).map(m => m[0]);  /* Screenshot exclusions: [begin - PAD_BEFORE, end + PAD_AFTER] for every     bracketed shot (sampler.js S.shot); a begin with no end -- the driver died     mid-shot -- excludes two seconds. */  const ex = []; const open = {};  for (const [t, name, edge] of S.shots) {    if (edge === 'begin') open[name] = t;    else if (edge === 'end' && open[name] != null) { ex.push({ a: open[name] - PAD_BEFORE, b: t + PAD_AFTER, name: name, dur: t - open[name] }); delete open[name]; } }  for (const name in open) ex.push({ a: open[name] - PAD_BEFORE, b: open[name] + 2000, name: name, dur: null });  const excluded = (t) => ex.some(e => t >= e.a && t <= e.b);  const q = (a, p) => { if (!a.length) return null; const s = a.slice().sort((x, y) => x - y);    return s[Math.min(s.length - 1, Math.max(0, Math.round(p * (s.length - 1))))]; };  const r2 = (x) => (x == null) ? null : Math.round(x * 100) / 100;  /* A window's statistics use only frames outside every exclusion, and only     deltas between frames that were ADJACENT samples, so a gap that straddles     an exclusion is never counted as a frame time. raw_ms_max ignores the     exclusions on purpose: it is where a screenshot hitch stays visible, so a     reader can see what was excluded and that it did not leak into ms_p50.     Each frame interval t[i]-t[p] (p the previous sample) is also split into     the three parts the sampler timestamps: ms_in_swap = the previous swap     call itself (p50, p90 and max: if glFinish waited for the GPU it would     show here, and the first measured run read 0 in every window -- so the     tail is reported too), ms_to_first_draw = from that     call's return to this frame's first draw call (the emscripten_sleep(0)     yield, input, the simulation, render setup), ms_first_draw_to_swap = from     the first draw call to this frame's swap call (render submission). */  const win = (t0, t1) => {    const ix = []; let dropped = 0, rawMax = 0, prev = -1;    for (let i = 0; i < n; i++) { const t = S.t[i]; if (t < t0 || t > t1) continue;      if (prev >= 0) rawMax = Math.max(rawMax, t - S.t[prev]); prev = i;      if (excluded(t)) dropped++; else ix.push(i); }    const d = [], sw = [], pre = [], ren = []; let dr = 0, by = 0;    for (let k = 1; k < ix.length; k++) if (ix[k] === ix[k - 1] + 1) { const i = ix[k], p = ix[k - 1];      d.push(S.t[i] - S.t[p]); sw.push(S.wait[p]);      if (S.first[i] > 0) { pre.push(S.first[i] - (S.t[p] + S.wait[p])); ren.push(S.t[i] - S.first[i]); } }    for (const i of ix) { dr += S.draws[i]; by += S.bytes[i]; }    const f = ix.length || 1;    let exms = 0; for (const e of ex) exms += Math.max(0, Math.min(t1, e.b) - Math.max(t0, e.a));    const span = Math.max(1, (t1 - t0) - exms);    return { frames: ix.length, frames_excluded: dropped, ms_p50: r2(q(d, .5)), ms_p90: r2(q(d, .9)),             fps: r2(ix.length / (span / 1000)), draws_per_frame: r2(dr / f),             kb_per_frame: r2(by / f / 1024), hitches_over_50ms: d.filter(x => x > 50).length,             raw_ms_max: r2(rawMax), ms_in_swap_p50: r2(q(sw, .5)), ms_in_swap_p90: r2(q(sw, .9)), ms_in_swap_max: r2(q(sw, 1)),             ms_to_first_draw_p50: r2(q(pre, .5)), ms_first_draw_to_swap_p50: r2(q(ren, .5)) }; };  const perSec = (t0, t1) => { const ms = [], dr = [], mx = [], pre = [], ren = [];    for (let k = 0; k * 1000 < t1 - t0; k++) { const w = win(t0 + k * 1000, Math.min(t1, t0 + (k + 1) * 1000));      ms.push(w.ms_p50); dr.push(w.draws_per_frame); mx.push(w.raw_ms_max); pre.push(w.ms_to_first_draw_p50); ren.push(w.ms_first_draw_to_swap_p50); }    return { ms_p50: ms, draws_per_frame: dr, raw_ms_max: mx, ms_to_first_draw_p50: pre, ms_first_draw_to_swap_p50: ren }; };  /* Pre-round frames. For the first half second of game time after a round     starts (gGame.cpp GameLoop, the gtime <= -PREPARE_TIME + .5 branch) the     game clears the screen and swaps WITHOUT calling Render: overlay only, no     arena, a handful of draw calls at a fraction of a world frame's cost.     They sit right after NEW_ROUND and would otherwise fill the early window     with frames that have no geometry in them. They are found by their draw     count: the threshold is halfway between the fewest draws of any frame in     the round's first two seconds (an overlay-only frame) and the median of     its second second (world frames); the measured span starts at the first     frame after the last frame under the threshold. The frame that straddles     NEW_ROUND itself (drawn mostly before it) is above the threshold and is     left out of both. */  const preRound = (t0) => {    const a = [], b = [];    for (let i = 0; i < n; i++) { const t = S.t[i]; if (t < t0) continue; if (t >= t0 + 2000) break; a.push(i); if (t >= t0 + 1000) b.push(S.draws[i]); }    const none = { start: t0, stats: { frames: 0, ms_p50: null, draws_per_frame: null, span_ms: 0, split_at_draws: null } };    if (!a.length) return none;    let lo = Infinity; for (const i of a) lo = Math.min(lo, S.draws[i]);    const med = q(b, .5); if (med == null || !(med > lo)) return none;    const thr = (lo + med) / 2; const ov = a.filter(i => S.draws[i] <= thr);    if (!ov.length) return none;    const last = ov[ov.length - 1]; const d = []; let dr = 0;    for (let k = 1; k < ov.length; k++) if (ov[k] === ov[k - 1] + 1) d.push(S.t[ov[k]] - S.t[ov[k - 1]]);    for (const i of ov) dr += S.draws[i];    return { start: (last + 1 < n) ? S.t[last + 1] : t0,             stats: { frames: ov.length, ms_p50: r2(q(d, .5)), draws_per_frame: r2(dr / ov.length),                      span_ms: r2(S.t[last] - S.t[ov[0]]), split_at_draws: r2(thr) } }; };  const rounds = [];  for (let i = 0; i < Math.min(nr.length, rw.length); i++) {    const t0 = nr[i], t1 = rw[i], len = (t1 - t0) / 1000; if (len < 8) continue;    /* The measured span runs from the first world frame to the human's death       when the human dies before ROUND_WINNER (after it the camera shows an       explosion and the AIs' endgame, which is not what the maintainer       plays), else to ROUND_WINNER. */    const death = deaths.find(t => t > t0 && t < t1); const te = death != null ? death : t1;    const pr = preRound(t0); const ts = pr.start;    const e = win(ts, ts + 5000), l = win(te - 5000, te), all = win(ts, te);    const shots = ex.filter(x => x.a >= t0 && x.a <= t1).map(x => ({ name: x.name, at_s: r2((x.a + PAD_BEFORE - t0) / 1000), dur_ms: r2(x.dur) }));    rounds.push({ round: i + 1, length_s: r2(len),      measured_from_s: r2((ts - t0) / 1000), measured_to_s: r2((te - t0) / 1000),      human_death_s: death != null ? r2((death - t0) / 1000) : null, ends_at: death != null ? 'human_death' : 'round_winner',      pre_round: pr.stats, early_5s: e, late_5s: l,      ratio_ms: e.ms_p50 ? r2(l.ms_p50 / e.ms_p50) : null,      ratio_draws: e.draws_per_frame ? r2(l.draws_per_frame / e.draws_per_frame) : null,      hitches_over_50ms: all.hitches_over_50ms, frames: all.frames, frames_excluded: all.frames_excluded,      raw_ms_max: all.raw_ms_max, shots: shots, per_second: perSec(t0, t1) }); }  return '[PERF] base-r3 ' + JSON.stringify({ arm: 'base-r3', cpu_rate: 6, frames: n, human: human,    swaps: S.swaps, rounds_started: nr.length, rounds_won: rw.length,    shots_bracketed: ex.filter(x => x.dur != null).length, shot_pad_ms: [PAD_BEFORE, PAD_AFTER], rounds });})() => "[PERF] base-r3 {\"arm\":\"base-r3\",\"cpu_rate\":6,\"frames\":11619,\"human\":\"web_user\",\"swaps\":{\"flush\":0,\"finish\":11619},\"rounds_started\":3,\"rounds_won\":3,\"shots_bracketed\":7,\"shot_pad_ms\":[100,250],\"rounds\":[{\"round\":1,\"length_s\":47.48,\"measured_from_s\":0.55,\"measured_to_s\":46.12,\"human_death_s\":46.12,\"ends_at\":\"human_death\",\"pre_round\":{\"frames\":93,\"ms_p50\":5.1,\"draws_per_frame\":18.05,\"span_ms\":470,\"split_at_draws\":39},\"early_5s\":{\"frames\":717,\"frames_excluded\":0,\"ms_p50\":7,\"ms_p90\":7.5,\"fps\":143.4,\"draws_per_frame\":77.33,\"kb_per_frame\":120.82,\"hitches_over_50ms\":0,\"raw_ms_max\":14.8,\"ms_in_swap_p50\":0,\"ms_in_swap_p90\":0,\"ms_in_swap_max\":0.1,\"ms_to_first_draw_p50\":5,\"ms_first_draw_to_swap_p50\":2},\"late_5s\":{\"frames\":256,\"frames_excluded\":0,\"ms_p50\":19.4,\"ms_p90\":21.6,\"fps\":51.2,\"draws_per_frame\":83.36,\"kb_per_frame\":121.11,\"hitches_over_50ms\":0,\"raw_ms_max\":29.6,\"ms_in_swap_p50\":0,\"ms_in_swap_p90\":0,\"ms_in_swap_max\":1.4,\"ms_to_first_draw_p50\":7,\"ms_first_draw_to_swap_p50\":12.2},\"ratio_ms\":2.77,\"ratio_draws\":1.08,\"hitches_over_50ms\":0,\"frames\":3026,\"frames_excluded\":50,\"raw_ms_max\":37.7,\"shots\":[{\"name\":\"r1-after-tutorial-keys\",\"at_s\":7.53,\"dur_ms\":149.6}],\"per_second\":{\"ms_p50\":[5.6,6.5,7.2,7.1,7.2,7.2,6.9,7.1,17.2,17.1,17.1,17.9,17,17.4,16.9,16.7,16.6,16.9,16.5,16.5,16.6,18.2,19,19.6,20.2,19.7,20,22.1,21.7,19.6,19.6,19.3,19.7,19.1,18.3,18.3,18.2,20.7,21.3,18.8,19.2,18.9,18.7,19.5,20.1,19.9,17.3,17.2],\"draws_per_frame\":[36.07,60,78.62,79,91.97,97.07,94.22,94,91.21,91,88.07,87,86.1,86,85.1,85,85,85,85,85,85,85,85,85,85,85,85,85,85,85,85.44,87,83.9,83,83,83,83,83,83,83,83,83,83,83,83,83.98,87.36,87.5],\"raw_ms_max\":[27.2,7.4,8.2,7.9,14.8,11.6,7.9,21.4,21.5,21.5,22.6,20.8,22.2,22,19.3,18.5,19.9,18.5,20.2,19.3,25.5,23.4,25.7,24.7,23.1,24.5,22.9,27,37.7,23.1,22.7,26.1,25,21.9,20.7,20.9,20.5,25,24.7,22.4,22.5,21.5,22.9,23,29.6,26,37.7,19.5],\"ms_to_first_draw_p50\":[4.9,4.9,5,5,5.3,5.3,5.1,5.4,6.2,6.2,6.3,6.6,6.4,6.4,6.3,6.2,6.2,6.3,6.1,6.3,6.3,6.5,6.9,6.9,6.9,6.9,6.8,7.4,7.2,6.7,6.8,6.7,6.8,6.8,6.9,6.6,6.7,6.9,7.3,6.5,6.6,6.7,6.7,6.8,7.1,8,6.7,6.7],\"ms_first_draw_to_swap_p50\":[0.3,1.6,2.2,2.1,2,1.9,1.7,1.8,10.6,10.7,10.9,11.4,10.7,11.1,10.6,10.5,10.3,10.6,10.3,10.2,10.4,11.1,12.2,12.8,13,13,12.8,14.8,14.5,12.6,12.8,12.4,12.6,12.3,11.4,11.4,11.3,13.8,14.2,12.1,12.2,12.2,11.9,12.7,12.8,11.9,10.6,9.9]}},{\"round\":2,\"length_s\":60.86,\"measured_from_s\":0.53,\"measured_to_s\":59.11,\"human_death_s\":59.11,\"ends_at\":\"human_death\",\"pre_round\":{\"frames\":70,\"ms_p50\":6.7,\"draws_per_frame\":16.2,\"span_ms\":471,\"split_at_draws\":46},\"early_5s\":{\"frames\":208,\"frames_excluded\":0,\"ms_p50\":24.3,\"ms_p90\":27.5,\"fps\":41.6,\"draws_per_frame\":95.93,\"kb_per_frame\":180.7,\"hitches_over_50ms\":0,\"raw_ms_max\":31,\"ms_in_swap_p50\":0,\"ms_in_swap_p90\":0.1,\"ms_in_swap_max\":1.4,\"ms_to_first_draw_p50\":6.2,\"ms_first_draw_to_swap_p50\":17.7},\"late_5s\":{\"frames\":173,\"frames_excluded\":0,\"ms_p50\":27,\"ms_p90\":36.2,\"fps\":34.6,\"draws_per_frame\":112.16,\"kb_per_frame\":179.4,\"hitches_over_50ms\":2,\"raw_ms_max\":70.2,\"ms_in_swap_p50\":0,\"ms_in_swap_p90\":0.1,\"ms_in_swap_max\":1.4,\"ms_to_first_draw_p50\":8.9,\"ms_first_draw_to_swap_p50\":17.3},\"ratio_ms\":1.11,\"ratio_draws\":1.17,\"hitches_over_50ms\":9,\"frames\":2197,\"frames_excluded\":61,\"raw_ms_max\":91.9,\"shots\":[{\"name\":\"r2-06s\",\"at_s\":6.1,\"dur_ms\":179.4},{\"name\":\"r2-30s\",\"at_s\":30.3,\"dur_ms\":184.2},{\"name\":\"r2-50s\",\"at_s\":50.51,\"dur_ms\":207.4}],\"per_second\":{\"ms_p50\":[7,21.3,24.4,25,26,25.2,25.2,24.8,27.2,26.1,25.3,24.2,25.7,24.9,25.1,24.9,26.5,26.4,25.3,25.2,25.1,23.9,24.5,24,23.8,24.2,24.7,24.4,24.1,23.7,24,24.1,24.5,24.3,25.1,25.4,24.9,25.9,26,23.2,25.1,23.6,26.2,26.9,23.9,28.6,31.8,30.1,28.2,32.5,30,28,26.6,28.7,28.4,31.6,23.9,26.8,27.2,33.8,34],\"draws_per_frame\":[30.26,75.98,94.1,95,119.34,122.68,118,118,114.43,114,111.38,111,108.38,108,107.13,107,107,107,107,107,107,107,107,107,107,107,107,107,107,107,107,107,107,107,107,107,107,107,107,107,107,107,107,107,107,109,107,107.19,109.97,111,111,111,111,111,111,111,111,111,114.4,156.71,210.33],\"raw_ms_max\":[25.6,25.7,29.4,31,30,28.4,28.8,42.6,33.4,31.3,30.4,32.9,28.5,28.2,33.2,32.1,29.8,29.3,30.5,28.4,28.2,27,28,28.3,34.9,28.9,28,27.6,28.7,30.3,30,26.9,29.3,27.8,28.7,30.9,28.2,29.2,29.9,35.1,42.9,27,31.5,29.8,28.5,91.9,67.8,52.8,39.7,56.9,44.9,37.1,42.6,37.8,40.8,70.2,40.2,40.1,67.7,55.5,47.4],\"ms_to_first_draw_p50\":[5.3,5.7,6,5.8,7.5,7.1,7.4,7.3,7.8,7.5,7.9,7.2,7.5,7.3,7.6,7.6,7.8,7.8,7.4,7.4,7.6,7.1,7.3,7.4,7.2,7.3,7.2,7.3,7.4,7.2,7.5,7.4,7.4,7.4,7.6,7.6,7.4,7.7,7.8,7.1,7.5,7.1,7.7,7.8,7.4,13,14,13.2,11.5,12,11.2,10.8,10.3,10.9,11.1,12.2,7.4,8.1,8.8,15.2,13.4],\"ms_first_draw_to_swap_p50\":[1.5,15.5,18.6,19.1,18.6,17.6,17.9,17.4,19.2,18.4,17.3,17,18.1,17.6,17.5,17.3,18.6,18.6,17.5,17.4,17.9,16.7,17,17,16.2,17,17.1,17,16.6,16.6,16.7,16.8,17.3,16.7,17.7,17.7,17.2,18.3,18.1,16.3,17.3,16.1,18.4,19,16.7,18.2,17.3,16.6,16.5,19.3,17.9,16.6,16.2,17.5,17.3,19.4,16.3,18.2,17,17.8,19.5]}},{\"round\":3,\"length_s\":60.87,\"measured_from_s\":0.54,\"measured_to_s\":59.11,\"human_death_s\":59.11,\"ends_at\":\"human_death\",\"pre_round\":{\"frames\":65,\"ms_p50\":7.4,\"draws_per_frame\":11.06,\"span_ms\":477.5,\"split_at_draws\":41},\"early_5s\":{\"frames\":205,\"frames_excluded\":0,\"ms_p50\":24.1,\"ms_p90\":27.8,\"fps\":41,\"draws_per_frame\":90.31,\"kb_per_frame\":184.02,\"hitches_over_50ms\":0,\"raw_ms_max\":31.8,\"ms_in_swap_p50\":0,\"ms_in_swap_p90\":0.1,\"ms_in_swap_max\":1.3,\"ms_to_first_draw_p50\":6.2,\"ms_first_draw_to_swap_p50\":17.8},\"late_5s\":{\"frames\":188,\"frames_excluded\":0,\"ms_p50\":25.1,\"ms_p90\":31.7,\"fps\":37.6,\"draws_per_frame\":111.46,\"kb_per_frame\":181.59,\"hitches_over_50ms\":0,\"raw_ms_max\":49.2,\"ms_in_swap_p50\":0,\"ms_in_swap_p90\":0,\"ms_in_swap_max\":1.2,\"ms_to_first_draw_p50\":8.5,\"ms_first_draw_to_swap_p50\":16.3},\"ratio_ms\":1.04,\"ratio_draws\":1.23,\"hitches_over_50ms\":8,\"frames\":2300,\"frames_excluded\":60,\"raw_ms_max\":82.9,\"shots\":[{\"name\":\"r3-06s\",\"at_s\":6.09,\"dur_ms\":193.5},{\"name\":\"r3-30s\",\"at_s\":30.29,\"dur_ms\":148.2},{\"name\":\"r3-50s\",\"at_s\":50.46,\"dur_ms\":192.4}],\"per_second\":{\"ms_p50\":[7.7,22.4,24.2,23.6,27.2,26,26,25.3,24.5,23.8,23.6,24,25.7,25.8,22.9,23.1,23.9,26.4,25,24,23.4,23.5,22.9,22.9,23.6,23.4,22.8,22.7,23,23.1,22.1,23.3,22.3,22.1,23.1,22.5,23.3,22.7,22.4,24.3,25.3,25,23.7,22.3,22.9,27,30,29.5,27.6,27.8,27.3,28.6,29.6,28.6,27.7,28.9,25.2,23.6,23.9,27.6,26.1],\"draws_per_frame\":[25.45,70.96,88.56,89,113.36,116.87,111,111,110.05,110,109.07,109,108.08,108,107.09,107,107,107,107,107,107,107,107,107,107,107,107,107,107,107,107,107,107,107,107,107,107,107,107,107,107,107,107,107,107,109.35,107,107,107,107.23,110.53,111,111,111,111,111,111,111,112.66,113.37,114.53],\"raw_ms_max\":[26.9,26.5,28.9,27.9,31.8,29.2,31.8,28.9,28.2,42.4,26.2,28,30.3,28.4,25.4,26.6,27.5,28.4,29.8,26.7,28.2,29.1,25.7,31.6,29.5,27.1,24.6,25.4,27.9,26.4,25.8,29.8,25.1,26,26.6,25.6,27.5,27.6,40.1,28.5,30.3,30.6,27,26.9,25.2,82.9,58.1,53.9,46.4,52.6,35.1,61.8,41.8,48.9,40,38.1,34.7,34.5,49.2,40.2,36.5],\"ms_to_first_draw_p50\":[5.6,5.9,5.9,5.9,7.7,7.3,7.1,7.3,7,7.1,7,7.3,7.5,7.3,6.9,7.2,7.3,7.6,7.5,7.4,7,7.3,7.1,7.2,7.5,7.2,6.9,7.1,7.2,7.1,6.6,7.2,7,6.9,7,7.1,7.2,7,6.8,7,7.4,7.6,7.2,6.8,7,11.9,13,13.1,11.9,11.9,11.7,10.8,11.1,11.2,10.9,11.5,7.8,7.3,8,12,11.2],\"ms_first_draw_to_swap_p50\":[1.8,16.7,18,17.9,19.8,18.5,18.2,17.6,17.2,16.9,16.5,16.4,18.2,17.9,15.7,16.1,16.4,18.7,17.8,16.6,16.1,16.1,16,15.7,16.5,16.3,15.6,15.6,15.9,15.9,15.3,16.3,15.1,15.3,15.8,15.3,16,15.7,15.6,16.8,17.7,17.5,16.6,15.7,15.7,16.6,16.5,16.5,15.4,15.6,16.2,17.4,17.7,17.2,16.8,17.1,16.9,15.9,15.6,15,14.5]}}]}"
