[0] Command HUD_CACHE_THRESHOLD unknown.
[0] 
[L] ENCODING latin1
[0] Bound socket to *.*.*.*:45803.
[0] Bound socket to *.*.*.*:4534.
[0] Setting CYCLE_BRAKE_REFILL (Group: Annoying) deviates from its default value; clients older than 0.2.5.0 may experience problems.
[0] Nobody there. Taking a nap...
[0] Timestamp: 2026/09/10 20:20:41
[0] Closing socket bound to *.*.*.*:4534
[0] Bound socket to *.*.*.*:4534.
[1] Received login from 192.168.215.1:18071 via socket *.*.*.*:4534, network version: 0.2.9_alpha (ID: 17).
[1] New user: 1
[L] PLAYER_ENTERED web_user 192.168.215.1 web_user
[L] TEAM_CREATED web_user
[L] TEAM_PLAYER_ADDED web_user web_user
[1] web_user entered the game.
[L] NEW_ROUND 2026-09-10 20:21:29 UTC
[L] NEW_MATCH 2026-09-10 20:21:29 UTC
[0] Time:     48.2998 seconds
Sent:     7280 bytes in 38 packets (150.725 bytes/s)
Received: 2306 bytes in 33 packets (47.7435 bytes/s)
[0] Timestamp: 2026/09/10 20:21:30
[0] Creating grid...
[0] Ping charity changed from 0 to 278.
[0] done!
[0] Resetting scores...
[0] New Match
[0] Go (round 1 of 10)!
[L] GAME_TIME -3.79478
[L] GAME_TIME -3.54297
[L] GAME_TIME -3.28306
[L] GAME_TIME -3.03008
[0] 3
[L] GAME_TIME -2.77438
[L] GAME_TIME -2.51173
[L] GAME_TIME -2.26127
[L] GAME_TIME -2.00016
[0] 2
[L] GAME_TIME -1.74596
[L] GAME_TIME -1.48755
[L] GAME_TIME -1.22982
[0] 1
[L] GAME_TIME -0.967192
[L] GAME_TIME -0.708169
[L] GAME_TIME -0.453841
[L] GAME_TIME -0.202196
[0] 0
[L] GAME_TIME 0.055458
[L] GAME_TIME 0.307963
[L] GAME_TIME 0.5673
[L] GAME_TIME 0.825268
[L] GAME_TIME 1.08387
[L] GAME_TIME 1.34324
[L] GAME_TIME 1.60533
[L] GAME_TIME 1.85793
[L] GAME_TIME 2.12286
[L] GAME_TIME 2.37755
[L] GAME_TIME 2.62961
[L] GAME_TIME 2.89223
[L] GAME_TIME 3.15307
[L] GAME_TIME 3.40711
[L] GAME_TIME 3.66523
[L] GAME_TIME 3.9185
[L] GAME_TIME 4.18242
[L] GAME_TIME 4.44368
[L] GAME_TIME 4.69492
[L] GAME_TIME 4.95421
[L] GAME_TIME 5.2137
[L] GAME_TIME 5.46625
[L] GAME_TIME 5.71901
[L] GAME_TIME 5.96927
[L] GAME_TIME 6.23011
[L] GAME_TIME 6.48883
[L] GAME_TIME 6.74364
[L] GAME_TIME 7.00545
[L] GAME_TIME 7.25681
[L] GAME_TIME 7.51525
[L] GAME_TIME 7.76711
[L] GAME_TIME 8.0181
[L] GAME_TIME 8.27161
[L] GAME_TIME 8.53358
[L] GAME_TIME 8.78501
[L] GAME_TIME 9.0421
[L] GAME_TIME 9.30087
[L] GAME_TIME 9.56124
[L] GAME_TIME 9.82262
[L] GAME_TIME 10.0857
[L] GAME_TIME 10.3432
[L] GAME_TIME 10.5985
[L] GAME_TIME 10.8595
[L] GAME_TIME 11.1108
[L] GAME_TIME 11.375
[L] GAME_TIME 11.6405
[L] GAME_TIME 11.8976
[L] GAME_TIME 12.1611
[L] GAME_TIME 12.4196
[L] GAME_TIME 12.6781
[L] GAME_TIME 12.9319
[L] GAME_TIME 13.1882
[L] GAME_TIME 13.4417
[L] GAME_TIME 13.6948
[L] GAME_TIME 13.9525
[L] DEATH_SUICIDE web_user
[0] web_user committed suicide and lost 4 points.
[L] GAME_TIME 14.2063
[L] GAME_TIME 14.4696
[L] GAME_TIME 14.7207
[L] GAME_TIME 14.9803
[L] GAME_TIME 15.2335
[L] GAME_TIME 15.4911
[L] GAME_TIME 15.7457
[L] GAME_TIME 15.9998
[L] GAME_TIME 16.2581
[L] GAME_TIME 16.5286
[L] GAME_TIME 16.7925
[L] GAME_TIME 17.0568
[L] GAME_TIME 17.3187
[L] GAME_TIME 17.5744
[L] GAME_TIME 17.8248
[L] GAME_TIME 18.0751
[L] GAME_TIME 18.3277
[L] GAME_TIME 18.578
[L] GAME_TIME 18.8292
[0] Deleting objects...
[0] Deleting grid...
[0] 
[L] ROUND_SCORE -4 web_user web_user
[L] ROUND_SCORE_TEAM -4 web_user
[L] NEW_ROUND 2026-09-10 20:21:53 UTC
[0] Time:     23.81 seconds
Sent:     21034 bytes in 260 packets (883.409 bytes/s)
Received: 10946 bytes in 246 packets (459.722 bytes/s)
[0] Timestamp: 2026/09/10 20:21:53
[0] Creating grid...
[0] Ping charity changed from 278 to 100.
[0] done!
[0] Go (round 2 of 10)!
[L] GAME_TIME -3.79902
[L] GAME_TIME -3.54316
[L] GAME_TIME -3.2787
[L] GAME_TIME -3.01956
[0] 3
[L] GAME_TIME -2.76165
[L] GAME_TIME -2.50161
[L] GAME_TIME -2.24406
[0] 2
[L] GAME_TIME -1.98334
[L] GAME_TIME -1.73325
[L] GAME_TIME -1.4802
[L] GAME_TIME -1.22795
[0] 1
[L] GAME_TIME -0.971167
[L] GAME_TIME -0.707274
[L] GAME_TIME -0.456734
[L] GAME_TIME -0.198349
[0] 0
[L] GAME_TIME 0.062587
[L] GAME_TIME 0.321003
[L] GAME_TIME 0.586935
[L] GAME_TIME 0.841408
[L] GAME_TIME 1.10052
[L] GAME_TIME 1.35488
[L] GAME_TIME 1.61704
[L] GAME_TIME 1.87076
[L] GAME_TIME 2.1223
[L] GAME_TIME 2.37653
[L] GAME_TIME 2.6272
[L] DEATH_SUICIDE web_user
[0] web_user committed suicide and lost 4 points.
[L] GAME_TIME 2.88534
[L] GAME_TIME 3.15076
[L] GAME_TIME 3.40907
[L] GAME_TIME 3.66846
[L] GAME_TIME 3.91853
[L] GAME_TIME 4.17643
[L] GAME_TIME 4.43107
[L] GAME_TIME 4.69042
[L] GAME_TIME 4.94941
[L] GAME_TIME 5.20815
[L] GAME_TIME 5.46866
[L] GAME_TIME 5.73563
[L] GAME_TIME 5.98789
[L] GAME_TIME 6.24982
[L] GAME_TIME 6.50719
[L] GAME_TIME 6.76158
[0] Deleting objects...
[0] Deleting grid...
[0] 
[L] ROUND_SCORE -4 web_user web_user
[L] ROUND_SCORE_TEAM -4 web_user
[L] NEW_ROUND 2026-09-10 20:22:05 UTC
[0] Time:     11.714 seconds
Sent:     8064 bytes in 127 packets (688.41 bytes/s)
Received: 5054 bytes in 113 packets (431.451 bytes/s)
[0] Timestamp: 2026/09/10 20:22:05
[0] Creating grid...
[0] done!
[0] Go (round 3 of 10)!
[L] GAME_TIME -3.80523
[L] GAME_TIME -3.5463
[L] GAME_TIME -3.29302
[L] GAME_TIME -3.03835
[0] 3
[L] GAME_TIME -2.77585
[L] GAME_TIME -2.51279
[L] GAME_TIME -2.2464
[0] 2
[L] GAME_TIME -1.98346
[L] GAME_TIME -1.72968
[L] GAME_TIME -1.47809
[L] GAME_TIME -1.21912
[0] 1
[L] GAME_TIME -0.957856
[L] GAME_TIME -0.695222
[L] GAME_TIME -0.437032
[L] GAME_TIME -0.173639
[0] 0
[L] GAME_TIME 0.087061
[L] GAME_TIME 0.340044
[L] GAME_TIME 0.595235
[L] GAME_TIME 0.855804
[L] GAME_TIME 1.11207
[L] GAME_TIME 1.36568
[L] GAME_TIME 1.62144
[L] GAME_TIME 1.88452
[L] GAME_TIME 2.13867
[L] GAME_TIME 2.39571
[L] GAME_TIME 2.65541
[L] GAME_TIME 2.91048
[L] GAME_TIME 3.16683
[L] DEATH_SUICIDE web_user
[0] web_user committed suicide and lost 4 points.
[L] GAME_TIME 3.42737
[L] GAME_TIME 3.68428
[L] GAME_TIME 3.94001
[L] GAME_TIME 4.1932
[L] GAME_TIME 4.44747
[L] GAME_TIME 4.70162
[L] GAME_TIME 4.95475
[L] GAME_TIME 5.21829
[L] GAME_TIME 5.47389
[L] GAME_TIME 5.72913
[L] GAME_TIME 5.98333
[L] GAME_TIME 6.24735
[L] GAME_TIME 6.50268
[L] GAME_TIME 6.75639
[L] GAME_TIME 7.0144
[L] GAME_TIME 7.27562
[L] GAME_TIME 7.52953
[L] GAME_TIME 7.78732
[0] Deleting objects...
[0] Deleting grid...
[0] 
[L] ROUND_SCORE -4 web_user web_user
[L] ROUND_SCORE_TEAM -4 web_user
[L] NEW_ROUND 2026-09-10 20:22:18 UTC
[0] Time:     12.7066 seconds
Sent:     8522 bytes in 135 packets (670.675 bytes/s)
Received: 5394 bytes in 121 packets (424.504 bytes/s)
[0] Timestamp: 2026/09/10 20:22:18
[0] Creating grid...
[0] done!
[0] Go (round 4 of 10)!
[L] GAME_TIME -3.81142
[L] GAME_TIME -3.55983
[L] GAME_TIME -3.30016
[L] GAME_TIME -3.04451
[0] 3
[L] GAME_TIME -2.79394
[L] GAME_TIME -2.53148
[L] GAME_TIME -2.26952
[L] GAME_TIME -2.00725
[0] 2
[L] GAME_TIME -1.75391
[L] GAME_TIME -1.49489
[L] GAME_TIME -1.24307
[0] 1
[L] GAME_TIME -0.98247
[L] GAME_TIME -0.723124
[L] GAME_TIME -0.463239
[L] GAME_TIME -0.203795
[0] 0
[L] GAME_TIME 0.060782
[L] GAME_TIME 0.323057
[L] GAME_TIME 0.576786
[L] GAME_TIME 0.834376
[L] GAME_TIME 1.08977
[L] GAME_TIME 1.34965
[L] GAME_TIME 1.60753
[L] GAME_TIME 1.86057
[L] GAME_TIME 2.12283
[L] GAME_TIME 2.3733
[L] GAME_TIME 2.62484
[L] GAME_TIME 2.87882
[L] GAME_TIME 3.13526
[L] GAME_TIME 3.39985
[L] GAME_TIME 3.65434
[L] GAME_TIME 3.91171
[L] GAME_TIME 4.16937
[L] GAME_TIME 4.4261
[L] GAME_TIME 4.68464
[L] GAME_TIME 4.94329
[L] GAME_TIME 5.19854
[L] GAME_TIME 5.45813
[L] GAME_TIME 5.71177
[L] GAME_TIME 5.9732
[L] GAME_TIME 6.22601
[L] GAME_TIME 6.48786
[L] GAME_TIME 6.74226
[L] GAME_TIME 7.00321
[L] GAME_TIME 7.2627
[L] GAME_TIME 7.51476
[L] GAME_TIME 7.77696
[L] GAME_TIME 8.03037
[L] GAME_TIME 8.29384
[L] GAME_TIME 8.54547
[L] GAME_TIME 8.8088
[L] GAME_TIME 9.06499
[L] GAME_TIME 9.32601
[L] GAME_TIME 9.58164
[L] DEATH_SUICIDE web_user
[0] web_user committed suicide and lost 4 points.
[L] GAME_TIME 9.83602
[L] GAME_TIME 10.0996
[L] GAME_TIME 10.364
[L] GAME_TIME 10.6159
[L] GAME_TIME 10.8682
[L] GAME_TIME 11.125
[L] GAME_TIME 11.3823
[L] GAME_TIME 11.6371
[L] GAME_TIME 11.8952
[L] GAME_TIME 12.1591
[L] GAME_TIME 12.4163
[L] GAME_TIME 12.6666
[L] GAME_TIME 12.9217
[L] GAME_TIME 13.1783
[L] GAME_TIME 13.436
[L] GAME_TIME 13.6923
[0] Deleting objects...
[0] Deleting grid...
[0] 
[L] ROUND_SCORE -4 web_user web_user
[L] ROUND_SCORE_TEAM -4 web_user
[L] NEW_ROUND 2026-09-10 20:22:36 UTC
[0] Time:     18.7373 seconds
Sent:     15726 bytes in 202 packets (839.289 bytes/s)
Received: 8408 bytes in 191 packets (448.731 bytes/s)
[0] Timestamp: 2026/09/10 20:22:37
[0] Creating grid...
[0] done!
[0] Go (round 5 of 10)!
[L] GAME_TIME -3.81051
[L] GAME_TIME -3.55366
[L] GAME_TIME -3.30041
[L] GAME_TIME -3.03409
[0] 3
[L] GAME_TIME -2.77813
[L] GAME_TIME -2.51755
[L] GAME_TIME -2.26486
[L] GAME_TIME -2.00505
[0] 2
[L] GAME_TIME -1.75455
[L] GAME_TIME -1.50224
[L] GAME_TIME -1.24817
[0] 1
[L] GAME_TIME -0.991436
[L] GAME_TIME -0.735631
[L] GAME_TIME -0.47841
[L] GAME_TIME -0.226421
[0] 0
[L] GAME_TIME 0.03383
[L] GAME_TIME 0.290414
[L] GAME_TIME 0.541562
[L] GAME_TIME 0.792204
[L] GAME_TIME 1.04328
[L] GAME_TIME 1.29329
[L] GAME_TIME 1.55055
[L] GAME_TIME 1.80661
[L] GAME_TIME 2.0632
[L] GAME_TIME 2.3161
[L] GAME_TIME 2.57774
[L] GAME_TIME 2.84052
[L] GAME_TIME 3.09296
[L] GAME_TIME 3.35478
[L] GAME_TIME 3.60729
[L] GAME_TIME 3.86585
[L] GAME_TIME 4.1256
[L] GAME_TIME 4.38834
[L] GAME_TIME 4.64842
[L] DEATH_SUICIDE web_user
[0] web_user committed suicide and lost 4 points.
[L] GAME_TIME 4.90516
[L] GAME_TIME 5.15806
[L] GAME_TIME 5.41246
[L] GAME_TIME 5.66715
[L] GAME_TIME 5.92993
[L] GAME_TIME 6.1893
[L] GAME_TIME 6.4412
[L] GAME_TIME 6.70494
[L] GAME_TIME 6.97043
[L] GAME_TIME 7.22194
[L] GAME_TIME 7.48124
[L] GAME_TIME 7.74446
[L] GAME_TIME 8.00207
[L] GAME_TIME 8.26255
[L] GAME_TIME 8.51362
[L] GAME_TIME 8.76725
[0] Deleting objects...
[0] Deleting grid...
[0] 
[L] ROUND_SCORE -4 web_user web_user
[L] ROUND_SCORE_TEAM -4 web_user
[L] NEW_ROUND 2026-09-10 20:22:50 UTC
[0] Time:     13.7097 seconds
Sent:     9992 bytes in 148 packets (728.827 bytes/s)
Received: 6102 bytes in 138 packets (445.086 bytes/s)
[0] Timestamp: 2026/09/10 20:22:50
[0] Creating grid...
[0] done!
[0] Go (round 6 of 10)!
[L] GAME_TIME -3.8156
[L] GAME_TIME -3.55393
[L] GAME_TIME -3.3015
[L] GAME_TIME -3.04152
[0] 3
[L] GAME_TIME -2.78185
[L] GAME_TIME -2.5316
[L] GAME_TIME -2.27782
[L] GAME_TIME -2.02437
[0] 2
[L] GAME_TIME -1.76368
[L] GAME_TIME -1.50653
[L] GAME_TIME -1.24567
[0] 1
[L] GAME_TIME -0.990592
[L] GAME_TIME -0.734601
[L] GAME_TIME -0.480937
[L] GAME_TIME -0.217754
[0] 0
[L] GAME_TIME 0.042618
[L] GAME_TIME 0.306298
[L] GAME_TIME 0.556683
[L] GAME_TIME 0.815452
[L] GAME_TIME 1.07008
[L] GAME_TIME 1.32183
[L] GAME_TIME 1.57471
[L] GAME_TIME 1.83255
[L] GAME_TIME 2.0899
[L] GAME_TIME 2.34922
[L] GAME_TIME 2.60473
[L] GAME_TIME 2.86562
[L] GAME_TIME 3.1238
[L] GAME_TIME 3.37981
[L] GAME_TIME 3.6328
[L] GAME_TIME 3.89451
[L] GAME_TIME 4.15304
[L] GAME_TIME 4.40521
[L] GAME_TIME 4.66547
[L] GAME_TIME 4.91913
[L] GAME_TIME 5.1751
[L] GAME_TIME 5.43606
[L] GAME_TIME 5.69602
[L] GAME_TIME 5.95769
[L] GAME_TIME 6.21786
[L] GAME_TIME 6.47297
[L] GAME_TIME 6.73407
[L] GAME_TIME 6.98585
[L] GAME_TIME 7.23612
[L] GAME_TIME 7.50093
[L] GAME_TIME 7.76305
[L] GAME_TIME 8.01632
[L] GAME_TIME 8.27573
[L] GAME_TIME 8.53362
[L] GAME_TIME 8.78746
[L] GAME_TIME 9.04185
[L] GAME_TIME 9.30248
[L] GAME_TIME 9.55342
[L] GAME_TIME 9.80882
[L] GAME_TIME 10.0656
[L] GAME_TIME 10.3207
[L] GAME_TIME 10.576
[L] GAME_TIME 10.8345
[L] GAME_TIME 11.0965
[L] GAME_TIME 11.3512
[L] GAME_TIME 11.6121
[L] GAME_TIME 11.8687
[L] GAME_TIME 12.1213
[L] GAME_TIME 12.3757
[L] GAME_TIME 12.6386
[L] GAME_TIME 12.8932
[L] GAME_TIME 13.1545
[L] GAME_TIME 13.405
[L] GAME_TIME 13.6604
[L] GAME_TIME 13.9245
[L] GAME_TIME 14.1812
[L] GAME_TIME 14.436
[L] GAME_TIME 14.6951
[L] GAME_TIME 14.9533
[L] GAME_TIME 15.2104
[L] GAME_TIME 15.4629
[L] GAME_TIME 15.7222
[L] GAME_TIME 15.9833
[L] GAME_TIME 16.2396
[L] GAME_TIME 16.5
[L] GAME_TIME 16.7554
[L] GAME_TIME 17.0154
[L] GAME_TIME 17.2682
[L] GAME_TIME 17.5303
[L] GAME_TIME 17.7897
[L] GAME_TIME 18.0524
[L] GAME_TIME 18.3028
[L] GAME_TIME 18.5589
[L] GAME_TIME 18.8188
[L] GAME_TIME 19.0772
[L] GAME_TIME 19.3318
[L] GAME_TIME 19.5876
[L] GAME_TIME 19.8404
[L] GAME_TIME 20.1078
[L] GAME_TIME 20.3733
[L] GAME_TIME 20.6282
[L] GAME_TIME 20.8842
[L] GAME_TIME 21.1438
[L] GAME_TIME 21.4049
[L] GAME_TIME 21.665
[L] DEATH_SUICIDE web_user
[0] web_user committed suicide and lost 4 points.
[L] GAME_TIME 21.9238
[L] GAME_TIME 22.1801
[L] GAME_TIME 22.4393
[L] GAME_TIME 22.6901
[L] GAME_TIME 22.9507
[L] GAME_TIME 23.204
[L] GAME_TIME 23.465
[L] GAME_TIME 23.7188
[L] GAME_TIME 23.9708
[L] GAME_TIME 24.2333
[L] GAME_TIME 24.4898
[L] GAME_TIME 24.7424
[L] GAME_TIME 25.0041
[L] GAME_TIME 25.2606
[L] GAME_TIME 25.515
[L] GAME_TIME 25.7651
[0] Deleting objects...
[0] Deleting grid...
[0] 
[L] ROUND_SCORE -4 web_user web_user
[L] ROUND_SCORE_TEAM -4 web_user
[L] NEW_ROUND 2026-09-10 20:23:21 UTC
[0] Time:     30.8223 seconds
Sent:     27568 bytes in 331 packets (894.417 bytes/s)
Received: 14288 bytes in 325 packets (463.56 bytes/s)
[0] Timestamp: 2026/09/10 20:23:21
[0] Creating grid...
[0] done!
[0] Go (round 7 of 10)!
[L] GAME_TIME -3.81714
[L] GAME_TIME -3.55473
[L] GAME_TIME -3.29696
[L] GAME_TIME -3.04426
[0] 3
[L] GAME_TIME -2.78518
[L] GAME_TIME -2.52009
[L] GAME_TIME -2.26538
[L] GAME_TIME -2.00001
[0] 2
[L] GAME_TIME -1.7485
[L] GAME_TIME -1.49423
[L] GAME_TIME -1.23904
[0] 1
[L] GAME_TIME -0.976193
[L] GAME_TIME -0.726031
[L] GAME_TIME -0.46753
[L] GAME_TIME -0.213115
[0] 0
[L] GAME_TIME 0.040461
[L] GAME_TIME 0.298878
[L] GAME_TIME 0.549762
[L] GAME_TIME 0.813815
[L] GAME_TIME 1.07286
[L] GAME_TIME 1.3296
[L] GAME_TIME 1.59071
[L] GAME_TIME 1.85034
[L] GAME_TIME 2.11076
[L] GAME_TIME 2.36172
[L] GAME_TIME 2.61829
[L] GAME_TIME 2.87677
[L] GAME_TIME 3.13614
[L] GAME_TIME 3.39316
[L] GAME_TIME 3.64415
[L] GAME_TIME 3.90631
[L] GAME_TIME 4.16003
[L] DEATH_SUICIDE web_user
[0] web_user committed suicide and lost 4 points.
[L] GAME_TIME 4.41901
[L] GAME_TIME 4.67501
[L] GAME_TIME 4.93296
[L] GAME_TIME 5.19681
[L] GAME_TIME 5.44793
[L] GAME_TIME 5.69891
[L] GAME_TIME 5.96056
[L] GAME_TIME 6.22437
[L] GAME_TIME 6.48458
[L] GAME_TIME 6.73681
[L] GAME_TIME 6.99999
[L] GAME_TIME 7.254
[L] GAME_TIME 7.50576
[L] GAME_TIME 7.76938
[L] GAME_TIME 8.01972
[L] GAME_TIME 8.27568
[L] GAME_TIME 8.52756
[L] GAME_TIME 8.78568
[0] Deleting objects...
[0] Deleting grid...
[0] 
[L] ROUND_SCORE -4 web_user web_user
[L] ROUND_SCORE_TEAM -4 web_user
[L] NEW_ROUND 2026-09-10 20:23:35 UTC
[0] Time:     13.7149 seconds
Sent:     9284 bytes in 140 packets (676.929 bytes/s)
Received: 5650 bytes in 127 packets (411.962 bytes/s)
[0] Timestamp: 2026/09/10 20:23:35
[0] Creating grid...
[0] done!
[0] Go (round 8 of 10)!
[L] GAME_TIME -3.80466
[L] GAME_TIME -3.54551
[L] GAME_TIME -3.29521
[L] GAME_TIME -3.03771
[0] 3
[L] GAME_TIME -2.78161
[L] GAME_TIME -2.52874
[L] GAME_TIME -2.26694
[L] GAME_TIME -2.00464
[0] 2
[L] GAME_TIME -1.74053
[L] GAME_TIME -1.48893
[L] GAME_TIME -1.22574
[0] 1
[L] GAME_TIME -0.969002
[L] GAME_TIME -0.71698
[L] GAME_TIME -0.462969
[L] GAME_TIME -0.197994
[0] 0
[L] GAME_TIME 0.0593
[L] GAME_TIME 0.317581
[L] GAME_TIME 0.580397
[L] GAME_TIME 0.839986
[L] GAME_TIME 1.09687
[L] GAME_TIME 1.35742
[L] GAME_TIME 1.61418
[L] GAME_TIME 1.86878
[L] GAME_TIME 2.12836
[L] GAME_TIME 2.38786
[L] GAME_TIME 2.63965
[L] GAME_TIME 2.89978
[L] GAME_TIME 3.15548
[L] GAME_TIME 3.40923
[L] GAME_TIME 3.67269
[L] GAME_TIME 3.93098
[L] GAME_TIME 4.18523
[L] GAME_TIME 4.43852
[L] GAME_TIME 4.69836
[L] GAME_TIME 4.95821
[L] GAME_TIME 5.2195
[L] DEATH_SUICIDE web_user
[0] web_user committed suicide and lost 4 points.
[L] GAME_TIME 5.48446
[L] GAME_TIME 5.74282
[L] GAME_TIME 5.9962
[L] GAME_TIME 6.25689
[L] GAME_TIME 6.51753
[L] GAME_TIME 6.76824
[L] GAME_TIME 7.03283
[L] GAME_TIME 7.28884
[L] GAME_TIME 7.5481
[L] GAME_TIME 7.80895
[L] GAME_TIME 8.07072
[L] GAME_TIME 8.32352
[L] GAME_TIME 8.57481
[L] GAME_TIME 8.8373
[L] GAME_TIME 9.09124
[L] GAME_TIME 9.35157
[L] GAME_TIME 9.60958
[L] GAME_TIME 9.86489
[0] Deleting objects...
[0] Deleting grid...
[0] 
[L] ROUND_SCORE -4 web_user web_user
[L] ROUND_SCORE_TEAM -4 web_user
[L] NEW_ROUND 2026-09-10 20:23:49 UTC
[0] Time:     14.764 seconds
Sent:     10178 bytes in 150 packets (689.38 bytes/s)
Received: 6134 bytes in 138 packets (415.47 bytes/s)
[0] Timestamp: 2026/09/10 20:23:50
[0] Creating grid...
[0] done!
[0] Go (round 9 of 10)!
[L] GAME_TIME -3.81019
[L] GAME_TIME -3.55433
[L] GAME_TIME -3.29044
[L] GAME_TIME -3.03547
[0] 3
[L] GAME_TIME -2.78316
[L] GAME_TIME -2.53232
[L] GAME_TIME -2.27549
[L] GAME_TIME -2.02117
[0] 2
[L] GAME_TIME -1.75471
[L] GAME_TIME -1.49249
[L] GAME_TIME -1.23556
[0] 1
[L] GAME_TIME -0.984295
[L] GAME_TIME -0.732517
[L] GAME_TIME -0.476149
[L] GAME_TIME -0.21406
[0] 0
[L] GAME_TIME 0.037267
[L] GAME_TIME 0.292114
[L] GAME_TIME 0.544246
[L] GAME_TIME 0.806409
[L] GAME_TIME 1.06271
[L] GAME_TIME 1.3277
[L] GAME_TIME 1.58055
[L] GAME_TIME 1.83809
[L] GAME_TIME 2.09501
[L] GAME_TIME 2.34547
[L] GAME_TIME 2.60782
[L] GAME_TIME 2.86169
[L] GAME_TIME 3.12428
[L] GAME_TIME 3.37607
[L] GAME_TIME 3.62683
[L] DEATH_SUICIDE web_user
[0] web_user committed suicide and lost 4 points.
[L] GAME_TIME 3.89086
[L] GAME_TIME 4.14198
[L] GAME_TIME 4.39353
[L] GAME_TIME 4.64518
[L] GAME_TIME 4.89745
[L] GAME_TIME 5.16159
[L] GAME_TIME 5.41842
[L] GAME_TIME 5.68196
[L] GAME_TIME 5.93402
[L] GAME_TIME 6.19027
[L] GAME_TIME 6.44356
[L] GAME_TIME 6.69802
[L] GAME_TIME 6.95786
[L] GAME_TIME 7.21696
[L] GAME_TIME 7.48165
[L] GAME_TIME 7.74119
[0] Deleting objects...
[0] Deleting grid...
[0] 
[L] ROUND_SCORE -4 web_user web_user
[L] ROUND_SCORE_TEAM -4 web_user
[L] NEW_ROUND 2026-09-10 20:24:02 UTC
[0] Time:     12.7241 seconds
Sent:     8880 bytes in 136 packets (697.886 bytes/s)
Received: 5480 bytes in 123 packets (430.678 bytes/s)
[0] Timestamp: 2026/09/10 20:24:02
[0] Creating grid...
[0] done!
[0] Go (round 10 of 10)!
[L] GAME_TIME -3.80723
[L] GAME_TIME -3.55412
[L] GAME_TIME -3.30077
[L] GAME_TIME -3.04747
[0] 3
[L] GAME_TIME -2.79347
[L] GAME_TIME -2.5413
[L] GAME_TIME -2.28059
[L] GAME_TIME -2.02226
[0] 2
[L] GAME_TIME -1.75745
[L] GAME_TIME -1.49067
[L] GAME_TIME -1.23507
[0] 1
[L] GAME_TIME -0.97023
[L] GAME_TIME -0.709925
[L] GAME_TIME -0.448403
[L] GAME_TIME -0.19617
[0] 0
[L] GAME_TIME 0.058158
[L] GAME_TIME 0.318335
[L] GAME_TIME 0.577601
[L] GAME_TIME 0.831085
[L] GAME_TIME 1.08328
[L] GAME_TIME 1.33644
[L] GAME_TIME 1.58898
[L] GAME_TIME 1.84491
[L] GAME_TIME 2.10522
[L] GAME_TIME 2.36865
[L] GAME_TIME 2.62452
[L] GAME_TIME 2.88492
[L] GAME_TIME 3.14154
[L] GAME_TIME 3.39332
[L] GAME_TIME 3.65314
[L] GAME_TIME 3.9064
[L] GAME_TIME 4.17086
[L] GAME_TIME 4.43239
[L] GAME_TIME 4.69491
[L] GAME_TIME 4.95009
[L] GAME_TIME 5.20929
[L] GAME_TIME 5.47138
[L] GAME_TIME 5.72982
[L] GAME_TIME 5.98083
[L] GAME_TIME 6.23414
[L] GAME_TIME 6.48528
[L] GAME_TIME 6.74401
[L] GAME_TIME 7.00041
[L] GAME_TIME 7.25901
[L] GAME_TIME 7.51958
[L] GAME_TIME 7.77367
[L] GAME_TIME 8.03268
[L] GAME_TIME 8.28764
[L] GAME_TIME 8.54819
[L] GAME_TIME 8.81155
[L] GAME_TIME 9.07665
[L] GAME_TIME 9.33756
[L] GAME_TIME 9.59045
[L] GAME_TIME 9.8542
[L] DEATH_SUICIDE web_user
[0] web_user committed suicide and lost 4 points.
[L] GAME_TIME 10.1045
[L] GAME_TIME 10.3555
[L] GAME_TIME 10.608
[L] GAME_TIME 10.8634
[L] GAME_TIME 11.1289
[L] GAME_TIME 11.3847
[L] GAME_TIME 11.6418
[L] GAME_TIME 11.8973
[L] GAME_TIME 12.1596
[L] GAME_TIME 12.4203
[L] GAME_TIME 12.6775
[L] GAME_TIME 12.9368
[L] GAME_TIME 13.1988
[L] GAME_TIME 13.4611
[L] GAME_TIME 13.7213
[L] GAME_TIME 13.9734
[L] GAME_TIME 14.2254
[L] GAME_TIME 14.484
[L] GAME_TIME 14.7482
[L] GAME_TIME 15.003
[L] GAME_TIME 15.2552
[L] GAME_TIME 15.5079
[L] GAME_TIME 15.7695
[0] Match Winner: web_user
[L] MATCH_WINNER web_user web_user
[0] Overall Winner: web_user after 10 rounds.
[L] GAME_TIME 16.0275
[L] GAME_TIME 16.2836
[L] GAME_TIME 16.5473
[L] GAME_TIME 16.8094
[L] GAME_TIME 17.0748
[L] GAME_TIME 17.3375
[L] GAME_TIME 17.5948
[L] GAME_TIME 17.8474
[L] GAME_TIME 18.1088
[L] GAME_TIME 18.3718
[L] GAME_TIME 18.6287
[L] GAME_TIME 18.8792
[L] GAME_TIME 19.142
[L] GAME_TIME 19.3944
[L] GAME_TIME 19.6591
[L] GAME_TIME 19.9121
[L] GAME_TIME 20.1718
[L] GAME_TIME 20.4332
[L] GAME_TIME 20.6886
[L] GAME_TIME 20.9411
[L] GAME_TIME 21.1912
[L] GAME_TIME 21.4433
[L] GAME_TIME 21.7065
[L] GAME_TIME 21.9682
[L] GAME_TIME 22.2235
[L] GAME_TIME 22.476
[L] GAME_TIME 22.7299
[L] GAME_TIME 22.9922
[0] Deleting objects...
[0] Deleting grid...
[0] 
[L] ROUND_SCORE -4 web_user web_user
[L] ROUND_SCORE_TEAM -4 web_user
[L] NEW_ROUND 2026-09-10 20:24:30 UTC
[L] NEW_MATCH 2026-09-10 20:24:30 UTC
[0] Time:     27.8258 seconds
Sent:     16328 bytes in 217 packets (586.793 bytes/s)
Received: 8826 bytes in 200 packets (317.187 bytes/s)
[0] Timestamp: 2026/09/10 20:24:30
[0] Creating grid...
[0] done!
[0] Resetting scores...
[0] New Match
[0] Go (round 1 of 10)!
[L] GAME_TIME -3.79161
[L] GAME_TIME -3.52988
[L] GAME_TIME -3.26645
[L] GAME_TIME -3.01069
[0] 3
[L] GAME_TIME -2.75788
[L] GAME_TIME -2.5064
[L] GAME_TIME -2.24621
[0] 2
[L] GAME_TIME -1.98388
[L] GAME_TIME -1.73356
[L] GAME_TIME -1.48217
[L] GAME_TIME -1.21863
[0] 1
[L] GAME_TIME -0.96197
[L] GAME_TIME -0.711004
[L] GAME_TIME -0.45367
[L] GAME_TIME -0.197155
[0] 0
[L] GAME_TIME 0.054652
[L] GAME_TIME 0.316295
[L] GAME_TIME 0.572247
[L] GAME_TIME 0.831915
[L] GAME_TIME 1.08339
[L] GAME_TIME 1.33827
[L] GAME_TIME 1.58967
