[    578ms] [harness] mobile emulation: 915x350 CSS px dpr 3 (= 2745x1050 device px), touch on
[    580ms] [harness] chrome: Chrome/152.0.7977.75
[    580ms] [harness] navigating to http://localhost:8000/armagetronad.html?dpr=1
[     39ms] [console.log] [DISPLAY] at load: viewport 915x350 dpr 1 (?dpr override) -> canvas 915x350 aspect 2.6143 gpu-axis-limit 16384
[     39ms] [console.log] [TOUCH] enabled=true (media query -> true) maxTouchPoints=5
[     40ms] [console.log] [TOUCH] orientation portrait=false (sized for portrait: false, boot held: false)
[     45ms] [console.error] WARNING: using emscripten GL emulation. This is a collection of limited workarounds, do not expect it to work.
[     45ms] [console.error] WARNING: using emscripten GL emulation unsafe opts. If weirdness happens, try -sGL_UNSAFE_OPTS=0
[     58ms] [page] load event fired
[     66ms] [browser.error/network] Failed to load resource: the server responded with a status of 404 (File not found)   <- http://localhost:8000/favicon.ico
[    109ms] [console.log] [PERSIST] populate ok in 35ms
[    304ms] [console.log] [PERSIST] runtime initialized, starting the game
[    305ms] [console.log] [CAMERA] camera distance x0.5 written to /data/webdefaults/autoexec.cfg before main()
[    305ms] [console.log] [BOOT] autostart: calling main
[    308ms] [console.error] Error: Error in tString GeneratePrefix() in src/tools/tDirectories.cpp:1380 : 
[    308ms] [console.error]  	Relocation error. The binary was supposed to be installed into /usr/local/bin and found itself in . and could not find out what this means for the prefix /usr/local.
[    308ms] [console.error] 
[    308ms] [console.log] Warning in void FindConfigurationPath() in src/tools/tDirectories.cpp:1465 : 
[    309ms] [console.log]  	Could not determine path to configuration files. Using defaults or command line arguments.
[    309ms] [console.log] 
[    431ms] [console.log] [L] ENCODING latin1
[    438ms] [console.log] Trying to start sound. Just restart Armagetron Advanced in case of crash.
[    439ms] [console.log] [SND] device opened: 22050 Hz, 2 ch, 16-bit, 1024 frames/callback (46.4 ms per callback, SOUND_BUFFER_SHIFT 1)
[    458ms] [console.error] WARNING: using emscripten GL immediate mode emulation. This is very limited in what it supports
[    461ms] [console.error] TODO: glShadeModel
[    464ms] [browser.warning/rendering] Canvas2D: Multiple readback operations using getImageData are faster with the willReadFrequently attribute set to true. See: https://html.spec.whatwg.org/multipage/canvas.html#concept-canvas-will-read-frequently   <- http://localhost:8000/armagetronad.js
[    498ms] [browser.warning/other] The AudioContext was not allowed to start. It must be resumed (or created) after a user gesture on the page. https://developer.chrome.com/blog/autoplay/#web_audio   <- http://localhost:8000/armagetronad.js
[    498ms] [browser.warning/other] The AudioContext was not allowed to start. It must be resumed (or created) after a user gesture on the page. https://developer.chrome.com/blog/autoplay/#web_audio   <- http://localhost:8000/armagetronad.js
[    498ms] [browser.warning/other] The AudioContext was not allowed to start. It must be resumed (or created) after a user gesture on the page. https://developer.chrome.com/blog/autoplay/#web_audio   <- http://localhost:8000/armagetronad.js
[    498ms] [browser.warning/other] The AudioContext was not allowed to start. It must be resumed (or created) after a user gesture on the page. https://developer.chrome.com/blog/autoplay/#web_audio   <- http://localhost:8000/armagetronad.js
[    499ms] [browser.warning/other] The AudioContext was not allowed to start. It must be resumed (or created) after a user gesture on the page. https://developer.chrome.com/blog/autoplay/#web_audio   <- http://localhost:8000/armagetronad.js
[   1023ms] [harness] eval (()=>{if(window.__fps)return 'already installed';const S={t:new Float64Array(400000),n:0,marks:[],gl:[],polls:0};window.__fps=S;const wrap=(C)=>{if(!C)return;for(const m of ['flush','finish']){const o=C.prototype[m];if(!o)continue;C.prototype[m]=function(){if(S.n<S.t.length)S.t[S.n++]=performance.now();if(S.n%30===0){S.polls++;const e=this.getError();if(e){S.gl.push([S.n,e]);if(S.gl.length<=20)console.error('[GLERR] frame '+S.n+' glGetError=0x'+e.toString(16));}}return o.apply(this,arguments);};}};wrap(window.WebGLRenderingContext);wrap(window.WebGL2RenderingContext);const cl=console.log.bind(console);console.log=function(){const s=(arguments.length&&typeof arguments[0]==='string')?arguments[0]:'';if(s.indexOf('[L] ')===0)S.marks.push([performance.now(),s]);return cl.apply(null,arguments);};return 'frame sampler armed: glFlush+glFinish counted, glGetError polled every 30th frame, [L] lines timestamped'})() => "frame sampler armed: glFlush+glFinish counted, glGetError polled every 30th frame, [L] lines timestamped"
[   1024ms] [harness] until 1x <<[BOOT] autostart>> (timeout 90000ms, have 1)
[   1024ms] [harness] until SATISFIED: saw 1x <<[BOOT] autostart>>
[   1026ms] [harness] eval (()=>{const c=document.getElementById('canvas');return 'canvas '+c.width+'x'+c.height+' screen '+screen.width+'x'+screen.height+' dpr '+devicePixelRatio})() => "canvas 915x350 screen 915x350 dpr 3"
[   7198ms] [harness] screenshot -> docs/evidence/phone-feedback/dpr/dpr1/01-language-menu.png
[   7230ms] [console.log] [PERSISTSAVE] menu-leave n=1
[   7231ms] [harness] key Enter (1/1)
[  10570ms] [console.log] [PERSISTSAVE] menu-leave n=2
[  10572ms] [harness] key Escape (1/1)
[  15017ms] [harness] screenshot -> docs/evidence/phone-feedback/dpr/dpr1/02-welcome-message.png
[  15030ms] [console.log] [L] PLAYER_ENTERED web_user  web_user
[  15032ms] [console.log] [L] TEAM_CREATED web_user
[  15032ms] [console.log] [L] TEAM_PLAYER_ADDED web_user web_user
[  15034ms] [console.log] [WAV] loaded /data/sound/expl.wav: 11937 bytes, 8-bit mono @ 11025 Hz (fopen misses so far: 1)
[  15035ms] [console.log] [L] ROUND_SCORE_TEAM 0 web_user
[  15036ms] [console.log] [L] NEW_ROUND 2026-09-03 13:25:30 UTC+0200
[  15052ms] [console.log] [L] TEAM_CREATED ai_team
[  15052ms] [console.log] [L] TEAM_PLAYER_ADDED ai_team word
[  15052ms] [console.log] [L] TEAM_PLAYER_ADDED ai_team excel
[  15052ms] [console.log] [L] TEAM_PLAYER_ADDED ai_team notepad
[  15053ms] [console.log] [WAV] loaded /data/sound/cyclrun.wav: 40403 bytes, 8-bit mono @ 22050 Hz (fopen misses so far: 2)
[  15072ms] [harness] key Enter (1/1)
[  15075ms] [console.log] [WAV] loaded /data/sound/expl.wav: 11937 bytes, 8-bit mono @ 11025 Hz (fopen misses so far: 2)
[  15076ms] [console.log] [WAV] retiring a voice on moviesounds/intro.wav: loaded but zero samples
[  15076ms] [console.log] [SND] live voices peaked at 9 (SOUND_SOURCES 10, loudness_thresh 0.0000)
[  15337ms] [browser.error/network] Failed to load resource: the server responded with a status of 404 (File not found)   <- http://localhost:8000/favicon.ico
[  15375ms] [harness] until 1x <<[L] NEW_ROUND>> (timeout 60000ms, have 1)
[  15375ms] [harness] until SATISFIED: saw 1x <<[L] NEW_ROUND>>
[  15375ms] [harness] === ROUND-1-STARTED ===
[  21094ms] [harness] screenshot -> docs/evidence/phone-feedback/dpr/dpr1/03-round1-driving.png
[  21096ms] [console.log] [WAV] loaded /data/sound/expl.wav: 11937 bytes, 8-bit mono @ 11025 Hz (fopen misses so far: 3)
[  21127ms] [harness] key Left (1/1)
[  22667ms] [harness] key Right (1/1)
[  22969ms] [harness] until 1x <<[L] ROUND_WINNER>> (timeout 150000ms, have 0)
[  23315ms] [console.log] [L] DEATH_FRAG web_user word
[  23316ms] [console.log] [WAV] loaded /data/sound/expl.wav: 11937 bytes, 8-bit mono @ 11025 Hz (fopen misses so far: 4)
[  25181ms] [console.log] [L] ROUND_WINNER ai_team notepad excel word
[  25190ms] [harness] until SATISFIED: saw 1x <<[L] ROUND_WINNER>>
[  25190ms] [harness] === ROUND-1-COMPLETE ===
[  25384ms] [harness] screenshot -> docs/evidence/phone-feedback/dpr/dpr1/04-round1-ended.png
[  25388ms] [harness] eval (()=>{const S=window.__fps;if(!S)return 'no sampler';const all=Array.prototype.slice.call(S.t.subarray(0,S.n));const nr=S.marks.filter(m=>m[1].indexOf('[L] NEW_ROUND')===0).map(m=>m[0]);const rw=S.marks.filter(m=>m[1].indexOf('[L] ROUND_WINNER')===0).map(m=>m[0]);const q=(a,p)=>{if(!a.length)return null;const s=a.slice().sort((x,y)=>x-y);return s[Math.min(s.length-1,Math.max(0,Math.round(p*(s.length-1))))]};const r2=(x)=>(x===null||x===undefined)?null:Math.round(x*100)/100;const f=(v)=>(v&&v>0)?Math.round(100000/v)/100:null;const stats=(t0,t1)=>{const w=all.filter(x=>x>=t0&&x<=t1);const d=[];for(let i=1;i<w.length;i++)d.push(w[i]-w[i-1]);const sec={};for(const x of w){const k=Math.floor((x-t0)/1000);sec[k]=(sec[k]||0)+1}const span=(t1-t0)/1000;const nb=Math.floor(span);const per=[];for(let k=0;k<nb;k++)per.push(sec[k]||0);return{span_s:r2(span),frames:w.length,mean_fps:span>0?r2(w.length/span):null,frame_ms:{p50:r2(q(d,0.5)),p90:r2(q(d,0.9)),p99:r2(q(d,0.99)),max:r2(q(d,1))},inst_fps:{median:f(q(d,0.5)),p10:f(q(d,0.9)),p01:f(q(d,0.99)),min:f(q(d,1))},fps_per_second:per,fps_per_second_min:per.length?Math.min.apply(null,per):null,fps_per_second_median:q(per,0.5)}};const out={total_frames_sampled:S.n,rounds_started:nr.length,rounds_won:rw.length};const n=Math.min(nr.length,rw.length);if(n>0){out.overall=stats(nr[0],rw[n-1]);out.per_round=[];for(let i=0;i<n;i++)out.per_round.push(stats(nr[i],rw[i]))}return JSON.stringify(out)})() => "{\"total_frames_sampled\":1459,\"rounds_started\":1,\"rounds_won\":1,\"overall\":{\"span_s\":10.15,\"frames\":606,\"mean_fps\":59.73,\"frame_ms\":{\"p50\":16.7,\"p90\":17.9,\"p99\":19,\"max\":45.2},\"inst_fps\":{\"median\":59.88,\"p10\":55.87,\"p01\":52.63,\"min\":22.12},\"fps_per_second\":[58,60,60,60,60,60,60,60,60,60],\"fps_per_second_min\":58,\"fps_per_second_median\":60},\"per_round\":[{\"span_s\":10.15,\"frames\":606,\"mean_fps\":59.73,\"frame_ms\":{\"p50\":16.7,\"p90\":17.9,\"p99\":19,\"max\":45.2},\"inst_fps\":{\"median\":59.88,\"p10\":55.87,\"p01\":52.63,\"min\":22.12},\"fps_per_second\":[58,60,60,60,60,60,60,60,60,60],\"fps_per_second_min\":58,\"fps_per_second_median\":60}]}"
