[    659ms] [harness] mobile emulation: 915x412 CSS px dpr 3 (= 2745x1236 device px), touch on
[    660ms] [harness] chrome: Chrome/152.0.7977.75
[    661ms] [harness] navigating to http://localhost:8000/armagetronad.html
[     37ms] [console.log] [DISPLAY] at load: viewport 915x412 dpr 3 -> canvas 2745x1236 aspect 2.2209 gpu-axis-limit 16384
[     38ms] [console.log] [TOUCH] enabled=true (media query -> true) maxTouchPoints=5
[     38ms] [console.log] [TOUCH] context 0 (menu no, cycle no) -> TAP=ENTER
[     39ms] [console.log] [TOUCH] orientation portrait=false (sized for portrait: false, boot held: false)
[     45ms] [console.error] WARNING: using emscripten GL emulation. This is a collection of limited workarounds, do not expect it to work.
[     45ms] [console.error] WARNING: using emscripten GL emulation unsafe opts. If weirdness happens, try -sGL_UNSAFE_OPTS=0
[     47ms] [console.log] [TOUCH] orientation portrait=false (sized for portrait: false, boot held: false)
[     49ms] [page] load event fired
[     54ms] [browser.error/network] Failed to load resource: the server responded with a status of 404 (File not found)   <- http://localhost:8000/favicon.ico
[    103ms] [console.log] [PERSIST] populate ok in 37ms
[    283ms] [console.log] [PERSIST] runtime initialized, starting the game
[    284ms] [console.log] [CAMERA] camera distance x0.5 written to /data/webdefaults/autoexec.cfg before main()
[    284ms] [console.log] [BOOT] autostart: calling main
[    287ms] [console.error] Error: Error in tString GeneratePrefix() in src/tools/tDirectories.cpp:1380 : 
[    287ms] [console.error]  	Relocation error. The binary was supposed to be installed into /usr/local/bin and found itself in . and could not find out what this means for the prefix /usr/local.
[    287ms] [console.error] 
[    288ms] [console.log] Warning in void FindConfigurationPath() in src/tools/tDirectories.cpp:1465 : 
[    288ms] [console.log]  	Could not determine path to configuration files. Using defaults or command line arguments.
[    288ms] [console.log] 
[    411ms] [console.log] [L] ENCODING latin1
[    419ms] [console.log] Trying to start sound. Just restart Armagetron Advanced in case of crash.
[    420ms] [console.log] [SND] device opened: 22050 Hz, 2 ch, 16-bit, 1024 frames/callback (46.4 ms per callback, SOUND_BUFFER_SHIFT 1)
[    438ms] [console.error] WARNING: using emscripten GL immediate mode emulation. This is very limited in what it supports
[    441ms] [console.error] TODO: glShadeModel
[    444ms] [browser.warning/rendering] Canvas2D: Multiple readback operations using getImageData are faster with the willReadFrequently attribute set to true. See: https://html.spec.whatwg.org/multipage/canvas.html#concept-canvas-will-read-frequently   <- http://localhost:8000/armagetronad.js
[    479ms] [browser.warning/other] The AudioContext was not allowed to start. It must be resumed (or created) after a user gesture on the page. https://developer.chrome.com/blog/autoplay/#web_audio   <- http://localhost:8000/armagetronad.js
[    480ms] [browser.warning/other] The AudioContext was not allowed to start. It must be resumed (or created) after a user gesture on the page. https://developer.chrome.com/blog/autoplay/#web_audio   <- http://localhost:8000/armagetronad.js
[    480ms] [browser.warning/other] The AudioContext was not allowed to start. It must be resumed (or created) after a user gesture on the page. https://developer.chrome.com/blog/autoplay/#web_audio   <- http://localhost:8000/armagetronad.js
[    480ms] [browser.warning/other] The AudioContext was not allowed to start. It must be resumed (or created) after a user gesture on the page. https://developer.chrome.com/blog/autoplay/#web_audio   <- http://localhost:8000/armagetronad.js
[    481ms] [browser.warning/other] The AudioContext was not allowed to start. It must be resumed (or created) after a user gesture on the page. https://developer.chrome.com/blog/autoplay/#web_audio   <- http://localhost:8000/armagetronad.js
[    543ms] [console.log] [TOUCH] context 1 (menu yes, cycle no) -> TAP=ENTER
[   1017ms] [harness] eval (()=>{if(window.__fps)return 'already installed';const S={t:new Float64Array(400000),n:0,marks:[],gl:[],polls:0};window.__fps=S;const wrap=(C)=>{if(!C)return;for(const m of ['flush','finish']){const o=C.prototype[m];if(!o)continue;C.prototype[m]=function(){if(S.n<S.t.length)S.t[S.n++]=performance.now();if(S.n%30===0){S.polls++;const e=this.getError();if(e){S.gl.push([S.n,e]);if(S.gl.length<=20)console.error('[GLERR] frame '+S.n+' glGetError=0x'+e.toString(16));}}return o.apply(this,arguments);};}};wrap(window.WebGLRenderingContext);wrap(window.WebGL2RenderingContext);const cl=console.log.bind(console);console.log=function(){const s=(arguments.length&&typeof arguments[0]==='string')?arguments[0]:'';if(s.indexOf('[L] ')===0)S.marks.push([performance.now(),s]);return cl.apply(null,arguments);};return 'frame sampler armed: glFlush+glFinish counted, glGetError polled every 30th frame, [L] lines timestamped'})() => "frame sampler armed: glFlush+glFinish counted, glGetError polled every 30th frame, [L] lines timestamped"
[   1020ms] [harness] eval (()=>{const S={};S.rd=(p)=>{try{return Module.FS.readFile(p,{encoding:'utf8'})}catch(e){return null}};S.line=(t,k)=>{if(t===null)return null;const m=t.split('\n').find(l=>{const s=l.trim();return s.indexOf(k)===0&&/\s/.test(s.charAt(k.length))});return m?m.trim().slice(k.length).trim().replace(/\s+/g,' '):null};S.save=()=>{try{Module._aa_web_save_config();return 'saved'}catch(e){return 'SAVE FAILED: '+e}};S.box=(id)=>{const e=document.getElementById(id);if(!e)return 'missing';const r=e.getBoundingClientRect();return Math.round(r.width)+'x'+Math.round(r.height)+'@'+Math.round(r.left)+','+Math.round(r.top)};S.dump=(phase)=>{const sv=S.save();const c=S.rd('/persist/var/user.cfg');const cv=document.getElementById('canvas');const ctx=window.AA_INPUT_CONTEXT?window.AA_INPUT_CONTEXT():null;console.log('[TOUCHGATE] '+JSON.stringify({phase:phase,save:sv,ctx:ctx,ctx_menu:ctx===null?null:!!(ctx&1),ctx_cycle:ctx===null?null:!!(ctx&2),driving_class:document.getElementById('touch').classList.contains('aa-driving'),box_tapzone:S.box('tapzone'),box_tzleft:S.box('tz-left'),box_tzright:S.box('tz-right'),box_escbtn:S.box('escbtn'),box_touchpad:S.box('touchpad'),canvas_w:cv.width,canvas_h:cv.height,mpx:Math.round(cv.width*cv.height/1e4)/100,css_w:Math.round(cv.getBoundingClientRect().width),css_h:Math.round(cv.getBoundingClientRect().height),inner:window.innerWidth+'x'+window.innerHeight,dpr:window.devicePixelRatio,touch_hidden:document.getElementById('touch').hidden,rotate_hidden:document.getElementById('rotate').hidden,chip_hidden:document.getElementById('reloadchip').hidden,maxTouchPoints:navigator.maxTouchPoints,coarse:window.matchMedia('(hover: none) and (pointer: coarse)').matches,tip_left:S.line(c,'CYCLE_TURN_LEFT_TOOLTIP'),tip_right:S.line(c,'CYCLE_TURN_RIGHT_TOOLTIP')}));return phase};window.__tg=S;return 'probe installed'})() => "probe installed"
[   1021ms] [harness] until 1x <<[BOOT] autostart>> (timeout 90000ms, have 1)
[   1021ms] [harness] until SATISFIED: saw 1x <<[BOOT] autostart>>
[   1021ms] [harness] === GAME-STARTED ===
[  10030ms] [console.log] [PERSISTSAVE] js-backstop n=1
[  10031ms] [console.log] [TOUCHGATE] {"phase":"landscape-at-language-menu","save":"saved","ctx":1,"ctx_menu":true,"ctx_cycle":false,"driving_class":false,"box_tapzone":"915x412@0,0","box_tzleft":"0x0@0,0","box_tzright":"0x0@0,0","box_escbtn":"54x46@10,10","box_touchpad":"128x59@394,0","canvas_w":2745,"canvas_h":1236,"mpx":3.39,"css_w":915,"css_h":412,"inner":"915x412","dpr":3,"touch_hidden":false,"rotate_hidden":true,"chip_hidden":true,"maxTouchPoints":5,"coarse":true,"tip_left":"0 2 1 1 1","tip_right":"0 3 1 1 1"}
[  10032ms] [harness] eval window.__tg.dump('landscape-at-language-menu') => "landscape-at-language-menu"
[  10126ms] [harness] screenshot -> docs/evidence/phone-round2/touch/gate-chrome/00-language-menu-with-touch-controls.png
[  10127ms] [harness] eval (()=>{const t=document.getElementById('touch');const z=['tz-left','tz-right'].map(i=>document.getElementById(i).getBoundingClientRect());const p=document.getElementById('tapzone').getBoundingClientRect();const ctx=window.AA_INPUT_CONTEXT();return '[TOUCHGATE] T2b menu-side collision check '+JSON.stringify({ctx:ctx,driving_class:t.classList.contains('aa-driving'),turn_zones_have_no_box:z.every(r=>r.width===0&&r.height===0),tap_layer_area:Math.round(p.width*p.height),PASS:!t.classList.contains('aa-driving')&&z.every(r=>r.width===0&&r.height===0)&&p.width>0})})() => "[TOUCHGATE] T2b menu-side collision check {\"ctx\":1,\"driving_class\":false,\"turn_zones_have_no_box\":true,\"tap_layer_area\":376980,\"PASS\":true}"
[  10127ms] [harness] === TAP-ENTER-ACCEPTS-LANGUAGE ===
[  10132ms] [browser.warning/other] The AudioContext was not allowed to start. It must be resumed (or created) after a user gesture on the page. https://developer.chrome.com/blog/autoplay/#web_audio   <- http://localhost:8000/armagetronad.js
[  10196ms] [harness] tap #tapzone at 458,206 (1/1)
[  10208ms] [console.log] [PERSISTSAVE] menu-leave n=2
[  10499ms] [harness] until 1x <<[PERSISTSAVE] menu-leave>> (timeout 30000ms, have 1)
[  10500ms] [harness] until SATISFIED: saw 1x <<[PERSISTSAVE] menu-leave>>
[  13101ms] [harness] screenshot -> docs/evidence/phone-round2/touch/gate-chrome/01-first-setup-reached-by-tapping.png
[  13101ms] [harness] === TAP-ENTER-ACCEPTS-FIRST-SETUP ===
[  13165ms] [harness] tap #tapzone at 458,206 (1/1)
[  13176ms] [console.log] [PERSISTSAVE] menu-leave n=3
[  13291ms] [console.log] [TOUCH] context 0 (menu no, cycle no) -> TAP=ENTER
[  13467ms] [harness] until 2x <<[PERSISTSAVE] menu-leave>> (timeout 30000ms, have 2)
[  13467ms] [harness] until SATISFIED: saw 2x <<[PERSISTSAVE] menu-leave>>
[  16555ms] [harness] screenshot -> docs/evidence/phone-round2/touch/gate-chrome/02-welcome-message-reached-by-tapping.png
[  16555ms] [harness] === TAP-ENTER-DISMISSES-WELCOME ===
[  16630ms] [console.log] [L] PLAYER_ENTERED web_user  web_user
[  16632ms] [console.log] [L] TEAM_CREATED web_user
[  16632ms] [console.log] [L] TEAM_PLAYER_ADDED web_user web_user
[  16634ms] [console.log] [WAV] loaded /data/sound/expl.wav: 11937 bytes, 8-bit mono @ 11025 Hz (fopen misses so far: 1)
[  16636ms] [console.log] [L] ROUND_SCORE_TEAM 0 web_user
[  16636ms] [console.log] [L] NEW_ROUND 2026-09-03 14:49:20 UTC+0200
[  16653ms] [console.log] [L] TEAM_CREATED ai_team
[  16654ms] [console.log] [L] TEAM_PLAYER_ADDED ai_team word
[  16654ms] [console.log] [L] TEAM_PLAYER_ADDED ai_team excel
[  16654ms] [console.log] [L] TEAM_PLAYER_ADDED ai_team notepad
[  16655ms] [console.log] [WAV] loaded /data/sound/cyclrun.wav: 40403 bytes, 8-bit mono @ 22050 Hz (fopen misses so far: 2)
[  16675ms] [harness] tap #tapzone at 458,206 (1/1)
[  16678ms] [console.log] [WAV] loaded /data/sound/expl.wav: 11937 bytes, 8-bit mono @ 11025 Hz (fopen misses so far: 2)
[  16678ms] [console.log] [WAV] retiring a voice on moviesounds/intro.wav: loaded but zero samples
[  16678ms] [console.log] [SND] live voices peaked at 9 (SOUND_SOURCES 10, loudness_thresh 0.0000)
[  16787ms] [console.log] [TOUCH] context 2 (menu no, cycle alive) -> STEERING
[  16935ms] [browser.error/network] Failed to load resource: the server responded with a status of 404 (File not found)   <- http://localhost:8000/favicon.ico
[  18976ms] [harness] until 1x <<[L] NEW_ROUND>> (timeout 90000ms, have 1)
[  18977ms] [harness] until SATISFIED: saw 1x <<[L] NEW_ROUND>>
[  18977ms] [harness] === ROUND-1-STARTED-WITHOUT-A-SINGLE-KEYSTROKE ===
[  21186ms] [harness] screenshot -> docs/evidence/phone-round2/touch/gate-chrome/03-round1-driving.png
[  21189ms] [console.log] [PERSISTSAVE] js-backstop n=4
[  21190ms] [console.log] [TOUCHGATE] {"phase":"round1-before-steering","save":"saved","ctx":2,"ctx_menu":false,"ctx_cycle":true,"driving_class":true,"box_tapzone":"0x0@0,0","box_tzleft":"480x412@0,0","box_tzright":"480x412@435,0","box_escbtn":"54x46@10,10","box_touchpad":"0x0@0,0","canvas_w":2745,"canvas_h":1236,"mpx":3.39,"css_w":915,"css_h":412,"inner":"915x412","dpr":3,"touch_hidden":false,"rotate_hidden":true,"chip_hidden":true,"maxTouchPoints":5,"coarse":true,"tip_left":"0 2 1 1 1","tip_right":"0 3 1 1 1"}
[  21190ms] [harness] eval window.__tg.dump('round1-before-steering') => "round1-before-steering"
[  21192ms] [harness] eval (()=>{const t=document.getElementById('touch');const p=document.getElementById('tapzone').getBoundingClientRect();const z=['tz-left','tz-right'].map(i=>document.getElementById(i).getBoundingClientRect());const ctx=window.AA_INPUT_CONTEXT();return '[TOUCHGATE] T3b round-side collision check '+JSON.stringify({ctx:ctx,driving_class:t.classList.contains('aa-driving'),tap_layer_has_no_box:p.width===0&&p.height===0,turn_zone_areas:z.map(r=>Math.round(r.width*r.height)),PASS:t.classList.contains('aa-driving')&&p.width===0&&p.height===0&&z.every(r=>r.width>0)})})() => "[TOUCHGATE] T3b round-side collision check {\"ctx\":2,\"driving_class\":true,\"tap_layer_has_no_box\":true,\"turn_zone_areas\":[197915,197915],\"PASS\":true}"
[  21192ms] [harness] === TAP-LEFT-HALF ===
[  21261ms] [harness] tap #tz-left at 240,206 (1/3)
[  21266ms] [console.log] [WAV] loaded /data/sound/expl.wav: 11937 bytes, 8-bit mono @ 11025 Hz (fopen misses so far: 3)
[  21628ms] [harness] tap #tz-left at 240,206 (2/3)
[  21995ms] [harness] tap #tz-left at 240,206 (3/3)
[  22643ms] [console.log] [L] DEATH_SUICIDE web_user
[  22645ms] [console.log] [WAV] loaded /data/sound/expl.wav: 11937 bytes, 8-bit mono @ 11025 Hz (fopen misses so far: 4)
[  22793ms] [console.log] [TOUCH] context 0 (menu no, cycle no) -> TAP=ENTER
[  23356ms] [harness] screenshot -> docs/evidence/phone-round2/touch/gate-chrome/04-after-tapping-left-half.png
[  23362ms] [console.log] [PERSISTSAVE] js-backstop n=5
[  23362ms] [console.log] [TOUCHGATE] {"phase":"after-tapping-left-half","save":"saved","ctx":0,"ctx_menu":false,"ctx_cycle":false,"driving_class":false,"box_tapzone":"915x412@0,0","box_tzleft":"0x0@0,0","box_tzright":"0x0@0,0","box_escbtn":"54x46@10,10","box_touchpad":"128x59@394,0","canvas_w":2745,"canvas_h":1236,"mpx":3.39,"css_w":915,"css_h":412,"inner":"915x412","dpr":3,"touch_hidden":false,"rotate_hidden":true,"chip_hidden":true,"maxTouchPoints":5,"coarse":true,"tip_left":"0 0 1 1 1","tip_right":"0 3 1 1 1"}
[  23362ms] [harness] eval window.__tg.dump('after-tapping-left-half') => "after-tapping-left-half"
[  23362ms] [harness] === TAP-RIGHT-HALF ===
[  23432ms] [harness] tap #tz-right at 0,0 (1/4)
[  23541ms] [console.log] [TOUCH] context 1 (menu yes, cycle no) -> TAP=ENTER
[  23802ms] [console.log] [L] ROUND_WINNER ai_team notepad excel word
[  23803ms] [harness] tap #tz-right at 0,0 (2/4)
[  23809ms] [console.log] [PERSISTSAVE] menu-leave n=6
[  24044ms] [console.log] [TOUCH] context 0 (menu no, cycle no) -> TAP=ENTER
[  24177ms] [harness] tap #tz-right at 0,0 (3/4)
[  24294ms] [console.log] [TOUCH] context 1 (menu yes, cycle no) -> TAP=ENTER
[  24550ms] [harness] tap #tz-right at 0,0 (4/4)
[  24557ms] [console.log] [PERSISTSAVE] menu-leave n=7
[  24792ms] [console.log] [TOUCH] context 0 (menu no, cycle no) -> TAP=ENTER
[  25875ms] [harness] screenshot -> docs/evidence/phone-round2/touch/gate-chrome/05-after-tapping-right-half.png
[  25879ms] [console.log] [PERSISTSAVE] js-backstop n=8
[  25879ms] [console.log] [TOUCHGATE] {"phase":"after-tapping-right-half","save":"saved","ctx":0,"ctx_menu":false,"ctx_cycle":false,"driving_class":false,"box_tapzone":"915x412@0,0","box_tzleft":"0x0@0,0","box_tzright":"0x0@0,0","box_escbtn":"54x46@10,10","box_touchpad":"128x59@394,0","canvas_w":2745,"canvas_h":1236,"mpx":3.39,"css_w":915,"css_h":412,"inner":"915x412","dpr":3,"touch_hidden":false,"rotate_hidden":true,"chip_hidden":true,"maxTouchPoints":5,"coarse":true,"tip_left":"0 0 1 1 1","tip_right":"0 3 1 1 1"}
[  25879ms] [harness] eval window.__tg.dump('after-tapping-right-half') => "after-tapping-right-half"
[  25880ms] [harness] until 2x <<[L] NEW_ROUND>> (timeout 150000ms, have 1)
[  27842ms] [console.log] [L] ROUND_SCORE -4 web_user web_user
[  27842ms] [console.log] [L] ROUND_SCORE_TEAM -4 web_user
[  27842ms] [console.log] [L] NEW_ROUND 2026-09-03 14:49:31 UTC+0200
[  27845ms] [console.log] [L] TEAM_PLAYER_REMOVED ai_team notepad
[  27845ms] [console.log] [L] TEAM_PLAYER_ADDED ai_team outlook
[  27899ms] [harness] until SATISFIED: saw 2x <<[L] NEW_ROUND>>
[  27900ms] [harness] === ROUND-2-STARTED ===
[  28039ms] [console.log] [TOUCH] context 2 (menu no, cycle alive) -> STEERING
[  29965ms] [harness] tap #tz-left at 240,206 (1/3)
[  30333ms] [harness] tap #tz-left at 240,206 (2/3)
[  30709ms] [harness] tap #tz-left at 240,206 (3/3)
[  31787ms] [harness] tap #tz-right at 675,206 (1/4)
[  32159ms] [harness] tap #tz-right at 675,206 (2/4)
[  32539ms] [harness] tap #tz-right at 675,206 (3/4)
[  32905ms] [harness] tap #tz-right at 675,206 (4/4)
[  34269ms] [harness] screenshot -> docs/evidence/phone-round2/touch/gate-chrome/06-after-round2-taps.png
[  34273ms] [console.log] [PERSISTSAVE] js-backstop n=9
[  34274ms] [console.log] [TOUCHGATE] {"phase":"after-round2-taps","save":"saved","ctx":2,"ctx_menu":false,"ctx_cycle":true,"driving_class":true,"box_tapzone":"0x0@0,0","box_tzleft":"480x412@0,0","box_tzright":"480x412@435,0","box_escbtn":"54x46@10,10","box_touchpad":"0x0@0,0","canvas_w":2745,"canvas_h":1236,"mpx":3.39,"css_w":915,"css_h":412,"inner":"915x412","dpr":3,"touch_hidden":false,"rotate_hidden":true,"chip_hidden":true,"maxTouchPoints":5,"coarse":true,"tip_left":"0 0 1 1 1","tip_right":"0 0 1 1 1"}
[  34274ms] [harness] eval window.__tg.dump('after-round2-taps') => "after-round2-taps"
[  34274ms] [harness] until 3x <<[L] NEW_ROUND>> (timeout 150000ms, have 2)
[  36559ms] [console.log] [L] DEATH_SUICIDE web_user
[  36793ms] [console.log] [TOUCH] context 0 (menu no, cycle no) -> TAP=ENTER
[  37975ms] [console.log] [L] ROUND_WINNER ai_team outlook excel word
[  42060ms] [console.log] [L] ROUND_SCORE -4 web_user web_user
[  42061ms] [console.log] [L] ROUND_SCORE_TEAM -4 web_user
[  42061ms] [console.log] [L] NEW_ROUND 2026-09-03 14:49:45 UTC+0200
[  42084ms] [harness] until SATISFIED: saw 3x <<[L] NEW_ROUND>>
[  42084ms] [harness] === ROUND-3-STARTED-RIGHT-TAPS-ONLY ===
[  42292ms] [console.log] [TOUCH] context 2 (menu no, cycle alive) -> STEERING
[  44155ms] [harness] tap #tz-right at 675,206 (1/2)
[  44526ms] [harness] tap #tz-right at 675,206 (2/2)
[  45608ms] [harness] tap #tz-right at 675,206 (1/2)
[  45993ms] [harness] tap #tz-right at 675,206 (2/2)
[  47329ms] [harness] screenshot -> docs/evidence/phone-round2/touch/gate-chrome/06b-after-round3-right-taps.png
[  47333ms] [console.log] [PERSISTSAVE] js-backstop n=10
[  47333ms] [console.log] [TOUCHGATE] {"phase":"after-round3-right-taps","save":"saved","ctx":2,"ctx_menu":false,"ctx_cycle":true,"driving_class":true,"box_tapzone":"0x0@0,0","box_tzleft":"480x412@0,0","box_tzright":"480x412@435,0","box_escbtn":"54x46@10,10","box_touchpad":"0x0@0,0","canvas_w":2745,"canvas_h":1236,"mpx":3.39,"css_w":915,"css_h":412,"inner":"915x412","dpr":3,"touch_hidden":false,"rotate_hidden":true,"chip_hidden":true,"maxTouchPoints":5,"coarse":true,"tip_left":"0 0 1 1 1","tip_right":"0 0 1 1 1"}
[  47334ms] [harness] eval window.__tg.dump('after-round3-right-taps') => "after-round3-right-taps"
[  47334ms] [harness] until 1x <<[L] ROUND_WINNER>> (timeout 150000ms, have 2)
[  47334ms] [harness] until SATISFIED: saw 2x <<[L] ROUND_WINNER>>
[  47334ms] [harness] === ROTATE-TO-PORTRAIT ===
[  47337ms] [harness] metrics -> 412x915 dpr 3
[  47337ms] [console.log] [TOUCH] orientation portrait=true (sized for portrait: false, boot held: false)
[  47341ms] [console.log] [TOUCH] orientation portrait=true (sized for portrait: false, boot held: false)
[  48914ms] [harness] screenshot -> docs/evidence/phone-round2/touch/gate-chrome/07-portrait-shows-rotate-prompt.png
[  48914ms] [console.log] [L] DEATH_FRAG web_user excel
[  48918ms] [console.log] [PERSISTSAVE] js-backstop n=11
[  48918ms] [console.log] [TOUCHGATE] {"phase":"rotated-to-portrait","save":"saved","ctx":0,"ctx_menu":false,"ctx_cycle":false,"driving_class":true,"box_tapzone":"0x0@0,0","box_tzleft":"216x915@0,0","box_tzright":"216x915@196,0","box_escbtn":"54x46@10,10","box_touchpad":"0x0@0,0","canvas_w":2745,"canvas_h":1236,"mpx":3.39,"css_w":412,"css_h":186,"inner":"412x915","dpr":3,"touch_hidden":false,"rotate_hidden":false,"chip_hidden":false,"maxTouchPoints":5,"coarse":true,"tip_left":"0 0 1 1 1","tip_right":"0 0 1 1 1"}
[  48918ms] [harness] eval window.__tg.dump('rotated-to-portrait') => "rotated-to-portrait"
[  48918ms] [harness] === ROTATE-BACK-TO-LANDSCAPE ===
[  48920ms] [harness] metrics -> 915x412 dpr 3
[  48929ms] [console.log] [TOUCH] orientation portrait=false (sized for portrait: false, boot held: false)
[  48929ms] [console.log] [TOUCH] orientation portrait=false (sized for portrait: false, boot held: false)
[  49043ms] [console.log] [TOUCH] context 0 (menu no, cycle no) -> TAP=ENTER
[  50241ms] [console.log] [L] ROUND_WINNER ai_team outlook excel word
[  50666ms] [harness] screenshot -> docs/evidence/phone-round2/touch/gate-chrome/08-back-in-landscape.png
[  50670ms] [console.log] [PERSISTSAVE] js-backstop n=12
[  50670ms] [console.log] [TOUCHGATE] {"phase":"rotated-back-to-landscape","save":"saved","ctx":0,"ctx_menu":false,"ctx_cycle":false,"driving_class":false,"box_tapzone":"915x412@0,0","box_tzleft":"0x0@0,0","box_tzright":"0x0@0,0","box_escbtn":"54x46@10,10","box_touchpad":"128x59@394,0","canvas_w":2745,"canvas_h":1236,"mpx":3.39,"css_w":915,"css_h":412,"inner":"915x412","dpr":3,"touch_hidden":false,"rotate_hidden":true,"chip_hidden":true,"maxTouchPoints":5,"coarse":true,"tip_left":"0 0 1 1 1","tip_right":"0 0 1 1 1"}
[  50670ms] [harness] eval window.__tg.dump('rotated-back-to-landscape') => "rotated-back-to-landscape"
[  50670ms] [harness] === FRAME-RATE ===
[  50679ms] [harness] eval (()=>{const S=window.__fps;if(!S)return 'no sampler';const all=Array.prototype.slice.call(S.t.subarray(0,S.n));const nr=S.marks.filter(m=>m[1].indexOf('[L] NEW_ROUND')===0).map(m=>m[0]);const rw=S.marks.filter(m=>m[1].indexOf('[L] ROUND_WINNER')===0).map(m=>m[0]);const q=(a,p)=>{if(!a.length)return null;const s=a.slice().sort((x,y)=>x-y);return s[Math.min(s.length-1,Math.max(0,Math.round(p*(s.length-1))))]};const r2=(x)=>(x===null||x===undefined)?null:Math.round(x*100)/100;const f=(v)=>(v&&v>0)?Math.round(100000/v)/100:null;const stats=(t0,t1)=>{const w=all.filter(x=>x>=t0&&x<=t1);const d=[];for(let i=1;i<w.length;i++)d.push(w[i]-w[i-1]);const sec={};for(const x of w){const k=Math.floor((x-t0)/1000);sec[k]=(sec[k]||0)+1}const span=(t1-t0)/1000;const nb=Math.floor(span);const per=[];for(let k=0;k<nb;k++)per.push(sec[k]||0);return{span_s:r2(span),frames:w.length,mean_fps:span>0?r2(w.length/span):null,frame_ms:{p50:r2(q(d,0.5)),p90:r2(q(d,0.9)),p99:r2(q(d,0.99)),max:r2(q(d,1))},inst_fps:{median:f(q(d,0.5)),p10:f(q(d,0.9)),p01:f(q(d,0.99)),min:f(q(d,1))},fps_per_second:per,fps_per_second_min:per.length?Math.min.apply(null,per):null,fps_per_second_median:q(per,0.5)}};const out={total_frames_sampled:S.n,rounds_started:nr.length,rounds_won:rw.length,gl_errors:S.gl.length,gl_polls:S.polls};const n=Math.min(nr.length,rw.length);if(n>0){out.overall=stats(nr[0],rw[n-1]);out.per_round=[];for(let i=0;i<n;i++)out.per_round.push(stats(nr[i],rw[i]))}return JSON.stringify(out)})() => "{\"total_frames_sampled\":2910,\"rounds_started\":3,\"rounds_won\":3,\"gl_errors\":0,\"gl_polls\":97,\"overall\":{\"span_s\":33.6,\"frames\":1956,\"mean_fps\":58.21,\"frame_ms\":{\"p50\":16.7,\"p90\":18.3,\"p99\":23.6,\"max\":85},\"inst_fps\":{\"median\":59.88,\"p10\":54.64,\"p01\":42.37,\"min\":11.76},\"fps_per_second\":[58,60,60,60,54,57,57,51,60,60,60,60,60,54,57,50,56,60,60,60,60,60,60,60,60,60,60,53,57,56,60,60,60],\"fps_per_second_min\":50,\"fps_per_second_median\":60},\"per_round\":[{\"span_s\":7.16,\"frames\":412,\"mean_fps\":57.5,\"frame_ms\":{\"p50\":16.7,\"p90\":18.2,\"p99\":34.9,\"max\":77.9},\"inst_fps\":{\"median\":59.88,\"p10\":54.95,\"p01\":28.65,\"min\":12.84},\"fps_per_second\":[58,60,60,60,54,57,57],\"fps_per_second_min\":54,\"fps_per_second_median\":58},{\"span_s\":10.13,\"frames\":585,\"mean_fps\":57.73,\"frame_ms\":{\"p50\":16.7,\"p90\":18.1,\"p99\":67.8,\"max\":85},\"inst_fps\":{\"median\":59.88,\"p10\":55.25,\"p01\":14.75,\"min\":11.76},\"fps_per_second\":[61,60,50,57,53,56,60,60,60,60],\"fps_per_second_min\":50,\"fps_per_second_median\":60},{\"span_s\":8.18,\"frames\":477,\"mean_fps\":58.3,\"frame_ms\":{\"p50\":16.7,\"p90\":18.6,\"p99\":22,\"max\":83.5},\"inst_fps\":{\"median\":59.88,\"p10\":53.76,\"p01\":45.45,\"min\":11.98},\"fps_per_second\":[60,61,52,54,60,60,59,61],\"fps_per_second_min\":52,\"fps_per_second_median\":60}]}"
[  50679ms] [harness] === TAP-ESCAPE-IN-THE-CORNER ===
[  50679ms] [harness] eval (()=>{const r=document.getElementById('escbtn').getBoundingClientRect();return '[TOUCHGATE] T6 escape corner '+JSON.stringify({rect:Math.round(r.width)+'x'+Math.round(r.height)+'@'+Math.round(r.left)+','+Math.round(r.top),at_least_44px:r.width>=44&&r.height>=44,inset_from_left_px:Math.round(r.left),inset_from_top_px:Math.round(r.top),centre_x_px:Math.round(r.left+r.width/2)})})() => "[TOUCHGATE] T6 escape corner {\"rect\":\"54x46@10,10\",\"at_least_44px\":true,\"inset_from_left_px\":10,\"inset_from_top_px\":10,\"centre_x_px\":37}"
[  50743ms] [harness] tap #escbtn at 37,33 (1/1)
[  50789ms] [console.log] [TOUCH] context 1 (menu yes, cycle no) -> TAP=ENTER
[  53739ms] [harness] screenshot -> docs/evidence/phone-round2/touch/gate-chrome/10-after-tapping-escape-in-the-corner.png
[  53745ms] [console.log] [PERSISTSAVE] js-backstop n=13
[  53745ms] [console.log] [TOUCHGATE] {"phase":"after-escape-corner-tap","save":"saved","ctx":1,"ctx_menu":true,"ctx_cycle":false,"driving_class":false,"box_tapzone":"915x412@0,0","box_tzleft":"0x0@0,0","box_tzright":"0x0@0,0","box_escbtn":"54x46@10,10","box_touchpad":"128x59@394,0","canvas_w":2745,"canvas_h":1236,"mpx":3.39,"css_w":915,"css_h":412,"inner":"915x412","dpr":3,"touch_hidden":false,"rotate_hidden":true,"chip_hidden":true,"maxTouchPoints":5,"coarse":true,"tip_left":"0 0 1 1 1","tip_right":"0 0 1 1 1"}
[  53745ms] [harness] eval window.__tg.dump('after-escape-corner-tap') => "after-escape-corner-tap"
[  53745ms] [harness] === positive-control-deliberate-uncaught-error-follows ===
[  53746ms] [harness] eval setTimeout(function(){null.thisIsADeliberateUncaughtError;},0) => 8302
[  53746ms] [console.error] Uncaught TypeError: Cannot read properties of null (reading 'thisIsADeliberateUncaughtError')
[  53746ms] [EXCEPTION] TypeError: Cannot read properties of null (reading 'thisIsADeliberateUncaughtError')
    at <anonymous>:1:28
[  53746ms] [EXCEPTION] structured stack, 1 frames:
[  53746ms]     <anonymous> @ :0:27
[  55928ms] [harness] screenshot -> docs/evidence/phone-round2/touch/gate-chrome/09-after-deliberate-uncaught-error.png
