[    667ms] [harness] mobile emulation: 915x412 CSS px dpr 3 (= 2745x1236 device px), touch on
[    669ms] [harness] chrome: Chrome/152.0.7977.75
[    669ms] [harness] navigating to http://localhost:8006/armagetronad.html?autostart=0&touch=1
[     50ms] [console.log] [DISPLAY] at load: viewport 915x412 dpr 3 -> canvas 2745x1236 aspect 2.2209 gpu-axis-limit 16384
[     50ms] [console.log] [TOUCH] enabled=true (?touch=1) maxTouchPoints=5
[     50ms] [console.log] [TOUCH] context 0 (menu no, cycle no) -> TAP=ENTER
[     51ms] [console.log] [TOUCH] orientation portrait=false (sized for portrait: false, boot held: false)
[     60ms] [console.error] WARNING: using emscripten GL emulation. This is a collection of limited workarounds, do not expect it to work.
[     64ms] [console.error] WARNING: using emscripten GL emulation unsafe opts. If weirdness happens, try -sGL_UNSAFE_OPTS=0
[     67ms] [page] load event fired
[     80ms] [browser.error/network] Failed to load resource: the server responded with a status of 404 (File not found)   <- http://localhost:8006/favicon.ico
[    138ms] [console.log] [PERSIST] populate ok in 36ms
[    357ms] [console.log] [PERSIST] runtime initialized, starting the game
[    358ms] [console.log] [CAMERA] camera distance x0.5 written to /data/webdefaults/autoexec.cfg before main()
[    358ms] [console.log] [BOOT] main() HELD by ?autostart=0, waiting for AA_START()
[    822ms] [harness] eval (() => {  /* One frame = one flush/finish on the WebGL context. rSysDep::SwapGL calls     exactly one of the two per swap, chosen by swapMode_: the static default     is rSwap_glFlush, but sr_LoadDefaultConfig (rScreen.cpp) sets     rSwap_glFinish and welcome() (gArmagetron.cpp) runs it under st_FirstUse     -- and every harness run is a first-use boot (drive-browser.mjs makes a     fresh profile), so the client the harness measures swaps with glFinish,     a synchronous wait for the GPU. S.swaps counts each kind so the [PERF]     line says which fired instead of assuming. Per frame we keep: the     timestamp (taken BEFORE the swap call), the time spent INSIDE the swap     call (the GPU wait), the timestamp of the frame's first draw call, the     number of drawArrays/drawElements calls, and the bytes through     bufferData/bufferSubData. Draw calls and bytes are the direct measure of     "geometry re-submitted through the emulation this frame" (mechanism 1);     the first-draw timestamp lets report.js split a frame interval into     [end of previous swap -> first draw] (event-loop yield, input,     simulation) and [first draw -> swap] (render submission), so a frame that     gets slower in the first part while its draw calls stay flat is NOT the     renderer. */  /* THIS FILE IS ONE EXPRESSION WITH BLOCK COMMENTS ONLY: run-arm.sh strips     every newline to fit it into a single eval: step of drive-browser.mjs, so     a // comment would swallow the rest of the program. */  const N = 600000;  const S = { t: new Float64Array(N), wait: new Float32Array(N), first: new Float64Array(N),              draws: new Uint32Array(N), bytes: new Float64Array(N), n: 0,              swaps: { flush: 0, finish: 0 }, marks: [], shots: [], cur: { draws: 0, bytes: 0, first: 0 } };  window.__fps = S;  /* Screenshot bracket. Page.captureScreenshot spends real time on the page     and can put a hitch INTO a measured window; the driver's own     "[harness] screenshot" line is on the driver's clock, in the driver's     transcript, where report.js cannot see it. The template therefore wraps     every shot: step in eval:__fps.shot('name','begin') and     eval:__fps.shot('name','end'), on the page's clock, and report.js drops     the frames between the two (plus a pad) from every statistic. */  S.shot = (name, edge) => { S.shots.push([performance.now(), name, edge]); return 'shot ' + edge + ' ' + name; };  const wrap = (C) => {    if (!C) return; const P = C.prototype;    for (const m of ['flush', 'finish']) { const o = P[m]; if (!o) continue;      P[m] = function () {        const i = S.n, now = performance.now();        if (i < N) { S.t[i] = now; S.draws[i] = S.cur.draws; S.bytes[i] = S.cur.bytes; S.first[i] = S.cur.first; S.n = i + 1; }        S.swaps[m]++; S.cur.draws = 0; S.cur.bytes = 0; S.cur.first = 0;        const r = o.apply(this, arguments);        if (i < N) S.wait[i] = performance.now() - now;        return r; }; }    for (const m of ['drawArrays', 'drawElements']) { const o = P[m]; if (!o) continue;      P[m] = function () { if (!S.cur.first) S.cur.first = performance.now(); S.cur.draws++; return o.apply(this, arguments); }; }    for (const m of ['bufferData', 'bufferSubData']) { const o = P[m]; if (!o) continue;      P[m] = function () { const d = (m === 'bufferData') ? arguments[1] : arguments[2];        S.cur.bytes += (d && d.byteLength) ? d.byteLength : (typeof d === 'number' ? d : 0);        return o.apply(this, arguments); }; }  };  wrap(window.WebGLRenderingContext); wrap(window.WebGL2RenderingContext);  const cl = console.log.bind(console);  console.log = function () { const s = (arguments.length && typeof arguments[0] === 'string') ? arguments[0] : '';    if (s.indexOf('[L] ') === 0) S.marks.push([performance.now(), s]); return cl.apply(null, arguments); };  return 'sampler armed: frames, swap kind and wait, first draw, draw calls, buffer bytes, shot brackets';})() => "sampler armed: frames, swap kind and wait, first draw, draw calls, buffer bytes, shot brackets"
[    824ms] [harness] eval (()=>{const p='/data/webdefaults/autoexec.cfg';const cur=Module.FS.readFile(p,{encoding:'utf8'});const add='\n# perf arm grind\nMAX_FPS 1000\nSP_SIZE_FACTOR 0\nSP_NUM_AIS 0\nCYCLE_RUBBER_TIME 0.1\nTIMESTEP_MAX 10\n';Module.FS.writeFile(p,cur+add);return 'autoexec.cfg patched: '+JSON.stringify(add)})() => "autoexec.cfg patched: \"\\n# perf arm grind\\nMAX_FPS 1000\\nSP_SIZE_FACTOR 0\\nSP_NUM_AIS 0\\nCYCLE_RUBBER_TIME 0.1\\nTIMESTEP_MAX 10\\n\""
[    825ms] [console.log] [BOOT] autostart: calling main
[    829ms] [console.error] Error: Error in tString GeneratePrefix() in src/tools/tDirectories.cpp:1380 : 
[    829ms] [console.error]  	Relocation error. The binary was supposed to be installed into /usr/local/bin and found itself in . and could not find out what this means for the prefix /usr/local.
[    829ms] [console.error] 
[    830ms] [console.log] Warning in void FindConfigurationPath() in src/tools/tDirectories.cpp:1465 : 
[    830ms] [console.log]  	Could not determine path to configuration files. Using defaults or command line arguments.
[    830ms] [console.log] 
[    960ms] [console.log] [L] ENCODING latin1
[    966ms] [console.log] Trying to start sound. Just restart Armagetron Advanced in case of crash.
[    967ms] [console.log] [SND] device opened: 22050 Hz, 2 ch, 16-bit, 1024 frames/callback (46.4 ms per callback, SOUND_BUFFER_SHIFT 1)
[    988ms] [console.error] WARNING: using emscripten GL immediate mode emulation. This is very limited in what it supports
[    991ms] [console.error] TODO: glShadeModel
[    995ms] [browser.warning/rendering] Canvas2D: Multiple readback operations using getImageData are faster with the willReadFrequently attribute set to true. See: https://html.spec.whatwg.org/multipage/canvas.html#concept-canvas-will-read-frequently   <- http://localhost:8006/armagetronad.js
[   1033ms] [harness] eval window.AA_START() => undefined
[   1033ms] [harness] until 1x <<[BOOT] autostart>> (timeout 90000ms, have 1)
[   1033ms] [harness] until SATISFIED: saw 1x <<[BOOT] autostart>>
[   1034ms] [browser.warning/other] The AudioContext was not allowed to start. It must be resumed (or created) after a user gesture on the page. https://developer.chrome.com/blog/autoplay/#web_audio   <- http://localhost:8006/armagetronad.js
[   1034ms] [browser.warning/other] The AudioContext was not allowed to start. It must be resumed (or created) after a user gesture on the page. https://developer.chrome.com/blog/autoplay/#web_audio   <- http://localhost:8006/armagetronad.js
[   1035ms] [browser.warning/other] The AudioContext was not allowed to start. It must be resumed (or created) after a user gesture on the page. https://developer.chrome.com/blog/autoplay/#web_audio   <- http://localhost:8006/armagetronad.js
[   1035ms] [browser.warning/other] The AudioContext was not allowed to start. It must be resumed (or created) after a user gesture on the page. https://developer.chrome.com/blog/autoplay/#web_audio   <- http://localhost:8006/armagetronad.js
[   1035ms] [browser.warning/other] The AudioContext was not allowed to start. It must be resumed (or created) after a user gesture on the page. https://developer.chrome.com/blog/autoplay/#web_audio   <- http://localhost:8006/armagetronad.js
[   1053ms] [console.log] [TOUCH] context 1 (menu yes, cycle no) -> TAP=ENTER
[  10042ms] [browser.warning/other] The AudioContext was not allowed to start. It must be resumed (or created) after a user gesture on the page. https://developer.chrome.com/blog/autoplay/#web_audio   <- http://localhost:8006/armagetronad.js
[  10106ms] [harness] tap #tapzone at 458,206 (1/1)
[  10118ms] [console.log] [PERSISTSAVE] menu-leave n=1
[  13484ms] [harness] tap #tapzone at 458,206 (1/1)
[  13493ms] [console.log] [PERSISTSAVE] menu-leave n=2
[  13551ms] [console.log] [TOUCH] context 0 (menu no, cycle no) -> TAP=ENTER
[  17367ms] [console.log] [L] PLAYER_ENTERED web_user  web_user
[  17370ms] [console.log] [L] TEAM_CREATED web_user
[  17370ms] [console.log] [L] TEAM_PLAYER_ADDED web_user web_user
[  17372ms] [console.log] [WAV] loaded /data/sound/expl.wav: 11937 bytes, 8-bit mono @ 11025 Hz (fopen misses so far: 1)
[  17375ms] [console.log] [L] ROUND_SCORE_TEAM 0 web_user
[  17376ms] [console.log] [L] NEW_ROUND 2026-09-03 22:27:50 UTC+0200
[  17400ms] [console.log] [WAV] loaded /data/sound/cyclrun.wav: 40403 bytes, 8-bit mono @ 22050 Hz (fopen misses so far: 2)
[  17423ms] [harness] tap #tapzone at 458,206 (1/1)
[  17423ms] [console.log] [TOUCH] context 2 (menu no, cycle alive) -> STEERING
[  17425ms] [console.log] [WAV] loaded /data/sound/expl.wav: 11937 bytes, 8-bit mono @ 11025 Hz (fopen misses so far: 2)
[  17426ms] [console.log] [WAV] retiring a voice on moviesounds/intro.wav: loaded but zero samples
[  17426ms] [console.log] [SND] live voices peaked at 3 (SOUND_SOURCES 10, loudness_thresh 0.0000)
[  17685ms] [browser.error/network] Failed to load resource: the server responded with a status of 404 (File not found)   <- http://localhost:8006/favicon.ico
[  19726ms] [harness] until 1x <<[L] NEW_ROUND>> (timeout 120000ms, have 1)
[  19727ms] [harness] until SATISFIED: saw 1x <<[L] NEW_ROUND>>
[  19727ms] [harness] === ROUND-1-GRIND-MEASURED-FROM-THROTTLE-ON ===
[  22735ms] [console.log] [WAV] loaded /data/sound/expl.wav: 11937 bytes, 8-bit mono @ 11025 Hz (fopen misses so far: 3)
[  22762ms] [harness] key Right (1/1)
[  23097ms] [harness] key Left (1/1)
[  24901ms] [harness] eval __fps.shot('r1-after-tutorial-keys','begin') => "shot begin r1-after-tutorial-keys"
[  25105ms] [harness] screenshot -> docs/evidence/m6-lag/task3-mechanisms/grind/r1-after-tutorial-keys.png
[  25106ms] [harness] eval __fps.shot('r1-after-tutorial-keys','end') => "shot end r1-after-tutorial-keys"
[  25107ms] [harness] CPU throttling rate 6x
[  25107ms] [harness] === THROTTLE-ON ===
[  29112ms] [harness] eval __fps.shot('g-12s-free','begin') => "shot begin g-12s-free"
[  29323ms] [harness] screenshot -> docs/evidence/m6-lag/task3-mechanisms/grind/g-12s-free.png
[  29330ms] [harness] eval __fps.shot('g-12s-free','end') => "shot end g-12s-free"
[  35337ms] [harness] eval __fps.shot('g-18s-approach','begin') => "shot begin g-18s-approach"
[  35566ms] [harness] screenshot -> docs/evidence/m6-lag/task3-mechanisms/grind/g-18s-approach.png
[  35571ms] [harness] eval __fps.shot('g-18s-approach','end') => "shot end g-18s-approach"
[  41578ms] [harness] eval __fps.shot('g-24s-grinding','begin') => "shot begin g-24s-grinding"
[  41814ms] [harness] screenshot -> docs/evidence/m6-lag/task3-mechanisms/grind/g-24s-grinding.png
[  41826ms] [harness] eval __fps.shot('g-24s-grinding','end') => "shot end g-24s-grinding"
[  51837ms] [harness] eval __fps.shot('g-34s-grinding','begin') => "shot begin g-34s-grinding"
[  52049ms] [harness] screenshot -> docs/evidence/m6-lag/task3-mechanisms/grind/g-34s-grinding.png
[  52051ms] [harness] eval __fps.shot('g-34s-grinding','end') => "shot end g-34s-grinding"
[  62062ms] [harness] eval __fps.shot('g-44s-grinding','begin') => "shot begin g-44s-grinding"
[  62285ms] [harness] screenshot -> docs/evidence/m6-lag/task3-mechanisms/grind/g-44s-grinding.png
[  62297ms] [harness] eval __fps.shot('g-44s-grinding','end') => "shot end g-44s-grinding"
[  72312ms] [harness] eval __fps.shot('g-54s-grinding','begin') => "shot begin g-54s-grinding"
[  72524ms] [harness] screenshot -> docs/evidence/m6-lag/task3-mechanisms/grind/g-54s-grinding.png
[  72526ms] [harness] eval __fps.shot('g-54s-grinding','end') => "shot end g-54s-grinding"
[  77530ms] [harness] eval __fps.shot('kill-stall','begin') => "shot begin kill-stall"
[  83543ms] [harness] eval (()=>{const t0=performance.now();while(performance.now()-t0<6000){}return 'kill stall '+Math.round(performance.now()-t0)+' ms on the main thread'})() => "kill stall 6001 ms on the main thread"
[  83548ms] [console.error] warning: Audio callback had starved sending audio by 5.72549206349386 seconds
[  83559ms] [console.log] [L] DEATH_SUICIDE web_user
[  83569ms] [console.log] [WAV] loaded /data/sound/expl.wav: 11937 bytes, 8-bit mono @ 11025 Hz (fopen misses so far: 4)
[  83577ms] [console.log] [TOUCH] context 0 (menu no, cycle no) -> TAP=ENTER
[  83578ms] [harness] eval __fps.shot('kill-stall','end') => "shot end kill-stall"
[  83578ms] [harness] until 1x <<[L] DEATH_>> (timeout 15000ms, have 1)
[  83578ms] [harness] until SATISFIED: saw 1x <<[L] DEATH_>>
[  83578ms] [harness] === GRIND-OVER ===
[  85675ms] [harness] eval (() => {  /* ONE EXPRESSION, BLOCK COMMENTS ONLY: run-arm.sh strips newlines to make     this a single eval: step (see sampler.js). grind and 6 are     substituted by run-arm.sh. The object this prints after "[PERF] <arm> " is     the schema Tasks 2-4 read; web/tools/perf/README.md documents it. */  const S = window.__fps, n = S.n;  const PAD_BEFORE = 100, PAD_AFTER = 250;  const marks = (p) => S.marks.filter(m => m[1].indexOf(p) === 0);  const nr = marks('[L] NEW_ROUND').map(m => m[0]);  const rw = marks('[L] ROUND_WINNER').map(m => m[0]);  /* The human is the first PLAYER_ENTERED name; the AIs never enter that way.     A DEATH_* line names its victim first, so the human's deaths are the     DEATH_ marks whose first name is that one. */  const pe = marks('[L] PLAYER_ENTERED ');  const human = pe.length ? pe[0][1].split(/\s+/)[2] : 'web_user';  const deaths = S.marks.filter(m => /^\[L\] DEATH_\w+ /.test(m[1]) && m[1].split(/\s+/)[2] === human).map(m => m[0]);  /* Screenshot exclusions: [begin - PAD_BEFORE, end + PAD_AFTER] for every     bracketed shot (sampler.js S.shot); a begin with no end -- the driver died     mid-shot -- excludes two seconds. */  const ex = []; const open = {};  for (const [t, name, edge] of S.shots) {    if (edge === 'begin') open[name] = t;    else if (edge === 'end' && open[name] != null) { ex.push({ a: open[name] - PAD_BEFORE, b: t + PAD_AFTER, name: name, dur: t - open[name] }); delete open[name]; } }  for (const name in open) ex.push({ a: open[name] - PAD_BEFORE, b: open[name] + 2000, name: name, dur: null });  const excluded = (t) => ex.some(e => t >= e.a && t <= e.b);  const q = (a, p) => { if (!a.length) return null; const s = a.slice().sort((x, y) => x - y);    return s[Math.min(s.length - 1, Math.max(0, Math.round(p * (s.length - 1))))]; };  const r2 = (x) => (x == null) ? null : Math.round(x * 100) / 100;  /* A window's statistics use only frames outside every exclusion, and only     deltas between frames that were ADJACENT samples, so a gap that straddles     an exclusion is never counted as a frame time. raw_ms_max ignores the     exclusions on purpose: it is where a screenshot hitch stays visible, so a     reader can see what was excluded and that it did not leak into ms_p50.     Each frame interval t[i]-t[p] (p the previous sample) is also split into     the three parts the sampler timestamps: ms_in_swap = the previous swap     call itself (p50, p90 and max: if glFinish waited for the GPU it would     show here, and the first measured run read 0 in every window -- so the     tail is reported too), ms_to_first_draw = from that     call's return to this frame's first draw call (the emscripten_sleep(0)     yield, input, the simulation, render setup), ms_first_draw_to_swap = from     the first draw call to this frame's swap call (render submission). */  const win = (t0, t1) => {    const ix = []; let dropped = 0, rawMax = 0, prev = -1;    for (let i = 0; i < n; i++) { const t = S.t[i]; if (t < t0 || t > t1) continue;      if (prev >= 0) rawMax = Math.max(rawMax, t - S.t[prev]); prev = i;      if (excluded(t)) dropped++; else ix.push(i); }    const d = [], sw = [], pre = [], ren = []; let dr = 0, by = 0;    for (let k = 1; k < ix.length; k++) if (ix[k] === ix[k - 1] + 1) { const i = ix[k], p = ix[k - 1];      d.push(S.t[i] - S.t[p]); sw.push(S.wait[p]);      if (S.first[i] > 0) { pre.push(S.first[i] - (S.t[p] + S.wait[p])); ren.push(S.t[i] - S.first[i]); } }    for (const i of ix) { dr += S.draws[i]; by += S.bytes[i]; }    const f = ix.length || 1;    let exms = 0; for (const e of ex) exms += Math.max(0, Math.min(t1, e.b) - Math.max(t0, e.a));    const span = Math.max(1, (t1 - t0) - exms);    return { frames: ix.length, frames_excluded: dropped, ms_p50: r2(q(d, .5)), ms_p90: r2(q(d, .9)),             fps: r2(ix.length / (span / 1000)), draws_per_frame: r2(dr / f),             kb_per_frame: r2(by / f / 1024), hitches_over_50ms: d.filter(x => x > 50).length,             raw_ms_max: r2(rawMax), ms_in_swap_p50: r2(q(sw, .5)), ms_in_swap_p90: r2(q(sw, .9)), ms_in_swap_max: r2(q(sw, 1)),             ms_to_first_draw_p50: r2(q(pre, .5)), ms_first_draw_to_swap_p50: r2(q(ren, .5)) }; };  const perSec = (t0, t1) => { const ms = [], dr = [], mx = [], pre = [], ren = [];    for (let k = 0; k * 1000 < t1 - t0; k++) { const w = win(t0 + k * 1000, Math.min(t1, t0 + (k + 1) * 1000));      ms.push(w.ms_p50); dr.push(w.draws_per_frame); mx.push(w.raw_ms_max); pre.push(w.ms_to_first_draw_p50); ren.push(w.ms_first_draw_to_swap_p50); }    return { ms_p50: ms, draws_per_frame: dr, raw_ms_max: mx, ms_to_first_draw_p50: pre, ms_first_draw_to_swap_p50: ren }; };  /* Pre-round frames. For the first half second of game time after a round     starts (gGame.cpp GameLoop, the gtime <= -PREPARE_TIME + .5 branch) the     game clears the screen and swaps WITHOUT calling Render: overlay only, no     arena, a handful of draw calls at a fraction of a world frame's cost.     They sit right after NEW_ROUND and would otherwise fill the early window     with frames that have no geometry in them. They are found by their draw     count: the threshold is halfway between the fewest draws of any frame in     the round's first two seconds (an overlay-only frame) and the median of     its second second (world frames); the measured span starts at the first     frame after the last frame under the threshold. The frame that straddles     NEW_ROUND itself (drawn mostly before it) is above the threshold and is     left out of both. */  const preRound = (t0) => {    const a = [], b = [];    for (let i = 0; i < n; i++) { const t = S.t[i]; if (t < t0) continue; if (t >= t0 + 2000) break; a.push(i); if (t >= t0 + 1000) b.push(S.draws[i]); }    const none = { start: t0, stats: { frames: 0, ms_p50: null, draws_per_frame: null, span_ms: 0, split_at_draws: null } };    if (!a.length) return none;    let lo = Infinity; for (const i of a) lo = Math.min(lo, S.draws[i]);    const med = q(b, .5); if (med == null || !(med > lo)) return none;    const thr = (lo + med) / 2; const ov = a.filter(i => S.draws[i] <= thr);    if (!ov.length) return none;    const last = ov[ov.length - 1]; const d = []; let dr = 0;    for (let k = 1; k < ov.length; k++) if (ov[k] === ov[k - 1] + 1) d.push(S.t[ov[k]] - S.t[ov[k - 1]]);    for (const i of ov) dr += S.draws[i];    return { start: (last + 1 < n) ? S.t[last + 1] : t0,             stats: { frames: ov.length, ms_p50: r2(q(d, .5)), draws_per_frame: r2(dr / ov.length),                      span_ms: r2(S.t[last] - S.t[ov[0]]), split_at_draws: r2(thr) } }; };  /* A round is closed by its ROUND_WINNER mark when one is written; a     winnerless round -- a lone cycle with no AI (gGame.cpp Analysis: a winner     needs more than one team) -- writes none and ends when the next NEW_ROUND     starts, and a round still running when this report runs closes here. For     a transcript where every round has its ROUND_WINNER before the next     NEW_ROUND (every base arm), this pairs exactly as nr[i]/rw[i] did. */  const rounds = [];  const tReport = performance.now();  for (let i = 0; i < nr.length; i++) {    const t0 = nr[i], next = (i + 1 < nr.length) ? nr[i + 1] : Infinity;    const won = rw.find(t => t > t0 && t < next);    const t1 = won != null ? won : (next < Infinity ? next : tReport);    const closedBy = won != null ? 'round_winner' : (next < Infinity ? 'next_round' : 'report');    const len = (t1 - t0) / 1000; if (len < 8) continue;    /* The measured span runs from the first world frame to the human's death       when the human dies before ROUND_WINNER (after it the camera shows an       explosion and the AIs' endgame, which is not what the maintainer       plays), else to ROUND_WINNER. */    const death = deaths.find(t => t > t0 && t < t1); const te = death != null ? death : t1;    const pr = preRound(t0); const ts = pr.start;    const e = win(ts, ts + 5000), l = win(te - 5000, te), all = win(ts, te);    const shots = ex.filter(x => x.a >= t0 && x.a <= t1).map(x => ({ name: x.name, at_s: r2((x.a + PAD_BEFORE - t0) / 1000), dur_ms: r2(x.dur) }));    rounds.push({ round: i + 1, length_s: r2(len), closed_by: closedBy,      measured_from_s: r2((ts - t0) / 1000), measured_to_s: r2((te - t0) / 1000),      human_death_s: death != null ? r2((death - t0) / 1000) : null, ends_at: death != null ? 'human_death' : 'round_winner',      pre_round: pr.stats, early_5s: e, late_5s: l,      ratio_ms: e.ms_p50 ? r2(l.ms_p50 / e.ms_p50) : null,      ratio_draws: e.draws_per_frame ? r2(l.draws_per_frame / e.draws_per_frame) : null,      hitches_over_50ms: all.hitches_over_50ms, frames: all.frames, frames_excluded: all.frames_excluded,      raw_ms_max: all.raw_ms_max, shots: shots, per_second: perSec(t0, t1) }); }  return '[PERF] grind ' + JSON.stringify({ arm: 'grind', cpu_rate: 6, frames: n, human: human,    swaps: S.swaps, rounds_started: nr.length, rounds_won: rw.length,    shots_bracketed: ex.filter(x => x.dur != null).length, shot_pad_ms: [PAD_BEFORE, PAD_AFTER], rounds });})() => "[PERF] grind {\"arm\":\"grind\",\"cpu_rate\":6,\"frames\":8017,\"human\":\"web_user\",\"swaps\":{\"flush\":0,\"finish\":8017},\"rounds_started\":1,\"rounds_won\":0,\"shots_bracketed\":8,\"shot_pad_ms\":[100,250],\"rounds\":[{\"round\":1,\"length_s\":68.21,\"closed_by\":\"report\",\"measured_from_s\":0.54,\"measured_to_s\":66.18,\"human_death_s\":66.18,\"ends_at\":\"human_death\",\"pre_round\":{\"frames\":94,\"ms_p50\":5,\"draws_per_frame\":10,\"span_ms\":468.7,\"split_at_draws\":21.5},\"early_5s\":{\"frames\":813,\"frames_excluded\":0,\"ms_p50\":5.9,\"ms_p90\":7.4,\"fps\":162.6,\"draws_per_frame\":47.43,\"kb_per_frame\":40.38,\"hitches_over_50ms\":0,\"raw_ms_max\":17.5,\"ms_in_swap_p50\":0,\"ms_in_swap_p90\":0,\"ms_in_swap_max\":0.1,\"ms_to_first_draw_p50\":5,\"ms_first_draw_to_swap_p50\":0.8},\"late_5s\":{\"frames\":0,\"frames_excluded\":0,\"ms_p50\":null,\"ms_p90\":null,\"fps\":0,\"draws_per_frame\":0,\"kb_per_frame\":0,\"hitches_over_50ms\":0,\"raw_ms_max\":0,\"ms_in_swap_p50\":null,\"ms_in_swap_p90\":null,\"ms_in_swap_max\":null,\"ms_to_first_draw_p50\":null,\"ms_first_draw_to_swap_p50\":null},\"ratio_ms\":0,\"ratio_draws\":0,\"hitches_over_50ms\":0,\"frames\":4250,\"frames_excluded\":313,\"raw_ms_max\":39.8,\"shots\":[{\"name\":\"r1-after-tutorial-keys\",\"at_s\":7.53,\"dur_ms\":205.3},{\"name\":\"g-12s-free\",\"at_s\":11.74,\"dur_ms\":218.1},{\"name\":\"g-18s-approach\",\"at_s\":17.96,\"dur_ms\":234.1},{\"name\":\"g-24s-grinding\",\"at_s\":24.2,\"dur_ms\":248.5},{\"name\":\"g-34s-grinding\",\"at_s\":34.46,\"dur_ms\":214.3},{\"name\":\"g-44s-grinding\",\"at_s\":44.69,\"dur_ms\":233.9},{\"name\":\"g-54s-grinding\",\"at_s\":54.94,\"dur_ms\":214.3},{\"name\":\"kill-stall\",\"at_s\":60.15,\"dur_ms\":6048.5}],\"per_second\":{\"ms_p50\":[5.3,5.4,6.1,6.2,6.2,6.5,6.6,6.1,11.6,11.5,11.1,11.3,11.8,11.2,10.8,11.1,11,11,12.6,15.2,14.9,16.2,17,17.4,19.9,20.3,17.4,16.6,15.9,16.5,16.1,15.8,14.7,14.6,15.3,15.6,17.3,19.4,19.9,18.7,18.8,18.4,19.5,18.5,18.9,18.5,19.7,18.8,18.6,18.9,18.2,17.4,16.9,15.3,15.1,15.3,14.5,14.6,15.6,15.8,18.1,null,null,null,null,null,9,7.8,6.8],\"draws_per_frame\":[20.85,33,52.62,53,56.17,58.81,56.05,56,55,55,54,54,53,53,52.01,52,52,52,52.43,57.66,65,77.23,105.93,134,160.55,153.46,124.98,95.63,68.7,60,60,60,60,60,62.14,89.63,120.75,148.65,171.24,171.08,166.49,166.22,167.04,167.74,167.55,166.34,165.92,165.62,166.22,167.51,153.09,127.16,99.41,71.98,60,60,60,60,60,60,60,0,0,0,0,0,46,31.16,26],\"raw_ms_max\":[21.2,6.4,9.4,13.7,17.5,10.3,9.1,15.6,14.5,13.9,13.2,14.9,16.4,13.8,13.4,13.7,13,12.9,14.3,26.1,18.2,38.4,20.4,20.4,25.5,23.5,20.9,19,18.8,18.8,20.2,20.5,16.8,17.6,18.3,19,23.2,22.8,23.4,22.4,22.2,21.3,27,22.1,26.4,26.4,26.9,21.5,22.6,39.8,21,22.1,22.7,18.2,17.7,17.3,18.3,17.5,19.6,20.5,19,0,0,0,0,0,18.5,13.4,9.6],\"ms_to_first_draw_p50\":[4.9,4.9,5,5.1,5.1,5.3,5.3,5.1,6,6,5.9,5.9,6.2,6,5.8,5.9,5.9,5.9,6.9,8.8,8.9,9.5,9.6,9.2,9.9,10.3,9.4,9.2,9.5,9.8,9.3,9.5,8.8,9,9.3,9,9.5,9.9,10,9.4,9.5,9.5,9.8,9.1,9.6,9.7,9.7,9.4,9.3,9.7,9.2,9.2,9.4,8.9,9.1,9.1,8.6,8.9,9.3,9.2,9.3,null,null,null,null,null,5.3,5.4,5.4],\"ms_first_draw_to_swap_p50\":[0.3,0.5,1,0.9,1,0.9,1,0.9,5.5,5.3,5.1,5.1,5.6,5.1,4.9,5.2,5,5,5.7,6.3,5.6,6.5,7.4,8.3,10.3,10,8,7.2,6.3,6.7,6.5,6.1,5.8,5.5,5.8,6.5,7.7,9.5,10,9.3,9.1,9.2,9.6,9.2,9.1,9.1,9.9,9.2,9.1,9.3,8.8,8.2,7.3,6.2,5.9,6.1,5.7,5.6,6.3,6.4,6.7,null,null,null,null,null,3.6,2.2,1.6]}}]}"
