[0] Command HUD_CACHE_THRESHOLD unknown.
[0] 
[L] ENCODING latin1
[0] Bound socket to *.*.*.*:45831.
[0] Bound socket to *.*.*.*:4534.
[0] Setting CYCLE_BRAKE_REFILL (Group: Annoying) deviates from its default value; clients older than 0.2.5.0 may experience problems.
[0] Nobody there. Taking a nap...
[0] Timestamp: 2026/09/30 17:09:57
[0] Closing socket bound to *.*.*.*:4534
[0] Bound socket to *.*.*.*:4534.
[1] Received login from 192.168.215.1:47772 via socket *.*.*.*:4534, network version: 0.2.9_alpha (ID: 17).
[1] New user: 1
[L] PLAYER_ENTERED phoneplayer 192.168.215.1 phoneplayer
[L] TEAM_CREATED phoneplayer
[L] TEAM_PLAYER_ADDED phoneplayer phoneplayer
[1] phoneplayer entered the game.
[L] NEW_ROUND 2026-09-30 17:10:42 UTC
[L] NEW_MATCH 2026-09-30 17:10:42 UTC
[0] Time:     44.5265 seconds
Sent:     7300 bytes in 39 packets (163.947 bytes/s)
Received: 2310 bytes in 33 packets (51.8792 bytes/s)
[0] Timestamp: 2026/09/30 17:10:42
[0] Creating grid...
[0] Ping charity changed from 0 to 216.
[L] TEAM_CREATED ai_team
[L] TEAM_PLAYER_ADDED ai_team latex
[0] LaTeX entered the game.
[L] TEAM_PLAYER_ADDED ai_team gcc
[0] Gcc entered the game.
[L] TEAM_PLAYER_ADDED ai_team gdb
[0] Gdb entered the game.
[0] done!
[0] Resetting scores...
[0] New Match
[0] Go (round 1 of 10)!
[0] 3
[0] 2
[0] 1
[0] 0
[L] DEATH_FRAG phoneplayer gcc
[0] Gcc core dumped phoneplayer for 3 points.
[0] phoneplayer lost 2 points since it caused a general protection fault.
[0] AI team was awarded 10 points for being last active team.
[0] Winner: AI team
[L] ROUND_WINNER ai_team gdb gcc latex
[1] phoneplayer: hello from a phone
[L] CHAT phoneplayer hello from a phone
[0] Deleting objects...
[0] Deleting grid...
[0] 
[L] ROUND_SCORE -2 phoneplayer phoneplayer
[L] ROUND_SCORE_TEAM -2 phoneplayer
[L] NEW_ROUND 2026-09-30 17:10:55 UTC
[0] Time:     13.7167 seconds
Sent:     15296 bytes in 157 packets (1115.14 bytes/s)
Received: 6426 bytes in 140 packets (468.481 bytes/s)
[0] Timestamp: 2026/09/30 17:10:55
[0] Creating grid...
[0] Ping charity changed from 216 to 300.
[0] done!
[0] Go (round 2 of 10)!
[0] 3
[0] 2
[0] 1
[0] 0
[L] DEATH_FRAG phoneplayer gdb
[0] Gdb core dumped phoneplayer for 3 points.
[0] phoneplayer lost 2 points since it caused a general protection fault.
[0] AI team was awarded 10 points for being last active team.
[0] Winner: AI team
[L] ROUND_WINNER ai_team gdb gcc latex
[0] Deleting objects...
[0] Deleting grid...
[0] 
[L] ROUND_SCORE -2 phoneplayer phoneplayer
[L] ROUND_SCORE_TEAM -2 phoneplayer
[L] NEW_ROUND 2026-09-30 17:11:08 UTC
[0] Time:     12.7079 seconds
Sent:     13160 bytes in 145 packets (1035.58 bytes/s)
Received: 5550 bytes in 123 packets (436.736 bytes/s)
[0] Timestamp: 2026/09/30 17:11:08
[0] Creating grid...
[L] PLAYER_RENAMED phoneplayer phonerenamed 192.168.215.1 phonerenamed
[0] phoneplayer renamed to phonerenamed.
[0] Ping charity changed from 300 to 100.
[L] TEAM_RENAMED phoneplayer phonerenamed
[0] done!
[0] Go (round 3 of 10)!
[0] 3
[0] 2
[0] 1
[0] 0
[L] DEATH_FRAG phonerenamed gdb
[0] Gdb core dumped phonerenamed for 3 points.
[0] phonerenamed lost 2 points since it caused a general protection fault.
[0] AI team was awarded 10 points for being last active team.
[0] Winner: AI team
[L] ROUND_WINNER ai_team gdb gcc latex
[0] Deleting objects...
[0] Deleting grid...
[0] 
[L] ROUND_SCORE -2 phonerenamed phonerenamed
[L] ROUND_SCORE_TEAM -2 phonerenamed
[L] NEW_ROUND 2026-09-30 17:11:22 UTC
