[   1119ms] [harness] mobile emulation: 915x412 CSS px dpr 3 (= 2745x1236 device px), touch on
[   1121ms] [harness] chrome: Chrome/152.0.7977.77
[   1121ms] [harness] navigating to http://localhost:8008/armagetronad.html
[     71ms] [console.log] [DISPLAY] at load: viewport 915x412 dpr 3 -> canvas 2745x1236 aspect 2.2209 gpu-axis-limit 16384
[     71ms] [console.log] [TOUCH] enabled=true (media query -> true) maxTouchPoints=5
[     72ms] [console.log] [TOUCH] context 0 (menu no, cycle no) -> TAP=ENTER
[     73ms] [console.log] [TOUCH] orientation portrait=false (sized for portrait: false)
[     83ms] [console.error] WARNING: using emscripten GL emulation. This is a collection of limited workarounds, do not expect it to work.
[     83ms] [console.error] WARNING: using emscripten GL emulation unsafe opts. If weirdness happens, try -sGL_UNSAFE_OPTS=0
[     86ms] [console.log] [TOUCH] orientation portrait=false (sized for portrait: false)
[     99ms] [page] load event fired
[    107ms] [browser.error/network] Failed to load resource: the server responded with a status of 404 (File not found)   <- http://localhost:8008/favicon.ico
[    167ms] [console.log] [PERSIST] populate ok in 51ms
[    365ms] [console.log] [PERSIST] runtime initialized, starting the game
[    366ms] [console.log] [CAMERA] camera distance x0.5 written to /data/webdefaults/autoexec.cfg before main()
[    367ms] [console.log] [SPARKS] SPARKS 0 written to /data/webdefaults/autoexec.cfg before main() (touch device)
[    367ms] [console.log] [BOOT] autostart: calling main
[    371ms] [console.error] Error: Error in tString GeneratePrefix() in src/tools/tDirectories.cpp:1380 : 
[    371ms] [console.error]  	Relocation error. The binary was supposed to be installed into /usr/local/bin and found itself in . and could not find out what this means for the prefix /usr/local.
[    371ms] [console.error] 
[    372ms] [console.log] Warning in void FindConfigurationPath() in src/tools/tDirectories.cpp:1465 : 
[    372ms] [console.log]  	Could not determine path to configuration files. Using defaults or command line arguments.
[    372ms] [console.log] 
[    496ms] [console.log] [L] ENCODING latin1
[    506ms] [console.log] Trying to start sound. Just restart Armagetron Advanced in case of crash.
[    508ms] [console.log] [SND] device opened: 22050 Hz, 2 ch, 16-bit, 1024 frames/callback (46.4 ms per callback, SOUND_BUFFER_SHIFT 1)
[    531ms] [console.error] WARNING: using emscripten GL immediate mode emulation. This is very limited in what it supports
[    535ms] [console.error] TODO: glShadeModel
[    539ms] [browser.warning/rendering] Canvas2D: Multiple readback operations using getImageData are faster with the willReadFrequently attribute set to true. See: https://html.spec.whatwg.org/multipage/canvas.html#concept-canvas-will-read-frequently   <- http://localhost:8008/armagetronad.js
[    582ms] [browser.warning/other] The AudioContext was not allowed to start. It must be resumed (or created) after a user gesture on the page. https://developer.chrome.com/blog/autoplay/#web_audio   <- http://localhost:8008/armagetronad.js
[    583ms] [browser.warning/other] The AudioContext was not allowed to start. It must be resumed (or created) after a user gesture on the page. https://developer.chrome.com/blog/autoplay/#web_audio   <- http://localhost:8008/armagetronad.js
[    583ms] [browser.warning/other] The AudioContext was not allowed to start. It must be resumed (or created) after a user gesture on the page. https://developer.chrome.com/blog/autoplay/#web_audio   <- http://localhost:8008/armagetronad.js
[    583ms] [browser.warning/other] The AudioContext was not allowed to start. It must be resumed (or created) after a user gesture on the page. https://developer.chrome.com/blog/autoplay/#web_audio   <- http://localhost:8008/armagetronad.js
[    583ms] [browser.warning/other] The AudioContext was not allowed to start. It must be resumed (or created) after a user gesture on the page. https://developer.chrome.com/blog/autoplay/#web_audio   <- http://localhost:8008/armagetronad.js
[    827ms] [console.log] [TOUCH] context 1 (menu yes, cycle no) -> TAP=ENTER
[   1009ms] [harness] eval (()=>{if(window.__fps)return 'already installed';const S={t:new Float64Array(400000),n:0,marks:[],gl:[],polls:0};window.__fps=S;const wrap=(C)=>{if(!C)return;for(const m of ['flush','finish']){const o=C.prototype[m];if(!o)continue;C.prototype[m]=function(){if(S.n<S.t.length)S.t[S.n++]=performance.now();if(S.n%30===0){S.polls++;const e=this.getError();if(e){S.gl.push([S.n,e]);if(S.gl.length<=20)console.error('[GLERR] frame '+S.n+' glGetError=0x'+e.toString(16));}}return o.apply(this,arguments);};}};wrap(window.WebGLRenderingContext);wrap(window.WebGL2RenderingContext);const cl=console.log.bind(console);console.log=function(){const s=(arguments.length&&typeof arguments[0]==='string')?arguments[0]:'';if(s.indexOf('[L] ')===0)S.marks.push([performance.now(),s]);return cl.apply(null,arguments);};return 'frame sampler armed: glFlush+glFinish counted, glGetError polled every 30th frame, [L] lines timestamped'})() => "frame sampler armed: glFlush+glFinish counted, glGetError polled every 30th frame, [L] lines timestamped"
[   1010ms] [harness] eval (()=>{const S={};S.rd=(p)=>{try{return Module.FS.readFile(p,{encoding:'utf8'})}catch(e){return null}};S.line=(t,k)=>{if(t===null)return null;const m=t.split('\n').find(l=>{const s=l.trim();return s.indexOf(k)===0&&/\s/.test(s.charAt(k.length))});return m?m.trim().slice(k.length).trim().replace(/\s+/g,' '):null};S.save=()=>{try{Module._aa_web_save_config();return 'saved'}catch(e){return 'SAVE FAILED: '+e}};S.box=(id)=>{const e=document.getElementById(id);if(!e)return 'missing';const r=e.getBoundingClientRect();return Math.round(r.width)+'x'+Math.round(r.height)+'@'+Math.round(r.left)+','+Math.round(r.top)};S.dump=(phase)=>{const sv=S.save();const c=S.rd('/persist/var/user.cfg');const cv=document.getElementById('canvas');const ctx=window.AA_INPUT_CONTEXT?window.AA_INPUT_CONTEXT():null;console.log('[TOUCHGATE] '+JSON.stringify({phase:phase,save:sv,ctx:ctx,ctx_menu:ctx===null?null:!!(ctx&1),ctx_cycle:ctx===null?null:!!(ctx&2),driving_class:document.getElementById('touch').classList.contains('aa-driving'),box_tapzone:S.box('tapzone'),box_tzleft:S.box('tz-left'),box_tzright:S.box('tz-right'),box_escbtn:S.box('escbtn'),box_touchpad:S.box('touchpad'),canvas_w:cv.width,canvas_h:cv.height,mpx:Math.round(cv.width*cv.height/1e4)/100,css_w:Math.round(cv.getBoundingClientRect().width),css_h:Math.round(cv.getBoundingClientRect().height),inner:window.innerWidth+'x'+window.innerHeight,dpr:window.devicePixelRatio,touch_hidden:document.getElementById('touch').hidden,chip_hidden:document.getElementById('reloadchip').hidden,maxTouchPoints:navigator.maxTouchPoints,coarse:window.matchMedia('(hover: none) and (pointer: coarse)').matches,tip_left:S.line(c,'CYCLE_TURN_LEFT_TOOLTIP'),tip_right:S.line(c,'CYCLE_TURN_RIGHT_TOOLTIP')}));return phase};window.__tg=S;return 'probe installed'})() => "probe installed"
[   1011ms] [harness] until 1x <<[BOOT] autostart>> (timeout 90000ms, have 1)
[   1011ms] [harness] until SATISFIED: saw 1x <<[BOOT] autostart>>
[   1011ms] [harness] === GAME-STARTED ===
[  10020ms] [console.log] [PERSISTSAVE] js-backstop n=1
[  10020ms] [console.log] [TOUCHGATE] {"phase":"landscape-at-language-menu","save":"saved","ctx":1,"ctx_menu":true,"ctx_cycle":false,"driving_class":false,"box_tapzone":"915x412@0,0","box_tzleft":"0x0@0,0","box_tzright":"0x0@0,0","box_escbtn":"54x46@10,10","box_touchpad":"128x59@394,0","canvas_w":2745,"canvas_h":1236,"mpx":3.39,"css_w":915,"css_h":412,"inner":"915x412","dpr":3,"touch_hidden":false,"chip_hidden":true,"maxTouchPoints":5,"coarse":true,"tip_left":"0 2 1 1 1","tip_right":"0 3 1 1 1"}
[  10020ms] [harness] eval window.__tg.dump('landscape-at-language-menu') => "landscape-at-language-menu"
[  10100ms] [harness] screenshot -> docs/evidence/m7-gameboy/task1-no-hold/landscape-touch-gate/00-language-menu-with-touch-controls.png
[  10101ms] [harness] until 1x <<[SPARKS] SPARKS 0 written to /data/webdefaults/autoexec.cfg>> (timeout 30000ms, have 1)
[  10101ms] [harness] until SATISFIED: saw 1x <<[SPARKS] SPARKS 0 written to /data/webdefaults/autoexec.cfg>>
[  10102ms] [harness] eval (()=>{const p='/data/webdefaults/autoexec.cfg';let t=null,err=null;try{t=Module.FS.readFile(p,{encoding:'utf8'})}catch(e){err=String(e)}const ok=typeof t==='string';const n=ok?(t.match(/^SPARKS\b/gm)||[]).length:-1;const ends=ok&&/\nSPARKS 0\n$/.test(t);return '[SPARKSGATE] T1b sparks-off-on-touch '+JSON.stringify({read:ok,err:err,bytes:ok?t.length:0,sparks_lines:n,ends_with_sparks_0:ends,tail:ok?t.slice(-96):null,PASS:ok&&n===1&&ends})})() => "[SPARKSGATE] T1b sparks-off-on-touch {\"read\":true,\"err\":null,\"bytes\":12746,\"sparks_lines\":1,\"ends_with_sparks_0\":true,\"tail\":\"ROMSPEED 0.2\\n\\n# appended at runtime by web/shell.html: crash sparks off (touch device)\\nSPARKS 0\\n\",\"PASS\":true}"
[  10103ms] [harness] eval (()=>{const t=document.getElementById('touch');const z=['tz-left','tz-right'].map(i=>document.getElementById(i).getBoundingClientRect());const p=document.getElementById('tapzone').getBoundingClientRect();const ctx=window.AA_INPUT_CONTEXT();return '[TOUCHGATE] T2b menu-side collision check '+JSON.stringify({ctx:ctx,driving_class:t.classList.contains('aa-driving'),turn_zones_have_no_box:z.every(r=>r.width===0&&r.height===0),tap_layer_area:Math.round(p.width*p.height),PASS:!t.classList.contains('aa-driving')&&z.every(r=>r.width===0&&r.height===0)&&p.width>0})})() => "[TOUCHGATE] T2b menu-side collision check {\"ctx\":1,\"driving_class\":false,\"turn_zones_have_no_box\":true,\"tap_layer_area\":376980,\"PASS\":true}"
[  10104ms] [harness] === TAP-ENTER-ACCEPTS-LANGUAGE ===
[  10118ms] [browser.warning/other] The AudioContext was not allowed to start. It must be resumed (or created) after a user gesture on the page. https://developer.chrome.com/blog/autoplay/#web_audio   <- http://localhost:8008/armagetronad.js
[  10184ms] [harness] tap #tapzone at 458,206 (1/1)
[  10191ms] [console.log] [PERSISTSAVE] menu-leave n=2
[  10486ms] [harness] until 1x <<[PERSISTSAVE] menu-leave>> (timeout 30000ms, have 1)
[  10486ms] [harness] until SATISFIED: saw 1x <<[PERSISTSAVE] menu-leave>>
[  13073ms] [harness] screenshot -> docs/evidence/m7-gameboy/task1-no-hold/landscape-touch-gate/01-first-setup-reached-by-tapping.png
[  13073ms] [harness] === TAP-ENTER-ACCEPTS-FIRST-SETUP ===
[  13143ms] [harness] tap #tapzone at 458,206 (1/1)
[  13150ms] [console.log] [PERSISTSAVE] menu-leave n=3
[  13322ms] [console.log] [TOUCH] context 0 (menu no, cycle no) -> TAP=ENTER
[  13444ms] [harness] until 2x <<[PERSISTSAVE] menu-leave>> (timeout 30000ms, have 2)
[  13445ms] [harness] until SATISFIED: saw 2x <<[PERSISTSAVE] menu-leave>>
[  16526ms] [harness] screenshot -> docs/evidence/m7-gameboy/task1-no-hold/landscape-touch-gate/02-welcome-message-reached-by-tapping.png
[  16526ms] [harness] === TAP-ENTER-DISMISSES-WELCOME ===
[  16592ms] [console.log] [L] PLAYER_ENTERED web_user  web_user
[  16593ms] [console.log] [L] TEAM_CREATED web_user
[  16593ms] [console.log] [L] TEAM_PLAYER_ADDED web_user web_user
[  16595ms] [console.log] [WAV] loaded /data/sound/expl.wav: 11937 bytes, 8-bit mono @ 11025 Hz (fopen misses so far: 1)
[  16597ms] [console.log] [L] ROUND_SCORE_TEAM 0 web_user
[  16598ms] [console.log] [L] NEW_ROUND 2026-09-05 19:03:05 UTC+0200
[  16614ms] [console.log] [L] TEAM_CREATED ai_team
[  16615ms] [console.log] [L] TEAM_PLAYER_ADDED ai_team word
[  16615ms] [console.log] [L] TEAM_PLAYER_ADDED ai_team excel
[  16615ms] [console.log] [L] TEAM_PLAYER_ADDED ai_team notepad
[  16616ms] [console.log] [WAV] loaded /data/sound/cyclrun.wav: 40403 bytes, 8-bit mono @ 22050 Hz (fopen misses so far: 2)
[  16634ms] [harness] tap #tapzone at 458,206 (1/1)
[  16634ms] [console.log] [TOUCH] context 2 (menu no, cycle alive) -> STEERING
[  16637ms] [console.log] [WAV] loaded /data/sound/expl.wav: 11937 bytes, 8-bit mono @ 11025 Hz (fopen misses so far: 2)
[  16638ms] [console.log] [WAV] retiring a voice on moviesounds/intro.wav: loaded but zero samples
[  16638ms] [console.log] [SND] live voices peaked at 9 (SOUND_SOURCES 10, loudness_thresh 0.0000)
[  16919ms] [browser.error/network] Failed to load resource: the server responded with a status of 404 (File not found)   <- http://localhost:8008/favicon.ico
[  18935ms] [harness] until 1x <<[L] NEW_ROUND>> (timeout 90000ms, have 1)
[  18935ms] [harness] until SATISFIED: saw 1x <<[L] NEW_ROUND>>
[  18935ms] [harness] === ROUND-1-STARTED-WITHOUT-A-SINGLE-KEYSTROKE ===
[  21131ms] [harness] screenshot -> docs/evidence/m7-gameboy/task1-no-hold/landscape-touch-gate/03-round1-driving.png
[  21135ms] [console.log] [PERSISTSAVE] js-backstop n=4
[  21135ms] [console.log] [TOUCHGATE] {"phase":"round1-before-steering","save":"saved","ctx":2,"ctx_menu":false,"ctx_cycle":true,"driving_class":true,"box_tapzone":"0x0@0,0","box_tzleft":"480x412@0,0","box_tzright":"480x412@435,0","box_escbtn":"54x46@10,10","box_touchpad":"0x0@0,0","canvas_w":2745,"canvas_h":1236,"mpx":3.39,"css_w":915,"css_h":412,"inner":"915x412","dpr":3,"touch_hidden":false,"chip_hidden":true,"maxTouchPoints":5,"coarse":true,"tip_left":"0 2 1 1 1","tip_right":"0 3 1 1 1"}
[  21135ms] [harness] eval window.__tg.dump('round1-before-steering') => "round1-before-steering"
[  21136ms] [harness] eval (()=>{const t=document.getElementById('touch');const p=document.getElementById('tapzone').getBoundingClientRect();const z=['tz-left','tz-right'].map(i=>document.getElementById(i).getBoundingClientRect());const ctx=window.AA_INPUT_CONTEXT();return '[TOUCHGATE] T3b round-side collision check '+JSON.stringify({ctx:ctx,driving_class:t.classList.contains('aa-driving'),tap_layer_has_no_box:p.width===0&&p.height===0,turn_zone_areas:z.map(r=>Math.round(r.width*r.height)),PASS:t.classList.contains('aa-driving')&&p.width===0&&p.height===0&&z.every(r=>r.width>0)})})() => "[TOUCHGATE] T3b round-side collision check {\"ctx\":2,\"driving_class\":true,\"tap_layer_has_no_box\":true,\"turn_zone_areas\":[197915,197915],\"PASS\":true}"
[  21136ms] [harness] === TAP-LEFT-HALF ===
[  21202ms] [harness] tap #tz-left at 240,206 (1/3)
[  21206ms] [console.log] [WAV] loaded /data/sound/expl.wav: 11937 bytes, 8-bit mono @ 11025 Hz (fopen misses so far: 3)
[  21569ms] [harness] tap #tz-left at 240,206 (2/3)
[  21935ms] [harness] tap #tz-left at 240,206 (3/3)
[  22591ms] [console.log] [L] DEATH_SUICIDE web_user
[  22592ms] [console.log] [WAV] loaded /data/sound/expl.wav: 11937 bytes, 8-bit mono @ 11025 Hz (fopen misses so far: 4)
[  22824ms] [console.log] [TOUCH] context 0 (menu no, cycle no) -> TAP=ENTER
[  23287ms] [harness] screenshot -> docs/evidence/m7-gameboy/task1-no-hold/landscape-touch-gate/04-after-tapping-left-half.png
[  23290ms] [console.log] [PERSISTSAVE] js-backstop n=5
[  23291ms] [console.log] [TOUCHGATE] {"phase":"after-tapping-left-half","save":"saved","ctx":0,"ctx_menu":false,"ctx_cycle":false,"driving_class":false,"box_tapzone":"915x412@0,0","box_tzleft":"0x0@0,0","box_tzright":"0x0@0,0","box_escbtn":"54x46@10,10","box_touchpad":"128x59@394,0","canvas_w":2745,"canvas_h":1236,"mpx":3.39,"css_w":915,"css_h":412,"inner":"915x412","dpr":3,"touch_hidden":false,"chip_hidden":true,"maxTouchPoints":5,"coarse":true,"tip_left":"0 0 1 1 1","tip_right":"0 3 1 1 1"}
[  23291ms] [harness] eval window.__tg.dump('after-tapping-left-half') => "after-tapping-left-half"
[  23291ms] [harness] === TAP-RIGHT-HALF ===
[  23362ms] [harness] tap #tz-right at 0,0 (1/4)
[  23580ms] [console.log] [TOUCH] context 1 (menu yes, cycle no) -> TAP=ENTER
[  23664ms] [console.log] [L] ROUND_WINNER ai_team notepad excel word
[  23739ms] [harness] tap #tz-right at 0,0 (2/4)
[  23747ms] [console.log] [PERSISTSAVE] menu-leave n=6
[  23831ms] [console.log] [TOUCH] context 0 (menu no, cycle no) -> TAP=ENTER
[  24110ms] [harness] tap #tz-right at 0,0 (3/4)
[  24322ms] [console.log] [TOUCH] context 1 (menu yes, cycle no) -> TAP=ENTER
[  24480ms] [harness] tap #tz-right at 0,0 (4/4)
[  24489ms] [console.log] [PERSISTSAVE] menu-leave n=7
[  24577ms] [console.log] [TOUCH] context 0 (menu no, cycle no) -> TAP=ENTER
[  25785ms] [harness] screenshot -> docs/evidence/m7-gameboy/task1-no-hold/landscape-touch-gate/05-after-tapping-right-half.png
[  25790ms] [console.log] [PERSISTSAVE] js-backstop n=8
[  25791ms] [console.log] [TOUCHGATE] {"phase":"after-tapping-right-half","save":"saved","ctx":0,"ctx_menu":false,"ctx_cycle":false,"driving_class":false,"box_tapzone":"915x412@0,0","box_tzleft":"0x0@0,0","box_tzright":"0x0@0,0","box_escbtn":"54x46@10,10","box_touchpad":"128x59@394,0","canvas_w":2745,"canvas_h":1236,"mpx":3.39,"css_w":915,"css_h":412,"inner":"915x412","dpr":3,"touch_hidden":false,"chip_hidden":true,"maxTouchPoints":5,"coarse":true,"tip_left":"0 0 1 1 1","tip_right":"0 3 1 1 1"}
[  25791ms] [harness] eval window.__tg.dump('after-tapping-right-half') => "after-tapping-right-half"
[  25791ms] [harness] until 2x <<[L] NEW_ROUND>> (timeout 150000ms, have 1)
[  27721ms] [console.log] [L] ROUND_SCORE -4 web_user web_user
[  27722ms] [console.log] [L] ROUND_SCORE_TEAM -4 web_user
[  27722ms] [console.log] [L] NEW_ROUND 2026-09-05 19:03:16 UTC+0200
[  27726ms] [console.log] [L] TEAM_PLAYER_REMOVED ai_team notepad
[  27732ms] [console.log] [L] TEAM_PLAYER_ADDED ai_team outlook
[  27808ms] [harness] until SATISFIED: saw 2x <<[L] NEW_ROUND>>
[  27808ms] [harness] === ROUND-2-STARTED ===
[  27823ms] [console.log] [TOUCH] context 2 (menu no, cycle alive) -> STEERING
[  29876ms] [harness] tap #tz-left at 240,206 (1/3)
[  30243ms] [harness] tap #tz-left at 240,206 (2/3)
[  30619ms] [harness] tap #tz-left at 240,206 (3/3)
[  31703ms] [harness] tap #tz-right at 675,206 (1/4)
[  32068ms] [harness] tap #tz-right at 675,206 (2/4)
[  32441ms] [harness] tap #tz-right at 675,206 (3/4)
[  32811ms] [harness] tap #tz-right at 675,206 (4/4)
[  34180ms] [harness] screenshot -> docs/evidence/m7-gameboy/task1-no-hold/landscape-touch-gate/06-after-round2-taps.png
[  34183ms] [console.log] [PERSISTSAVE] js-backstop n=9
[  34190ms] [console.log] [TOUCHGATE] {"phase":"after-round2-taps","save":"saved","ctx":2,"ctx_menu":false,"ctx_cycle":true,"driving_class":true,"box_tapzone":"0x0@0,0","box_tzleft":"480x412@0,0","box_tzright":"480x412@435,0","box_escbtn":"54x46@10,10","box_touchpad":"0x0@0,0","canvas_w":2745,"canvas_h":1236,"mpx":3.39,"css_w":915,"css_h":412,"inner":"915x412","dpr":3,"touch_hidden":false,"chip_hidden":true,"maxTouchPoints":5,"coarse":true,"tip_left":"0 0 1 1 1","tip_right":"0 0 1 1 1"}
[  34191ms] [harness] eval window.__tg.dump('after-round2-taps') => "after-round2-taps"
[  34191ms] [harness] until 3x <<[L] NEW_ROUND>> (timeout 150000ms, have 2)
[  36453ms] [console.log] [L] DEATH_SUICIDE web_user
[  36575ms] [console.log] [TOUCH] context 0 (menu no, cycle no) -> TAP=ENTER
[  37872ms] [console.log] [L] ROUND_WINNER ai_team outlook excel word
[  41937ms] [console.log] [L] ROUND_SCORE -4 web_user web_user
[  41938ms] [console.log] [L] ROUND_SCORE_TEAM -4 web_user
[  41938ms] [console.log] [L] NEW_ROUND 2026-09-05 19:03:30 UTC+0200
[  41987ms] [harness] until SATISFIED: saw 3x <<[L] NEW_ROUND>>
[  41987ms] [harness] === ROUND-3-STARTED-RIGHT-TAPS-ONLY ===
[  42074ms] [console.log] [TOUCH] context 2 (menu no, cycle alive) -> STEERING
[  44061ms] [harness] tap #tz-right at 675,206 (1/2)
[  44428ms] [harness] tap #tz-right at 675,206 (2/2)
[  45494ms] [harness] tap #tz-right at 675,206 (1/2)
[  45862ms] [harness] tap #tz-right at 675,206 (2/2)
[  47189ms] [harness] screenshot -> docs/evidence/m7-gameboy/task1-no-hold/landscape-touch-gate/06b-after-round3-right-taps.png
[  47192ms] [console.log] [PERSISTSAVE] js-backstop n=10
[  47192ms] [console.log] [TOUCHGATE] {"phase":"after-round3-right-taps","save":"saved","ctx":2,"ctx_menu":false,"ctx_cycle":true,"driving_class":true,"box_tapzone":"0x0@0,0","box_tzleft":"480x412@0,0","box_tzright":"480x412@435,0","box_escbtn":"54x46@10,10","box_touchpad":"0x0@0,0","canvas_w":2745,"canvas_h":1236,"mpx":3.39,"css_w":915,"css_h":412,"inner":"915x412","dpr":3,"touch_hidden":false,"chip_hidden":true,"maxTouchPoints":5,"coarse":true,"tip_left":"0 0 1 1 1","tip_right":"0 0 1 1 1"}
[  47193ms] [harness] eval window.__tg.dump('after-round3-right-taps') => "after-round3-right-taps"
[  47193ms] [harness] until 1x <<[L] ROUND_WINNER>> (timeout 150000ms, have 2)
[  47193ms] [harness] until SATISFIED: saw 2x <<[L] ROUND_WINNER>>
[  47193ms] [harness] === ROTATE-TO-PORTRAIT ===
[  47194ms] [harness] metrics -> 412x915 dpr 3
[  47196ms] [console.log] [TOUCH] orientation portrait=true (sized for portrait: false)
[  47197ms] [console.log] [TOUCH] orientation portrait=true (sized for portrait: false)
[  48696ms] [console.log] [M7GATE] T4 rotate-to-portrait {"chip_visible":true,"rotate_element":false,"canvas_w":2745,"canvas_h":1236,"PASS":true}
[  48696ms] [harness] eval (()=>{const chip=document.getElementById('reloadchip');const rot=document.getElementById('rotate');const r={chip_visible:!!chip&&!chip.hidden,rotate_element:rot!==null,canvas_w:document.getElementById('canvas').width,canvas_h:document.getElementById('canvas').height};r.PASS=r.chip_visible&&!r.rotate_element;console.log('[M7GATE] T4 rotate-to-portrait '+JSON.stringify(r));return 'T4 '+r.PASS})() => "T4 true"
[  48820ms] [harness] screenshot -> docs/evidence/m7-gameboy/task1-no-hold/landscape-touch-gate/07-portrait-mid-game-shows-only-the-chip.png
[  48820ms] [harness] === ROTATE-BACK-TO-LANDSCAPE ===
[  48820ms] [console.log] [L] DEATH_FRAG web_user outlook
[  48821ms] [harness] metrics -> 915x412 dpr 3
[  48824ms] [console.log] [TOUCH] orientation portrait=false (sized for portrait: false)
[  48824ms] [console.log] [TOUCH] orientation portrait=false (sized for portrait: false)
[  48829ms] [console.log] [TOUCH] context 0 (menu no, cycle no) -> TAP=ENTER
[  50023ms] [console.log] [L] ROUND_WINNER ai_team outlook excel word
[  50327ms] [console.log] [M7GATE] T4 back-in-landscape {"chip_hidden":true,"PASS":true}
[  50328ms] [harness] eval (()=>{const chip=document.getElementById('reloadchip');const r={chip_hidden:!!chip&&chip.hidden};r.PASS=r.chip_hidden;console.log('[M7GATE] T4 back-in-landscape '+JSON.stringify(r));return 'T4b '+r.PASS})() => "T4b true"
[  50556ms] [harness] screenshot -> docs/evidence/m7-gameboy/task1-no-hold/landscape-touch-gate/08-back-in-landscape.png
[  50556ms] [harness] === FRAME-RATE ===
[  50563ms] [harness] eval (()=>{const S=window.__fps;if(!S)return 'no sampler';const all=Array.prototype.slice.call(S.t.subarray(0,S.n));const nr=S.marks.filter(m=>m[1].indexOf('[L] NEW_ROUND')===0).map(m=>m[0]);const rw=S.marks.filter(m=>m[1].indexOf('[L] ROUND_WINNER')===0).map(m=>m[0]);const q=(a,p)=>{if(!a.length)return null;const s=a.slice().sort((x,y)=>x-y);return s[Math.min(s.length-1,Math.max(0,Math.round(p*(s.length-1))))]};const r2=(x)=>(x===null||x===undefined)?null:Math.round(x*100)/100;const f=(v)=>(v&&v>0)?Math.round(100000/v)/100:null;const stats=(t0,t1)=>{const w=all.filter(x=>x>=t0&&x<=t1);const d=[];for(let i=1;i<w.length;i++)d.push(w[i]-w[i-1]);const sec={};for(const x of w){const k=Math.floor((x-t0)/1000);sec[k]=(sec[k]||0)+1}const span=(t1-t0)/1000;const nb=Math.floor(span);const per=[];for(let k=0;k<nb;k++)per.push(sec[k]||0);return{span_s:r2(span),frames:w.length,mean_fps:span>0?r2(w.length/span):null,frame_ms:{p50:r2(q(d,0.5)),p90:r2(q(d,0.9)),p99:r2(q(d,0.99)),max:r2(q(d,1))},inst_fps:{median:f(q(d,0.5)),p10:f(q(d,0.9)),p01:f(q(d,0.99)),min:f(q(d,1))},fps_per_second:per,fps_per_second_min:per.length?Math.min.apply(null,per):null,fps_per_second_median:q(per,0.5)}};const out={total_frames_sampled:S.n,rounds_started:nr.length,rounds_won:rw.length,gl_errors:S.gl.length,gl_polls:S.polls};const n=Math.min(nr.length,rw.length);if(n>0){out.overall=stats(nr[0],rw[n-1]);out.per_round=[];for(let i=0;i<n;i++)out.per_round.push(stats(nr[i],rw[i]))}return JSON.stringify(out)})() => "{\"total_frames_sampled\":2905,\"rounds_started\":3,\"rounds_won\":3,\"gl_errors\":0,\"gl_polls\":96,\"overall\":{\"span_s\":33.42,\"frames\":1946,\"mean_fps\":58.22,\"frame_ms\":{\"p50\":16.7,\"p90\":18.8,\"p99\":24.5,\"max\":87.5},\"inst_fps\":{\"median\":59.88,\"p10\":53.19,\"p01\":40.82,\"min\":11.43},\"fps_per_second\":[58,60,60,60,54,57,57,50,60,60,60,60,60,52,59,49,57,60,60,60,60,60,60,60,60,60,60,54,57,57,60,60,60],\"fps_per_second_min\":49,\"fps_per_second_median\":60},\"per_round\":[{\"span_s\":7.07,\"frames\":409,\"mean_fps\":57.89,\"frame_ms\":{\"p50\":16.7,\"p90\":18.4,\"p99\":36.3,\"max\":77.6},\"inst_fps\":{\"median\":59.88,\"p10\":54.35,\"p01\":27.55,\"min\":12.89},\"fps_per_second\":[58,60,60,60,54,57,57],\"fps_per_second_min\":54,\"fps_per_second_median\":58},{\"span_s\":10.15,\"frames\":586,\"mean_fps\":57.74,\"frame_ms\":{\"p50\":16.7,\"p90\":18.7,\"p99\":67.7,\"max\":87.5},\"inst_fps\":{\"median\":59.88,\"p10\":53.48,\"p01\":14.77,\"min\":11.43},\"fps_per_second\":[61,60,50,56,53,57,61,59,61,59],\"fps_per_second_min\":50,\"fps_per_second_median\":59},{\"span_s\":8.08,\"frames\":473,\"mean_fps\":58.5,\"frame_ms\":{\"p50\":16.7,\"p90\":18.9,\"p99\":21.2,\"max\":80.6},\"inst_fps\":{\"median\":59.88,\"p10\":52.91,\"p01\":47.17,\"min\":12.41},\"fps_per_second\":[60,61,53,54,60,60,60,60],\"fps_per_second_min\":53,\"fps_per_second_median\":60}]}"
[  50563ms] [harness] === TAP-ESCAPE-IN-THE-CORNER ===
[  50564ms] [harness] eval (()=>{const r=document.getElementById('escbtn').getBoundingClientRect();return '[TOUCHGATE] T6 escape corner '+JSON.stringify({rect:Math.round(r.width)+'x'+Math.round(r.height)+'@'+Math.round(r.left)+','+Math.round(r.top),at_least_44px:r.width>=44&&r.height>=44,inset_from_left_px:Math.round(r.left),inset_from_top_px:Math.round(r.top),centre_x_px:Math.round(r.left+r.width/2)})})() => "[TOUCHGATE] T6 escape corner {\"rect\":\"54x46@10,10\",\"at_least_44px\":true,\"inset_from_left_px\":10,\"inset_from_top_px\":10,\"centre_x_px\":37}"
[  50628ms] [harness] tap #escbtn at 37,33 (1/1)
[  50828ms] [console.log] [TOUCH] context 1 (menu yes, cycle no) -> TAP=ENTER
[  53596ms] [harness] screenshot -> docs/evidence/m7-gameboy/task1-no-hold/landscape-touch-gate/10-after-tapping-escape-in-the-corner.png
[  53599ms] [console.log] [PERSISTSAVE] js-backstop n=11
[  53599ms] [console.log] [TOUCHGATE] {"phase":"after-escape-corner-tap","save":"saved","ctx":1,"ctx_menu":true,"ctx_cycle":false,"driving_class":false,"box_tapzone":"915x412@0,0","box_tzleft":"0x0@0,0","box_tzright":"0x0@0,0","box_escbtn":"54x46@10,10","box_touchpad":"128x59@394,0","canvas_w":2745,"canvas_h":1236,"mpx":3.39,"css_w":915,"css_h":412,"inner":"915x412","dpr":3,"touch_hidden":false,"chip_hidden":true,"maxTouchPoints":5,"coarse":true,"tip_left":"0 0 1 1 1","tip_right":"0 0 1 1 1"}
[  53599ms] [harness] eval window.__tg.dump('after-escape-corner-tap') => "after-escape-corner-tap"
[  53600ms] [harness] === T1c-PRECONDITION-THE-SAVED-CONFIG-HOLDS-SPARKS-0 ===
[  53601ms] [harness] eval (()=>{const p='/persist/var/user.cfg';let t=null,err=null;try{t=Module.FS.readFile(p,{encoding:'utf8'})}catch(e){err=String(e)}const ok=typeof t==='string';const m=ok?/^[ \t]*SPARKS[ \t]+(\S+)[ \t]*$/m.exec(t):null;return '[SPARKSGATE] T1c precondition saved-config-holds-sparks-0 '+JSON.stringify({read:ok,err:err,bytes:ok?t.length:0,line:m?m[0]:null,value:m?m[1]:null,PASS:!!m&&m[1]==='0'})})() => "[SPARKSGATE] T1c precondition saved-config-holds-sparks-0 {\"read\":true,\"err\":null,\"bytes\":22767,\"line\":\"                      SPARKS 0\",\"value\":\"0\",\"PASS\":true}"
[  53601ms] [harness] === T1c-RELOAD-WITH-SPARKS-1 ===
[  53604ms] [console.log] [PERSISTSAVE] js-backstop n=12
[  53604ms] [console.log] [PERSISTBACKSTOP] beforeunload
[  53605ms] [harness] eval location.search='?sparks=1' => "?sparks=1"
[  53605ms] [harness] until 1x <<[SPARKS] SPARKS 1 written to /data/webdefaults/autoexec.cfg>> (timeout 90000ms, have 0)
[  53629ms] [console.log] [DISPLAY] at load: viewport 915x412 dpr 3 -> canvas 2745x1236 aspect 2.2209 gpu-axis-limit 16384
[  53629ms] [console.log] [TOUCH] enabled=true (media query -> true) maxTouchPoints=5
[  53629ms] [console.log] [TOUCH] context 0 (menu no, cycle no) -> TAP=ENTER
[  53630ms] [console.log] [TOUCH] orientation portrait=false (sized for portrait: false)
[  53632ms] [console.error] WARNING: using emscripten GL emulation. This is a collection of limited workarounds, do not expect it to work.
[  53632ms] [console.error] WARNING: using emscripten GL emulation unsafe opts. If weirdness happens, try -sGL_UNSAFE_OPTS=0
[  53635ms] [console.log] [TOUCH] orientation portrait=false (sized for portrait: false)
[  53639ms] [page] load event fired
[  53651ms] [console.log] [PERSIST] populate ok in 6ms
[  53691ms] [console.log] [PERSIST] runtime initialized, starting the game
[  53691ms] [console.log] [CAMERA] camera distance x0.5 written to /data/webdefaults/autoexec.cfg before main()
[  53692ms] [console.log] [SPARKS] SPARKS 1 written to /data/webdefaults/autoexec.cfg before main() (from ?sparks=1)
[  53692ms] [console.log] [BOOT] autostart: calling main
[  53692ms] [console.error] Error: Error in tString GeneratePrefix() in src/tools/tDirectories.cpp:1380 : 
[  53693ms] [console.error]  	Relocation error. The binary was supposed to be installed into /usr/local/bin and found itself in . and could not find out what this means for the prefix /usr/local.
[  53693ms] [console.error] 
[  53693ms] [console.log] Warning in void FindConfigurationPath() in src/tools/tDirectories.cpp:1465 : 
[  53693ms] [console.log]  	Could not determine path to configuration files. Using defaults or command line arguments.
[  53693ms] [console.log] 
[  53705ms] [harness] until SATISFIED: saw 1x <<[SPARKS] SPARKS 1 written to /data/webdefaults/autoexec.cfg>>
[  53706ms] [harness] until 2x <<[BOOT] autostart>> (timeout 90000ms, have 2)
[  53706ms] [harness] until SATISFIED: saw 2x <<[BOOT] autostart>>
[  53810ms] [console.log] [L] ENCODING latin1
[  53814ms] [console.log] [SND] device opened: 22050 Hz, 2 ch, 16-bit, 1024 frames/callback (46.4 ms per callback, SOUND_BUFFER_SHIFT 1)
[  53831ms] [console.error] WARNING: using emscripten GL immediate mode emulation. This is very limited in what it supports
[  53833ms] [console.error] TODO: glShadeModel
[  53836ms] [browser.warning/rendering] Canvas2D: Multiple readback operations using getImageData are faster with the willReadFrequently attribute set to true. See: https://html.spec.whatwg.org/multipage/canvas.html#concept-canvas-will-read-frequently   <- http://localhost:8008/armagetronad.js
[  59885ms] [console.log] [TOUCH] context 1 (menu yes, cycle no) -> TAP=ENTER
[  61711ms] [console.log] [PERSISTSAVE] js-backstop n=1
[  61712ms] [harness] eval (()=>{const a='/data/webdefaults/autoexec.cfg',u='/persist/var/user.cfg';const rd=(p)=>{try{return Module.FS.readFile(p,{encoding:'utf8'})}catch(e){return null}};let sv='not attempted';try{Module._aa_web_save_config();sv='saved'}catch(e){sv='SAVE FAILED: '+e}const t=rd(a),c=rd(u);const lines=t===null?null:(t.match(/^SPARKS\b.*$/gm)||[]);const um=c===null?null:/^[ \t]*SPARKS[ \t]+(\S+)[ \t]*$/m.exec(c);const ends=t!==null&&/\nSPARKS 1\n$/.test(t);return '[SPARKSGATE] T1c sparks-1-overrides-the-saved-0 '+JSON.stringify({save:sv,autoexec_read:t!==null,autoexec_bytes:t===null?0:t.length,autoexec_sparks_lines:lines,ends_with_sparks_1:ends,live_sparks_in_user_cfg:um?um[1]:null,tail:t===null?null:t.slice(-92),PASS:t!==null&&lines!==null&&lines.length===1&&lines[0]==='SPARKS 1'&&ends&&sv==='saved'&&!!um&&um[1]==='1'})})() => "[SPARKSGATE] T1c sparks-1-overrides-the-saved-0 {\"save\":\"saved\",\"autoexec_read\":true,\"autoexec_bytes\":12747,\"autoexec_sparks_lines\":[\"SPARKS 1\"],\"ends_with_sparks_1\":true,\"live_sparks_in_user_cfg\":\"1\",\"tail\":\"EED 0.2\\n\\n# appended at runtime by web/shell.html: crash sparks on (from ?sparks=1)\\nSPARKS 1\\n\",\"PASS\":true}"
[  61786ms] [harness] screenshot -> docs/evidence/m7-gameboy/task1-no-hold/landscape-touch-gate/15-booted-with-sparks-1.png
[  61786ms] [harness] === positive-control-deliberate-uncaught-error-follows ===
[  61788ms] [harness] eval setTimeout(function(){null.thisIsADeliberateUncaughtError;},0) => 1114
[  61788ms] [console.error] Uncaught TypeError: Cannot read properties of null (reading 'thisIsADeliberateUncaughtError')
[  61789ms] [EXCEPTION] TypeError: Cannot read properties of null (reading 'thisIsADeliberateUncaughtError')
    at <anonymous>:1:28
[  61789ms] [EXCEPTION] structured stack, 1 frames:
[  61789ms]     <anonymous> @ :0:27
[  63870ms] [harness] screenshot -> docs/evidence/m7-gameboy/task1-no-hold/landscape-touch-gate/09-after-deliberate-uncaught-error.png
