[    768ms] [harness] mobile emulation: 915x412 CSS px dpr 3 (= 2745x1236 device px), touch on
[    769ms] [harness] chrome: Chrome/152.0.7977.77
[    769ms] [harness] navigating to http://localhost:8007/armagetronad.html?autostart=0&touch=1
[     33ms] [console.log] [DISPLAY] at load: viewport 915x412 dpr 3 -> canvas 2745x1236 aspect 2.2209 gpu-axis-limit 16384
[     38ms] [console.log] [TOUCH] enabled=true (?touch=1) maxTouchPoints=5
[     39ms] [console.log] [TOUCH] context 0 (menu no, cycle no) -> TAP=ENTER
[     40ms] [console.log] [TOUCH] play in portrait: false (localStorage aa.portrait)
[     41ms] [console.log] [TOUCH] orientation portrait=false (sized for portrait: false, boot held: false, play in portrait: false)
[     44ms] [console.error] WARNING: using emscripten GL emulation. This is a collection of limited workarounds, do not expect it to work.
[     44ms] [console.error] WARNING: using emscripten GL emulation unsafe opts. If weirdness happens, try -sGL_UNSAFE_OPTS=0
[     47ms] [page] load event fired
[     56ms] [browser.error/network] Failed to load resource: the server responded with a status of 404 (File not found)   <- http://localhost:8007/favicon.ico
[    121ms] [console.log] [PERSIST] populate ok in 49ms
[    317ms] [console.log] [PERSIST] runtime initialized, starting the game
[    318ms] [console.log] [CAMERA] camera distance x0.5 written to /data/webdefaults/autoexec.cfg before main()
[    318ms] [console.log] [BOOT] main() HELD by ?autostart=0, waiting for AA_START()
[    816ms] [harness] eval (() => {  /* One frame = one flush/finish on the WebGL context. rSysDep::SwapGL calls     exactly one of the two per swap, chosen by swapMode_: the static default     is rSwap_glFlush, but sr_LoadDefaultConfig (rScreen.cpp) sets     rSwap_glFinish and welcome() (gArmagetron.cpp) runs it under st_FirstUse     -- and every harness run is a first-use boot (drive-browser.mjs makes a     fresh profile), so the client the harness measures swaps with glFinish,     a synchronous wait for the GPU. S.swaps counts each kind so the [PERF]     line says which fired instead of assuming. Per frame we keep: the     timestamp (taken BEFORE the swap call), the time spent INSIDE the swap     call (the GPU wait), the timestamp of the frame's first draw call, the     number of drawArrays/drawElements calls, and the bytes through     bufferData/bufferSubData. Draw calls and bytes are the direct measure of     "geometry re-submitted through the emulation this frame" (mechanism 1);     the first-draw timestamp lets report.js split a frame interval into     [end of previous swap -> first draw] (event-loop yield, input,     simulation) and [first draw -> swap] (render submission), so a frame that     gets slower in the first part while its draw calls stay flat is NOT the     renderer. */  /* THIS FILE IS ONE EXPRESSION WITH BLOCK COMMENTS ONLY: run-arm.sh strips     every newline to fit it into a single eval: step of drive-browser.mjs, so     a // comment would swallow the rest of the program. */  const N = 600000;  const S = { t: new Float64Array(N), wait: new Float32Array(N), first: new Float64Array(N),              draws: new Uint32Array(N), bytes: new Float64Array(N), n: 0,              swaps: { flush: 0, finish: 0 }, marks: [], shots: [], cur: { draws: 0, bytes: 0, first: 0 } };  window.__fps = S;  /* Screenshot bracket. Page.captureScreenshot spends real time on the page     and can put a hitch INTO a measured window; the driver's own     "[harness] screenshot" line is on the driver's clock, in the driver's     transcript, where report.js cannot see it. The template therefore wraps     every shot: step in eval:__fps.shot('name','begin') and     eval:__fps.shot('name','end'), on the page's clock, and report.js drops     the frames between the two (plus a pad) from every statistic. */  S.shot = (name, edge) => { S.shots.push([performance.now(), name, edge]); return 'shot ' + edge + ' ' + name; };  const wrap = (C) => {    if (!C) return; const P = C.prototype;    for (const m of ['flush', 'finish']) { const o = P[m]; if (!o) continue;      P[m] = function () {        const i = S.n, now = performance.now();        if (i < N) { S.t[i] = now; S.draws[i] = S.cur.draws; S.bytes[i] = S.cur.bytes; S.first[i] = S.cur.first; S.n = i + 1; }        S.swaps[m]++; S.cur.draws = 0; S.cur.bytes = 0; S.cur.first = 0;        const r = o.apply(this, arguments);        if (i < N) S.wait[i] = performance.now() - now;        return r; }; }    for (const m of ['drawArrays', 'drawElements']) { const o = P[m]; if (!o) continue;      P[m] = function () { if (!S.cur.first) S.cur.first = performance.now(); S.cur.draws++; return o.apply(this, arguments); }; }    for (const m of ['bufferData', 'bufferSubData']) { const o = P[m]; if (!o) continue;      P[m] = function () { const d = (m === 'bufferData') ? arguments[1] : arguments[2];        S.cur.bytes += (d && d.byteLength) ? d.byteLength : (typeof d === 'number' ? d : 0);        return o.apply(this, arguments); }; }  };  wrap(window.WebGLRenderingContext); wrap(window.WebGL2RenderingContext);  const cl = console.log.bind(console);  console.log = function () { const s = (arguments.length && typeof arguments[0] === 'string') ? arguments[0] : '';    if (s.indexOf('[L] ') === 0) S.marks.push([performance.now(), s]); return cl.apply(null, arguments); };  return 'sampler armed: frames, swap kind and wait, first draw, draw calls, buffer bytes, shot brackets';})() => "sampler armed: frames, swap kind and wait, first draw, draw calls, buffer bytes, shot brackets"
[    817ms] [harness] eval (()=>{const rd=(p)=>{try{return Module.FS.readFile(p,{encoding:'utf8'})}catch(e){return null}};const pick=(t,k)=>{if(t===null)return null;let v=null;for(const l of t.split('\n')){const s=l.trim();if(s.indexOf(k)===0&&/\s/.test(s.charAt(k.length)))v=s.slice(k.length).trim().replace(/\s+/g,' ')}return v};const DFLT={FIRST_USE:'1',SP_WALLS_LENGTH:'-1',SP_SPEED_FACTOR:'0',SP_SIZE_FACTOR:'-3',SP_NUM_AIS:'1',SP_AUTO_AIS:'1'};const KEYS=['FIRST_USE','SP_WALLS_LENGTH','SP_SPEED_FACTOR','SP_SIZE_FACTOR','SP_NUM_AIS','SP_AUTO_AIS','MAX_FPS','SWAP_MODE','TEXT_OUT','FLOOR_DETAIL'];window.__posttut=(phase)=>{let sv;try{Module._aa_web_save_config();sv='saved'}catch(e){sv='SAVE FAILED: '+e}const a=rd('/data/webdefaults/autoexec.cfg');const c=rd('/persist/var/user.cfg');const asked={},live={},expect={};for(const k of KEYS){asked[k]=pick(a,k);live[k]=pick(c,k);expect[k]=asked[k]!==null?asked[k]:(DFLT[k]!==undefined?DFLT[k]:null)}const K=c===null?[]:c.split('\n').map(l=>l.trim().replace(/\s+/g,' ')).filter(l=>l.indexOf('KEYBOARD ')===0);const bind=(x)=>K.filter(l=>l.indexOf(' PLAYER_BIND '+x+' 1')>0).map(l=>l.split(' ')[1]);console.log('[POSTTUT] '+JSON.stringify({phase:phase,save:sv,user_cfg_bytes:c===null?null:c.length,asked:asked,live:live,expect:expect,turn_left_bound:bind('CYCLE_TURN_LEFT'),turn_right_bound:bind('CYCLE_TURN_RIGHT')}));return 'posttut probe '+phase};return 'posttut probe installed'})() => "posttut probe installed"
[    818ms] [harness] eval (()=>{const p='/data/webdefaults/autoexec.cfg';const cur=Module.FS.readFile(p,{encoding:'utf8'});const add='\n# perf arm posttut-walls400-r2 (post-tutorial path)\nFIRST_USE 0\nSWAP_MODE 2\nFLOOR_DETAIL 3\nTEXT_OUT 1\nKEYBOARD 276 PLAYER_BIND CYCLE_TURN_LEFT 1\nKEYBOARD 275 PLAYER_BIND CYCLE_TURN_RIGHT 1\nMAX_FPS 1000\nSP_SIZE_FACTOR 6\nSP_NUM_AIS 7\nSP_WALLS_LENGTH 400\n';Module.FS.writeFile(p,cur+add);return 'autoexec.cfg patched: '+JSON.stringify(add)})() => "autoexec.cfg patched: \"\\n# perf arm posttut-walls400-r2 (post-tutorial path)\\nFIRST_USE 0\\nSWAP_MODE 2\\nFLOOR_DETAIL 3\\nTEXT_OUT 1\\nKEYBOARD 276 PLAYER_BIND CYCLE_TURN_LEFT 1\\nKEYBOARD 275 PLAYER_BIND CYCLE_TURN_RIGHT 1\\nMAX_FPS 1000\\nSP_SIZE_FACTOR 6\\nSP_NUM_AIS 7\\nSP_WALLS_LENGTH 400\\n\""
[    820ms] [console.log] [BOOT] autostart: calling main
[    823ms] [console.error] Error: Error in tString GeneratePrefix() in src/tools/tDirectories.cpp:1380 : 
[    823ms] [console.error]  	Relocation error. The binary was supposed to be installed into /usr/local/bin and found itself in . and could not find out what this means for the prefix /usr/local.
[    823ms] [console.error] 
[    824ms] [console.log] Warning in void FindConfigurationPath() in src/tools/tDirectories.cpp:1465 : 
[    824ms] [console.log]  	Could not determine path to configuration files. Using defaults or command line arguments.
[    824ms] [console.log] 
[    957ms] [console.log] [L] ENCODING latin1
[    962ms] [console.log] [SND] device opened: 22050 Hz, 2 ch, 16-bit, 1024 frames/callback (46.4 ms per callback, SOUND_BUFFER_SHIFT 1)
[    980ms] [console.error] WARNING: using emscripten GL immediate mode emulation. This is very limited in what it supports
[    984ms] [console.error] TODO: glShadeModel
[    988ms] [browser.warning/rendering] Canvas2D: Multiple readback operations using getImageData are faster with the willReadFrequently attribute set to true. See: https://html.spec.whatwg.org/multipage/canvas.html#concept-canvas-will-read-frequently   <- http://localhost:8007/armagetronad.js
[   1025ms] [harness] eval window.AA_START() => undefined
[   1025ms] [harness] until 1x <<[BOOT] autostart>> (timeout 90000ms, have 1)
[   1025ms] [harness] until SATISFIED: saw 1x <<[BOOT] autostart>>
[   1026ms] [browser.warning/other] The AudioContext was not allowed to start. It must be resumed (or created) after a user gesture on the page. https://developer.chrome.com/blog/autoplay/#web_audio   <- http://localhost:8007/armagetronad.js
[   1026ms] [browser.warning/other] The AudioContext was not allowed to start. It must be resumed (or created) after a user gesture on the page. https://developer.chrome.com/blog/autoplay/#web_audio   <- http://localhost:8007/armagetronad.js
[   1026ms] [browser.warning/other] The AudioContext was not allowed to start. It must be resumed (or created) after a user gesture on the page. https://developer.chrome.com/blog/autoplay/#web_audio   <- http://localhost:8007/armagetronad.js
[   1027ms] [browser.warning/other] The AudioContext was not allowed to start. It must be resumed (or created) after a user gesture on the page. https://developer.chrome.com/blog/autoplay/#web_audio   <- http://localhost:8007/armagetronad.js
[   1027ms] [browser.warning/other] The AudioContext was not allowed to start. It must be resumed (or created) after a user gesture on the page. https://developer.chrome.com/blog/autoplay/#web_audio   <- http://localhost:8007/armagetronad.js
[   7039ms] [console.log] [TOUCH] context 1 (menu yes, cycle no) -> TAP=ENTER
[  10129ms] [harness] screenshot -> docs/evidence/m6-lag/task7-posttutorial/posttut-walls400-r2/m0a-splash.png
[  19267ms] [harness] screenshot -> docs/evidence/m6-lag/task7-posttutorial/posttut-walls400-r2/m0-main-menu.png
[  19268ms] [harness] === MENU-WALK-NO-TUTORIAL-ON-THIS-PATH ===
[  19303ms] [harness] key Enter (1/1)
[  21516ms] [harness] screenshot -> docs/evidence/m6-lag/task7-posttutorial/posttut-walls400-r2/m1-game-submenu.png
[  21548ms] [harness] key Down (1/1)
[  23175ms] [harness] screenshot -> docs/evidence/m6-lag/task7-posttutorial/posttut-walls400-r2/m2-cursor-on-start-new-game.png
[  23190ms] [console.log] [L] PLAYER_ENTERED web_user  web_user
[  23191ms] [console.log] [L] TEAM_CREATED web_user
[  23191ms] [console.log] [L] TEAM_PLAYER_ADDED web_user web_user
[  23193ms] [console.log] [WAV] loaded /data/sound/expl.wav: 11937 bytes, 8-bit mono @ 11025 Hz (fopen misses so far: 1)
[  23195ms] [console.log] [L] ROUND_SCORE_TEAM 0 web_user
[  23196ms] [console.log] [L] NEW_ROUND 2026-09-04 11:40:38 UTC+0200
[  23212ms] [console.log] [L] TEAM_CREATED ai_team
[  23212ms] [console.log] [L] TEAM_PLAYER_ADDED ai_team word
[  23213ms] [console.log] [L] TEAM_PLAYER_ADDED ai_team excel
[  23213ms] [console.log] [L] TEAM_PLAYER_ADDED ai_team notepad
[  23213ms] [console.log] [L] TEAM_PLAYER_ADDED ai_team gcc
[  23214ms] [console.log] [WAV] loaded /data/sound/cyclrun.wav: 40403 bytes, 8-bit mono @ 22050 Hz (fopen misses so far: 2)
[  23227ms] [harness] key Enter (1/1)
[  23229ms] [console.log] [WAV] loaded /data/sound/expl.wav: 11937 bytes, 8-bit mono @ 11025 Hz (fopen misses so far: 2)
[  23230ms] [console.log] [WAV] retiring a voice on moviesounds/intro.wav: loaded but zero samples
[  23230ms] [console.log] [SND] live voices peaked at 11 (SOUND_SOURCES 10, loudness_thresh 0.0000)
[  23287ms] [console.log] [TOUCH] context 2 (menu no, cycle alive) -> STEERING
[  23491ms] [browser.error/network] Failed to load resource: the server responded with a status of 404 (File not found)   <- http://localhost:8007/favicon.ico
[  23529ms] [harness] until 1x <<[L] NEW_ROUND>> (timeout 120000ms, have 1)
[  23529ms] [harness] until SATISFIED: saw 1x <<[L] NEW_ROUND>>
[  23529ms] [harness] === ROUND-1-SETUP-NOT-MEASURED ===
[  26564ms] [harness] key Right (1/1)
[  26898ms] [harness] key Left (1/1)
[  28701ms] [harness] eval __fps.shot('r1-after-keys','begin') => "shot begin r1-after-keys"
[  28854ms] [harness] screenshot -> docs/evidence/m6-lag/task7-posttutorial/posttut-walls400-r2/r1-after-keys.png
[  28855ms] [harness] eval __fps.shot('r1-after-keys','end') => "shot end r1-after-keys"
[  28858ms] [console.log] [PERSISTSAVE] js-backstop n=1
[  28859ms] [console.log] [POSTTUT] {"phase":"round1-setup","save":"saved","user_cfg_bytes":22047,"asked":{"FIRST_USE":"0","SP_WALLS_LENGTH":"400","SP_SPEED_FACTOR":null,"SP_SIZE_FACTOR":"6","SP_NUM_AIS":"7","SP_AUTO_AIS":"0","MAX_FPS":"1000","SWAP_MODE":"2","TEXT_OUT":"1","FLOOR_DETAIL":"3"},"live":{"FIRST_USE":"0","SP_WALLS_LENGTH":"400","SP_SPEED_FACTOR":"0","SP_SIZE_FACTOR":"6","SP_NUM_AIS":"7","SP_AUTO_AIS":"0","MAX_FPS":"1000","SWAP_MODE":"2","TEXT_OUT":"1","FLOOR_DETAIL":"3"},"expect":{"FIRST_USE":"0","SP_WALLS_LENGTH":"400","SP_SPEED_FACTOR":"0","SP_SIZE_FACTOR":"6","SP_NUM_AIS":"7","SP_AUTO_AIS":"0","MAX_FPS":"1000","SWAP_MODE":"2","TEXT_OUT":"1","FLOOR_DETAIL":"3"},"turn_left_bound":["1104"],"turn_right_bound":["1103"]}
[  28860ms] [harness] eval window.__posttut('round1-setup') => "posttut probe round1-setup"
[  28862ms] [harness] CPU throttling rate 6x
[  28862ms] [harness] === THROTTLE-ON ===
[  28862ms] [harness] until 2x <<[L] NEW_ROUND>> (timeout 260000ms, have 1)
[  68668ms] [console.log] [L] DEATH_FRAG web_user gcc
[  68678ms] [console.log] [WAV] loaded /data/sound/expl.wav: 11937 bytes, 8-bit mono @ 11025 Hz (fopen misses so far: 3)
[  68804ms] [console.log] [TOUCH] context 0 (menu no, cycle no) -> TAP=ENTER
[  70650ms] [console.log] [L] ROUND_WINNER ai_team gcc notepad excel word
[  74713ms] [console.log] [WAV] loaded /data/sound/expl.wav: 11937 bytes, 8-bit mono @ 11025 Hz (fopen misses so far: 4)
[  74729ms] [console.log] [L] ROUND_SCORE -2 web_user web_user
[  74731ms] [console.log] [L] ROUND_SCORE_TEAM -2 web_user
[  74733ms] [console.log] [L] NEW_ROUND 2026-09-04 11:41:29 UTC+0200
[  74753ms] [console.log] [L] TEAM_PLAYER_ADDED ai_team outlook
[  74757ms] [console.log] [L] TEAM_PLAYER_ADDED ai_team latex
[  74759ms] [console.log] [L] TEAM_PLAYER_ADDED ai_team gdb
[  74781ms] [console.log] [SND] live voices peaked at 16 (SOUND_SOURCES 10, loudness_thresh 0.0110)
[  74781ms] [console.log] [SND] voice limiter STARTED cutting: 16 live voices, SOUND_SOURCES 10, loudness_thresh 0.0110
[  74792ms] [console.log] [TOUCH] context 2 (menu no, cycle alive) -> STEERING
[  74808ms] [harness] until SATISFIED: saw 2x <<[L] NEW_ROUND>>
[  74809ms] [harness] === ROUND-2-MEASURED ===
[  75179ms] [console.log] [SND] voice limiter stopped cutting: 2 live voices, SOUND_SOURCES 10, loudness_thresh 0.0000
[  75227ms] [console.log] [SND] voice limiter STARTED cutting: 15 live voices, SOUND_SOURCES 10, loudness_thresh 0.0110
[  75685ms] [console.log] [SND] voice limiter stopped cutting: 2 live voices, SOUND_SOURCES 10, loudness_thresh 0.0000
[  75748ms] [console.log] [SND] voice limiter STARTED cutting: 15 live voices, SOUND_SOURCES 10, loudness_thresh 0.0110
[  76207ms] [console.log] [SND] voice limiter stopped cutting: 2 live voices, SOUND_SOURCES 10, loudness_thresh 0.0000
[  76252ms] [console.log] [SND] voice limiter STARTED cutting: 15 live voices, SOUND_SOURCES 10, loudness_thresh 0.0110
[  76709ms] [console.log] [SND] voice limiter stopped cutting: 2 live voices, SOUND_SOURCES 10, loudness_thresh 0.0000
[  76775ms] [console.log] [SND] voice limiter STARTED cutting: 15 live voices, SOUND_SOURCES 10, loudness_thresh 0.0110
[  77219ms] [console.log] [SND] voice limiter stopped cutting: 2 live voices, SOUND_SOURCES 10, loudness_thresh 0.0000
[  77264ms] [console.log] [SND] voice limiter STARTED cutting: 15 live voices, SOUND_SOURCES 10, loudness_thresh 0.0110
[  77750ms] [console.log] [SND] voice limiter stopped cutting: 2 live voices, SOUND_SOURCES 10, loudness_thresh 0.0000
[  80811ms] [harness] eval __fps.shot('r2-06s','begin') => "shot begin r2-06s"
[  80976ms] [harness] screenshot -> docs/evidence/m6-lag/task7-posttutorial/posttut-walls400-r2/r2-06s.png
[  80983ms] [harness] eval __fps.shot('r2-06s','end') => "shot end r2-06s"
[  80985ms] [harness] eval __fps.shot('r2-probe','begin') => "shot begin r2-probe"
[  81028ms] [console.log] [PERSISTSAVE] js-backstop n=2
[  81043ms] [console.log] [POSTTUT] {"phase":"round2-measured","save":"saved","user_cfg_bytes":22048,"asked":{"FIRST_USE":"0","SP_WALLS_LENGTH":"400","SP_SPEED_FACTOR":null,"SP_SIZE_FACTOR":"6","SP_NUM_AIS":"7","SP_AUTO_AIS":"0","MAX_FPS":"1000","SWAP_MODE":"2","TEXT_OUT":"1","FLOOR_DETAIL":"3"},"live":{"FIRST_USE":"0","SP_WALLS_LENGTH":"400","SP_SPEED_FACTOR":"0","SP_SIZE_FACTOR":"6","SP_NUM_AIS":"7","SP_AUTO_AIS":"0","MAX_FPS":"1000","SWAP_MODE":"2","TEXT_OUT":"1","FLOOR_DETAIL":"3"},"expect":{"FIRST_USE":"0","SP_WALLS_LENGTH":"400","SP_SPEED_FACTOR":"0","SP_SIZE_FACTOR":"6","SP_NUM_AIS":"7","SP_AUTO_AIS":"0","MAX_FPS":"1000","SWAP_MODE":"2","TEXT_OUT":"1","FLOOR_DETAIL":"3"},"turn_left_bound":["1104"],"turn_right_bound":["1103"]}
[  81044ms] [harness] eval window.__posttut('round2-measured') => "posttut probe round2-measured"
[  81074ms] [harness] eval __fps.shot('r2-probe','end') => "shot end r2-probe"
[ 105083ms] [harness] eval __fps.shot('r2-30s','begin') => "shot begin r2-30s"
[ 105270ms] [harness] screenshot -> docs/evidence/m6-lag/task7-posttutorial/posttut-walls400-r2/r2-30s.png
[ 105274ms] [harness] eval __fps.shot('r2-30s','end') => "shot end r2-30s"
[ 120195ms] [console.log] [SND] voice limiter STARTED cutting: 12 live voices, SOUND_SOURCES 10, loudness_thresh 0.0010
[ 121438ms] [console.log] [SND] voice limiter stopped cutting: 8 live voices, SOUND_SOURCES 10, loudness_thresh 0.0000
[ 125294ms] [harness] eval __fps.shot('r2-50s','begin') => "shot begin r2-50s"
[ 125475ms] [harness] screenshot -> docs/evidence/m6-lag/task7-posttutorial/posttut-walls400-r2/r2-50s.png
[ 125476ms] [harness] eval __fps.shot('r2-50s','end') => "shot end r2-50s"
[ 125476ms] [harness] until 3x <<[L] NEW_ROUND>> (timeout 260000ms, have 2)
[ 133563ms] [console.log] [L] DEATH_FRAG web_user notepad
[ 133791ms] [console.log] [TOUCH] context 0 (menu no, cycle no) -> TAP=ENTER
[ 134595ms] [console.log] [L] ROUND_WINNER ai_team gdb latex outlook gcc notepad excel word
[ 138661ms] [console.log] [L] ROUND_SCORE -2 web_user web_user
[ 138662ms] [console.log] [L] ROUND_SCORE_TEAM -2 web_user
[ 138663ms] [console.log] [L] NEW_ROUND 2026-09-04 11:42:33 UTC+0200
[ 138676ms] [harness] until SATISFIED: saw 3x <<[L] NEW_ROUND>>
[ 138676ms] [harness] === ROUND-3-MEASURED ===
[ 138698ms] [console.log] [SND] voice limiter STARTED cutting: 16 live voices, SOUND_SOURCES 10, loudness_thresh 0.0110
[ 138786ms] [console.log] [TOUCH] context 2 (menu no, cycle alive) -> STEERING
[ 139128ms] [console.log] [SND] voice limiter stopped cutting: 2 live voices, SOUND_SOURCES 10, loudness_thresh 0.0000
[ 144679ms] [harness] eval __fps.shot('r3-06s','begin') => "shot begin r3-06s"
[ 144895ms] [harness] screenshot -> docs/evidence/m6-lag/task7-posttutorial/posttut-walls400-r2/r3-06s.png
[ 144897ms] [harness] eval __fps.shot('r3-06s','end') => "shot end r3-06s"
[ 168916ms] [harness] eval __fps.shot('r3-30s','begin') => "shot begin r3-30s"
[ 169082ms] [harness] screenshot -> docs/evidence/m6-lag/task7-posttutorial/posttut-walls400-r2/r3-30s.png
[ 169088ms] [harness] eval __fps.shot('r3-30s','end') => "shot end r3-30s"
[ 189102ms] [harness] eval __fps.shot('r3-50s','begin') => "shot begin r3-50s"
[ 189293ms] [harness] screenshot -> docs/evidence/m6-lag/task7-posttutorial/posttut-walls400-r2/r3-50s.png
[ 189313ms] [harness] eval __fps.shot('r3-50s','end') => "shot end r3-50s"
[ 189314ms] [harness] until 3x <<[L] ROUND_WINNER>> (timeout 260000ms, have 2)
[ 197456ms] [console.log] [L] DEATH_FRAG web_user notepad
[ 197540ms] [console.log] [TOUCH] context 0 (menu no, cycle no) -> TAP=ENTER
[ 198472ms] [console.log] [L] ROUND_WINNER ai_team gdb latex outlook gcc notepad excel word
[ 198476ms] [harness] until SATISFIED: saw 3x <<[L] ROUND_WINNER>>
[ 198476ms] [harness] === MATCH-OVER ===
[ 199614ms] [harness] eval (() => {  /* ONE EXPRESSION, BLOCK COMMENTS ONLY: run-arm.sh strips newlines to make     this a single eval: step (see sampler.js). posttut-walls400-r2 and 6 are     substituted by run-arm.sh. The object this prints after "[PERF] <arm> " is     the schema Tasks 2-4 read; web/tools/perf/README.md documents it. */  const S = window.__fps, n = S.n;  const PAD_BEFORE = 100, PAD_AFTER = 250;  const marks = (p) => S.marks.filter(m => m[1].indexOf(p) === 0);  const nr = marks('[L] NEW_ROUND').map(m => m[0]);  const rw = marks('[L] ROUND_WINNER').map(m => m[0]);  /* The human is the first PLAYER_ENTERED name; the AIs never enter that way.     A DEATH_* line names its victim first, so the human's deaths are the     DEATH_ marks whose first name is that one. */  const pe = marks('[L] PLAYER_ENTERED ');  const human = pe.length ? pe[0][1].split(/\s+/)[2] : 'web_user';  const deaths = S.marks.filter(m => /^\[L\] DEATH_\w+ /.test(m[1]) && m[1].split(/\s+/)[2] === human).map(m => m[0]);  /* Screenshot exclusions: [begin - PAD_BEFORE, end + PAD_AFTER] for every     bracketed shot (sampler.js S.shot); a begin with no end -- the driver died     mid-shot -- excludes two seconds. */  const ex = []; const open = {};  for (const [t, name, edge] of S.shots) {    if (edge === 'begin') open[name] = t;    else if (edge === 'end' && open[name] != null) { ex.push({ a: open[name] - PAD_BEFORE, b: t + PAD_AFTER, name: name, dur: t - open[name] }); delete open[name]; } }  for (const name in open) ex.push({ a: open[name] - PAD_BEFORE, b: open[name] + 2000, name: name, dur: null });  const excluded = (t) => ex.some(e => t >= e.a && t <= e.b);  const q = (a, p) => { if (!a.length) return null; const s = a.slice().sort((x, y) => x - y);    return s[Math.min(s.length - 1, Math.max(0, Math.round(p * (s.length - 1))))]; };  const r2 = (x) => (x == null) ? null : Math.round(x * 100) / 100;  /* A window's statistics use only frames outside every exclusion, and only     deltas between frames that were ADJACENT samples, so a gap that straddles     an exclusion is never counted as a frame time. raw_ms_max ignores the     exclusions on purpose: it is where a screenshot hitch stays visible, so a     reader can see what was excluded and that it did not leak into ms_p50.     Each frame interval t[i]-t[p] (p the previous sample) is also split into     the three parts the sampler timestamps: ms_in_swap = the previous swap     call itself (p50, p90 and max: if glFinish waited for the GPU it would     show here, and the first measured run read 0 in every window -- so the     tail is reported too), ms_to_first_draw = from that     call's return to this frame's first draw call (the emscripten_sleep(0)     yield, input, the simulation, render setup), ms_first_draw_to_swap = from     the first draw call to this frame's swap call (render submission). */  const win = (t0, t1) => {    const ix = []; let dropped = 0, rawMax = 0, prev = -1;    for (let i = 0; i < n; i++) { const t = S.t[i]; if (t < t0 || t > t1) continue;      if (prev >= 0) rawMax = Math.max(rawMax, t - S.t[prev]); prev = i;      if (excluded(t)) dropped++; else ix.push(i); }    const d = [], sw = [], pre = [], ren = []; let dr = 0, by = 0;    for (let k = 1; k < ix.length; k++) if (ix[k] === ix[k - 1] + 1) { const i = ix[k], p = ix[k - 1];      d.push(S.t[i] - S.t[p]); sw.push(S.wait[p]);      if (S.first[i] > 0) { pre.push(S.first[i] - (S.t[p] + S.wait[p])); ren.push(S.t[i] - S.first[i]); } }    for (const i of ix) { dr += S.draws[i]; by += S.bytes[i]; }    const f = ix.length || 1;    let exms = 0; for (const e of ex) exms += Math.max(0, Math.min(t1, e.b) - Math.max(t0, e.a));    const span = Math.max(1, (t1 - t0) - exms);    return { frames: ix.length, frames_excluded: dropped, ms_p50: r2(q(d, .5)), ms_p90: r2(q(d, .9)),             fps: r2(ix.length / (span / 1000)), draws_per_frame: r2(dr / f),             kb_per_frame: r2(by / f / 1024), hitches_over_50ms: d.filter(x => x > 50).length,             raw_ms_max: r2(rawMax), ms_in_swap_p50: r2(q(sw, .5)), ms_in_swap_p90: r2(q(sw, .9)), ms_in_swap_max: r2(q(sw, 1)),             ms_to_first_draw_p50: r2(q(pre, .5)), ms_first_draw_to_swap_p50: r2(q(ren, .5)) }; };  const perSec = (t0, t1) => { const ms = [], dr = [], mx = [], pre = [], ren = [];    for (let k = 0; k * 1000 < t1 - t0; k++) { const w = win(t0 + k * 1000, Math.min(t1, t0 + (k + 1) * 1000));      ms.push(w.ms_p50); dr.push(w.draws_per_frame); mx.push(w.raw_ms_max); pre.push(w.ms_to_first_draw_p50); ren.push(w.ms_first_draw_to_swap_p50); }    return { ms_p50: ms, draws_per_frame: dr, raw_ms_max: mx, ms_to_first_draw_p50: pre, ms_first_draw_to_swap_p50: ren }; };  /* Pre-round frames. For the first half second of game time after a round     starts (gGame.cpp GameLoop, the gtime <= -PREPARE_TIME + .5 branch) the     game clears the screen and swaps WITHOUT calling Render: overlay only, no     arena, a handful of draw calls at a fraction of a world frame's cost.     They sit right after NEW_ROUND and would otherwise fill the early window     with frames that have no geometry in them. They are found by their draw     count: the threshold is halfway between the fewest draws of any frame in     the round's first two seconds (an overlay-only frame) and the median of     its second second (world frames); the measured span starts at the first     frame after the last frame under the threshold. The frame that straddles     NEW_ROUND itself (drawn mostly before it) is above the threshold and is     left out of both. */  const preRound = (t0) => {    const a = [], b = [];    for (let i = 0; i < n; i++) { const t = S.t[i]; if (t < t0) continue; if (t >= t0 + 2000) break; a.push(i); if (t >= t0 + 1000) b.push(S.draws[i]); }    const none = { start: t0, stats: { frames: 0, ms_p50: null, draws_per_frame: null, span_ms: 0, split_at_draws: null } };    if (!a.length) return none;    let lo = Infinity; for (const i of a) lo = Math.min(lo, S.draws[i]);    const med = q(b, .5); if (med == null || !(med > lo)) return none;    const thr = (lo + med) / 2; const ov = a.filter(i => S.draws[i] <= thr);    if (!ov.length) return none;    const last = ov[ov.length - 1]; const d = []; let dr = 0;    for (let k = 1; k < ov.length; k++) if (ov[k] === ov[k - 1] + 1) d.push(S.t[ov[k]] - S.t[ov[k - 1]]);    for (const i of ov) dr += S.draws[i];    return { start: (last + 1 < n) ? S.t[last + 1] : t0,             stats: { frames: ov.length, ms_p50: r2(q(d, .5)), draws_per_frame: r2(dr / ov.length),                      span_ms: r2(S.t[last] - S.t[ov[0]]), split_at_draws: r2(thr) } }; };  /* A round is closed by its ROUND_WINNER mark when one is written; a     winnerless round -- a lone cycle with no AI (gGame.cpp Analysis: a winner     needs more than one team) -- writes none and ends when the next NEW_ROUND     starts, and a round still running when this report runs closes here. For     a transcript where every round has its ROUND_WINNER before the next     NEW_ROUND (every base arm), this pairs exactly as nr[i]/rw[i] did. */  const rounds = [];  const tReport = performance.now();  for (let i = 0; i < nr.length; i++) {    const t0 = nr[i], next = (i + 1 < nr.length) ? nr[i + 1] : Infinity;    const won = rw.find(t => t > t0 && t < next);    const t1 = won != null ? won : (next < Infinity ? next : tReport);    const closedBy = won != null ? 'round_winner' : (next < Infinity ? 'next_round' : 'report');    const len = (t1 - t0) / 1000; if (len < 8) continue;    /* The measured span runs from the first world frame to the human's death       when the human dies before ROUND_WINNER (after it the camera shows an       explosion and the AIs' endgame, which is not what the maintainer       plays), else to ROUND_WINNER. */    const death = deaths.find(t => t > t0 && t < t1); const te = death != null ? death : t1;    const pr = preRound(t0); const ts = pr.start;    const e = win(ts, ts + 5000), l = win(te - 5000, te), all = win(ts, te);    const shots = ex.filter(x => x.a >= t0 && x.a <= t1).map(x => ({ name: x.name, at_s: r2((x.a + PAD_BEFORE - t0) / 1000), dur_ms: r2(x.dur) }));    rounds.push({ round: i + 1, length_s: r2(len), closed_by: closedBy,      measured_from_s: r2((ts - t0) / 1000), measured_to_s: r2((te - t0) / 1000),      human_death_s: death != null ? r2((death - t0) / 1000) : null, ends_at: death != null ? 'human_death' : 'round_winner',      pre_round: pr.stats, early_5s: e, late_5s: l,      ratio_ms: e.ms_p50 ? r2(l.ms_p50 / e.ms_p50) : null,      ratio_draws: e.draws_per_frame ? r2(l.draws_per_frame / e.draws_per_frame) : null,      hitches_over_50ms: all.hitches_over_50ms, frames: all.frames, frames_excluded: all.frames_excluded,      raw_ms_max: all.raw_ms_max, shots: shots, per_second: perSec(t0, t1) }); }  return '[PERF] posttut-walls400-r2 ' + JSON.stringify({ arm: 'posttut-walls400-r2', cpu_rate: 6, frames: n, human: human,    swaps: S.swaps, rounds_started: nr.length, rounds_won: rw.length,    shots_bracketed: ex.filter(x => x.dur != null).length, shot_pad_ms: [PAD_BEFORE, PAD_AFTER], rounds });})() => "[PERF] posttut-walls400-r2 {\"arm\":\"posttut-walls400-r2\",\"cpu_rate\":6,\"frames\":13078,\"human\":\"web_user\",\"swaps\":{\"flush\":0,\"finish\":13078},\"rounds_started\":3,\"rounds_won\":3,\"shots_bracketed\":8,\"shot_pad_ms\":[100,250],\"rounds\":[{\"round\":1,\"length_s\":47.45,\"closed_by\":\"round_winner\",\"measured_from_s\":0.53,\"measured_to_s\":45.47,\"human_death_s\":45.47,\"ends_at\":\"human_death\",\"pre_round\":{\"frames\":98,\"ms_p50\":5,\"draws_per_frame\":19.05,\"span_ms\":481.2,\"split_at_draws\":43.5},\"early_5s\":{\"frames\":708,\"frames_excluded\":18,\"ms_p50\":6.9,\"ms_p90\":7.4,\"fps\":145.32,\"draws_per_frame\":85.26,\"kb_per_frame\":122.86,\"hitches_over_50ms\":0,\"raw_ms_max\":13,\"ms_in_swap_p50\":0,\"ms_in_swap_p90\":0,\"ms_in_swap_max\":0.1,\"ms_to_first_draw_p50\":5,\"ms_first_draw_to_swap_p50\":1.9},\"late_5s\":{\"frames\":272,\"frames_excluded\":0,\"ms_p50\":18.1,\"ms_p90\":19.9,\"fps\":54.4,\"draws_per_frame\":90.02,\"kb_per_frame\":122.11,\"hitches_over_50ms\":0,\"raw_ms_max\":29.6,\"ms_in_swap_p50\":0,\"ms_in_swap_p90\":0.1,\"ms_in_swap_max\":1.3,\"ms_to_first_draw_p50\":6.8,\"ms_first_draw_to_swap_p50\":11.3},\"ratio_ms\":2.62,\"ratio_draws\":1.06,\"hitches_over_50ms\":0,\"frames\":2896,\"frames_excluded\":49,\"raw_ms_max\":45,\"shots\":[{\"name\":\"r1-after-keys\",\"at_s\":5.51,\"dur_ms\":153.3}],\"per_second\":{\"ms_p50\":[5.2,6.5,6.8,6.9,7.1,7,18.8,18.6,18.7,18.7,17.8,17.6,17.3,18.2,18,17.8,18.1,18.2,18.3,17.9,17.5,16.8,18.2,17.9,17.7,17.9,18.7,17.9,17.4,17.8,18,18.3,16.9,17.3,17.2,17.5,17.3,18.3,18.7,19,18.4,18,18.1,17.9,18.5,17.8,17.3,17.6],\"draws_per_frame\":[39.45,68,86.76,87,101.82,103.84,99.17,99,95.23,95,92.21,92,91.07,91,90.09,90,90,90,90,90,90,90,90,90,90,90,90,90,90,90,90,90,90,90,90,90,90,90,90,90,90,90,90,90,90,91.48,92.05,93],\"raw_ms_max\":[21.9,7.4,8.1,12.5,13,28.2,21.1,20.6,21.3,21.5,20.4,34.8,20.7,20.4,21.5,21.1,23.4,20.6,21.5,22.4,19.8,19.2,21.9,19.7,19.2,19.4,24.3,20.7,19.5,22.6,20.9,21.2,19.6,23.5,20,19.3,20.2,21.7,24.1,45,21.2,21.5,20.4,23.1,29.6,38,25,20],\"ms_to_first_draw_p50\":[4.8,4.9,4.9,4.9,5.1,5.1,6.6,6.6,6.7,6.8,6.5,6.5,6.7,6.5,6.8,6.6,6.7,6.7,6.8,6.5,6.3,6.3,6.7,6.8,6.6,6.5,6.6,6.5,6.3,6.5,6.5,6.6,6.3,6.4,6.2,6.5,6.4,6.7,6.7,6.8,6.8,6.6,6.7,6.7,7.1,7.1,6.7,6.5],\"ms_first_draw_to_swap_p50\":[0.3,1.5,1.9,2,2,1.9,12.1,12,11.8,11.7,10.9,11.1,10.8,11.3,11.1,11.1,11.5,11.7,11.5,11.2,10.9,10.6,11.4,11.1,11.1,11.3,11.8,11.4,10.9,11.1,11.6,11.5,10.5,10.7,10.9,11.1,10.6,11.5,11.7,11.8,11.6,11.3,11.3,11.1,11.2,10.8,10.5,11]}},{\"round\":2,\"length_s\":59.86,\"closed_by\":\"round_winner\",\"measured_from_s\":0.54,\"measured_to_s\":58.83,\"human_death_s\":58.83,\"ends_at\":\"human_death\",\"pre_round\":{\"frames\":74,\"ms_p50\":6.3,\"draws_per_frame\":15.09,\"span_ms\":472.5,\"split_at_draws\":48.5},\"early_5s\":{\"frames\":226,\"frames_excluded\":0,\"ms_p50\":21.7,\"ms_p90\":25.3,\"fps\":45.2,\"draws_per_frame\":102.68,\"kb_per_frame\":181.53,\"hitches_over_50ms\":0,\"raw_ms_max\":34.8,\"ms_in_swap_p50\":0,\"ms_in_swap_p90\":0.1,\"ms_in_swap_max\":1.3,\"ms_to_first_draw_p50\":5.9,\"ms_first_draw_to_swap_p50\":15.8},\"late_5s\":{\"frames\":197,\"frames_excluded\":0,\"ms_p50\":24.5,\"ms_p90\":29,\"fps\":39.4,\"draws_per_frame\":120.05,\"kb_per_frame\":178.84,\"hitches_over_50ms\":1,\"raw_ms_max\":61.2,\"ms_in_swap_p50\":0,\"ms_in_swap_p90\":0.1,\"ms_in_swap_max\":1.3,\"ms_to_first_draw_p50\":7.7,\"ms_first_draw_to_swap_p50\":16.6},\"ratio_ms\":1.13,\"ratio_draws\":1.17,\"hitches_over_50ms\":6,\"frames\":2311,\"frames_excluded\":65,\"raw_ms_max\":84.8,\"shots\":[{\"name\":\"r2-06s\",\"at_s\":6.08,\"dur_ms\":171.3},{\"name\":\"r2-probe\",\"at_s\":6.25,\"dur_ms\":88.1},{\"name\":\"r2-30s\",\"at_s\":30.35,\"dur_ms\":191.4},{\"name\":\"r2-50s\",\"at_s\":50.56,\"dur_ms\":182.3}],\"per_second\":{\"ms_p50\":[6.7,21.3,21.3,21.1,24,25,24.4,24.6,24.9,24.2,23.8,22.8,22.5,22.6,23.4,22.7,23.7,23.8,24.2,25.4,23.4,23.2,25.9,24,25.1,23.8,22.7,23.9,24.3,23,23,24.3,24.5,23.3,22.1,22,22.1,23.2,22.9,23.3,22.8,23,23.1,33.5,24.2,27,29.8,31.1,30.3,31.3,27.4,23.8,22.6,23.7,24.7,25,24.1,24.6,24.7,30.7],\"draws_per_frame\":[30.72,81.98,100.63,101,127.8,128.87,124,124,121.45,121,118.43,118,115.48,115,114.19,114,114,114,114,114,114,114,114,114,114,114,114,114,114,114,114,114,114,114,114,114,114,114,114,114,114,114,114,114,114,114.82,114,114.07,115.88,116.13,117.75,120,120,120,120,120,120,120,121.19,122.63],\"raw_ms_max\":[22.5,25.5,25.3,22.9,34.8,30.5,62.3,26.4,30.4,27.1,26.3,25.4,24.6,24.6,25.7,26,27.3,56.2,26.5,32.1,27.6,25.8,29.7,30,40.4,27.5,25.8,28.2,26.9,27.5,26.3,28.1,29.2,30.7,24.9,24.3,26,25.8,25.7,25.6,29.6,33.2,36.5,43.5,34.1,84.8,66,69.2,42.9,50.6,69,39.7,29.3,35.6,43,39,32,34.6,61.2,47.9],\"ms_to_first_draw_p50\":[5.3,5.9,5.5,5.5,7.3,7.6,7.3,7.5,7.5,7.3,7.4,7,7.1,7.2,7,7.2,7.2,7.4,7.7,7.6,7.1,7.2,7.6,7.1,7.8,7.4,7,7.3,7.4,7.4,7.3,7.5,7.2,7,6.9,6.8,7,7.1,7.2,7.2,7,7.2,7.3,9.6,7.6,12,13.2,13.8,12.5,13.2,10.8,7.4,7.1,7.1,7.6,7.8,7.5,7.8,8.2,14.2],\"ms_first_draw_to_swap_p50\":[1.4,15.1,16,15.3,17,17.3,17.3,17.1,17.5,16.9,16.7,15.8,15.3,15.3,16.3,16,16.6,16.4,16.7,17.6,16.3,16.2,18.1,16.4,17.3,16.3,15.6,16.5,16.6,15.9,15.5,16.9,17.1,16.3,15.2,15.1,15.2,15.8,15.8,16.1,15.8,15.8,16,24.3,16.6,16.7,16.3,17.2,16.9,17.2,16.5,15.9,15.7,16.3,17.3,16.8,16.5,16.9,16,15.8]}},{\"round\":3,\"length_s\":59.81,\"closed_by\":\"round_winner\",\"measured_from_s\":0.53,\"measured_to_s\":58.79,\"human_death_s\":58.79,\"ends_at\":\"human_death\",\"pre_round\":{\"frames\":76,\"ms_p50\":6.4,\"draws_per_frame\":11.07,\"span_ms\":477.4,\"split_at_draws\":44.5},\"early_5s\":{\"frames\":223,\"frames_excluded\":0,\"ms_p50\":22.5,\"ms_p90\":24.7,\"fps\":44.6,\"draws_per_frame\":98.06,\"kb_per_frame\":184.75,\"hitches_over_50ms\":0,\"raw_ms_max\":28.1,\"ms_in_swap_p50\":0,\"ms_in_swap_p90\":0.1,\"ms_in_swap_max\":1.2,\"ms_to_first_draw_p50\":6.1,\"ms_first_draw_to_swap_p50\":16.2},\"late_5s\":{\"frames\":210,\"frames_excluded\":0,\"ms_p50\":23.1,\"ms_p90\":26.3,\"fps\":42,\"draws_per_frame\":120.03,\"kb_per_frame\":182.53,\"hitches_over_50ms\":0,\"raw_ms_max\":49.3,\"ms_in_swap_p50\":0,\"ms_in_swap_p90\":0,\"ms_in_swap_max\":1.3,\"ms_to_first_draw_p50\":7.3,\"ms_first_draw_to_swap_p50\":15.8},\"ratio_ms\":1.03,\"ratio_draws\":1.22,\"hitches_over_50ms\":11,\"frames\":2321,\"frames_excluded\":67,\"raw_ms_max\":99.6,\"shots\":[{\"name\":\"r3-06s\",\"at_s\":6.02,\"dur_ms\":217.8},{\"name\":\"r3-30s\",\"at_s\":30.25,\"dur_ms\":172},{\"name\":\"r3-50s\",\"at_s\":50.44,\"dur_ms\":211.9}],\"per_second\":{\"ms_p50\":[6.7,20.7,22.7,22.3,24.5,24.1,23.1,24.2,23.9,23.3,24,22.9,24.5,23.4,23.4,23.9,24.1,23.8,22.5,23.3,23.5,23.7,23.4,23.4,23.6,24.2,25.7,23.5,24.3,24.8,25.3,24.7,22.8,23,23.3,24.8,23.5,22.7,23.9,25.7,26.6,24.3,24.3,23.5,23.1,26.7,30.2,34.3,32.4,32.2,24.5,21.8,22.7,23,23,22.9,22.9,25.2,23.2,23.4],\"draws_per_frame\":[26.38,77.98,95.59,96,122.76,124.05,118,118,117.05,117,116.07,116,115.07,115,114.09,114,114,114,114,114,114,114,114,114,114,114,114,114,114,114,114,114,114,114,114,114,114,114,114,114,114,114,114,114,114,115.09,114,114,117.72,118,118.53,120,120,120,120,120,120,120,121.26,122.56],\"raw_ms_max\":[22.8,22.8,25,24.4,28.1,27.3,27,29.6,27.1,36.4,27.8,25.9,26.9,26.1,25.6,26.4,48.8,27.3,27.6,27.1,27.5,25.3,27.3,26.3,27.6,28,32,25.7,28,27.2,28.6,30.3,24.8,25.6,28.1,27.7,26.4,30.8,28.3,30.5,33.4,27.1,26.4,25.6,24.8,69.5,62.2,99.6,51.6,67,32.9,45.6,32.6,39.7,29.3,35.3,29.9,39.1,49.3,38.5],\"ms_to_first_draw_p50\":[5.3,5.8,5.9,5.7,7.2,7.3,7.2,7.4,7.4,7.4,7.5,7.2,7.6,7.1,7.1,7.3,7.4,7,7,7.2,7.3,7.2,7.1,7.2,7.4,7.3,7.6,7,7.2,7.1,7.3,7.4,7.1,7.4,7.2,7.6,7.3,7.1,7.4,7.7,7.7,7.1,7.2,7.2,7.2,11.2,12.5,15.7,12.4,11.8,9.5,6.8,7.2,6.9,7.2,7.1,7.1,8,8.1,9.5],\"ms_first_draw_to_swap_p50\":[1.4,14.8,16.7,16.4,17.3,16.8,16,17,16.5,16,16.5,15.7,16.8,16.3,16.3,16.6,16.8,16.4,15.4,15.9,16.6,16.1,16.2,16,16.4,16.9,18,16.3,17.2,17.2,18,17.1,15.6,15.4,15.9,17.5,16,15.7,16.4,17.8,18.8,16.6,16.9,15.9,15.7,15.9,17.2,19.4,20.9,19.7,15.1,15.1,15.3,15.8,15.7,15.7,15.8,17.3,14.9,13.8]}}]}"
