[    719ms] [harness] mobile emulation: 915x412 CSS px dpr 3 (= 2745x1236 device px), touch on
[    721ms] [harness] chrome: Chrome/152.0.7977.77
[    721ms] [harness] navigating to http://localhost:8007/armagetronad.html?autostart=0&touch=1
[     51ms] [console.log] [DISPLAY] at load: viewport 915x412 dpr 3 -> canvas 2745x1236 aspect 2.2209 gpu-axis-limit 16384
[     52ms] [console.log] [TOUCH] enabled=true (?touch=1) maxTouchPoints=5
[     56ms] [console.log] [TOUCH] context 0 (menu no, cycle no) -> TAP=ENTER
[     56ms] [console.log] [TOUCH] play in portrait: false (localStorage aa.portrait)
[     59ms] [console.log] [TOUCH] orientation portrait=false (sized for portrait: false, boot held: false, play in portrait: false)
[     69ms] [console.error] WARNING: using emscripten GL emulation. This is a collection of limited workarounds, do not expect it to work.
[     69ms] [console.error] WARNING: using emscripten GL emulation unsafe opts. If weirdness happens, try -sGL_UNSAFE_OPTS=0
[     78ms] [page] load event fired
[     90ms] [browser.error/network] Failed to load resource: the server responded with a status of 404 (File not found)   <- http://localhost:8007/favicon.ico
[    159ms] [console.log] [PERSIST] populate ok in 54ms
[    392ms] [console.log] [PERSIST] runtime initialized, starting the game
[    393ms] [console.log] [CAMERA] camera distance x0.5 written to /data/webdefaults/autoexec.cfg before main()
[    393ms] [console.log] [BOOT] main() HELD by ?autostart=0, waiting for AA_START()
[    834ms] [harness] eval (() => {  /* One frame = one flush/finish on the WebGL context. rSysDep::SwapGL calls     exactly one of the two per swap, chosen by swapMode_: the static default     is rSwap_glFlush, but sr_LoadDefaultConfig (rScreen.cpp) sets     rSwap_glFinish and welcome() (gArmagetron.cpp) runs it under st_FirstUse     -- and every harness run is a first-use boot (drive-browser.mjs makes a     fresh profile), so the client the harness measures swaps with glFinish,     a synchronous wait for the GPU. S.swaps counts each kind so the [PERF]     line says which fired instead of assuming. Per frame we keep: the     timestamp (taken BEFORE the swap call), the time spent INSIDE the swap     call (the GPU wait), the timestamp of the frame's first draw call, the     number of drawArrays/drawElements calls, and the bytes through     bufferData/bufferSubData. Draw calls and bytes are the direct measure of     "geometry re-submitted through the emulation this frame" (mechanism 1);     the first-draw timestamp lets report.js split a frame interval into     [end of previous swap -> first draw] (event-loop yield, input,     simulation) and [first draw -> swap] (render submission), so a frame that     gets slower in the first part while its draw calls stay flat is NOT the     renderer. */  /* THIS FILE IS ONE EXPRESSION WITH BLOCK COMMENTS ONLY: run-arm.sh strips     every newline to fit it into a single eval: step of drive-browser.mjs, so     a // comment would swallow the rest of the program. */  const N = 600000;  const S = { t: new Float64Array(N), wait: new Float32Array(N), first: new Float64Array(N),              draws: new Uint32Array(N), bytes: new Float64Array(N), n: 0,              swaps: { flush: 0, finish: 0 }, marks: [], shots: [], cur: { draws: 0, bytes: 0, first: 0 } };  window.__fps = S;  /* Screenshot bracket. Page.captureScreenshot spends real time on the page     and can put a hitch INTO a measured window; the driver's own     "[harness] screenshot" line is on the driver's clock, in the driver's     transcript, where report.js cannot see it. The template therefore wraps     every shot: step in eval:__fps.shot('name','begin') and     eval:__fps.shot('name','end'), on the page's clock, and report.js drops     the frames between the two (plus a pad) from every statistic. */  S.shot = (name, edge) => { S.shots.push([performance.now(), name, edge]); return 'shot ' + edge + ' ' + name; };  const wrap = (C) => {    if (!C) return; const P = C.prototype;    for (const m of ['flush', 'finish']) { const o = P[m]; if (!o) continue;      P[m] = function () {        const i = S.n, now = performance.now();        if (i < N) { S.t[i] = now; S.draws[i] = S.cur.draws; S.bytes[i] = S.cur.bytes; S.first[i] = S.cur.first; S.n = i + 1; }        S.swaps[m]++; S.cur.draws = 0; S.cur.bytes = 0; S.cur.first = 0;        const r = o.apply(this, arguments);        if (i < N) S.wait[i] = performance.now() - now;        return r; }; }    for (const m of ['drawArrays', 'drawElements']) { const o = P[m]; if (!o) continue;      P[m] = function () { if (!S.cur.first) S.cur.first = performance.now(); S.cur.draws++; return o.apply(this, arguments); }; }    for (const m of ['bufferData', 'bufferSubData']) { const o = P[m]; if (!o) continue;      P[m] = function () { const d = (m === 'bufferData') ? arguments[1] : arguments[2];        S.cur.bytes += (d && d.byteLength) ? d.byteLength : (typeof d === 'number' ? d : 0);        return o.apply(this, arguments); }; }  };  wrap(window.WebGLRenderingContext); wrap(window.WebGL2RenderingContext);  const cl = console.log.bind(console);  console.log = function () { const s = (arguments.length && typeof arguments[0] === 'string') ? arguments[0] : '';    if (s.indexOf('[L] ') === 0) S.marks.push([performance.now(), s]); return cl.apply(null, arguments); };  return 'sampler armed: frames, swap kind and wait, first draw, draw calls, buffer bytes, shot brackets';})() => "sampler armed: frames, swap kind and wait, first draw, draw calls, buffer bytes, shot brackets"
[    835ms] [harness] eval (()=>{const rd=(p)=>{try{return Module.FS.readFile(p,{encoding:'utf8'})}catch(e){return null}};const pick=(t,k)=>{if(t===null)return null;let v=null;for(const l of t.split('\n')){const s=l.trim();if(s.indexOf(k)===0&&/\s/.test(s.charAt(k.length)))v=s.slice(k.length).trim().replace(/\s+/g,' ')}return v};const DFLT={FIRST_USE:'1',SP_WALLS_LENGTH:'-1',SP_SPEED_FACTOR:'0',SP_SIZE_FACTOR:'-3',SP_NUM_AIS:'1',SP_AUTO_AIS:'1'};const KEYS=['FIRST_USE','SP_WALLS_LENGTH','SP_SPEED_FACTOR','SP_SIZE_FACTOR','SP_NUM_AIS','SP_AUTO_AIS','MAX_FPS','SWAP_MODE','TEXT_OUT','FLOOR_DETAIL'];window.__posttut=(phase)=>{let sv;try{Module._aa_web_save_config();sv='saved'}catch(e){sv='SAVE FAILED: '+e}const a=rd('/data/webdefaults/autoexec.cfg');const c=rd('/persist/var/user.cfg');const asked={},live={},expect={};for(const k of KEYS){asked[k]=pick(a,k);live[k]=pick(c,k);expect[k]=asked[k]!==null?asked[k]:(DFLT[k]!==undefined?DFLT[k]:null)}const K=c===null?[]:c.split('\n').map(l=>l.trim().replace(/\s+/g,' ')).filter(l=>l.indexOf('KEYBOARD ')===0);const bind=(x)=>K.filter(l=>l.indexOf(' PLAYER_BIND '+x+' 1')>0).map(l=>l.split(' ')[1]);console.log('[POSTTUT] '+JSON.stringify({phase:phase,save:sv,user_cfg_bytes:c===null?null:c.length,asked:asked,live:live,expect:expect,turn_left_bound:bind('CYCLE_TURN_LEFT'),turn_right_bound:bind('CYCLE_TURN_RIGHT')}));return 'posttut probe '+phase};return 'posttut probe installed'})() => "posttut probe installed"
[    836ms] [harness] eval (()=>{const p='/data/webdefaults/autoexec.cfg';const cur=Module.FS.readFile(p,{encoding:'utf8'});const add='\n# perf arm posttut-base-r3 (post-tutorial path)\nFIRST_USE 0\nSWAP_MODE 2\nFLOOR_DETAIL 3\nTEXT_OUT 1\nKEYBOARD 276 PLAYER_BIND CYCLE_TURN_LEFT 1\nKEYBOARD 275 PLAYER_BIND CYCLE_TURN_RIGHT 1\nMAX_FPS 1000\nSP_SIZE_FACTOR 6\nSP_NUM_AIS 7\nSP_WALLS_LENGTH -1\n';Module.FS.writeFile(p,cur+add);return 'autoexec.cfg patched: '+JSON.stringify(add)})() => "autoexec.cfg patched: \"\\n# perf arm posttut-base-r3 (post-tutorial path)\\nFIRST_USE 0\\nSWAP_MODE 2\\nFLOOR_DETAIL 3\\nTEXT_OUT 1\\nKEYBOARD 276 PLAYER_BIND CYCLE_TURN_LEFT 1\\nKEYBOARD 275 PLAYER_BIND CYCLE_TURN_RIGHT 1\\nMAX_FPS 1000\\nSP_SIZE_FACTOR 6\\nSP_NUM_AIS 7\\nSP_WALLS_LENGTH -1\\n\""
[    838ms] [console.log] [BOOT] autostart: calling main
[    842ms] [console.error] Error: Error in tString GeneratePrefix() in src/tools/tDirectories.cpp:1380 : 
[    843ms] [console.error]  	Relocation error. The binary was supposed to be installed into /usr/local/bin and found itself in . and could not find out what this means for the prefix /usr/local.
[    843ms] [console.error] 
[    843ms] [console.log] Warning in void FindConfigurationPath() in src/tools/tDirectories.cpp:1465 : 
[    843ms] [console.log]  	Could not determine path to configuration files. Using defaults or command line arguments.
[    844ms] [console.log] 
[    973ms] [console.log] [L] ENCODING latin1
[    983ms] [console.log] [SND] device opened: 22050 Hz, 2 ch, 16-bit, 1024 frames/callback (46.4 ms per callback, SOUND_BUFFER_SHIFT 1)
[   1005ms] [console.error] WARNING: using emscripten GL immediate mode emulation. This is very limited in what it supports
[   1009ms] [console.error] TODO: glShadeModel
[   1015ms] [browser.warning/rendering] Canvas2D: Multiple readback operations using getImageData are faster with the willReadFrequently attribute set to true. See: https://html.spec.whatwg.org/multipage/canvas.html#concept-canvas-will-read-frequently   <- http://localhost:8007/armagetronad.js
[   1065ms] [harness] eval window.AA_START() => undefined
[   1066ms] [harness] until 1x <<[BOOT] autostart>> (timeout 90000ms, have 1)
[   1066ms] [harness] until SATISFIED: saw 1x <<[BOOT] autostart>>
[   1068ms] [browser.warning/other] The AudioContext was not allowed to start. It must be resumed (or created) after a user gesture on the page. https://developer.chrome.com/blog/autoplay/#web_audio   <- http://localhost:8007/armagetronad.js
[   1069ms] [browser.warning/other] The AudioContext was not allowed to start. It must be resumed (or created) after a user gesture on the page. https://developer.chrome.com/blog/autoplay/#web_audio   <- http://localhost:8007/armagetronad.js
[   1069ms] [browser.warning/other] The AudioContext was not allowed to start. It must be resumed (or created) after a user gesture on the page. https://developer.chrome.com/blog/autoplay/#web_audio   <- http://localhost:8007/armagetronad.js
[   1069ms] [browser.warning/other] The AudioContext was not allowed to start. It must be resumed (or created) after a user gesture on the page. https://developer.chrome.com/blog/autoplay/#web_audio   <- http://localhost:8007/armagetronad.js
[   1070ms] [browser.warning/other] The AudioContext was not allowed to start. It must be resumed (or created) after a user gesture on the page. https://developer.chrome.com/blog/autoplay/#web_audio   <- http://localhost:8007/armagetronad.js
[   7308ms] [console.log] [TOUCH] context 1 (menu yes, cycle no) -> TAP=ENTER
[  10181ms] [harness] screenshot -> docs/evidence/m6-lag/task7-posttutorial/posttut-base-r3/m0a-splash.png
[  19290ms] [harness] screenshot -> docs/evidence/m6-lag/task7-posttutorial/posttut-base-r3/m0-main-menu.png
[  19292ms] [harness] === MENU-WALK-NO-TUTORIAL-ON-THIS-PATH ===
[  19332ms] [harness] key Enter (1/1)
[  21540ms] [harness] screenshot -> docs/evidence/m6-lag/task7-posttutorial/posttut-base-r3/m1-game-submenu.png
[  21574ms] [harness] key Down (1/1)
[  23174ms] [harness] screenshot -> docs/evidence/m6-lag/task7-posttutorial/posttut-base-r3/m2-cursor-on-start-new-game.png
[  23185ms] [console.log] [L] PLAYER_ENTERED web_user  web_user
[  23186ms] [console.log] [L] TEAM_CREATED web_user
[  23186ms] [console.log] [L] TEAM_PLAYER_ADDED web_user web_user
[  23188ms] [console.log] [WAV] loaded /data/sound/expl.wav: 11937 bytes, 8-bit mono @ 11025 Hz (fopen misses so far: 1)
[  23190ms] [console.log] [L] ROUND_SCORE_TEAM 0 web_user
[  23191ms] [console.log] [L] NEW_ROUND 2026-09-04 11:22:18 UTC+0200
[  23209ms] [console.log] [L] TEAM_CREATED ai_team
[  23209ms] [console.log] [L] TEAM_PLAYER_ADDED ai_team word
[  23209ms] [console.log] [L] TEAM_PLAYER_ADDED ai_team excel
[  23210ms] [console.log] [L] TEAM_PLAYER_ADDED ai_team notepad
[  23210ms] [console.log] [L] TEAM_PLAYER_ADDED ai_team gcc
[  23211ms] [console.log] [WAV] loaded /data/sound/cyclrun.wav: 40403 bytes, 8-bit mono @ 22050 Hz (fopen misses so far: 2)
[  23225ms] [harness] key Enter (1/1)
[  23228ms] [console.log] [WAV] loaded /data/sound/expl.wav: 11937 bytes, 8-bit mono @ 11025 Hz (fopen misses so far: 2)
[  23228ms] [console.log] [WAV] retiring a voice on moviesounds/intro.wav: loaded but zero samples
[  23228ms] [console.log] [SND] live voices peaked at 11 (SOUND_SOURCES 10, loudness_thresh 0.0000)
[  23306ms] [console.log] [TOUCH] context 2 (menu no, cycle alive) -> STEERING
[  23512ms] [browser.error/network] Failed to load resource: the server responded with a status of 404 (File not found)   <- http://localhost:8007/favicon.ico
[  23525ms] [harness] until 1x <<[L] NEW_ROUND>> (timeout 120000ms, have 1)
[  23525ms] [harness] until SATISFIED: saw 1x <<[L] NEW_ROUND>>
[  23525ms] [harness] === ROUND-1-SETUP-NOT-MEASURED ===
[  26562ms] [harness] key Right (1/1)
[  26898ms] [harness] key Left (1/1)
[  28701ms] [harness] eval __fps.shot('r1-after-keys','begin') => "shot begin r1-after-keys"
[  28866ms] [harness] screenshot -> docs/evidence/m6-lag/task7-posttutorial/posttut-base-r3/r1-after-keys.png
[  28867ms] [harness] eval __fps.shot('r1-after-keys','end') => "shot end r1-after-keys"
[  28870ms] [console.log] [PERSISTSAVE] js-backstop n=1
[  28872ms] [console.log] [POSTTUT] {"phase":"round1-setup","save":"saved","user_cfg_bytes":22046,"asked":{"FIRST_USE":"0","SP_WALLS_LENGTH":"-1","SP_SPEED_FACTOR":null,"SP_SIZE_FACTOR":"6","SP_NUM_AIS":"7","SP_AUTO_AIS":"0","MAX_FPS":"1000","SWAP_MODE":"2","TEXT_OUT":"1","FLOOR_DETAIL":"3"},"live":{"FIRST_USE":"0","SP_WALLS_LENGTH":"-1","SP_SPEED_FACTOR":"0","SP_SIZE_FACTOR":"6","SP_NUM_AIS":"7","SP_AUTO_AIS":"0","MAX_FPS":"1000","SWAP_MODE":"2","TEXT_OUT":"1","FLOOR_DETAIL":"3"},"expect":{"FIRST_USE":"0","SP_WALLS_LENGTH":"-1","SP_SPEED_FACTOR":"0","SP_SIZE_FACTOR":"6","SP_NUM_AIS":"7","SP_AUTO_AIS":"0","MAX_FPS":"1000","SWAP_MODE":"2","TEXT_OUT":"1","FLOOR_DETAIL":"3"},"turn_left_bound":["1104"],"turn_right_bound":["1103"]}
[  28872ms] [harness] eval window.__posttut('round1-setup') => "posttut probe round1-setup"
[  28875ms] [harness] CPU throttling rate 6x
[  28875ms] [harness] === THROTTLE-ON ===
[  28875ms] [harness] until 2x <<[L] NEW_ROUND>> (timeout 260000ms, have 1)
[  68678ms] [console.log] [L] DEATH_FRAG web_user gcc
[  68691ms] [console.log] [WAV] loaded /data/sound/expl.wav: 11937 bytes, 8-bit mono @ 11025 Hz (fopen misses so far: 3)
[  68817ms] [console.log] [TOUCH] context 0 (menu no, cycle no) -> TAP=ENTER
[  69674ms] [console.log] [L] ROUND_WINNER ai_team gcc notepad excel word
[  73728ms] [console.log] [WAV] loaded /data/sound/expl.wav: 11937 bytes, 8-bit mono @ 11025 Hz (fopen misses so far: 4)
[  73745ms] [console.log] [L] ROUND_SCORE -2 web_user web_user
[  73749ms] [console.log] [L] ROUND_SCORE_TEAM -2 web_user
[  73750ms] [console.log] [L] NEW_ROUND 2026-09-04 11:23:09 UTC+0200
[  73772ms] [console.log] [L] TEAM_PLAYER_ADDED ai_team outlook
[  73774ms] [console.log] [L] TEAM_PLAYER_ADDED ai_team latex
[  73777ms] [console.log] [L] TEAM_PLAYER_ADDED ai_team gdb
[  73799ms] [console.log] [SND] live voices peaked at 16 (SOUND_SOURCES 10, loudness_thresh 0.0110)
[  73799ms] [console.log] [SND] voice limiter STARTED cutting: 16 live voices, SOUND_SOURCES 10, loudness_thresh 0.0110
[  73811ms] [console.log] [TOUCH] context 2 (menu no, cycle alive) -> STEERING
[  73851ms] [harness] until SATISFIED: saw 2x <<[L] NEW_ROUND>>
[  73851ms] [harness] === ROUND-2-MEASURED ===
[  74223ms] [console.log] [SND] voice limiter stopped cutting: 2 live voices, SOUND_SOURCES 10, loudness_thresh 0.0000
[  74263ms] [console.log] [SND] voice limiter STARTED cutting: 15 live voices, SOUND_SOURCES 10, loudness_thresh 0.0110
[  74742ms] [console.log] [SND] voice limiter stopped cutting: 2 live voices, SOUND_SOURCES 10, loudness_thresh 0.0000
[  74784ms] [console.log] [SND] voice limiter STARTED cutting: 15 live voices, SOUND_SOURCES 10, loudness_thresh 0.0110
[  75241ms] [console.log] [SND] voice limiter stopped cutting: 2 live voices, SOUND_SOURCES 10, loudness_thresh 0.0000
[  75304ms] [console.log] [SND] voice limiter STARTED cutting: 15 live voices, SOUND_SOURCES 10, loudness_thresh 0.0110
[  75765ms] [console.log] [SND] voice limiter stopped cutting: 2 live voices, SOUND_SOURCES 10, loudness_thresh 0.0000
[  75806ms] [console.log] [SND] voice limiter STARTED cutting: 15 live voices, SOUND_SOURCES 10, loudness_thresh 0.0110
[  76279ms] [console.log] [SND] voice limiter stopped cutting: 2 live voices, SOUND_SOURCES 10, loudness_thresh 0.0000
[  76323ms] [console.log] [SND] voice limiter STARTED cutting: 15 live voices, SOUND_SOURCES 10, loudness_thresh 0.0110
[  76790ms] [console.log] [SND] voice limiter stopped cutting: 2 live voices, SOUND_SOURCES 10, loudness_thresh 0.0000
[  79874ms] [harness] eval __fps.shot('r2-06s','begin') => "shot begin r2-06s"
[  80058ms] [harness] screenshot -> docs/evidence/m6-lag/task7-posttutorial/posttut-base-r3/r2-06s.png
[  80077ms] [harness] eval __fps.shot('r2-06s','end') => "shot end r2-06s"
[  80078ms] [harness] eval __fps.shot('r2-probe','begin') => "shot begin r2-probe"
[  80117ms] [console.log] [PERSISTSAVE] js-backstop n=2
[  80125ms] [console.log] [POSTTUT] {"phase":"round2-measured","save":"saved","user_cfg_bytes":22046,"asked":{"FIRST_USE":"0","SP_WALLS_LENGTH":"-1","SP_SPEED_FACTOR":null,"SP_SIZE_FACTOR":"6","SP_NUM_AIS":"7","SP_AUTO_AIS":"0","MAX_FPS":"1000","SWAP_MODE":"2","TEXT_OUT":"1","FLOOR_DETAIL":"3"},"live":{"FIRST_USE":"0","SP_WALLS_LENGTH":"-1","SP_SPEED_FACTOR":"0","SP_SIZE_FACTOR":"6","SP_NUM_AIS":"7","SP_AUTO_AIS":"0","MAX_FPS":"1000","SWAP_MODE":"2","TEXT_OUT":"1","FLOOR_DETAIL":"3"},"expect":{"FIRST_USE":"0","SP_WALLS_LENGTH":"-1","SP_SPEED_FACTOR":"0","SP_SIZE_FACTOR":"6","SP_NUM_AIS":"7","SP_AUTO_AIS":"0","MAX_FPS":"1000","SWAP_MODE":"2","TEXT_OUT":"1","FLOOR_DETAIL":"3"},"turn_left_bound":["1104"],"turn_right_bound":["1103"]}
[  80125ms] [harness] eval window.__posttut('round2-measured') => "posttut probe round2-measured"
[  80150ms] [harness] eval __fps.shot('r2-probe','end') => "shot end r2-probe"
[ 104171ms] [harness] eval __fps.shot('r2-30s','begin') => "shot begin r2-30s"
[ 104338ms] [harness] screenshot -> docs/evidence/m6-lag/task7-posttutorial/posttut-base-r3/r2-30s.png
[ 104351ms] [harness] eval __fps.shot('r2-30s','end') => "shot end r2-30s"
[ 119215ms] [console.log] [SND] voice limiter STARTED cutting: 12 live voices, SOUND_SOURCES 10, loudness_thresh 0.0010
[ 120483ms] [console.log] [SND] voice limiter stopped cutting: 8 live voices, SOUND_SOURCES 10, loudness_thresh 0.0000
[ 124374ms] [harness] eval __fps.shot('r2-50s','begin') => "shot begin r2-50s"
[ 124542ms] [harness] screenshot -> docs/evidence/m6-lag/task7-posttutorial/posttut-base-r3/r2-50s.png
[ 124547ms] [harness] eval __fps.shot('r2-50s','end') => "shot end r2-50s"
[ 124547ms] [harness] until 3x <<[L] NEW_ROUND>> (timeout 260000ms, have 2)
[ 132545ms] [console.log] [L] DEATH_FRAG web_user notepad
[ 132579ms] [console.log] [TOUCH] context 0 (menu no, cycle no) -> TAP=ENTER
[ 133562ms] [console.log] [L] ROUND_WINNER ai_team gdb latex outlook gcc notepad excel word
[ 137629ms] [console.log] [L] ROUND_SCORE -2 web_user web_user
[ 137631ms] [console.log] [L] ROUND_SCORE_TEAM -2 web_user
[ 137633ms] [console.log] [L] NEW_ROUND 2026-09-04 11:24:13 UTC+0200
[ 137650ms] [harness] until SATISFIED: saw 3x <<[L] NEW_ROUND>>
[ 137650ms] [harness] === ROUND-3-MEASURED ===
[ 137674ms] [console.log] [SND] voice limiter STARTED cutting: 16 live voices, SOUND_SOURCES 10, loudness_thresh 0.0110
[ 137812ms] [console.log] [TOUCH] context 2 (menu no, cycle alive) -> STEERING
[ 138121ms] [console.log] [SND] voice limiter stopped cutting: 2 live voices, SOUND_SOURCES 10, loudness_thresh 0.0000
[ 143656ms] [harness] eval __fps.shot('r3-06s','begin') => "shot begin r3-06s"
[ 143814ms] [harness] screenshot -> docs/evidence/m6-lag/task7-posttutorial/posttut-base-r3/r3-06s.png
[ 143820ms] [harness] eval __fps.shot('r3-06s','end') => "shot end r3-06s"
[ 167840ms] [harness] eval __fps.shot('r3-30s','begin') => "shot begin r3-30s"
[ 168018ms] [harness] screenshot -> docs/evidence/m6-lag/task7-posttutorial/posttut-base-r3/r3-30s.png
[ 168024ms] [harness] eval __fps.shot('r3-30s','end') => "shot end r3-30s"
[ 188031ms] [harness] eval __fps.shot('r3-50s','begin') => "shot begin r3-50s"
[ 188225ms] [harness] screenshot -> docs/evidence/m6-lag/task7-posttutorial/posttut-base-r3/r3-50s.png
[ 188228ms] [harness] eval __fps.shot('r3-50s','end') => "shot end r3-50s"
[ 188228ms] [harness] until 3x <<[L] ROUND_WINNER>> (timeout 260000ms, have 2)
[ 196431ms] [console.log] [L] DEATH_FRAG web_user notepad
[ 196570ms] [console.log] [TOUCH] context 0 (menu no, cycle no) -> TAP=ENTER
[ 197456ms] [console.log] [L] ROUND_WINNER ai_team gdb latex outlook gcc notepad excel word
[ 197500ms] [harness] until SATISFIED: saw 3x <<[L] ROUND_WINNER>>
[ 197500ms] [harness] === MATCH-OVER ===
[ 198644ms] [harness] eval (() => {  /* ONE EXPRESSION, BLOCK COMMENTS ONLY: run-arm.sh strips newlines to make     this a single eval: step (see sampler.js). posttut-base-r3 and 6 are     substituted by run-arm.sh. The object this prints after "[PERF] <arm> " is     the schema Tasks 2-4 read; web/tools/perf/README.md documents it. */  const S = window.__fps, n = S.n;  const PAD_BEFORE = 100, PAD_AFTER = 250;  const marks = (p) => S.marks.filter(m => m[1].indexOf(p) === 0);  const nr = marks('[L] NEW_ROUND').map(m => m[0]);  const rw = marks('[L] ROUND_WINNER').map(m => m[0]);  /* The human is the first PLAYER_ENTERED name; the AIs never enter that way.     A DEATH_* line names its victim first, so the human's deaths are the     DEATH_ marks whose first name is that one. */  const pe = marks('[L] PLAYER_ENTERED ');  const human = pe.length ? pe[0][1].split(/\s+/)[2] : 'web_user';  const deaths = S.marks.filter(m => /^\[L\] DEATH_\w+ /.test(m[1]) && m[1].split(/\s+/)[2] === human).map(m => m[0]);  /* Screenshot exclusions: [begin - PAD_BEFORE, end + PAD_AFTER] for every     bracketed shot (sampler.js S.shot); a begin with no end -- the driver died     mid-shot -- excludes two seconds. */  const ex = []; const open = {};  for (const [t, name, edge] of S.shots) {    if (edge === 'begin') open[name] = t;    else if (edge === 'end' && open[name] != null) { ex.push({ a: open[name] - PAD_BEFORE, b: t + PAD_AFTER, name: name, dur: t - open[name] }); delete open[name]; } }  for (const name in open) ex.push({ a: open[name] - PAD_BEFORE, b: open[name] + 2000, name: name, dur: null });  const excluded = (t) => ex.some(e => t >= e.a && t <= e.b);  const q = (a, p) => { if (!a.length) return null; const s = a.slice().sort((x, y) => x - y);    return s[Math.min(s.length - 1, Math.max(0, Math.round(p * (s.length - 1))))]; };  const r2 = (x) => (x == null) ? null : Math.round(x * 100) / 100;  /* A window's statistics use only frames outside every exclusion, and only     deltas between frames that were ADJACENT samples, so a gap that straddles     an exclusion is never counted as a frame time. raw_ms_max ignores the     exclusions on purpose: it is where a screenshot hitch stays visible, so a     reader can see what was excluded and that it did not leak into ms_p50.     Each frame interval t[i]-t[p] (p the previous sample) is also split into     the three parts the sampler timestamps: ms_in_swap = the previous swap     call itself (p50, p90 and max: if glFinish waited for the GPU it would     show here, and the first measured run read 0 in every window -- so the     tail is reported too), ms_to_first_draw = from that     call's return to this frame's first draw call (the emscripten_sleep(0)     yield, input, the simulation, render setup), ms_first_draw_to_swap = from     the first draw call to this frame's swap call (render submission). */  const win = (t0, t1) => {    const ix = []; let dropped = 0, rawMax = 0, prev = -1;    for (let i = 0; i < n; i++) { const t = S.t[i]; if (t < t0 || t > t1) continue;      if (prev >= 0) rawMax = Math.max(rawMax, t - S.t[prev]); prev = i;      if (excluded(t)) dropped++; else ix.push(i); }    const d = [], sw = [], pre = [], ren = []; let dr = 0, by = 0;    for (let k = 1; k < ix.length; k++) if (ix[k] === ix[k - 1] + 1) { const i = ix[k], p = ix[k - 1];      d.push(S.t[i] - S.t[p]); sw.push(S.wait[p]);      if (S.first[i] > 0) { pre.push(S.first[i] - (S.t[p] + S.wait[p])); ren.push(S.t[i] - S.first[i]); } }    for (const i of ix) { dr += S.draws[i]; by += S.bytes[i]; }    const f = ix.length || 1;    let exms = 0; for (const e of ex) exms += Math.max(0, Math.min(t1, e.b) - Math.max(t0, e.a));    const span = Math.max(1, (t1 - t0) - exms);    return { frames: ix.length, frames_excluded: dropped, ms_p50: r2(q(d, .5)), ms_p90: r2(q(d, .9)),             fps: r2(ix.length / (span / 1000)), draws_per_frame: r2(dr / f),             kb_per_frame: r2(by / f / 1024), hitches_over_50ms: d.filter(x => x > 50).length,             raw_ms_max: r2(rawMax), ms_in_swap_p50: r2(q(sw, .5)), ms_in_swap_p90: r2(q(sw, .9)), ms_in_swap_max: r2(q(sw, 1)),             ms_to_first_draw_p50: r2(q(pre, .5)), ms_first_draw_to_swap_p50: r2(q(ren, .5)) }; };  const perSec = (t0, t1) => { const ms = [], dr = [], mx = [], pre = [], ren = [];    for (let k = 0; k * 1000 < t1 - t0; k++) { const w = win(t0 + k * 1000, Math.min(t1, t0 + (k + 1) * 1000));      ms.push(w.ms_p50); dr.push(w.draws_per_frame); mx.push(w.raw_ms_max); pre.push(w.ms_to_first_draw_p50); ren.push(w.ms_first_draw_to_swap_p50); }    return { ms_p50: ms, draws_per_frame: dr, raw_ms_max: mx, ms_to_first_draw_p50: pre, ms_first_draw_to_swap_p50: ren }; };  /* Pre-round frames. For the first half second of game time after a round     starts (gGame.cpp GameLoop, the gtime <= -PREPARE_TIME + .5 branch) the     game clears the screen and swaps WITHOUT calling Render: overlay only, no     arena, a handful of draw calls at a fraction of a world frame's cost.     They sit right after NEW_ROUND and would otherwise fill the early window     with frames that have no geometry in them. They are found by their draw     count: the threshold is halfway between the fewest draws of any frame in     the round's first two seconds (an overlay-only frame) and the median of     its second second (world frames); the measured span starts at the first     frame after the last frame under the threshold. The frame that straddles     NEW_ROUND itself (drawn mostly before it) is above the threshold and is     left out of both. */  const preRound = (t0) => {    const a = [], b = [];    for (let i = 0; i < n; i++) { const t = S.t[i]; if (t < t0) continue; if (t >= t0 + 2000) break; a.push(i); if (t >= t0 + 1000) b.push(S.draws[i]); }    const none = { start: t0, stats: { frames: 0, ms_p50: null, draws_per_frame: null, span_ms: 0, split_at_draws: null } };    if (!a.length) return none;    let lo = Infinity; for (const i of a) lo = Math.min(lo, S.draws[i]);    const med = q(b, .5); if (med == null || !(med > lo)) return none;    const thr = (lo + med) / 2; const ov = a.filter(i => S.draws[i] <= thr);    if (!ov.length) return none;    const last = ov[ov.length - 1]; const d = []; let dr = 0;    for (let k = 1; k < ov.length; k++) if (ov[k] === ov[k - 1] + 1) d.push(S.t[ov[k]] - S.t[ov[k - 1]]);    for (const i of ov) dr += S.draws[i];    return { start: (last + 1 < n) ? S.t[last + 1] : t0,             stats: { frames: ov.length, ms_p50: r2(q(d, .5)), draws_per_frame: r2(dr / ov.length),                      span_ms: r2(S.t[last] - S.t[ov[0]]), split_at_draws: r2(thr) } }; };  /* A round is closed by its ROUND_WINNER mark when one is written; a     winnerless round -- a lone cycle with no AI (gGame.cpp Analysis: a winner     needs more than one team) -- writes none and ends when the next NEW_ROUND     starts, and a round still running when this report runs closes here. For     a transcript where every round has its ROUND_WINNER before the next     NEW_ROUND (every base arm), this pairs exactly as nr[i]/rw[i] did. */  const rounds = [];  const tReport = performance.now();  for (let i = 0; i < nr.length; i++) {    const t0 = nr[i], next = (i + 1 < nr.length) ? nr[i + 1] : Infinity;    const won = rw.find(t => t > t0 && t < next);    const t1 = won != null ? won : (next < Infinity ? next : tReport);    const closedBy = won != null ? 'round_winner' : (next < Infinity ? 'next_round' : 'report');    const len = (t1 - t0) / 1000; if (len < 8) continue;    /* The measured span runs from the first world frame to the human's death       when the human dies before ROUND_WINNER (after it the camera shows an       explosion and the AIs' endgame, which is not what the maintainer       plays), else to ROUND_WINNER. */    const death = deaths.find(t => t > t0 && t < t1); const te = death != null ? death : t1;    const pr = preRound(t0); const ts = pr.start;    const e = win(ts, ts + 5000), l = win(te - 5000, te), all = win(ts, te);    const shots = ex.filter(x => x.a >= t0 && x.a <= t1).map(x => ({ name: x.name, at_s: r2((x.a + PAD_BEFORE - t0) / 1000), dur_ms: r2(x.dur) }));    rounds.push({ round: i + 1, length_s: r2(len), closed_by: closedBy,      measured_from_s: r2((ts - t0) / 1000), measured_to_s: r2((te - t0) / 1000),      human_death_s: death != null ? r2((death - t0) / 1000) : null, ends_at: death != null ? 'human_death' : 'round_winner',      pre_round: pr.stats, early_5s: e, late_5s: l,      ratio_ms: e.ms_p50 ? r2(l.ms_p50 / e.ms_p50) : null,      ratio_draws: e.draws_per_frame ? r2(l.draws_per_frame / e.draws_per_frame) : null,      hitches_over_50ms: all.hitches_over_50ms, frames: all.frames, frames_excluded: all.frames_excluded,      raw_ms_max: all.raw_ms_max, shots: shots, per_second: perSec(t0, t1) }); }  return '[PERF] posttut-base-r3 ' + JSON.stringify({ arm: 'posttut-base-r3', cpu_rate: 6, frames: n, human: human,    swaps: S.swaps, rounds_started: nr.length, rounds_won: rw.length,    shots_bracketed: ex.filter(x => x.dur != null).length, shot_pad_ms: [PAD_BEFORE, PAD_AFTER], rounds });})() => "[PERF] posttut-base-r3 {\"arm\":\"posttut-base-r3\",\"cpu_rate\":6,\"frames\":12797,\"human\":\"web_user\",\"swaps\":{\"flush\":0,\"finish\":12797},\"rounds_started\":3,\"rounds_won\":3,\"shots_bracketed\":8,\"shot_pad_ms\":[100,250],\"rounds\":[{\"round\":1,\"length_s\":46.48,\"closed_by\":\"round_winner\",\"measured_from_s\":0.54,\"measured_to_s\":45.48,\"human_death_s\":45.48,\"ends_at\":\"human_death\",\"pre_round\":{\"frames\":96,\"ms_p50\":5,\"draws_per_frame\":19.05,\"span_ms\":479.7,\"split_at_draws\":43.5},\"early_5s\":{\"frames\":726,\"frames_excluded\":18,\"ms_p50\":6.7,\"ms_p90\":7.2,\"fps\":148.96,\"draws_per_frame\":85.28,\"kb_per_frame\":122.84,\"hitches_over_50ms\":0,\"raw_ms_max\":12.7,\"ms_in_swap_p50\":0,\"ms_in_swap_p90\":0,\"ms_in_swap_max\":0.1,\"ms_to_first_draw_p50\":5,\"ms_first_draw_to_swap_p50\":1.7},\"late_5s\":{\"frames\":225,\"frames_excluded\":0,\"ms_p50\":21.8,\"ms_p90\":25.8,\"fps\":45,\"draws_per_frame\":90.02,\"kb_per_frame\":122.13,\"hitches_over_50ms\":1,\"raw_ms_max\":54.2,\"ms_in_swap_p50\":0,\"ms_in_swap_p90\":0.1,\"ms_in_swap_max\":1.3,\"ms_to_first_draw_p50\":7.5,\"ms_first_draw_to_swap_p50\":14},\"ratio_ms\":3.25,\"ratio_draws\":1.06,\"hitches_over_50ms\":1,\"frames\":2812,\"frames_excluded\":51,\"raw_ms_max\":54.2,\"shots\":[{\"name\":\"r1-after-keys\",\"at_s\":5.51,\"dur_ms\":165.4}],\"per_second\":{\"ms_p50\":[5.3,6.4,6.6,6.7,7,7,18.9,19.1,18,17.7,17.7,18,18.6,17.9,18.6,18.2,18.3,17.3,17.1,17.1,17.8,18.4,18.6,17.6,17.2,17.9,18,20,19.7,19.4,19.9,19.2,18.6,18.2,18.4,18.4,18.2,18.3,20.5,21.7,21.7,20.6,20.5,22.9,23.6,21.8,20.1],\"draws_per_frame\":[39.86,68,86.77,87,101.87,103.87,99.17,99,95.29,95,92.21,92,91.08,91,90.09,90,90,90,90,90,90,90,90,90,90,90,90,90,90,90,90,90,90,90,90,90,90,90,90,90,90,90,90,90,90,91.48,91],\"raw_ms_max\":[23.4,7.1,8.1,8.5,12.7,22.5,21.5,22.5,21.5,20.2,20.1,32.6,20.8,20.3,22.3,21,21.2,18.9,18.8,21.4,20.4,20,21.3,21.2,19.8,21.8,22.5,22.5,23.4,23,22.5,22,31,20.7,20.7,21.4,22.3,20.8,26.5,26.3,54.2,24.1,26.7,33.2,38.4,48.3,27.6],\"ms_to_first_draw_p50\":[4.9,4.9,5,5,5.1,5.1,6.9,7,6.3,6.6,6.6,6.9,6.8,6.5,6.8,6.7,6.6,6.4,6.5,6.5,6.5,6.7,6.7,6.7,6.3,6.4,6.7,7,7,6.9,7,6.8,6.9,6.7,6.8,6.9,6.7,6.9,7.1,7.4,7.2,7.4,7.2,7.7,8.1,8,7.4],\"ms_first_draw_to_swap_p50\":[0.2,1.5,1.7,1.7,1.8,1.8,12.2,12,11.5,11,10.9,11.1,11.9,11.1,11.7,11.7,11.7,10.7,10.6,10.6,11.2,11.5,11.6,10.9,10.8,11.4,11.4,12.9,12.7,12.7,13,12.5,11.5,11.5,11.5,11.6,11.5,11.3,13.4,14.1,14.6,13.5,13.3,15.4,15.4,13.6,13.1]}},{\"round\":2,\"length_s\":59.81,\"closed_by\":\"round_winner\",\"measured_from_s\":0.54,\"measured_to_s\":58.79,\"human_death_s\":58.79,\"ends_at\":\"human_death\",\"pre_round\":{\"frames\":75,\"ms_p50\":6.2,\"draws_per_frame\":15.19,\"span_ms\":472.6,\"split_at_draws\":48.5},\"early_5s\":{\"frames\":226,\"frames_excluded\":0,\"ms_p50\":21.9,\"ms_p90\":25,\"fps\":45.2,\"draws_per_frame\":102.58,\"kb_per_frame\":181.45,\"hitches_over_50ms\":0,\"raw_ms_max\":29.1,\"ms_in_swap_p50\":0,\"ms_in_swap_p90\":0.1,\"ms_in_swap_max\":1.1,\"ms_to_first_draw_p50\":6,\"ms_first_draw_to_swap_p50\":15.9},\"late_5s\":{\"frames\":182,\"frames_excluded\":0,\"ms_p50\":25.6,\"ms_p90\":35.4,\"fps\":36.4,\"draws_per_frame\":122.09,\"kb_per_frame\":178.86,\"hitches_over_50ms\":2,\"raw_ms_max\":59.1,\"ms_in_swap_p50\":0,\"ms_in_swap_p90\":0.1,\"ms_in_swap_max\":1.5,\"ms_to_first_draw_p50\":9.4,\"ms_first_draw_to_swap_p50\":16},\"ratio_ms\":1.17,\"ratio_draws\":1.19,\"hitches_over_50ms\":11,\"frames\":2289,\"frames_excluded\":65,\"raw_ms_max\":89,\"shots\":[{\"name\":\"r2-06s\",\"at_s\":6.12,\"dur_ms\":204.9},{\"name\":\"r2-probe\",\"at_s\":6.33,\"dur_ms\":71.2},{\"name\":\"r2-30s\",\"at_s\":30.42,\"dur_ms\":180.1},{\"name\":\"r2-50s\",\"at_s\":50.62,\"dur_ms\":172.9}],\"per_second\":{\"ms_p50\":[6.6,20.2,21.8,21.6,24.9,23.8,25.1,24.2,23.5,25,23.7,24.2,23.7,23.3,23.4,23.5,23.1,23.1,23.2,23.7,24,24.8,25.4,26.7,25.4,24.9,25.2,24.5,25.7,26.3,24.7,22.6,23.4,23,23.6,24,24.3,23.1,22.8,22.5,22.8,23.1,22.8,22.8,23,26.4,27.3,27.8,27.5,28.1,27.9,26.4,27.8,26.9,26.1,25.5,26.9,24.4,26.2,30.2],\"draws_per_frame\":[30.11,81.96,100.22,101,127.41,128.83,124,124,121.42,121,118.43,118,115.49,115,114.17,114,114,114,114,114,114,114,114,114,114,114,114,114,114,114,114,114,114,114,114,114,114,114,114,114,114,114,114,114,114,117.83,122,122,122,122.18,122.42,122,122,122,122,122,122.17,122,123.91,128.52],\"raw_ms_max\":[25.6,26.4,24.4,25.4,29.1,29.9,49.4,27.7,25.2,30.1,26.2,27.2,25,25.5,36.4,26.9,25.8,24.9,26.5,26.3,31.7,27.3,28.6,31.8,29.4,29.7,28.8,27.3,28.9,34,28.1,25.7,26.2,24.8,25.7,26.9,28.3,26.3,25.3,25,25.5,25.9,25.3,24.5,26.5,89,60.7,55.6,50.6,63.5,37.2,49.4,50.4,51.5,53.2,42.3,38.2,35.2,59.1,80.2],\"ms_to_first_draw_p50\":[5.2,5.7,5.7,5.6,7.4,7.3,7.8,7.3,7.3,7.6,7.3,7.2,7.3,7.2,7.2,7.4,7.2,7.1,7.3,7.2,7.6,7.5,7.6,8,7.6,7.7,7.9,7.6,7.7,7.8,7.7,7,7.3,7.2,7.2,7.3,7.5,7.4,7,7.2,7.1,7.3,7.3,7,7.3,10.2,10.9,11.3,11,10.8,10.6,10,10.5,10,9.9,9.5,9.9,8.7,9.6,12.7],\"ms_first_draw_to_swap_p50\":[1.3,14.6,16,15.8,17.2,16.6,17.6,17.1,16.3,17.3,16.3,16.7,16.2,15.9,16,16.2,16,15.7,15.8,16,16.5,17,18.1,18.4,17.8,17,17.4,16.9,17.3,18.5,16.9,15.5,16,15.6,16.4,16.6,16.7,15.8,15.7,15.3,15.6,15.7,15.6,15.5,15.6,16.4,16.2,16.2,16.2,16.5,16.8,16.3,16.9,16.7,15.9,15.9,16.1,15.8,16.4,17.9]}},{\"round\":3,\"length_s\":59.82,\"closed_by\":\"round_winner\",\"measured_from_s\":0.54,\"measured_to_s\":58.8,\"human_death_s\":58.8,\"ends_at\":\"human_death\",\"pre_round\":{\"frames\":75,\"ms_p50\":6.3,\"draws_per_frame\":11.07,\"span_ms\":478.2,\"split_at_draws\":44.5},\"early_5s\":{\"frames\":232,\"frames_excluded\":0,\"ms_p50\":21.4,\"ms_p90\":24.1,\"fps\":46.4,\"draws_per_frame\":97.88,\"kb_per_frame\":183.65,\"hitches_over_50ms\":0,\"raw_ms_max\":26.4,\"ms_in_swap_p50\":0,\"ms_in_swap_p90\":0.1,\"ms_in_swap_max\":1.5,\"ms_to_first_draw_p50\":5.9,\"ms_first_draw_to_swap_p50\":15.4},\"late_5s\":{\"frames\":162,\"frames_excluded\":0,\"ms_p50\":28.9,\"ms_p90\":39.3,\"fps\":32.4,\"draws_per_frame\":122.13,\"kb_per_frame\":182.54,\"hitches_over_50ms\":3,\"raw_ms_max\":52.5,\"ms_in_swap_p50\":0,\"ms_in_swap_p90\":0.1,\"ms_in_swap_max\":1.1,\"ms_to_first_draw_p50\":11.3,\"ms_first_draw_to_swap_p50\":17.2},\"ratio_ms\":1.35,\"ratio_draws\":1.25,\"hitches_over_50ms\":17,\"frames\":2289,\"frames_excluded\":64,\"raw_ms_max\":83.6,\"shots\":[{\"name\":\"r3-06s\",\"at_s\":6.02,\"dur_ms\":164.8},{\"name\":\"r3-30s\",\"at_s\":30.21,\"dur_ms\":183.7},{\"name\":\"r3-50s\",\"at_s\":50.4,\"dur_ms\":197.1}],\"per_second\":{\"ms_p50\":[6.7,20.4,21.4,21.1,23.4,24,23.1,23.7,23.3,23.4,23,22.6,23.4,23.1,22.8,23.2,22.8,22.6,22.5,23.1,22.9,22.9,22.7,23.1,23.9,22.6,22.9,23.9,23.4,22.6,22.8,22.2,23.1,24.7,24.4,24.5,24.5,24.3,25.7,24,23.5,23.3,22.7,23.2,22.4,27.8,30.7,31.6,31.5,31.8,30.7,29.3,31.9,29.4,29.4,30,29.9,27.2,25.7,31],\"draws_per_frame\":[26.54,77.96,95.62,96,121.26,123.13,118,118,117.07,117,116.07,116,115.09,115,114.09,114,114,114,114,114,114,114,114,114,114,114,114,114,114,114,114,114,114,114,114,114,114,114,114,114,114,114,114,114,114,117.43,122,122,122.07,122.14,122.15,122.06,122.07,122.13,122,122,122.13,122,124.03,128.58],\"raw_ms_max\":[22.5,21.9,24.1,22.4,25.3,26.4,25.3,25.7,25.4,27.7,25.4,25.3,25.6,26,26,29.6,25.6,25.1,24.5,51.9,24.9,28,26.3,25.7,27.3,26.3,25,26.1,24.8,24.6,24.6,24.4,30,29.5,29.3,28.6,29.2,28.4,28.8,26.5,26.3,26.2,25.7,28.2,24.6,83.6,76.4,72,60.6,55.5,53.5,41,59,51.1,52.4,48.8,47.3,37.3,52.5,51.3],\"ms_to_first_draw_p50\":[5.2,5.5,5.5,5.6,7.2,7.3,7.1,7.4,7.3,7.3,7.2,7,7.1,7.1,7.1,7.2,7.1,7.2,7,7.2,7.1,7.2,7.2,7.5,7.6,7.1,7.2,7.4,7.1,6.8,7.1,7,7.2,7.4,7.4,7.6,7.4,7.6,7.6,7.5,7.3,7.3,7.1,7.3,7.2,12.2,14.6,15,14.7,14.2,13.6,11.7,12.3,12,12.4,12.5,11.6,10.3,10,13.7],\"ms_first_draw_to_swap_p50\":[1.5,15,15.7,15.2,15.8,16.5,15.9,16.1,16,15.7,15.6,15.5,16,16.1,15.7,16,15.5,15.5,15.3,16,15.6,15.4,15.6,15.4,16.5,15.6,15.6,16.2,16.1,15.4,15.4,15.3,16.1,17.1,16.9,17.1,17,16.4,18,16.8,16,16.2,15.7,15.9,15.4,15.6,16.8,17,16.9,17.4,16.7,17.2,17.8,17.3,17.1,18.1,18.2,17.1,15.7,17.3]}}]}"
