[0] Command HUD_CACHE_THRESHOLD unknown.
[0] 
[L] ENCODING latin1
[0] Bound socket to *.*.*.*:34268.
[0] Bound socket to *.*.*.*:4534.
[0] Setting CYCLE_BRAKE_REFILL (Group: Annoying) deviates from its default value; clients older than 0.2.5.0 may experience problems.
[0] Nobody there. Taking a nap...
[0] Timestamp: 2026/09/10 20:39:34
[0] Closing socket bound to *.*.*.*:4534
[0] Bound socket to *.*.*.*:4534.
[1] Received login from 192.168.215.1:37990 via socket *.*.*.*:4534, network version: 0.2.9_alpha (ID: 17).
[1] New user: 1
[L] PLAYER_ENTERED web_user 192.168.215.1 web_user
[L] TEAM_CREATED web_user
[L] TEAM_PLAYER_ADDED web_user web_user
[1] web_user entered the game.
[L] NEW_ROUND 2026-09-10 20:40:22 UTC
[L] NEW_MATCH 2026-09-10 20:40:22 UTC
[0] Time:     48.0132 seconds
Sent:     6872 bytes in 40 packets (143.127 bytes/s)
Received: 2330 bytes in 34 packets (48.5283 bytes/s)
[0] Timestamp: 2026/09/10 20:40:22
[0] Creating grid...
[0] Ping charity changed from 0 to 300.
[0] done!
[0] Resetting scores...
[0] New Match
[0] Go (round 1 of 10)!
[L] GAME_TIME -3.81151
[L] GAME_TIME -3.54616
[L] GAME_TIME -3.28267
[L] GAME_TIME -3.02707
[0] 3
[L] GAME_TIME -2.7754
[L] GAME_TIME -2.51926
[L] GAME_TIME -2.25878
[0] 2
[L] GAME_TIME -1.99886
[L] GAME_TIME -1.74778
[L] GAME_TIME -1.48423
[L] GAME_TIME -1.23363
[0] 1
[L] GAME_TIME -0.980069
[L] GAME_TIME -0.728355
[L] GAME_TIME -0.475866
[L] GAME_TIME -0.225022
[0] 0
[L] GAME_TIME 0.033301
[L] GAME_TIME 0.295928
[L] GAME_TIME 0.552297
[L] GAME_TIME 0.803469
[L] GAME_TIME 1.0617
[L] GAME_TIME 1.32183
[L] GAME_TIME 1.58236
[L] GAME_TIME 1.8333
[L] GAME_TIME 2.09641
[L] GAME_TIME 2.35059
[L] GAME_TIME 2.61275
[L] GAME_TIME 2.86469
[L] GAME_TIME 3.12457
[L] GAME_TIME 3.38539
[L] GAME_TIME 3.64346
[L] GAME_TIME 3.89772
[L] GAME_TIME 4.15436
[L] GAME_TIME 4.41584
[L] GAME_TIME 4.67109
[L] GAME_TIME 4.92706
[L] GAME_TIME 5.18206
[L] GAME_TIME 5.44648
[L] GAME_TIME 5.70151
[L] GAME_TIME 5.96055
[L] GAME_TIME 6.21687
[L] GAME_TIME 6.47111
[L] GAME_TIME 6.73174
[L] GAME_TIME 6.99093
[L] GAME_TIME 7.24589
[L] GAME_TIME 7.50438
[L] GAME_TIME 7.76061
[L] GAME_TIME 8.01381
[L] GAME_TIME 8.26463
[L] GAME_TIME 8.51737
[L] GAME_TIME 8.78077
[L] GAME_TIME 9.04609
[L] GAME_TIME 9.30272
[L] GAME_TIME 9.56573
[L] DEATH_SUICIDE web_user
[0] web_user committed suicide and lost 4 points.
[L] GAME_TIME 9.82031
[L] GAME_TIME 10.0792
[L] GAME_TIME 10.339
[L] GAME_TIME 10.601
[L] GAME_TIME 10.853
[L] GAME_TIME 11.116
[L] GAME_TIME 11.3765
[L] GAME_TIME 11.642
[L] GAME_TIME 11.9011
[L] GAME_TIME 12.1619
[L] GAME_TIME 12.4136
[L] GAME_TIME 12.6685
[L] GAME_TIME 12.9219
[L] GAME_TIME 13.1854
[L] GAME_TIME 13.4514
[L] GAME_TIME 13.7153
[0] Deleting objects...
[0] Deleting grid...
[0] 
[L] ROUND_SCORE -4 web_user web_user
[L] ROUND_SCORE_TEAM -4 web_user
[L] NEW_ROUND 2026-09-10 20:40:41 UTC
[0] Time:     18.7612 seconds
Sent:     16756 bytes in 207 packets (893.118 bytes/s)
Received: 8842 bytes in 197 packets (471.291 bytes/s)
[0] Timestamp: 2026/09/10 20:40:41
[0] Creating grid...
[0] Ping charity changed from 300 to 100.
[0] done!
[0] Go (round 2 of 10)!
[L] GAME_TIME -3.82323
[L] GAME_TIME -3.57014
[L] GAME_TIME -3.31555
[L] GAME_TIME -3.05115
[0] 3
[L] GAME_TIME -2.79288
[L] GAME_TIME -2.53568
[L] GAME_TIME -2.27123
[L] GAME_TIME -2.00723
[0] 2
[L] GAME_TIME -1.74389
[L] GAME_TIME -1.48952
[L] GAME_TIME -1.23821
[0] 1
[L] GAME_TIME -0.983416
[L] GAME_TIME -0.732637
[L] GAME_TIME -0.475124
[L] GAME_TIME -0.216536
[0] 0
[L] GAME_TIME 0.034668
[L] GAME_TIME 0.296514
[L] GAME_TIME 0.554707
[L] GAME_TIME 0.81405
[L] GAME_TIME 1.07882
[L] GAME_TIME 1.34403
[L] GAME_TIME 1.59642
[L] GAME_TIME 1.8593
[L] GAME_TIME 2.11247
[L] GAME_TIME 2.37533
[L] GAME_TIME 2.63368
[L] GAME_TIME 2.88588
[L] GAME_TIME 3.14783
[L] GAME_TIME 3.40055
[L] GAME_TIME 3.65997
[L] GAME_TIME 3.91746
[L] GAME_TIME 4.17415
[L] DEATH_SUICIDE web_user
[0] web_user committed suicide and lost 4 points.
[L] GAME_TIME 4.4294
[L] GAME_TIME 4.68659
[L] GAME_TIME 4.93882
[L] GAME_TIME 5.19527
[L] GAME_TIME 5.44695
[L] GAME_TIME 5.70461
[L] GAME_TIME 5.95965
[L] GAME_TIME 6.22227
[L] GAME_TIME 6.47599
[L] GAME_TIME 6.72609
[L] GAME_TIME 6.9866
[L] GAME_TIME 7.24298
[L] GAME_TIME 7.49484
[L] GAME_TIME 7.75421
[L] GAME_TIME 8.01337
[L] GAME_TIME 8.27489
[L] GAME_TIME 8.52753
[L] GAME_TIME 8.77813
[0] Deleting objects...
[0] Deleting grid...
[0] 
[L] ROUND_SCORE -4 web_user web_user
[L] ROUND_SCORE_TEAM -4 web_user
[L] NEW_ROUND 2026-09-10 20:40:55 UTC
[0] Time:     13.6828 seconds
Sent:     9556 bytes in 144 packets (698.393 bytes/s)
Received: 5856 bytes in 132 packets (427.981 bytes/s)
[0] Timestamp: 2026/09/10 20:40:55
[0] Creating grid...
[0] done!
[0] Go (round 3 of 10)!
[L] GAME_TIME -3.81994
[L] GAME_TIME -3.56726
[L] GAME_TIME -3.31638
[L] GAME_TIME -3.06512
[0] 3
[L] GAME_TIME -2.81412
[L] GAME_TIME -2.55331
[L] GAME_TIME -2.30126
[L] GAME_TIME -2.04195
[0] 2
[L] GAME_TIME -1.77933
[L] GAME_TIME -1.5242
[L] GAME_TIME -1.26676
[L] GAME_TIME -1.01193
[0] 1
[L] GAME_TIME -0.755278
[L] GAME_TIME -0.504099
[L] GAME_TIME -0.241358
[0] 0
[L] GAME_TIME 0.02421
[L] GAME_TIME 0.289098
[L] GAME_TIME 0.543547
[L] GAME_TIME 0.807948
[L] GAME_TIME 1.05909
[L] GAME_TIME 1.32178
[L] GAME_TIME 1.58323
[L] GAME_TIME 1.84265
[L] GAME_TIME 2.10036
[L] GAME_TIME 2.35944
[L] GAME_TIME 2.61588
[L] GAME_TIME 2.87461
[L] GAME_TIME 3.13117
[L] GAME_TIME 3.38844
[L] GAME_TIME 3.64616
[L] GAME_TIME 3.90541
[L] GAME_TIME 4.16735
[L] GAME_TIME 4.4184
[L] GAME_TIME 4.67479
[L] GAME_TIME 4.93769
[L] DEATH_SUICIDE web_user
[0] web_user committed suicide and lost 4 points.
[L] GAME_TIME 5.19914
[L] GAME_TIME 5.45254
[L] GAME_TIME 5.71799
[L] GAME_TIME 5.97611
[L] GAME_TIME 6.23522
[L] GAME_TIME 6.49686
[L] GAME_TIME 6.76133
[L] GAME_TIME 7.01541
[L] GAME_TIME 7.27733
[L] GAME_TIME 7.53207
[L] GAME_TIME 7.79249
[L] GAME_TIME 8.04836
[L] GAME_TIME 8.30365
[L] GAME_TIME 8.56363
[L] GAME_TIME 8.82102
[L] GAME_TIME 9.07961
[L] GAME_TIME 9.34376
[L] GAME_TIME 9.60769
[L] GAME_TIME 9.86317
[0] Deleting objects...
[0] Deleting grid...
[0] 
[L] ROUND_SCORE -4 web_user web_user
[L] ROUND_SCORE_TEAM -4 web_user
[L] NEW_ROUND 2026-09-10 20:41:09 UTC
[0] Time:     14.6898 seconds
Sent:     10328 bytes in 153 packets (703.072 bytes/s)
Received: 6118 bytes in 138 packets (416.479 bytes/s)
[0] Timestamp: 2026/09/10 20:41:09
[0] Creating grid...
[0] done!
[0] Go (round 4 of 10)!
[L] GAME_TIME -3.80642
[L] GAME_TIME -3.55199
[L] GAME_TIME -3.28897
[L] GAME_TIME -3.02787
[0] 3
[L] GAME_TIME -2.76363
[L] GAME_TIME -2.51172
[L] GAME_TIME -2.25591
[L] GAME_TIME -2.00189
[0] 2
[L] GAME_TIME -1.74144
[L] GAME_TIME -1.48871
[L] GAME_TIME -1.23182
[0] 1
[L] GAME_TIME -0.979582
[L] GAME_TIME -0.717898
[L] GAME_TIME -0.462733
[L] GAME_TIME -0.207853
[0] 0
[L] GAME_TIME 0.055531
[L] GAME_TIME 0.32078
[L] GAME_TIME 0.575131
[L] GAME_TIME 0.829344
[L] GAME_TIME 1.07938
[L] GAME_TIME 1.33891
[L] GAME_TIME 1.59412
[L] GAME_TIME 1.84566
[L] GAME_TIME 2.10463
[L] GAME_TIME 2.35521
[L] GAME_TIME 2.60659
[L] GAME_TIME 2.86426
[L] GAME_TIME 3.12387
[L] GAME_TIME 3.38259
[L] GAME_TIME 3.6392
[L] DEATH_SUICIDE web_user
[0] web_user committed suicide and lost 4 points.
[L] GAME_TIME 3.89279
[L] GAME_TIME 4.15222
[L] GAME_TIME 4.4163
[L] GAME_TIME 4.66939
[L] GAME_TIME 4.93228
[L] GAME_TIME 5.18428
[L] GAME_TIME 5.44907
[L] GAME_TIME 5.70504
[L] GAME_TIME 5.95608
[L] GAME_TIME 6.21605
[L] GAME_TIME 6.47516
[L] GAME_TIME 6.72619
[L] GAME_TIME 6.97903
[L] GAME_TIME 7.23415
[L] GAME_TIME 7.4883
[L] GAME_TIME 7.74963
[0] Deleting objects...
[0] Deleting grid...
[0] 
[L] ROUND_SCORE -4 web_user web_user
[L] ROUND_SCORE_TEAM -4 web_user
[L] NEW_ROUND 2026-09-10 20:41:22 UTC
[0] Time:     12.6742 seconds
Sent:     9194 bytes in 140 packets (725.411 bytes/s)
Received: 5566 bytes in 125 packets (439.16 bytes/s)
[0] Timestamp: 2026/09/10 20:41:22
[0] Creating grid...
[0] done!
[0] Go (round 5 of 10)!
[L] GAME_TIME -3.81369
[L] GAME_TIME -3.55233
[L] GAME_TIME -3.30095
[L] GAME_TIME -3.04632
[0] 3
[L] GAME_TIME -2.78296
[L] GAME_TIME -2.53281
[L] GAME_TIME -2.27671
[L] GAME_TIME -2.02558
[0] 2
[L] GAME_TIME -1.76266
[L] GAME_TIME -1.5067
[L] GAME_TIME -1.25513
[L] GAME_TIME -1.00414
[0] 1
[L] GAME_TIME -0.751679
[L] GAME_TIME -0.496367
[L] GAME_TIME -0.235135
[0] 0
[L] GAME_TIME 0.019146
[L] GAME_TIME 0.269858
[L] GAME_TIME 0.524878
[L] GAME_TIME 0.787695
[L] GAME_TIME 1.03821
[L] GAME_TIME 1.28901
[L] GAME_TIME 1.5439
[L] GAME_TIME 1.80196
[L] GAME_TIME 2.05814
[L] GAME_TIME 2.32257
[L] GAME_TIME 2.57608
[L] GAME_TIME 2.83683
[L] DEATH_SUICIDE web_user
[0] web_user committed suicide and lost 4 points.
[L] GAME_TIME 3.09136
[L] GAME_TIME 3.34715
[L] GAME_TIME 3.60926
[L] GAME_TIME 3.87136
[L] GAME_TIME 4.13395
[L] GAME_TIME 4.39035
[L] GAME_TIME 4.6411
[L] GAME_TIME 4.89334
[L] GAME_TIME 5.1591
[L] GAME_TIME 5.41796
[L] GAME_TIME 5.68179
[L] GAME_TIME 5.93792
[L] GAME_TIME 6.20158
[L] GAME_TIME 6.45759
[L] GAME_TIME 6.70906
[0] Deleting objects...
[0] Deleting grid...
[0] 
[L] ROUND_SCORE -4 web_user web_user
[L] ROUND_SCORE_TEAM -4 web_user
[L] NEW_ROUND 2026-09-10 20:41:34 UTC
[0] Time:     11.6838 seconds
Sent:     8134 bytes in 129 packets (696.176 bytes/s)
Received: 5218 bytes in 117 packets (446.6 bytes/s)
[0] Timestamp: 2026/09/10 20:41:34
[0] Creating grid...
[0] done!
[0] Go (round 6 of 10)!
[L] GAME_TIME -3.79074
[L] GAME_TIME -3.52865
[L] GAME_TIME -3.27432
[L] GAME_TIME -3.02135
[0] 3
[L] GAME_TIME -2.76191
[L] GAME_TIME -2.51176
[L] GAME_TIME -2.25552
[L] GAME_TIME -2.00294
[0] 2
[L] GAME_TIME -1.75261
[L] GAME_TIME -1.49818
[L] GAME_TIME -1.23802
[0] 1
[L] GAME_TIME -0.985398
[L] GAME_TIME -0.72135
[L] GAME_TIME -0.457957
[L] GAME_TIME -0.195799
[0] 0
[L] GAME_TIME 0.059749
[L] GAME_TIME 0.318667
[L] GAME_TIME 0.57476
[L] GAME_TIME 0.834209
[L] GAME_TIME 1.09063
[L] GAME_TIME 1.3516
[L] GAME_TIME 1.60747
[L] GAME_TIME 1.86205
[L] GAME_TIME 2.11873
[L] GAME_TIME 2.37592
[L] GAME_TIME 2.62987
[L] GAME_TIME 2.89234
[L] GAME_TIME 3.14448
[L] GAME_TIME 3.40927
[L] DEATH_SUICIDE web_user
[0] web_user committed suicide and lost 4 points.
[L] GAME_TIME 3.66226
[L] GAME_TIME 3.92458
[L] GAME_TIME 4.17576
[L] GAME_TIME 4.4301
[L] GAME_TIME 4.68807
[L] GAME_TIME 4.94618
[L] GAME_TIME 5.19851
[L] GAME_TIME 5.45549
[L] GAME_TIME 5.71004
[L] GAME_TIME 5.96142
[L] GAME_TIME 6.21588
[L] GAME_TIME 6.47395
[L] GAME_TIME 6.73128
[L] GAME_TIME 6.98495
[L] GAME_TIME 7.24386
[L] GAME_TIME 7.49649
[L] GAME_TIME 7.75833
[0] Deleting objects...
[0] Deleting grid...
[0] 
[L] ROUND_SCORE -4 web_user web_user
[L] ROUND_SCORE_TEAM -4 web_user
[L] NEW_ROUND 2026-09-10 20:41:46 UTC
[0] Time:     12.7408 seconds
Sent:     8730 bytes in 134 packets (685.198 bytes/s)
Received: 5290 bytes in 118 packets (415.2 bytes/s)
[0] Timestamp: 2026/09/10 20:41:46
[0] Creating grid...
[0] done!
[0] Go (round 7 of 10)!
[L] GAME_TIME -3.80574
[L] GAME_TIME -3.55298
[L] GAME_TIME -3.29855
[L] GAME_TIME -3.0357
[0] 3
[L] GAME_TIME -2.78262
[L] GAME_TIME -2.53167
[L] GAME_TIME -2.268
[L] GAME_TIME -2.01423
[0] 2
[L] GAME_TIME -1.75417
[L] GAME_TIME -1.48992
[L] GAME_TIME -1.23669
[0] 1
[L] GAME_TIME -0.984336
[L] GAME_TIME -0.7294
[L] GAME_TIME -0.468846
[L] GAME_TIME -0.215078
[0] 0
[L] GAME_TIME 0.047735
[L] GAME_TIME 0.308115
[L] GAME_TIME 0.568812
[L] GAME_TIME 0.822152
[L] GAME_TIME 1.08127
[L] GAME_TIME 1.34238
[L] GAME_TIME 1.59822
[L] GAME_TIME 1.85606
[L] GAME_TIME 2.11738
[L] GAME_TIME 2.37518
[L] GAME_TIME 2.63324
[L] GAME_TIME 2.89457
[L] GAME_TIME 3.14892
[L] GAME_TIME 3.40725
[L] GAME_TIME 3.66151
[L] GAME_TIME 3.92109
[L] GAME_TIME 4.177
[L] GAME_TIME 4.43909
[L] GAME_TIME 4.69818
[L] GAME_TIME 4.95642
[L] GAME_TIME 5.20895
[L] GAME_TIME 5.46658
[L] GAME_TIME 5.72213
[L] GAME_TIME 5.98295
[L] GAME_TIME 6.23692
[L] GAME_TIME 6.49133
[L] GAME_TIME 6.75
[L] GAME_TIME 7.01306
[L] GAME_TIME 7.27247
[L] GAME_TIME 7.52423
[L] GAME_TIME 7.78025
[L] GAME_TIME 8.03819
[L] GAME_TIME 8.29864
[L] GAME_TIME 8.5554
[L] GAME_TIME 8.81524
[L] GAME_TIME 9.07298
[L] GAME_TIME 9.33107
[L] GAME_TIME 9.58799
[L] DEATH_SUICIDE web_user
[0] web_user committed suicide and lost 4 points.
[L] GAME_TIME 9.84861
[L] GAME_TIME 10.1006
[L] GAME_TIME 10.3572
[L] GAME_TIME 10.6185
[L] GAME_TIME 10.8689
[L] GAME_TIME 11.127
[L] GAME_TIME 11.3857
[L] GAME_TIME 11.651
[L] GAME_TIME 11.9167
[L] GAME_TIME 12.1697
[L] GAME_TIME 12.4247
[L] GAME_TIME 12.6788
[L] GAME_TIME 12.9326
[L] GAME_TIME 13.1961
[L] GAME_TIME 13.452
[L] GAME_TIME 13.7025
[0] Deleting objects...
[0] Deleting grid...
[0] 
[L] ROUND_SCORE -4 web_user web_user
[L] ROUND_SCORE_TEAM -4 web_user
[L] NEW_ROUND 2026-09-10 20:42:05 UTC
[0] Time:     18.7502 seconds
Sent:     15540 bytes in 203 packets (828.793 bytes/s)
Received: 8558 bytes in 194 packets (456.423 bytes/s)
[0] Timestamp: 2026/09/10 20:42:05
[0] Creating grid...
[0] done!
[0] Go (round 8 of 10)!
[L] GAME_TIME -3.82755
[L] GAME_TIME -3.56467
[L] GAME_TIME -3.30688
[L] GAME_TIME -3.05555
[0] 3
[L] GAME_TIME -2.79077
[L] GAME_TIME -2.53588
[L] GAME_TIME -2.27338
[L] GAME_TIME -2.01505
[0] 2
[L] GAME_TIME -1.75749
[L] GAME_TIME -1.49696
[L] GAME_TIME -1.2393
[0] 1
[L] GAME_TIME -0.985787
[L] GAME_TIME -0.722113
[L] GAME_TIME -0.468343
[L] GAME_TIME -0.210738
[0] 0
[L] GAME_TIME 0.049901
[L] GAME_TIME 0.310394
[L] GAME_TIME 0.572605
[L] GAME_TIME 0.823499
[L] GAME_TIME 1.07529
[L] GAME_TIME 1.3318
[L] GAME_TIME 1.58912
[L] GAME_TIME 1.85116
[L] GAME_TIME 2.10745
[L] GAME_TIME 2.36469
[L] GAME_TIME 2.62147
[L] GAME_TIME 2.8741
[L] GAME_TIME 3.12469
[L] GAME_TIME 3.37919
[L] GAME_TIME 3.64473
[L] GAME_TIME 3.90623
[L] GAME_TIME 4.16761
[L] GAME_TIME 4.42011
[L] GAME_TIME 4.68122
[L] DEATH_SUICIDE web_user
[0] web_user committed suicide and lost 4 points.
[L] GAME_TIME 4.94226
[L] GAME_TIME 5.19395
[L] GAME_TIME 5.45546
[L] GAME_TIME 5.70791
[L] GAME_TIME 5.95954
[L] GAME_TIME 6.21139
[L] GAME_TIME 6.46547
[L] GAME_TIME 6.71567
[L] GAME_TIME 6.97858
[L] GAME_TIME 7.22901
[L] GAME_TIME 7.48579
[L] GAME_TIME 7.74664
[L] GAME_TIME 8.00336
[L] GAME_TIME 8.26128
[L] GAME_TIME 8.52581
[L] GAME_TIME 8.78261
[L] GAME_TIME 9.0371
[L] GAME_TIME 9.3025
[L] GAME_TIME 9.55956
[L] GAME_TIME 9.81849
[0] Deleting objects...
[0] Deleting grid...
[0] 
[L] ROUND_SCORE -4 web_user web_user
[L] ROUND_SCORE_TEAM -4 web_user
[L] NEW_ROUND 2026-09-10 20:42:20 UTC
[0] Time:     14.7667 seconds
Sent:     10024 bytes in 150 packets (678.822 bytes/s)
Received: 5988 bytes in 135 packets (405.506 bytes/s)
[0] Timestamp: 2026/09/10 20:42:20
[0] Creating grid...
[0] done!
[0] Go (round 9 of 10)!
[L] GAME_TIME -3.80367
[L] GAME_TIME -3.55299
[L] GAME_TIME -3.29482
[L] GAME_TIME -3.03425
[0] 3
[L] GAME_TIME -2.77294
[L] GAME_TIME -2.51409
[L] GAME_TIME -2.26113
[L] GAME_TIME -2.00588
[0] 2
[L] GAME_TIME -1.75138
[L] GAME_TIME -1.49866
[L] GAME_TIME -1.23993
[0] 1
[L] GAME_TIME -0.979645
[L] GAME_TIME -0.718965
[L] GAME_TIME -0.456727
[L] GAME_TIME -0.204691
[0] 0
[L] GAME_TIME 0.045465
[L] GAME_TIME 0.314655
[L] GAME_TIME 0.572234
[L] GAME_TIME 0.823182
[L] GAME_TIME 1.07976
[L] GAME_TIME 1.33859
[L] GAME_TIME 1.59552
[L] GAME_TIME 1.85163
[L] GAME_TIME 2.11007
[L] GAME_TIME 2.36131
[L] GAME_TIME 2.62623
[L] GAME_TIME 2.88027
[L] GAME_TIME 3.13202
[L] GAME_TIME 3.39479
[L] GAME_TIME 3.65764
[L] DEATH_SUICIDE web_user
[0] web_user committed suicide and lost 4 points.
[L] GAME_TIME 3.91407
[L] GAME_TIME 4.16476
[L] GAME_TIME 4.41527
[L] GAME_TIME 4.68117
[L] GAME_TIME 4.94662
[L] GAME_TIME 5.20187
[L] GAME_TIME 5.46357
[L] GAME_TIME 5.72754
[L] GAME_TIME 5.98033
[L] GAME_TIME 6.23453
[L] GAME_TIME 6.4979
[L] GAME_TIME 6.75251
[L] GAME_TIME 7.01538
[L] GAME_TIME 7.27317
[L] GAME_TIME 7.53104
[L] GAME_TIME 7.79644
[0] Deleting objects...
[0] Deleting grid...
[0] 
[L] ROUND_SCORE -4 web_user web_user
[L] ROUND_SCORE_TEAM -4 web_user
[L] NEW_ROUND 2026-09-10 20:42:33 UTC
[0] Time:     12.729 seconds
Sent:     8664 bytes in 134 packets (680.651 bytes/s)
Received: 5320 bytes in 119 packets (417.943 bytes/s)
[0] Timestamp: 2026/09/10 20:42:33
[0] Creating grid...
[0] done!
[0] Go (round 10 of 10)!
[L] GAME_TIME -3.80502
[L] GAME_TIME -3.5402
[L] GAME_TIME -3.28411
[L] GAME_TIME -3.02361
[0] 3
[L] GAME_TIME -2.77077
[L] GAME_TIME -2.50945
[L] GAME_TIME -2.25635
[0] 2
[L] GAME_TIME -1.99757
[L] GAME_TIME -1.73732
[L] GAME_TIME -1.48314
[L] GAME_TIME -1.23201
[0] 1
[L] GAME_TIME -0.976322
[L] GAME_TIME -0.718084
[L] GAME_TIME -0.457761
[L] GAME_TIME -0.196846
[0] 0
[L] GAME_TIME 0.065997
[L] GAME_TIME 0.320551
[L] GAME_TIME 0.578788
[L] GAME_TIME 0.837113
[L] GAME_TIME 1.09756
[L] GAME_TIME 1.34827
[L] GAME_TIME 1.60988
[L] GAME_TIME 1.87302
[L] GAME_TIME 2.12587
[L] GAME_TIME 2.37754
[L] GAME_TIME 2.63134
[L] GAME_TIME 2.8949
[L] GAME_TIME 3.14654
[L] GAME_TIME 3.40832
[L] GAME_TIME 3.67164
[L] GAME_TIME 3.92958
[L] GAME_TIME 4.18901
[L] GAME_TIME 4.45009
[L] GAME_TIME 4.70884
[L] GAME_TIME 4.96052
[L] GAME_TIME 5.21578
[L] GAME_TIME 5.47001
[L] GAME_TIME 5.7209
[L] GAME_TIME 5.97832
[L] GAME_TIME 6.23257
[L] GAME_TIME 6.49132
[L] GAME_TIME 6.75076
[L] GAME_TIME 7.00789
[L] GAME_TIME 7.26543
[L] GAME_TIME 7.5304
[L] GAME_TIME 7.78061
[L] GAME_TIME 8.03706
[L] GAME_TIME 8.29588
[L] GAME_TIME 8.55671
[L] GAME_TIME 8.80771
[L] GAME_TIME 9.06414
[L] GAME_TIME 9.32588
[L] GAME_TIME 9.58836
[L] GAME_TIME 9.8443
[L] GAME_TIME 10.0944
[L] GAME_TIME 10.3562
[L] GAME_TIME 10.6138
[L] GAME_TIME 10.8713
[L] GAME_TIME 11.1299
[L] GAME_TIME 11.3803
[L] DEATH_SUICIDE web_user
[0] web_user committed suicide and lost 4 points.
[L] GAME_TIME 11.6362
[L] GAME_TIME 11.8866
[L] GAME_TIME 12.1509
[L] GAME_TIME 12.4064
[L] GAME_TIME 12.6624
[L] GAME_TIME 12.9169
[L] GAME_TIME 13.1671
[L] GAME_TIME 13.4317
[L] GAME_TIME 13.6832
[L] GAME_TIME 13.9398
[L] GAME_TIME 14.1981
[L] GAME_TIME 14.4514
[L] GAME_TIME 14.7151
[L] GAME_TIME 14.979
[L] GAME_TIME 15.2292
[L] GAME_TIME 15.4809
[L] GAME_TIME 15.7344
[L] GAME_TIME 15.9985
[L] GAME_TIME 16.2495
[L] GAME_TIME 16.5128
[L] GAME_TIME 16.7771
[0] Match Winner: web_user
[L] MATCH_WINNER web_user web_user
[0] Overall Winner: web_user after 10 rounds.
[L] GAME_TIME 17.0342
[L] GAME_TIME 17.3021
[L] GAME_TIME 17.5652
[L] GAME_TIME 17.8175
[L] GAME_TIME 18.0798
[L] GAME_TIME 18.3301
[L] GAME_TIME 18.5914
[L] GAME_TIME 18.8524
[L] GAME_TIME 19.1054
[L] GAME_TIME 19.3623
[L] GAME_TIME 19.615
[L] GAME_TIME 19.8713
[L] GAME_TIME 20.1241
[L] GAME_TIME 20.3867
[L] GAME_TIME 20.6368
[L] GAME_TIME 20.9013
[L] GAME_TIME 21.1615
[L] GAME_TIME 21.4126
[L] GAME_TIME 21.6668
[L] GAME_TIME 21.9269
[L] GAME_TIME 22.1852
[L] GAME_TIME 22.4451
[L] GAME_TIME 22.7014
[L] GAME_TIME 22.9574
[L] GAME_TIME 23.2175
[L] GAME_TIME 23.4753
[L] GAME_TIME 23.738
[L] GAME_TIME 23.9983
[L] GAME_TIME 24.2533
[L] GAME_TIME 24.5128
[L] GAME_TIME 24.7754
[L] GAME_TIME 25.0365
[0] Deleting objects...
[0] Deleting grid...
[0] 
[L] ROUND_SCORE -4 web_user web_user
[L] ROUND_SCORE_TEAM -4 web_user
[L] NEW_ROUND 2026-09-10 20:43:02 UTC
[L] NEW_MATCH 2026-09-10 20:43:02 UTC
[0] Time:     29.8996 seconds
Sent:     17530 bytes in 233 packets (586.295 bytes/s)
Received: 9738 bytes in 222 packets (325.689 bytes/s)
[0] Timestamp: 2026/09/10 20:43:03
[0] Creating grid...
[0] done!
[0] Resetting scores...
[0] New Match
[0] Go (round 1 of 10)!
[L] GAME_TIME -3.81338
[L] GAME_TIME -3.55377
[L] GAME_TIME -3.28911
[L] GAME_TIME -3.03903
[0] 3
[L] GAME_TIME -2.78307
[L] GAME_TIME -2.5278
[L] GAME_TIME -2.26446
[L] GAME_TIME -2.01132
[0] 2
[L] GAME_TIME -1.75978
[L] GAME_TIME -1.4988
[L] GAME_TIME -1.24811
[0] 1
[L] GAME_TIME -0.993183
[L] GAME_TIME -0.733424
[L] GAME_TIME -0.471616
[L] GAME_TIME -0.211
[0] 0
[L] GAME_TIME 0.042365
[L] GAME_TIME 0.301959
[L] GAME_TIME 0.556615
[L] GAME_TIME 0.819645
[L] GAME_TIME 1.07688
[L] GAME_TIME 1.33069
[L] GAME_TIME 1.58836
[L] GAME_TIME 1.83964
[L] GAME_TIME 2.09008
[L] GAME_TIME 2.34822
[L] GAME_TIME 2.60028
[L] GAME_TIME 2.85174
[L] GAME_TIME 3.11185
[L] GAME_TIME 3.36799
[L] GAME_TIME 3.62524
[L] GAME_TIME 3.88325
[L] GAME_TIME 4.13426
[L] GAME_TIME 4.39029
[L] GAME_TIME 4.65304
[L] GAME_TIME 4.9191
[L] GAME_TIME 5.17457
[L] GAME_TIME 5.42831
[L] GAME_TIME 5.69236
[L] GAME_TIME 5.95293
[L] GAME_TIME 6.20858
[L] GAME_TIME 6.45862
[L] GAME_TIME 6.71094
[L] GAME_TIME 6.97147
[L] GAME_TIME 7.23554
[L] GAME_TIME 7.49697
[L] GAME_TIME 7.75252
[L] GAME_TIME 8.01464
[L] GAME_TIME 8.27764
[L] GAME_TIME 8.53909
[L] GAME_TIME 8.79952
[L] GAME_TIME 9.05618
[L] GAME_TIME 9.31458
[L] GAME_TIME 9.56849
[L] GAME_TIME 9.8266
[L] DEATH_SUICIDE web_user
[0] web_user committed suicide and lost 4 points.
[L] GAME_TIME 10.077
[L] GAME_TIME 10.3364
[L] GAME_TIME 10.5871
[L] GAME_TIME 10.838
[L] GAME_TIME 11.1005
[L] GAME_TIME 11.3614
[L] GAME_TIME 11.6187
[L] GAME_TIME 11.8696
[L] GAME_TIME 12.1199
[L] GAME_TIME 12.3814
[L] GAME_TIME 12.6326
[L] GAME_TIME 12.888
[L] GAME_TIME 13.154
[L] GAME_TIME 13.4137
[L] GAME_TIME 13.6726
[L] GAME_TIME 13.9363
[L] GAME_TIME 14.1897
[L] GAME_TIME 14.454
[L] GAME_TIME 14.7084
[0] Deleting objects...
[0] Deleting grid...
[0] 
[L] ROUND_SCORE -4 web_user web_user
[L] ROUND_SCORE_TEAM -4 web_user
[L] NEW_ROUND 2026-09-10 20:43:22 UTC
[0] Time:     19.7447 seconds
Sent:     15620 bytes in 206 packets (791.097 bytes/s)
Received: 8568 bytes in 194 packets (433.938 bytes/s)
[0] Timestamp: 2026/09/10 20:43:22
[0] Creating grid...
[0] done!
[0] Go (round 2 of 10)!
[L] GAME_TIME -3.80055
[L] GAME_TIME -3.53884
[L] GAME_TIME -3.27622
[L] GAME_TIME -3.02379
[0] 3
[L] GAME_TIME -2.76034
[L] GAME_TIME -2.49781
[L] GAME_TIME -2.24368
[0] 2
[L] GAME_TIME -1.99173
[L] GAME_TIME -1.73937
[L] GAME_TIME -1.48849
[L] GAME_TIME -1.23128
[0] 1
[L] GAME_TIME -0.981226
[L] GAME_TIME -0.719517
[L] GAME_TIME -0.46716
[L] GAME_TIME -0.216813
[0] 0
[L] GAME_TIME 0.047371
[L] GAME_TIME 0.308671
[L] GAME_TIME 0.563615
[L] GAME_TIME 0.817671
[L] GAME_TIME 1.07565
[L] GAME_TIME 1.33346
[L] GAME_TIME 1.58415
[L] GAME_TIME 1.83481
[L] GAME_TIME 2.09248
