[    938ms] [harness] mobile emulation: 915x412 CSS px dpr 3 (= 2745x1236 device px), touch on
[    942ms] [harness] chrome: Chrome/152.0.7977.75
[    943ms] [harness] navigating to http://localhost:8006/armagetronad.html?autostart=0&touch=1
[     26ms] [console.log] [DISPLAY] at load: viewport 915x412 dpr 3 -> canvas 2745x1236 aspect 2.2209 gpu-axis-limit 16384
[     27ms] [console.log] [TOUCH] enabled=true (?touch=1) maxTouchPoints=5
[     28ms] [console.log] [TOUCH] context 0 (menu no, cycle no) -> TAP=ENTER
[     28ms] [console.log] [TOUCH] orientation portrait=false (sized for portrait: false, boot held: false)
[     29ms] [console.log] [TOUCH] orientation portrait=false (sized for portrait: false, boot held: false)
[     35ms] [console.error] WARNING: using emscripten GL emulation. This is a collection of limited workarounds, do not expect it to work.
[     38ms] [console.error] WARNING: using emscripten GL emulation unsafe opts. If weirdness happens, try -sGL_UNSAFE_OPTS=0
[     43ms] [page] load event fired
[     49ms] [browser.error/network] Failed to load resource: the server responded with a status of 404 (File not found)   <- http://localhost:8006/favicon.ico
[    106ms] [console.log] [PERSIST] populate ok in 38ms
[    314ms] [console.log] [PERSIST] runtime initialized, starting the game
[    315ms] [console.log] [CAMERA] camera distance x0.5 written to /data/webdefaults/autoexec.cfg before main()
[    315ms] [console.log] [BOOT] main() HELD by ?autostart=0, waiting for AA_START()
[    808ms] [harness] eval (() => {  /* One frame = one flush/finish from rSysDep::SwapGL (swapMode_ defaults to     rSwap_glFlush, so it is exactly one glFlush per swap). Per frame we keep     the timestamp, the number of drawArrays/drawElements calls, and the bytes     that went through bufferData/bufferSubData: draw calls and bytes are the     direct measure of "geometry re-submitted through the emulation this     frame", which is mechanism 1 -- so a frame that gets slower while its draw     calls stay flat is NOT the renderer. */  /* THIS FILE IS ONE EXPRESSION WITH BLOCK COMMENTS ONLY: run-arm.sh strips     every newline to fit it into a single eval: step of drive-browser.mjs, so     a // comment would swallow the rest of the program. */  const N = 600000;  const S = { t: new Float64Array(N), draws: new Uint32Array(N), bytes: new Float64Array(N), n: 0,              marks: [], shots: [], cur: { draws: 0, bytes: 0 } };  window.__fps = S;  /* Screenshot bracket. Page.captureScreenshot spends real time on the page     and can put a hitch INTO a measured window; the driver's own     "[harness] screenshot" line is on the driver's clock, in the driver's     transcript, where report.js cannot see it. The template therefore wraps     every shot: step in eval:__fps.shot('name','begin') and     eval:__fps.shot('name','end'), on the page's clock, and report.js drops     the frames between the two (plus a pad) from every statistic. */  S.shot = (name, edge) => { S.shots.push([performance.now(), name, edge]); return 'shot ' + edge + ' ' + name; };  const wrap = (C) => {    if (!C) return; const P = C.prototype;    for (const m of ['flush', 'finish']) { const o = P[m]; if (!o) continue;      P[m] = function () {        if (S.n < N) { S.t[S.n] = performance.now(); S.draws[S.n] = S.cur.draws; S.bytes[S.n] = S.cur.bytes; S.n++; }        S.cur.draws = 0; S.cur.bytes = 0; return o.apply(this, arguments); }; }    for (const m of ['drawArrays', 'drawElements']) { const o = P[m]; if (!o) continue;      P[m] = function () { S.cur.draws++; return o.apply(this, arguments); }; }    for (const m of ['bufferData', 'bufferSubData']) { const o = P[m]; if (!o) continue;      P[m] = function () { const d = (m === 'bufferData') ? arguments[1] : arguments[2];        S.cur.bytes += (d && d.byteLength) ? d.byteLength : (typeof d === 'number' ? d : 0);        return o.apply(this, arguments); }; }  };  wrap(window.WebGLRenderingContext); wrap(window.WebGL2RenderingContext);  const cl = console.log.bind(console);  console.log = function () { const s = (arguments.length && typeof arguments[0] === 'string') ? arguments[0] : '';    if (s.indexOf('[L] ') === 0) S.marks.push([performance.now(), s]); return cl.apply(null, arguments); };  return 'sampler armed: frames, draw calls, buffer bytes, shot brackets';})() => "sampler armed: frames, draw calls, buffer bytes, shot brackets"
[    809ms] [harness] eval (()=>{const p='/data/webdefaults/autoexec.cfg';const cur=Module.FS.readFile(p,{encoding:'utf8'});const add='\n# perf arm base\nMAX_FPS 1000\nSP_SIZE_FACTOR 6\nSP_NUM_AIS 7\n';Module.FS.writeFile(p,cur+add);return 'autoexec.cfg patched: '+JSON.stringify(add)})() => "autoexec.cfg patched: \"\\n# perf arm base\\nMAX_FPS 1000\\nSP_SIZE_FACTOR 6\\nSP_NUM_AIS 7\\n\""
[    810ms] [console.log] [BOOT] autostart: calling main
[    813ms] [console.error] Error: Error in tString GeneratePrefix() in src/tools/tDirectories.cpp:1380 : 
[    813ms] [console.error]  	Relocation error. The binary was supposed to be installed into /usr/local/bin and found itself in . and could not find out what this means for the prefix /usr/local.
[    813ms] [console.error] 
[    814ms] [console.log] Warning in void FindConfigurationPath() in src/tools/tDirectories.cpp:1465 : 
[    814ms] [console.log]  	Could not determine path to configuration files. Using defaults or command line arguments.
[    814ms] [console.log] 
[    944ms] [console.log] [L] ENCODING latin1
[    952ms] [console.log] Trying to start sound. Just restart Armagetron Advanced in case of crash.
[    953ms] [console.log] [SND] device opened: 22050 Hz, 2 ch, 16-bit, 1024 frames/callback (46.4 ms per callback, SOUND_BUFFER_SHIFT 1)
[    978ms] [console.error] WARNING: using emscripten GL immediate mode emulation. This is very limited in what it supports
[    981ms] [console.error] TODO: glShadeModel
[    985ms] [browser.warning/rendering] Canvas2D: Multiple readback operations using getImageData are faster with the willReadFrequently attribute set to true. See: https://html.spec.whatwg.org/multipage/canvas.html#concept-canvas-will-read-frequently   <- http://localhost:8006/armagetronad.js
[   1025ms] [harness] eval window.AA_START() => undefined
[   1025ms] [harness] until 1x <<[BOOT] autostart>> (timeout 90000ms, have 1)
[   1025ms] [harness] until SATISFIED: saw 1x <<[BOOT] autostart>>
[   1026ms] [browser.warning/other] The AudioContext was not allowed to start. It must be resumed (or created) after a user gesture on the page. https://developer.chrome.com/blog/autoplay/#web_audio   <- http://localhost:8006/armagetronad.js
[   1027ms] [browser.warning/other] The AudioContext was not allowed to start. It must be resumed (or created) after a user gesture on the page. https://developer.chrome.com/blog/autoplay/#web_audio   <- http://localhost:8006/armagetronad.js
[   1027ms] [browser.warning/other] The AudioContext was not allowed to start. It must be resumed (or created) after a user gesture on the page. https://developer.chrome.com/blog/autoplay/#web_audio   <- http://localhost:8006/armagetronad.js
[   1028ms] [browser.warning/other] The AudioContext was not allowed to start. It must be resumed (or created) after a user gesture on the page. https://developer.chrome.com/blog/autoplay/#web_audio   <- http://localhost:8006/armagetronad.js
[   1028ms] [browser.warning/other] The AudioContext was not allowed to start. It must be resumed (or created) after a user gesture on the page. https://developer.chrome.com/blog/autoplay/#web_audio   <- http://localhost:8006/armagetronad.js
[   1031ms] [console.log] [TOUCH] context 1 (menu yes, cycle no) -> TAP=ENTER
[  10035ms] [browser.warning/other] The AudioContext was not allowed to start. It must be resumed (or created) after a user gesture on the page. https://developer.chrome.com/blog/autoplay/#web_audio   <- http://localhost:8006/armagetronad.js
[  10100ms] [harness] tap #tapzone at 458,206 (1/1)
[  10121ms] [console.log] [PERSISTSAVE] menu-leave n=1
[  13472ms] [harness] tap #tapzone at 458,206 (1/1)
[  13482ms] [console.log] [PERSISTSAVE] menu-leave n=2
[  13528ms] [console.log] [TOUCH] context 0 (menu no, cycle no) -> TAP=ENTER
[  17351ms] [console.log] [L] PLAYER_ENTERED web_user  web_user
[  17352ms] [console.log] [L] TEAM_CREATED web_user
[  17353ms] [console.log] [L] TEAM_PLAYER_ADDED web_user web_user
[  17356ms] [console.log] [WAV] loaded /data/sound/expl.wav: 11937 bytes, 8-bit mono @ 11025 Hz (fopen misses so far: 1)
[  17358ms] [console.log] [L] ROUND_SCORE_TEAM 0 web_user
[  17359ms] [console.log] [L] NEW_ROUND 2026-09-03 19:31:57 UTC+0200
[  17382ms] [console.log] [L] TEAM_CREATED ai_team
[  17383ms] [console.log] [L] TEAM_PLAYER_ADDED ai_team word
[  17383ms] [console.log] [L] TEAM_PLAYER_ADDED ai_team excel
[  17383ms] [console.log] [L] TEAM_PLAYER_ADDED ai_team notepad
[  17384ms] [console.log] [L] TEAM_PLAYER_ADDED ai_team gcc
[  17384ms] [console.log] [WAV] loaded /data/sound/cyclrun.wav: 40403 bytes, 8-bit mono @ 22050 Hz (fopen misses so far: 2)
[  17408ms] [harness] tap #tapzone at 458,206 (1/1)
[  17411ms] [console.log] [WAV] loaded /data/sound/expl.wav: 11937 bytes, 8-bit mono @ 11025 Hz (fopen misses so far: 2)
[  17411ms] [console.log] [WAV] retiring a voice on moviesounds/intro.wav: loaded but zero samples
[  17411ms] [console.log] [SND] live voices peaked at 11 (SOUND_SOURCES 10, loudness_thresh 0.0000)
[  17527ms] [console.log] [TOUCH] context 2 (menu no, cycle alive) -> STEERING
[  17668ms] [browser.error/network] Failed to load resource: the server responded with a status of 404 (File not found)   <- http://localhost:8006/favicon.ico
[  19710ms] [harness] until 1x <<[L] NEW_ROUND>> (timeout 120000ms, have 1)
[  19711ms] [harness] until SATISFIED: saw 1x <<[L] NEW_ROUND>>
[  19711ms] [harness] === ROUND-1-SETUP-NOT-MEASURED ===
[  21249ms] [harness] key Right (1/1)
[  21558ms] [console.log] [WAV] loaded /data/sound/expl.wav: 11937 bytes, 8-bit mono @ 11025 Hz (fopen misses so far: 3)
[  21585ms] [harness] key Left (1/1)
[  23390ms] [harness] eval __fps.shot('r1-after-tutorial-keys','begin') => "shot begin r1-after-tutorial-keys"
[  23554ms] [harness] screenshot -> docs/evidence/m6-lag/task1-rig/base/r1-after-tutorial-keys.png
[  23555ms] [harness] eval __fps.shot('r1-after-tutorial-keys','end') => "shot end r1-after-tutorial-keys"
[  23558ms] [harness] CPU throttling rate 6x
[  23558ms] [harness] === THROTTLE-ON ===
[  23558ms] [harness] until 2x <<[L] NEW_ROUND>> (timeout 260000ms, have 1)
[  35298ms] [console.log] [L] DEATH_FRAG web_user word
[  35307ms] [console.log] [WAV] loaded /data/sound/expl.wav: 11937 bytes, 8-bit mono @ 11025 Hz (fopen misses so far: 4)
[  35327ms] [console.log] [TOUCH] context 0 (menu no, cycle no) -> TAP=ENTER
[  36518ms] [console.log] [L] ROUND_WINNER ai_team gcc notepad excel word
[  40608ms] [console.log] [L] ROUND_SCORE -2 web_user web_user
[  40611ms] [console.log] [L] ROUND_SCORE_TEAM -2 web_user
[  40613ms] [console.log] [L] NEW_ROUND 2026-09-03 19:32:20 UTC+0200
[  40636ms] [console.log] [L] TEAM_PLAYER_ADDED ai_team outlook
[  40640ms] [console.log] [L] TEAM_PLAYER_ADDED ai_team latex
[  40644ms] [console.log] [L] TEAM_PLAYER_ADDED ai_team gdb
[  40667ms] [console.log] [SND] live voices peaked at 16 (SOUND_SOURCES 10, loudness_thresh 0.0110)
[  40668ms] [console.log] [SND] voice limiter STARTED cutting: 16 live voices, SOUND_SOURCES 10, loudness_thresh 0.0110
[  40691ms] [harness] until SATISFIED: saw 2x <<[L] NEW_ROUND>>
[  40691ms] [harness] === ROUND-2-MEASURED ===
[  40778ms] [console.log] [TOUCH] context 2 (menu no, cycle alive) -> STEERING
[  41075ms] [console.log] [SND] voice limiter stopped cutting: 4 live voices, SOUND_SOURCES 10, loudness_thresh 0.0000
[  41120ms] [console.log] [SND] voice limiter STARTED cutting: 15 live voices, SOUND_SOURCES 10, loudness_thresh 0.0110
[  41595ms] [console.log] [SND] voice limiter stopped cutting: 4 live voices, SOUND_SOURCES 10, loudness_thresh 0.0000
[  41642ms] [console.log] [SND] voice limiter STARTED cutting: 15 live voices, SOUND_SOURCES 10, loudness_thresh 0.0110
[  42111ms] [console.log] [SND] voice limiter stopped cutting: 4 live voices, SOUND_SOURCES 10, loudness_thresh 0.0000
[  42158ms] [console.log] [SND] voice limiter STARTED cutting: 14 live voices, SOUND_SOURCES 10, loudness_thresh 0.0010
[  42202ms] [console.log] [SND] voice limiter stopped cutting: 5 live voices, SOUND_SOURCES 10, loudness_thresh 0.0000
[  42248ms] [console.log] [SND] voice limiter STARTED cutting: 14 live voices, SOUND_SOURCES 10, loudness_thresh 0.0010
[  42293ms] [console.log] [SND] voice limiter stopped cutting: 5 live voices, SOUND_SOURCES 10, loudness_thresh 0.0000
[  42341ms] [console.log] [SND] voice limiter STARTED cutting: 14 live voices, SOUND_SOURCES 10, loudness_thresh 0.0010
[  42388ms] [console.log] [SND] voice limiter stopped cutting: 5 live voices, SOUND_SOURCES 10, loudness_thresh 0.0000
[  46719ms] [harness] eval __fps.shot('r2-06s','begin') => "shot begin r2-06s"
[  46895ms] [harness] screenshot -> docs/evidence/m6-lag/task1-rig/base/r2-06s.png
[  46906ms] [harness] eval __fps.shot('r2-06s','end') => "shot end r2-06s"
[  70929ms] [harness] eval __fps.shot('r2-30s','begin') => "shot begin r2-30s"
[  71084ms] [harness] screenshot -> docs/evidence/m6-lag/task1-rig/base/r2-30s.png
[  71104ms] [harness] eval __fps.shot('r2-30s','end') => "shot end r2-30s"
[  86183ms] [console.log] [SND] voice limiter STARTED cutting: 13 live voices, SOUND_SOURCES 10, loudness_thresh 0.0010
[  91122ms] [harness] eval __fps.shot('r2-50s','begin') => "shot begin r2-50s"
[  91327ms] [harness] screenshot -> docs/evidence/m6-lag/task1-rig/base/r2-50s.png
[  91364ms] [harness] eval __fps.shot('r2-50s','end') => "shot end r2-50s"
[  91365ms] [harness] until 3x <<[L] NEW_ROUND>> (timeout 260000ms, have 2)
[  97045ms] [console.log] [SND] voice limiter stopped cutting: 8 live voices, SOUND_SOURCES 10, loudness_thresh 0.0000
[  99720ms] [console.log] [L] DEATH_FRAG web_user notepad
[  99813ms] [console.log] [TOUCH] context 0 (menu no, cycle no) -> TAP=ENTER
[ 101563ms] [console.log] [L] ROUND_WINNER ai_team gdb latex outlook gcc notepad excel word
[ 105676ms] [console.log] [L] ROUND_SCORE -2 web_user web_user
[ 105678ms] [console.log] [L] ROUND_SCORE_TEAM -2 web_user
[ 105680ms] [console.log] [L] NEW_ROUND 2026-09-03 19:33:25 UTC+0200
[ 105719ms] [console.log] [SND] voice limiter STARTED cutting: 16 live voices, SOUND_SOURCES 10, loudness_thresh 0.0110
[ 105772ms] [harness] until SATISFIED: saw 3x <<[L] NEW_ROUND>>
[ 105772ms] [harness] === ROUND-3-MEASURED ===
[ 105785ms] [console.log] [TOUCH] context 2 (menu no, cycle alive) -> STEERING
[ 106135ms] [console.log] [SND] voice limiter stopped cutting: 4 live voices, SOUND_SOURCES 10, loudness_thresh 0.0000
[ 111776ms] [harness] eval __fps.shot('r3-06s','begin') => "shot begin r3-06s"
[ 111976ms] [harness] screenshot -> docs/evidence/m6-lag/task1-rig/base/r3-06s.png
[ 111991ms] [harness] eval __fps.shot('r3-06s','end') => "shot end r3-06s"
[ 136006ms] [harness] eval __fps.shot('r3-30s','begin') => "shot begin r3-30s"
[ 136159ms] [harness] screenshot -> docs/evidence/m6-lag/task1-rig/base/r3-30s.png
[ 136163ms] [harness] eval __fps.shot('r3-30s','end') => "shot end r3-30s"
[ 156171ms] [harness] eval __fps.shot('r3-50s','begin') => "shot begin r3-50s"
[ 156359ms] [harness] screenshot -> docs/evidence/m6-lag/task1-rig/base/r3-50s.png
[ 156379ms] [harness] eval __fps.shot('r3-50s','end') => "shot end r3-50s"
[ 156379ms] [harness] until 3x <<[L] ROUND_WINNER>> (timeout 260000ms, have 2)
[ 164803ms] [console.log] [L] DEATH_FRAG web_user notepad
[ 165056ms] [console.log] [TOUCH] context 0 (menu no, cycle no) -> TAP=ENTER
[ 166483ms] [console.log] [L] ROUND_WINNER ai_team gdb latex outlook gcc notepad excel word
[ 166563ms] [harness] until SATISFIED: saw 3x <<[L] ROUND_WINNER>>
[ 166564ms] [harness] === MATCH-OVER ===
[ 167661ms] [harness] eval (() => {  /* ONE EXPRESSION, BLOCK COMMENTS ONLY: run-arm.sh strips newlines to make     this a single eval: step (see sampler.js). base and 6 are     substituted by run-arm.sh. The object this prints after "[PERF] <arm> " is     the schema Tasks 2-4 read; web/tools/perf/README.md documents it. */  const S = window.__fps, n = S.n;  const PAD_BEFORE = 100, PAD_AFTER = 250;  const nr = S.marks.filter(m => m[1].indexOf('[L] NEW_ROUND') === 0).map(m => m[0]);  const rw = S.marks.filter(m => m[1].indexOf('[L] ROUND_WINNER') === 0).map(m => m[0]);  /* Screenshot exclusions: [begin - PAD_BEFORE, end + PAD_AFTER] for every     bracketed shot (sampler.js S.shot); a begin with no end -- the driver died     mid-shot -- excludes two seconds. */  const ex = []; const open = {};  for (const [t, name, edge] of S.shots) {    if (edge === 'begin') open[name] = t;    else if (edge === 'end' && open[name] != null) { ex.push({ a: open[name] - PAD_BEFORE, b: t + PAD_AFTER, name: name, dur: t - open[name] }); delete open[name]; } }  for (const name in open) ex.push({ a: open[name] - PAD_BEFORE, b: open[name] + 2000, name: name, dur: null });  const excluded = (t) => ex.some(e => t >= e.a && t <= e.b);  const q = (a, p) => { if (!a.length) return null; const s = a.slice().sort((x, y) => x - y);    return s[Math.min(s.length - 1, Math.max(0, Math.round(p * (s.length - 1))))]; };  const r2 = (x) => (x == null) ? null : Math.round(x * 100) / 100;  /* A window's statistics use only frames outside every exclusion, and only     deltas between frames that were ADJACENT samples, so a gap that straddles     an exclusion is never counted as a frame time. raw_ms_max ignores the     exclusions on purpose: it is where a screenshot hitch stays visible, so a     reader can see what was excluded and that it did not leak into ms_p50. */  const win = (t0, t1) => {    const ix = []; let dropped = 0, rawMax = 0, prev = -1;    for (let i = 0; i < n; i++) { const t = S.t[i]; if (t < t0 || t > t1) continue;      if (prev >= 0) rawMax = Math.max(rawMax, t - S.t[prev]); prev = i;      if (excluded(t)) dropped++; else ix.push(i); }    const d = []; let dr = 0, by = 0;    for (let k = 1; k < ix.length; k++) if (ix[k] === ix[k - 1] + 1) d.push(S.t[ix[k]] - S.t[ix[k - 1]]);    for (const i of ix) { dr += S.draws[i]; by += S.bytes[i]; }    const f = ix.length || 1;    let exms = 0; for (const e of ex) exms += Math.max(0, Math.min(t1, e.b) - Math.max(t0, e.a));    const span = Math.max(1, (t1 - t0) - exms);    return { frames: ix.length, frames_excluded: dropped, ms_p50: r2(q(d, .5)), ms_p90: r2(q(d, .9)),             fps: r2(ix.length / (span / 1000)), draws_per_frame: r2(dr / f),             kb_per_frame: r2(by / f / 1024), hitches_over_50ms: d.filter(x => x > 50).length,             raw_ms_max: r2(rawMax) }; };  const perSec = (t0, t1) => { const ms = [], dr = [], mx = [];    for (let k = 0; k * 1000 < t1 - t0; k++) { const w = win(t0 + k * 1000, Math.min(t1, t0 + (k + 1) * 1000));      ms.push(w.ms_p50); dr.push(w.draws_per_frame); mx.push(w.raw_ms_max); }    return { ms_p50: ms, draws_per_frame: dr, raw_ms_max: mx }; };  const rounds = [];  for (let i = 0; i < Math.min(nr.length, rw.length); i++) {    const t0 = nr[i], t1 = rw[i], len = (t1 - t0) / 1000; if (len < 8) continue;    const e = win(t0, t0 + 5000), l = win(t1 - 5000, t1), all = win(t0, t1);    const shots = ex.filter(x => x.a >= t0 && x.a <= t1).map(x => ({ name: x.name, at_s: r2((x.a + PAD_BEFORE - t0) / 1000), dur_ms: r2(x.dur) }));    rounds.push({ round: i + 1, length_s: r2(len), early_5s: e, late_5s: l,      ratio_ms: e.ms_p50 ? r2(l.ms_p50 / e.ms_p50) : null,      ratio_draws: e.draws_per_frame ? r2(l.draws_per_frame / e.draws_per_frame) : null,      hitches_over_50ms: all.hitches_over_50ms, frames: all.frames, frames_excluded: all.frames_excluded,      raw_ms_max: all.raw_ms_max, shots: shots, per_second: perSec(t0, t1) }); }  return '[PERF] base ' + JSON.stringify({ arm: 'base', cpu_rate: 6, frames: n,    rounds_started: nr.length, rounds_won: rw.length,    shots_bracketed: ex.filter(x => x.dur != null).length, shot_pad_ms: [PAD_BEFORE, PAD_AFTER], rounds });})() => "[PERF] base {\"arm\":\"base\",\"cpu_rate\":6,\"frames\":9497,\"rounds_started\":3,\"rounds_won\":3,\"shots_bracketed\":7,\"shot_pad_ms\":[100,250],\"rounds\":[{\"round\":1,\"length_s\":19.16,\"early_5s\":{\"frames\":720,\"frames_excluded\":0,\"ms_p50\":7,\"ms_p90\":7.7,\"fps\":144,\"draws_per_frame\":69.14,\"kb_per_frame\":107.6,\"hitches_over_50ms\":0,\"raw_ms_max\":27.2},\"late_5s\":{\"frames\":249,\"frames_excluded\":0,\"ms_p50\":19.6,\"ms_p90\":22.9,\"fps\":49.8,\"draws_per_frame\":86.14,\"kb_per_frame\":114.91,\"hitches_over_50ms\":0,\"raw_ms_max\":48.1},\"ratio_ms\":2.8,\"ratio_draws\":1.25,\"hitches_over_50ms\":0,\"frames\":1470,\"frames_excluded\":49,\"raw_ms_max\":48.1,\"shots\":[{\"name\":\"r1-after-tutorial-keys\",\"at_s\":6.03,\"dur_ms\":165.4}],\"per_second\":{\"ms_p50\":[5.6,6.7,7.2,7.2,7.5,7.3,20.7,19.7,19.9,20.2,20.8,20.8,20.8,20.2,19.6,20,19.4,22.5,18.3,18.7],\"draws_per_frame\":[36.99,61,79.76,80,94.28,99,96,96,92.32,91.17,87.26,87,86.11,86,85.1,85,85,87.86,87.48,88.38],\"raw_ms_max\":[27.2,7.5,8.4,7.8,13,8.5,24.9,24.4,23.6,25.4,26.5,29.4,27.5,23,22.6,24.5,25.2,48.1,23.2,21]}},{\"round\":2,\"length_s\":60.95,\"early_5s\":{\"frames\":243,\"frames_excluded\":0,\"ms_p50\":23.7,\"ms_p90\":29.2,\"fps\":48.6,\"draws_per_frame\":70.74,\"kb_per_frame\":134.98,\"hitches_over_50ms\":0,\"raw_ms_max\":34.9},\"late_5s\":{\"frames\":150,\"frames_excluded\":0,\"ms_p50\":32.3,\"ms_p90\":40.8,\"fps\":30,\"draws_per_frame\":174.93,\"kb_per_frame\":201.84,\"hitches_over_50ms\":1,\"raw_ms_max\":60},\"ratio_ms\":1.36,\"ratio_draws\":2.47,\"hitches_over_50ms\":19,\"frames\":2147,\"frames_excluded\":56,\"raw_ms_max\":105.1,\"shots\":[{\"name\":\"r2-06s\",\"at_s\":6.11,\"dur_ms\":187.8},{\"name\":\"r2-30s\",\"at_s\":30.32,\"dur_ms\":175.2},{\"name\":\"r2-50s\",\"at_s\":50.51,\"dur_ms\":242.8}],\"per_second\":{\"ms_p50\":[7.2,23.2,24.4,25,30.7,27.3,27.3,27.1,25.6,24.9,26.4,26,24.7,24.5,27,29.9,29,28.4,26.1,26,26.3,25.9,25.6,25.5,26.7,24.6,26.4,26.2,26.5,26.3,24.9,25,25.5,27.1,25.2,25.9,25.3,25.4,25.1,25.1,24.8,24.9,24.8,25.4,27.1,34.2,34.8,37.6,39.1,38.5,37.4,37.4,37.9,38.9,37.8,36.5,34.6,33.3,32,31.1,28.8],\"draws_per_frame\":[28.88,74.95,93.12,94,118.33,121.89,117,117,114.46,114,111.55,111,108.53,108,107.19,107,107,107,107,107,107,107,107,107,107,107,107,107,107,107,107,107,107,107,107,107,107,107,107,107,107,107,107,107,107,114.04,158,211.08,261.92,308.04,313.4,308.92,312.62,312.17,313.54,305.31,260.59,210.38,164,122.37,119.52],\"raw_ms_max\":[24.4,26.9,28.5,29.1,34.9,36.7,29.4,31.5,30.9,29.1,43.5,30.9,29.2,27.8,30.6,37.8,32.6,38.2,29.5,29.4,38.8,29.4,29.7,29.7,34.9,29.5,28.5,31.3,28.9,31.2,30.2,27.3,28.9,30.1,31.9,30.3,28.3,28.5,28.6,28.2,28.4,28,27.7,29,51.3,105.1,61.5,71.4,52.7,62.4,54.1,49.8,51.5,60.9,48.6,54.7,46.4,48.3,60,49.9,45.1]}},{\"round\":3,\"length_s\":60.8,\"early_5s\":{\"frames\":255,\"frames_excluded\":0,\"ms_p50\":22.8,\"ms_p90\":26.8,\"fps\":51,\"draws_per_frame\":66.45,\"kb_per_frame\":139.34,\"hitches_over_50ms\":0,\"raw_ms_max\":31},\"late_5s\":{\"frames\":162,\"frames_excluded\":0,\"ms_p50\":28.6,\"ms_p90\":39,\"fps\":32.4,\"draws_per_frame\":135.67,\"kb_per_frame\":186.13,\"hitches_over_50ms\":3,\"raw_ms_max\":77.1},\"ratio_ms\":1.25,\"ratio_draws\":2.04,\"hitches_over_50ms\":9,\"frames\":2232,\"frames_excluded\":60,\"raw_ms_max\":78.3,\"shots\":[{\"name\":\"r3-06s\",\"at_s\":6.1,\"dur_ms\":215.4},{\"name\":\"r3-30s\",\"at_s\":30.33,\"dur_ms\":156.2},{\"name\":\"r3-50s\",\"at_s\":50.49,\"dur_ms\":207.8}],\"per_second\":{\"ms_p50\":[7.3,21.8,24.3,24.5,27.1,28.4,26.1,26.9,26.6,26.6,26.7,28.6,29.7,27.2,26.6,27.3,25.4,25.4,24.3,24.7,24.5,26.4,26.7,26.5,27.3,27,26.2,24.8,25.4,24.6,25.6,25.3,26.2,24.5,26.5,24.9,24.5,24.4,24.7,26.3,26.9,26.1,25.4,25.2,25.3,34.6,32.7,28.5,29.5,30.6,28.8,31,30.9,31.1,28.5,28.1,26,26.3,29.5,32.6,34.1],\"draws_per_frame\":[25.32,70.98,88.55,89,113.14,116.8,111,111,110.08,110,109.08,109,108.09,108,107.11,107,107,107,107,107,107,107,107,107,107,107,107,107,107,107,107,107,107,107,107,107,107,107,107,107,107,107,107,107,107,109.14,108.03,109.12,110.88,111,111,111,111,111,111,111,112.58,115,117.38,158.37,210.41],\"raw_ms_max\":[24.4,24.2,29.1,28.4,31,33.1,29.6,32.5,36.5,28,32.1,34.9,38.2,31.5,44.3,31.8,29.5,30,28.3,27.1,33.2,32.1,30.8,32.9,29.4,30.7,30.1,27.4,28.7,27.7,30.9,31.8,31,28.7,31.4,29.4,27.2,27.5,28.5,29.8,31,29.8,28,31,28,78.3,69,52.5,45,65.3,38.5,43.6,39.7,46.2,35.5,42.9,35.6,40.8,77.1,41.9,51.3]}}]}"
