[   1641ms] [harness] firefox: 155.0 (headless=true)
[   1641ms] [harness] navigating to http://localhost:8000/armagetronad.html?autostart=0
[     64ms] [page] load event fired
[    155ms] [console.log] [DISPLAY] at load: viewport 1024x768 dpr 1 -> canvas 1024x768 aspect 1.3333 gpu-axis-limit 8192
[    155ms] [console.log] [TOUCH] enabled=false (media query -> false) maxTouchPoints=0
[    183ms] [browser.error/network] 404 File not found <- http://localhost:8000/favicon.ico
[    187ms] [console.error] WARNING: using emscripten GL emulation. This is a collection of limited workarounds, do not expect it to work.
[    187ms] [console.error] WARNING: using emscripten GL emulation unsafe opts. If weirdness happens, try -sGL_UNSAFE_OPTS=0
[    190ms] [page] load event fired
[    191ms] [harness] until 1x <<[PERSIST] populate ok>> (timeout 90000ms, have 0)
[    234ms] [console.log] [PERSIST] populate ok in 6ms
[    291ms] [harness] until SATISFIED: saw 1x <<[PERSIST] populate ok>>
[    291ms] [harness] === BOOT-1-POPULATED ===
[    375ms] [console.log] [PERSIST] runtime initialized, starting the game
[    376ms] [console.log] [CAMERA] stock camera (factor 1)
[    376ms] [console.log] [BOOT] main() HELD by ?autostart=0, waiting for AA_START()
[   1296ms] [harness] eval (()=>{const S={};S.rd=(p)=>{try{return Module.FS.readFile(p,{encoding:'utf8'})}catch(e){return null}};S.line=(t,k)=>{if(t===null)return null;const m=t.split('\n').find(l=>{const s=l.trim();return s.indexOf(k)===0&&/\s/.test(s.charAt(k.length))});return m?m.trim().slice(k.length).trim().replace(/\s+/g,' '):null};S.keys=(t)=>t===null?[]:t.split('\n').filter(l=>l.trim().indexOf('KEYBOARD')===0).map(l=>l.trim().replace(/\s+/g,' '));S.binds=(K,a)=>K.filter(l=>l.indexOf(' PLAYER_BIND '+a+' 1')>0).map(l=>l.split(' ')[1]);S.dump=(phase)=>{const c=S.rd('/persist/var/user.cfg');const cv=document.getElementById('canvas');const K=S.keys(c);console.log('[MILE] '+JSON.stringify({phase:phase,canvas_w:cv.width,canvas_h:cv.height,present:c!==null,bytes:c===null?null:c.length,first_use:S.line(c,'FIRST_USE'),fullscreen:S.line(c,'FULLSCREEN'),screenmode:S.line(c,'ARMAGETRON_SCREENMODE'),screenmode_w:S.line(c,'ARMAGETRON_SCREENMODE_W'),screenmode_h:S.line(c,'ARMAGETRON_SCREENMODE_H'),windowsize_w:S.line(c,'ARMAGETRON_WINDOWSIZE_W'),windowsize_h:S.line(c,'ARMAGETRON_WINDOWSIZE_H'),n_keyboard:K.length,left_binds:S.binds(K,'CYCLE_TURN_LEFT'),right_binds:S.binds(K,'CYCLE_TURN_RIGHT'),tip_left:S.line(c,'CYCLE_TURN_LEFT_TOOLTIP'),tip_right:S.line(c,'CYCLE_TURN_RIGHT_TOOLTIP')}));return phase};window.__mile=S;return 'probe installed'})() => probe installed
[   1299ms] [console.log] [MILE] {"phase":"boot1-before-play","canvas_w":1024,"canvas_h":768,"present":false,"bytes":null,"first_use":null,"fullscreen":null,"screenmode":null,"screenmode_w":null,"screenmode_h":null,"windowsize_w":null,"windowsize_h":null,"n_keyboard":0,"left_binds":[],"right_binds":[],"tip_left":null,"tip_right":null}
[   1299ms] [harness] eval window.__mile.dump('boot1-before-play') => boot1-before-play
[   1304ms] [console.log] [BOOT] autostart: calling main
[   1305ms] [console.error] Error: Error in tString GeneratePrefix() in src/tools/tDirectories.cpp:1380 : 
[   1305ms] [console.error]  	Relocation error. The binary was supposed to be installed into /usr/local/bin and found itself in . and could not find out what this means for the prefix /usr/local.
[   1305ms] [console.error] 
[   1306ms] [console.log] Warning in void FindConfigurationPath() in src/tools/tDirectories.cpp:1465 : 
[   1306ms] [console.log]  	Could not determine path to configuration files. Using defaults or command line arguments.
[   1306ms] [console.log] 
[   1404ms] [console.log] [L] ENCODING latin1
[   1406ms] [console.log] Trying to start sound. Just restart Armagetron Advanced in case of crash.
[   1518ms] [console.log] [SND] device opened: 22050 Hz, 2 ch, 16-bit, 1024 frames/callback (46.4 ms per callback, SOUND_BUFFER_SHIFT 1)
[   1548ms] [console.error] WARNING: using emscripten GL immediate mode emulation. This is very limited in what it supports
[   1548ms] [console.error] TODO: glShadeModel
[   1560ms] [harness] eval window.AA_START() => undefined
[  10579ms] [harness] screenshot -> docs/evidence/phone-feedback/gates/m4-milestone-firefox/00-boot1-language-menu.png
[  10590ms] [harness] key Enter (1/1)
[  10610ms] [console.log] [PERSISTSAVE] menu-leave n=1
[  10892ms] [harness] until 1x <<[PERSISTSAVE] menu-leave>> (timeout 30000ms, have 1)
[  10893ms] [harness] until SATISFIED: saw 1x <<[PERSISTSAVE] menu-leave>>
[  13406ms] [harness] screenshot -> docs/evidence/phone-feedback/gates/m4-milestone-firefox/01-boot1-first-setup.png
[  13409ms] [harness] key Escape (1/1)
[  13440ms] [console.log] [PERSISTSAVE] menu-leave n=2
[  13710ms] [harness] until 2x <<[PERSISTSAVE] menu-leave>> (timeout 30000ms, have 2)
[  13710ms] [harness] until SATISFIED: saw 2x <<[PERSISTSAVE] menu-leave>>
[  16724ms] [harness] screenshot -> docs/evidence/phone-feedback/gates/m4-milestone-firefox/02-boot1-after-first-setup.png
[  16726ms] [console.log] [MILE] {"phase":"boot1-after-first-setup","canvas_w":1024,"canvas_h":768,"present":true,"bytes":21646,"first_use":"1","fullscreen":"1","screenmode":"0","screenmode_w":"0","screenmode_h":"0","windowsize_w":"640","windowsize_h":"480","n_keyboard":59,"left_binds":[],"right_binds":[],"tip_left":"0 2 1 1 1","tip_right":"0 3 1 1 1"}
[  16726ms] [harness] eval window.__mile.dump('boot1-after-first-setup') => boot1-after-first-setup
[  16726ms] [harness] === RELOAD-1-REQUESTED ===
[  16730ms] [console.log] [PERSISTSAVE] js-backstop n=3
[  16730ms] [console.log] [PERSISTBACKSTOP] beforeunload
[  16730ms] [harness] eval location.reload() => undefined
[  16731ms] [harness] until 2x <<[PERSIST] populate ok>> (timeout 90000ms, have 1)
[  16741ms] [console.log] [PERSISTSAVE] js-backstop n=4
[  16741ms] [console.log] [PERSISTBACKSTOP] visibilitychange-hidden
[  16757ms] [console.log] [DISPLAY] at load: viewport 1024x768 dpr 1 -> canvas 1024x768 aspect 1.3333 gpu-axis-limit 8192
[  16757ms] [console.log] [TOUCH] enabled=false (media query -> false) maxTouchPoints=0
[  16760ms] [browser.error/network] 404 File not found <- http://localhost:8000/favicon.ico
[  16772ms] [console.error] WARNING: using emscripten GL emulation. This is a collection of limited workarounds, do not expect it to work.
[  16772ms] [console.error] WARNING: using emscripten GL emulation unsafe opts. If weirdness happens, try -sGL_UNSAFE_OPTS=0
[  16773ms] [page] load event fired
[  16807ms] [console.log] [PERSIST] populate ok in 4ms
[  16827ms] [console.log] [PERSIST] runtime initialized, starting the game
[  16827ms] [console.log] [CAMERA] stock camera (factor 1)
[  16827ms] [console.log] [BOOT] main() HELD by ?autostart=0, waiting for AA_START()
[  16831ms] [harness] until SATISFIED: saw 2x <<[PERSIST] populate ok>>
[  16831ms] [harness] === BOOT-2-POPULATED ===
[  18335ms] [harness] eval (()=>{const S={};S.rd=(p)=>{try{return Module.FS.readFile(p,{encoding:'utf8'})}catch(e){return null}};S.line=(t,k)=>{if(t===null)return null;const m=t.split('\n').find(l=>{const s=l.trim();return s.indexOf(k)===0&&/\s/.test(s.charAt(k.length))});return m?m.trim().slice(k.length).trim().replace(/\s+/g,' '):null};S.keys=(t)=>t===null?[]:t.split('\n').filter(l=>l.trim().indexOf('KEYBOARD')===0).map(l=>l.trim().replace(/\s+/g,' '));S.binds=(K,a)=>K.filter(l=>l.indexOf(' PLAYER_BIND '+a+' 1')>0).map(l=>l.split(' ')[1]);S.dump=(phase)=>{const c=S.rd('/persist/var/user.cfg');const cv=document.getElementById('canvas');const K=S.keys(c);console.log('[MILE] '+JSON.stringify({phase:phase,canvas_w:cv.width,canvas_h:cv.height,present:c!==null,bytes:c===null?null:c.length,first_use:S.line(c,'FIRST_USE'),fullscreen:S.line(c,'FULLSCREEN'),screenmode:S.line(c,'ARMAGETRON_SCREENMODE'),screenmode_w:S.line(c,'ARMAGETRON_SCREENMODE_W'),screenmode_h:S.line(c,'ARMAGETRON_SCREENMODE_H'),windowsize_w:S.line(c,'ARMAGETRON_WINDOWSIZE_W'),windowsize_h:S.line(c,'ARMAGETRON_WINDOWSIZE_H'),n_keyboard:K.length,left_binds:S.binds(K,'CYCLE_TURN_LEFT'),right_binds:S.binds(K,'CYCLE_TURN_RIGHT'),tip_left:S.line(c,'CYCLE_TURN_LEFT_TOOLTIP'),tip_right:S.line(c,'CYCLE_TURN_RIGHT_TOOLTIP')}));return phase};window.__mile=S;return 'probe installed'})() => probe installed
[  18337ms] [console.log] [MILE] {"phase":"boot2-before-play","canvas_w":1024,"canvas_h":768,"present":true,"bytes":22454,"first_use":"0","fullscreen":"1","screenmode":"0","screenmode_w":"0","screenmode_h":"0","windowsize_w":"640","windowsize_h":"480","n_keyboard":79,"left_binds":["1104","117"],"right_binds":["1103","111"],"tip_left":"0 2 1 1 1","tip_right":"0 3 1 1 1"}
[  18338ms] [harness] eval window.__mile.dump('boot2-before-play') => boot2-before-play
[  18339ms] [console.log] [BOOT] autostart: calling main
[  18339ms] [console.error] Error: Error in tString GeneratePrefix() in src/tools/tDirectories.cpp:1380 : 
[  18339ms] [console.error]  	Relocation error. The binary was supposed to be installed into /usr/local/bin and found itself in . and could not find out what this means for the prefix /usr/local.
[  18340ms] [console.error] 
[  18340ms] [console.log] Warning in void FindConfigurationPath() in src/tools/tDirectories.cpp:1465 : 
[  18340ms] [console.log]  	Could not determine path to configuration files. Using defaults or command line arguments.
[  18340ms] [console.log] 
[  18443ms] [console.log] [L] ENCODING latin1
[  18445ms] [console.log] [SND] device opened: 22050 Hz, 2 ch, 16-bit, 1024 frames/callback (46.4 ms per callback, SOUND_BUFFER_SHIFT 1)
[  18459ms] [console.error] WARNING: using emscripten GL immediate mode emulation. This is very limited in what it supports
[  18462ms] [console.error] TODO: glShadeModel
[  18474ms] [harness] eval window.AA_START() => undefined
[  28492ms] [harness] screenshot -> docs/evidence/phone-feedback/gates/m4-milestone-firefox/03-boot2-main-menu.png
[  28496ms] [console.log] [MILE] {"phase":"boot2-after-boot","canvas_w":1024,"canvas_h":768,"present":true,"bytes":22454,"first_use":"0","fullscreen":"1","screenmode":"0","screenmode_w":"0","screenmode_h":"0","windowsize_w":"640","windowsize_h":"480","n_keyboard":79,"left_binds":["1104","117"],"right_binds":["1103","111"],"tip_left":"0 2 1 1 1","tip_right":"0 3 1 1 1"}
[  28497ms] [harness] eval window.__mile.dump('boot2-after-boot') => boot2-after-boot
[  28500ms] [harness] key Down (1/2)
[  28805ms] [harness] key Down (2/2)
[  30019ms] [harness] screenshot -> docs/evidence/phone-feedback/gates/m4-milestone-firefox/04-boot2-cursor-on-system-setup.png
[  30023ms] [harness] key Enter (1/1)
[  32136ms] [harness] screenshot -> docs/evidence/phone-feedback/gates/m4-milestone-firefox/05-boot2-system-setup.png
[  32139ms] [harness] key Enter (1/1)
[  34253ms] [harness] screenshot -> docs/evidence/phone-feedback/gates/m4-milestone-firefox/06-boot2-display-settings.png
[  34257ms] [harness] key Enter (1/1)
[  37074ms] [harness] screenshot -> docs/evidence/phone-feedback/gates/m4-milestone-firefox/07-boot2-screen-mode.png
[  37076ms] [harness] key Down (1/1)
[  38593ms] [harness] screenshot -> docs/evidence/phone-feedback/gates/m4-milestone-firefox/08-boot2-cursor-on-screen-resolution.png
[  38593ms] [harness] === THE-PLAYER-PICKS-320x200 ===
[  38595ms] [harness] key Left (1/20)
[  38899ms] [harness] key Left (2/20)
[  39201ms] [harness] key Left (3/20)
[  39506ms] [harness] key Left (4/20)
[  39808ms] [harness] key Left (5/20)
[  40111ms] [harness] key Left (6/20)
[  40414ms] [harness] key Left (7/20)
[  40717ms] [harness] key Left (8/20)
[  41020ms] [harness] key Left (9/20)
[  41323ms] [harness] key Left (10/20)
[  41626ms] [harness] key Left (11/20)
[  41929ms] [harness] key Left (12/20)
[  42232ms] [harness] key Left (13/20)
[  42535ms] [harness] key Left (14/20)
[  42840ms] [harness] key Left (15/20)
[  43144ms] [harness] key Left (16/20)
[  43447ms] [harness] key Left (17/20)
[  43751ms] [harness] key Left (18/20)
[  44056ms] [harness] key Left (19/20)
[  44360ms] [harness] key Left (20/20)
[  46178ms] [harness] screenshot -> docs/evidence/phone-feedback/gates/m4-milestone-firefox/09-boot2-resolution-now-320x200.png
[  46181ms] [console.log] [MILE] {"phase":"boot2-chosen-menu-still-open","canvas_w":1024,"canvas_h":768,"present":true,"bytes":22454,"first_use":"0","fullscreen":"1","screenmode":"0","screenmode_w":"0","screenmode_h":"0","windowsize_w":"640","windowsize_h":"480","n_keyboard":79,"left_binds":["1104","117"],"right_binds":["1103","111"],"tip_left":"0 2 1 1 1","tip_right":"0 3 1 1 1"}
[  46182ms] [harness] eval window.__mile.dump('boot2-chosen-menu-still-open') => boot2-chosen-menu-still-open
[  46182ms] [harness] === ESCAPE-LEAVES-SCREEN-MODE ===
[  46184ms] [harness] key Escape (1/1)
[  46212ms] [console.log] [PERSISTSAVE] menu-leave n=1
[  46486ms] [harness] until 3x <<[PERSISTSAVE] menu-leave>> (timeout 30000ms, have 3)
[  46486ms] [harness] until SATISFIED: saw 3x <<[PERSISTSAVE] menu-leave>>
[  48003ms] [harness] screenshot -> docs/evidence/phone-feedback/gates/m4-milestone-firefox/10-boot2-back-in-display-settings.png
[  48006ms] [console.log] [MILE] {"phase":"boot2-after-menu-leave","canvas_w":1024,"canvas_h":768,"present":true,"bytes":22459,"first_use":"0","fullscreen":"1","screenmode":"14","screenmode_w":"320","screenmode_h":"200","windowsize_w":"640","windowsize_h":"480","n_keyboard":79,"left_binds":["1104","117"],"right_binds":["1103","111"],"tip_left":"0 2 1 1 1","tip_right":"0 3 1 1 1"}
[  48006ms] [harness] eval window.__mile.dump('boot2-after-menu-leave') => boot2-after-menu-leave
[  48008ms] [harness] key Escape (1/1)
[  48027ms] [console.log] [PERSISTSAVE] menu-leave n=2
[  48309ms] [harness] until 4x <<[PERSISTSAVE] menu-leave>> (timeout 30000ms, have 4)
[  48310ms] [harness] until SATISFIED: saw 4x <<[PERSISTSAVE] menu-leave>>
[  49516ms] [harness] key Escape (1/1)
[  49546ms] [console.log] [PERSISTSAVE] menu-leave n=3
[  49818ms] [harness] until 5x <<[PERSISTSAVE] menu-leave>> (timeout 30000ms, have 5)
[  49818ms] [harness] until SATISFIED: saw 5x <<[PERSISTSAVE] menu-leave>>
[  51336ms] [harness] screenshot -> docs/evidence/phone-feedback/gates/m4-milestone-firefox/11-boot2-back-at-main-menu.png
[  51339ms] [harness] key Up (1/2)
[  51644ms] [harness] key Up (2/2)
[  52849ms] [harness] key Enter (1/1)
[  55172ms] [harness] screenshot -> docs/evidence/phone-feedback/gates/m4-milestone-firefox/12-boot2-play-game-submenu.png
[  55175ms] [harness] key Down (1/1)
[  56700ms] [harness] screenshot -> docs/evidence/phone-feedback/gates/m4-milestone-firefox/13-boot2-cursor-on-start-new-game.png
[  56700ms] [harness] === START-NEW-GAME ===
[  56703ms] [harness] key Enter (1/1)
[  56706ms] [console.log] [L] PLAYER_ENTERED web_user  web_user
[  56706ms] [console.log] [L] TEAM_CREATED web_user
[  56707ms] [console.log] [L] TEAM_PLAYER_ADDED web_user web_user
[  56708ms] [console.log] [WAV] loaded /data/sound/expl.wav: 11937 bytes, 8-bit mono @ 11025 Hz (fopen misses so far: 1)
[  56710ms] [console.log] [L] ROUND_SCORE_TEAM 0 web_user
[  56712ms] [console.log] [L] NEW_ROUND 2026-09-03 13:44:07 UTC+0200
[  56716ms] [console.log] [L] TEAM_CREATED ai_team
[  56716ms] [console.log] [L] TEAM_PLAYER_ADDED ai_team word
[  56717ms] [console.log] [L] TEAM_PLAYER_ADDED ai_team excel
[  56717ms] [console.log] [L] TEAM_PLAYER_ADDED ai_team notepad
[  56718ms] [console.log] [WAV] loaded /data/sound/cyclrun.wav: 40403 bytes, 8-bit mono @ 22050 Hz (fopen misses so far: 2)
[  56732ms] [console.log] [WAV] loaded /data/sound/expl.wav: 11937 bytes, 8-bit mono @ 11025 Hz (fopen misses so far: 2)
[  56732ms] [console.log] [WAV] retiring a voice on moviesounds/intro.wav: loaded but zero samples
[  56733ms] [console.log] [SND] live voices peaked at 9 (SOUND_SOURCES 10, loudness_thresh 0.0000)
[  60005ms] [harness] until 1x <<[L] NEW_ROUND>> (timeout 90000ms, have 1)
[  60005ms] [harness] until SATISFIED: saw 1x <<[L] NEW_ROUND>>
[  60006ms] [harness] === ROUND-1-STARTED ===
[  61238ms] [harness] screenshot -> docs/evidence/phone-feedback/gates/m4-milestone-firefox/14-boot2-round1-driving.png
[  61238ms] [harness] === ROUND-1-STEERING ===
[  61243ms] [harness] key Left (1/2)
[  61257ms] [console.log] [WAV] loaded /data/sound/expl.wav: 11937 bytes, 8-bit mono @ 11025 Hz (fopen misses so far: 3)
[  61546ms] [harness] key Left (2/2)
[  61849ms] [harness] key Right (1/3)
[  62152ms] [harness] key Right (2/3)
[  62456ms] [harness] key Right (3/3)
[  63982ms] [harness] screenshot -> docs/evidence/phone-feedback/gates/m4-milestone-firefox/15-boot2-round1-after-steering.png
[  63983ms] [harness] until 2x <<[L] NEW_ROUND>> (timeout 120000ms, have 1)
[  65910ms] [console.log] [L] DEATH_SUICIDE web_user
[  65911ms] [console.log] [WAV] loaded /data/sound/expl.wav: 11937 bytes, 8-bit mono @ 11025 Hz (fopen misses so far: 4)
[  67843ms] [console.log] [L] ROUND_WINNER ai_team notepad excel word
[  71799ms] [console.log] [L] DEATH_SUICIDE word
[  73914ms] [console.log] [L] ROUND_SCORE -4 web_user web_user
[  73914ms] [console.log] [L] ROUND_SCORE_TEAM -4 web_user
[  73914ms] [console.log] [L] NEW_ROUND 2026-09-03 13:44:25 UTC+0200
[  73918ms] [console.log] [L] TEAM_PLAYER_REMOVED ai_team notepad
[  73918ms] [console.log] [L] TEAM_PLAYER_ADDED ai_team outlook
[  73991ms] [harness] until SATISFIED: saw 2x <<[L] NEW_ROUND>>
[  73992ms] [harness] === ROUND-2-STARTED ===
[  75193ms] [harness] === ROUND-2-STEERING ===
[  75200ms] [harness] key Left (1/2)
[  75503ms] [harness] key Left (2/2)
[  75807ms] [harness] key Right (1/3)
[  76110ms] [harness] key Right (2/3)
[  76416ms] [harness] key Right (3/3)
[  77943ms] [harness] screenshot -> docs/evidence/phone-feedback/gates/m4-milestone-firefox/16-boot2-round2-after-steering.png
[  77943ms] [harness] until 3x <<[L] NEW_ROUND>> (timeout 120000ms, have 2)
[  80434ms] [console.log] [L] DEATH_FRAG web_user outlook
[  81986ms] [console.log] [L] ROUND_WINNER ai_team outlook excel word
[  86037ms] [console.log] [L] ROUND_SCORE -2 web_user web_user
[  86037ms] [console.log] [L] ROUND_SCORE_TEAM -2 web_user
[  86038ms] [console.log] [L] NEW_ROUND 2026-09-03 13:44:37 UTC+0200
[  86123ms] [harness] until SATISFIED: saw 3x <<[L] NEW_ROUND>>
[  86123ms] [harness] === ROUND-3-STARTED ===
[  87325ms] [harness] === ROUND-3-STEERING ===
[  87327ms] [harness] key Left (1/2)
[  87629ms] [harness] key Left (2/2)
[  87933ms] [harness] key Right (1/3)
[  88242ms] [harness] key Right (2/3)
[  88544ms] [harness] key Right (3/3)
[  90371ms] [harness] screenshot -> docs/evidence/phone-feedback/gates/m4-milestone-firefox/17-boot2-round3-after-steering.png
[  90371ms] [harness] === INGAME-MENU-OPENED ===
[  90378ms] [harness] key Escape (1/1)
[  93204ms] [harness] screenshot -> docs/evidence/phone-feedback/gates/m4-milestone-firefox/18-boot2-ingame-menu.png
[  93206ms] [harness] key Escape (1/1)
[  93230ms] [console.log] [PERSISTSAVE] menu-leave n=4
[  93507ms] [harness] until 6x <<[PERSISTSAVE] menu-leave>> (timeout 30000ms, have 6)
[  93508ms] [harness] until SATISFIED: saw 6x <<[PERSISTSAVE] menu-leave>>
[  93508ms] [harness] === INGAME-MENU-LEFT ===
[  95015ms] [console.log] [MILE] {"phase":"boot2-after-steering","canvas_w":1024,"canvas_h":768,"present":true,"bytes":22464,"first_use":"0","fullscreen":"1","screenmode":"14","screenmode_w":"320","screenmode_h":"200","windowsize_w":"640","windowsize_h":"480","n_keyboard":79,"left_binds":["1104","117"],"right_binds":["1103","111"],"tip_left":"0 0 1 1 1","tip_right":"0 0 1 1 1"}
[  95015ms] [harness] eval window.__mile.dump('boot2-after-steering') => boot2-after-steering
[  95016ms] [harness] === RELOAD-2-REQUESTED ===
[  95022ms] [console.log] [PERSISTSAVE] js-backstop n=5
[  95023ms] [console.log] [PERSISTBACKSTOP] beforeunload
[  95023ms] [harness] eval location.reload() => undefined
[  95023ms] [harness] until 3x <<[PERSIST] populate ok>> (timeout 90000ms, have 2)
[  95038ms] [console.log] [PERSISTSAVE] js-backstop n=6
[  95038ms] [console.log] [PERSISTBACKSTOP] visibilitychange-hidden
[  95053ms] [console.log] [DISPLAY] at load: viewport 1024x768 dpr 1 -> canvas 1024x768 aspect 1.3333 gpu-axis-limit 8192
[  95054ms] [console.log] [TOUCH] enabled=false (media query -> false) maxTouchPoints=0
[  95056ms] [browser.error/network] 404 File not found <- http://localhost:8000/favicon.ico
[  95068ms] [console.error] WARNING: using emscripten GL emulation. This is a collection of limited workarounds, do not expect it to work.
[  95068ms] [console.error] WARNING: using emscripten GL emulation unsafe opts. If weirdness happens, try -sGL_UNSAFE_OPTS=0
[  95068ms] [page] load event fired
[  95100ms] [console.log] [PERSIST] populate ok in 3ms
[  95120ms] [console.log] [PERSIST] runtime initialized, starting the game
[  95121ms] [console.log] [CAMERA] stock camera (factor 1)
[  95121ms] [console.log] [BOOT] main() HELD by ?autostart=0, waiting for AA_START()
[  95124ms] [harness] until SATISFIED: saw 3x <<[PERSIST] populate ok>>
[  95124ms] [harness] === BOOT-3-POPULATED ===
[  96632ms] [harness] eval (()=>{const S={};S.rd=(p)=>{try{return Module.FS.readFile(p,{encoding:'utf8'})}catch(e){return null}};S.line=(t,k)=>{if(t===null)return null;const m=t.split('\n').find(l=>{const s=l.trim();return s.indexOf(k)===0&&/\s/.test(s.charAt(k.length))});return m?m.trim().slice(k.length).trim().replace(/\s+/g,' '):null};S.keys=(t)=>t===null?[]:t.split('\n').filter(l=>l.trim().indexOf('KEYBOARD')===0).map(l=>l.trim().replace(/\s+/g,' '));S.binds=(K,a)=>K.filter(l=>l.indexOf(' PLAYER_BIND '+a+' 1')>0).map(l=>l.split(' ')[1]);S.dump=(phase)=>{const c=S.rd('/persist/var/user.cfg');const cv=document.getElementById('canvas');const K=S.keys(c);console.log('[MILE] '+JSON.stringify({phase:phase,canvas_w:cv.width,canvas_h:cv.height,present:c!==null,bytes:c===null?null:c.length,first_use:S.line(c,'FIRST_USE'),fullscreen:S.line(c,'FULLSCREEN'),screenmode:S.line(c,'ARMAGETRON_SCREENMODE'),screenmode_w:S.line(c,'ARMAGETRON_SCREENMODE_W'),screenmode_h:S.line(c,'ARMAGETRON_SCREENMODE_H'),windowsize_w:S.line(c,'ARMAGETRON_WINDOWSIZE_W'),windowsize_h:S.line(c,'ARMAGETRON_WINDOWSIZE_H'),n_keyboard:K.length,left_binds:S.binds(K,'CYCLE_TURN_LEFT'),right_binds:S.binds(K,'CYCLE_TURN_RIGHT'),tip_left:S.line(c,'CYCLE_TURN_LEFT_TOOLTIP'),tip_right:S.line(c,'CYCLE_TURN_RIGHT_TOOLTIP')}));return phase};window.__mile=S;return 'probe installed'})() => probe installed
[  96637ms] [console.log] [MILE] {"phase":"boot3-before-play","canvas_w":1024,"canvas_h":768,"present":true,"bytes":22464,"first_use":"0","fullscreen":"1","screenmode":"14","screenmode_w":"320","screenmode_h":"200","windowsize_w":"640","windowsize_h":"480","n_keyboard":79,"left_binds":["1104","117"],"right_binds":["1103","111"],"tip_left":"0 0 1 1 1","tip_right":"0 0 1 1 1"}
[  96637ms] [harness] eval window.__mile.dump('boot3-before-play') => boot3-before-play
[  96663ms] [harness] screenshot -> docs/evidence/phone-feedback/gates/m4-milestone-firefox/19-boot3-before-play.png
[  96666ms] [console.log] [BOOT] autostart: calling main
[  96666ms] [console.error] Error: Error in tString GeneratePrefix() in src/tools/tDirectories.cpp:1380 : 
[  96667ms] [console.error]  	Relocation error. The binary was supposed to be installed into /usr/local/bin and found itself in . and could not find out what this means for the prefix /usr/local.
[  96667ms] [console.error] 
[  96667ms] [console.log] Warning in void FindConfigurationPath() in src/tools/tDirectories.cpp:1465 : 
[  96667ms] [console.log]  	Could not determine path to configuration files. Using defaults or command line arguments.
[  96667ms] [console.log] 
[  96773ms] [console.log] [L] ENCODING latin1
[  96774ms] [console.log] [SND] device opened: 22050 Hz, 2 ch, 16-bit, 1024 frames/callback (46.4 ms per callback, SOUND_BUFFER_SHIFT 1)
[  96788ms] [console.error] WARNING: using emscripten GL immediate mode emulation. This is very limited in what it supports
[  96790ms] [console.error] TODO: glShadeModel
[  96802ms] [harness] eval window.AA_START() => undefined
[ 106807ms] [console.log] [MILE] {"phase":"boot3-after-boot","canvas_w":320,"canvas_h":200,"present":true,"bytes":22469,"first_use":"0","fullscreen":"1","screenmode":"14","screenmode_w":"320","screenmode_h":"200","windowsize_w":"640","windowsize_h":"480","n_keyboard":79,"left_binds":["1104","117"],"right_binds":["1103","111"],"tip_left":"0 0 1 1 1","tip_right":"0 0 1 1 1"}
[ 106807ms] [harness] eval window.__mile.dump('boot3-after-boot') => boot3-after-boot
[ 106832ms] [harness] screenshot -> docs/evidence/phone-feedback/gates/m4-milestone-firefox/20-boot3-main-menu-at-320x200.png
[ 106836ms] [harness] key Enter (1/1)
[ 109161ms] [harness] screenshot -> docs/evidence/phone-feedback/gates/m4-milestone-firefox/21-boot3-play-game-submenu.png
[ 109161ms] [harness] === ESCAPE-LEAVES-PLAY-GAME-SUBMENU ===
[ 109163ms] [harness] key Escape (1/1)
[ 109192ms] [console.log] [PERSISTSAVE] menu-leave n=1
[ 109464ms] [harness] until 7x <<[PERSISTSAVE] menu-leave>> (timeout 30000ms, have 7)
[ 109465ms] [harness] until SATISFIED: saw 7x <<[PERSISTSAVE] menu-leave>>
[ 109465ms] [harness] === BOOT-3-SAVED-FROM-MEMORY ===
[ 110969ms] [console.log] [MILE] {"phase":"boot3-after-save","canvas_w":320,"canvas_h":200,"present":true,"bytes":22469,"first_use":"0","fullscreen":"1","screenmode":"14","screenmode_w":"320","screenmode_h":"200","windowsize_w":"640","windowsize_h":"480","n_keyboard":79,"left_binds":["1104","117"],"right_binds":["1103","111"],"tip_left":"0 0 1 1 1","tip_right":"0 0 1 1 1"}
[ 110969ms] [harness] eval window.__mile.dump('boot3-after-save') => boot3-after-save
[ 110983ms] [harness] screenshot -> docs/evidence/phone-feedback/gates/m4-milestone-firefox/22-boot3-final.png
[ 110983ms] [harness] === positive-control-deliberate-uncaught-error-follows ===
[ 110985ms] [harness] eval setTimeout(function(){null.thisIsADeliberateUncaughtError;},0) => 1969
[ 110985ms] [console.error] TypeError: can't access property "thisIsADeliberateUncaughtError" of null
[ 110986ms] [EXCEPTION] TypeError: can't access property "thisIsADeliberateUncaughtError" of null
    <anonymous> @ http://localhost:8000/armagetronad.html?autostart=0:0
    <anonymous> @ http://localhost:8000/armagetronad.html?autostart=0:0
[ 113015ms] [harness] screenshot -> docs/evidence/phone-feedback/gates/m4-milestone-firefox/23-after-deliberate-uncaught-error.png
