[    767ms] [harness] mobile emulation: 915x412 CSS px dpr 3 (= 2745x1236 device px), touch on
[    768ms] [harness] chrome: Chrome/152.0.7977.75
[    769ms] [harness] navigating to http://localhost:8006/armagetronad.html?autostart=0&touch=1
[     43ms] [console.log] [DISPLAY] at load: viewport 915x412 dpr 3 -> canvas 2745x1236 aspect 2.2209 gpu-axis-limit 16384
[     44ms] [console.log] [TOUCH] enabled=true (?touch=1) maxTouchPoints=5
[     45ms] [console.log] [TOUCH] context 0 (menu no, cycle no) -> TAP=ENTER
[     46ms] [console.log] [TOUCH] orientation portrait=false (sized for portrait: false, boot held: false)
[     53ms] [console.error] WARNING: using emscripten GL emulation. This is a collection of limited workarounds, do not expect it to work.
[     56ms] [console.error] WARNING: using emscripten GL emulation unsafe opts. If weirdness happens, try -sGL_UNSAFE_OPTS=0
[     57ms] [console.log] [TOUCH] orientation portrait=false (sized for portrait: false, boot held: false)
[     63ms] [page] load event fired
[     66ms] [browser.error/network] Failed to load resource: the server responded with a status of 404 (File not found)   <- http://localhost:8006/favicon.ico
[    121ms] [console.log] [PERSIST] populate ok in 37ms
[    316ms] [console.log] [PERSIST] runtime initialized, starting the game
[    317ms] [console.log] [CAMERA] camera distance x0.5 written to /data/webdefaults/autoexec.cfg before main()
[    318ms] [console.log] [BOOT] main() HELD by ?autostart=0, waiting for AA_START()
[    810ms] [harness] eval (() => {  /* One frame = one flush/finish on the WebGL context. rSysDep::SwapGL calls     exactly one of the two per swap, chosen by swapMode_: the static default     is rSwap_glFlush, but sr_LoadDefaultConfig (rScreen.cpp) sets     rSwap_glFinish and welcome() (gArmagetron.cpp) runs it under st_FirstUse     -- and every harness run is a first-use boot (drive-browser.mjs makes a     fresh profile), so the client the harness measures swaps with glFinish,     a synchronous wait for the GPU. S.swaps counts each kind so the [PERF]     line says which fired instead of assuming. Per frame we keep: the     timestamp (taken BEFORE the swap call), the time spent INSIDE the swap     call (the GPU wait), the timestamp of the frame's first draw call, the     number of drawArrays/drawElements calls, and the bytes through     bufferData/bufferSubData. Draw calls and bytes are the direct measure of     "geometry re-submitted through the emulation this frame" (mechanism 1);     the first-draw timestamp lets report.js split a frame interval into     [end of previous swap -> first draw] (event-loop yield, input,     simulation) and [first draw -> swap] (render submission), so a frame that     gets slower in the first part while its draw calls stay flat is NOT the     renderer. */  /* THIS FILE IS ONE EXPRESSION WITH BLOCK COMMENTS ONLY: run-arm.sh strips     every newline to fit it into a single eval: step of drive-browser.mjs, so     a // comment would swallow the rest of the program. */  const N = 600000;  const S = { t: new Float64Array(N), wait: new Float32Array(N), first: new Float64Array(N),              draws: new Uint32Array(N), bytes: new Float64Array(N), n: 0,              swaps: { flush: 0, finish: 0 }, marks: [], shots: [], cur: { draws: 0, bytes: 0, first: 0 } };  window.__fps = S;  /* Screenshot bracket. Page.captureScreenshot spends real time on the page     and can put a hitch INTO a measured window; the driver's own     "[harness] screenshot" line is on the driver's clock, in the driver's     transcript, where report.js cannot see it. The template therefore wraps     every shot: step in eval:__fps.shot('name','begin') and     eval:__fps.shot('name','end'), on the page's clock, and report.js drops     the frames between the two (plus a pad) from every statistic. */  S.shot = (name, edge) => { S.shots.push([performance.now(), name, edge]); return 'shot ' + edge + ' ' + name; };  const wrap = (C) => {    if (!C) return; const P = C.prototype;    for (const m of ['flush', 'finish']) { const o = P[m]; if (!o) continue;      P[m] = function () {        const i = S.n, now = performance.now();        if (i < N) { S.t[i] = now; S.draws[i] = S.cur.draws; S.bytes[i] = S.cur.bytes; S.first[i] = S.cur.first; S.n = i + 1; }        S.swaps[m]++; S.cur.draws = 0; S.cur.bytes = 0; S.cur.first = 0;        const r = o.apply(this, arguments);        if (i < N) S.wait[i] = performance.now() - now;        return r; }; }    for (const m of ['drawArrays', 'drawElements']) { const o = P[m]; if (!o) continue;      P[m] = function () { if (!S.cur.first) S.cur.first = performance.now(); S.cur.draws++; return o.apply(this, arguments); }; }    for (const m of ['bufferData', 'bufferSubData']) { const o = P[m]; if (!o) continue;      P[m] = function () { const d = (m === 'bufferData') ? arguments[1] : arguments[2];        S.cur.bytes += (d && d.byteLength) ? d.byteLength : (typeof d === 'number' ? d : 0);        return o.apply(this, arguments); }; }  };  wrap(window.WebGLRenderingContext); wrap(window.WebGL2RenderingContext);  const cl = console.log.bind(console);  console.log = function () { const s = (arguments.length && typeof arguments[0] === 'string') ? arguments[0] : '';    if (s.indexOf('[L] ') === 0) S.marks.push([performance.now(), s]); return cl.apply(null, arguments); };  return 'sampler armed: frames, swap kind and wait, first draw, draw calls, buffer bytes, shot brackets';})() => "sampler armed: frames, swap kind and wait, first draw, draw calls, buffer bytes, shot brackets"
[    812ms] [harness] eval (()=>{const p='/data/webdefaults/autoexec.cfg';const cur=Module.FS.readFile(p,{encoding:'utf8'});const add='\n# perf arm nomirror-r1\nMAX_FPS 1000\nSP_SIZE_FACTOR 6\nSP_NUM_AIS 7\nFLOOR_MIRROR_INT 0\n';Module.FS.writeFile(p,cur+add);return 'autoexec.cfg patched: '+JSON.stringify(add)})() => "autoexec.cfg patched: \"\\n# perf arm nomirror-r1\\nMAX_FPS 1000\\nSP_SIZE_FACTOR 6\\nSP_NUM_AIS 7\\nFLOOR_MIRROR_INT 0\\n\""
[    813ms] [console.log] [BOOT] autostart: calling main
[    817ms] [console.error] Error: Error in tString GeneratePrefix() in src/tools/tDirectories.cpp:1380 : 
[    817ms] [console.error]  	Relocation error. The binary was supposed to be installed into /usr/local/bin and found itself in . and could not find out what this means for the prefix /usr/local.
[    818ms] [console.error] 
[    818ms] [console.log] Warning in void FindConfigurationPath() in src/tools/tDirectories.cpp:1465 : 
[    818ms] [console.log]  	Could not determine path to configuration files. Using defaults or command line arguments.
[    819ms] [console.log] 
[    950ms] [console.log] [L] ENCODING latin1
[    957ms] [console.log] Trying to start sound. Just restart Armagetron Advanced in case of crash.
[    958ms] [console.log] [SND] device opened: 22050 Hz, 2 ch, 16-bit, 1024 frames/callback (46.4 ms per callback, SOUND_BUFFER_SHIFT 1)
[    979ms] [console.error] WARNING: using emscripten GL immediate mode emulation. This is very limited in what it supports
[    982ms] [console.error] TODO: glShadeModel
[    985ms] [browser.warning/rendering] Canvas2D: Multiple readback operations using getImageData are faster with the willReadFrequently attribute set to true. See: https://html.spec.whatwg.org/multipage/canvas.html#concept-canvas-will-read-frequently   <- http://localhost:8006/armagetronad.js
[   1023ms] [harness] eval window.AA_START() => undefined
[   1024ms] [harness] until 1x <<[BOOT] autostart>> (timeout 90000ms, have 1)
[   1024ms] [harness] until SATISFIED: saw 1x <<[BOOT] autostart>>
[   1025ms] [browser.warning/other] The AudioContext was not allowed to start. It must be resumed (or created) after a user gesture on the page. https://developer.chrome.com/blog/autoplay/#web_audio   <- http://localhost:8006/armagetronad.js
[   1025ms] [browser.warning/other] The AudioContext was not allowed to start. It must be resumed (or created) after a user gesture on the page. https://developer.chrome.com/blog/autoplay/#web_audio   <- http://localhost:8006/armagetronad.js
[   1025ms] [browser.warning/other] The AudioContext was not allowed to start. It must be resumed (or created) after a user gesture on the page. https://developer.chrome.com/blog/autoplay/#web_audio   <- http://localhost:8006/armagetronad.js
[   1026ms] [browser.warning/other] The AudioContext was not allowed to start. It must be resumed (or created) after a user gesture on the page. https://developer.chrome.com/blog/autoplay/#web_audio   <- http://localhost:8006/armagetronad.js
[   1026ms] [browser.warning/other] The AudioContext was not allowed to start. It must be resumed (or created) after a user gesture on the page. https://developer.chrome.com/blog/autoplay/#web_audio   <- http://localhost:8006/armagetronad.js
[   1048ms] [console.log] [TOUCH] context 1 (menu yes, cycle no) -> TAP=ENTER
[  10035ms] [browser.warning/other] The AudioContext was not allowed to start. It must be resumed (or created) after a user gesture on the page. https://developer.chrome.com/blog/autoplay/#web_audio   <- http://localhost:8006/armagetronad.js
[  10102ms] [harness] tap #tapzone at 458,206 (1/1)
[  10113ms] [console.log] [PERSISTSAVE] menu-leave n=1
[  13479ms] [harness] tap #tapzone at 458,206 (1/1)
[  13486ms] [console.log] [PERSISTSAVE] menu-leave n=2
[  13545ms] [console.log] [TOUCH] context 0 (menu no, cycle no) -> TAP=ENTER
[  17355ms] [console.log] [L] PLAYER_ENTERED web_user  web_user
[  17358ms] [console.log] [L] TEAM_CREATED web_user
[  17359ms] [console.log] [L] TEAM_PLAYER_ADDED web_user web_user
[  17361ms] [console.log] [WAV] loaded /data/sound/expl.wav: 11937 bytes, 8-bit mono @ 11025 Hz (fopen misses so far: 1)
[  17364ms] [console.log] [L] ROUND_SCORE_TEAM 0 web_user
[  17365ms] [console.log] [L] NEW_ROUND 2026-09-03 23:07:23 UTC+0200
[  17388ms] [console.log] [L] TEAM_CREATED ai_team
[  17388ms] [console.log] [L] TEAM_PLAYER_ADDED ai_team word
[  17388ms] [console.log] [L] TEAM_PLAYER_ADDED ai_team excel
[  17389ms] [console.log] [L] TEAM_PLAYER_ADDED ai_team notepad
[  17389ms] [console.log] [L] TEAM_PLAYER_ADDED ai_team gcc
[  17390ms] [console.log] [WAV] loaded /data/sound/cyclrun.wav: 40403 bytes, 8-bit mono @ 22050 Hz (fopen misses so far: 2)
[  17413ms] [harness] tap #tapzone at 458,206 (1/1)
[  17414ms] [console.log] [TOUCH] context 2 (menu no, cycle alive) -> STEERING
[  17419ms] [console.log] [WAV] loaded /data/sound/expl.wav: 11937 bytes, 8-bit mono @ 11025 Hz (fopen misses so far: 2)
[  17420ms] [console.log] [WAV] retiring a voice on moviesounds/intro.wav: loaded but zero samples
[  17420ms] [console.log] [SND] live voices peaked at 11 (SOUND_SOURCES 10, loudness_thresh 0.0000)
[  17670ms] [browser.error/network] Failed to load resource: the server responded with a status of 404 (File not found)   <- http://localhost:8006/favicon.ico
[  19717ms] [harness] until 1x <<[L] NEW_ROUND>> (timeout 120000ms, have 1)
[  19717ms] [harness] until SATISFIED: saw 1x <<[L] NEW_ROUND>>
[  19717ms] [harness] === ROUND-1-SETUP-NOT-MEASURED ===
[  22727ms] [console.log] [WAV] loaded /data/sound/expl.wav: 11937 bytes, 8-bit mono @ 11025 Hz (fopen misses so far: 3)
[  22754ms] [harness] key Right (1/1)
[  23091ms] [harness] key Left (1/1)
[  24895ms] [harness] eval __fps.shot('r1-after-tutorial-keys','begin') => "shot begin r1-after-tutorial-keys"
[  25049ms] [harness] screenshot -> docs/evidence/m6-lag/task4-levers/nomirror-r1/r1-after-tutorial-keys.png
[  25050ms] [harness] eval __fps.shot('r1-after-tutorial-keys','end') => "shot end r1-after-tutorial-keys"
[  25051ms] [harness] CPU throttling rate 6x
[  25051ms] [harness] === THROTTLE-ON ===
[  25051ms] [harness] until 2x <<[L] NEW_ROUND>> (timeout 260000ms, have 1)
[  63481ms] [console.log] [L] DEATH_FRAG web_user gcc
[  63489ms] [console.log] [WAV] loaded /data/sound/expl.wav: 11937 bytes, 8-bit mono @ 11025 Hz (fopen misses so far: 4)
[  63557ms] [console.log] [TOUCH] context 0 (menu no, cycle no) -> TAP=ENTER
[  64817ms] [console.log] [L] ROUND_WINNER ai_team gcc notepad excel word
[  68881ms] [console.log] [L] ROUND_SCORE -2 web_user web_user
[  68882ms] [console.log] [L] ROUND_SCORE_TEAM -2 web_user
[  68884ms] [console.log] [L] NEW_ROUND 2026-09-03 23:08:15 UTC+0200
[  68884ms] [harness] until SATISFIED: saw 2x <<[L] NEW_ROUND>>
[  68884ms] [harness] === ROUND-2-MEASURED ===
[  68901ms] [console.log] [L] TEAM_PLAYER_ADDED ai_team outlook
[  68902ms] [console.log] [L] TEAM_PLAYER_ADDED ai_team latex
[  68905ms] [console.log] [L] TEAM_PLAYER_ADDED ai_team gdb
[  68926ms] [console.log] [SND] live voices peaked at 16 (SOUND_SOURCES 10, loudness_thresh 0.0110)
[  68926ms] [console.log] [SND] voice limiter STARTED cutting: 16 live voices, SOUND_SOURCES 10, loudness_thresh 0.0110
[  69052ms] [console.log] [TOUCH] context 2 (menu no, cycle alive) -> STEERING
[  69359ms] [console.log] [SND] voice limiter stopped cutting: 4 live voices, SOUND_SOURCES 10, loudness_thresh 0.0000
[  69401ms] [console.log] [SND] voice limiter STARTED cutting: 15 live voices, SOUND_SOURCES 10, loudness_thresh 0.0110
[  69873ms] [console.log] [SND] voice limiter stopped cutting: 4 live voices, SOUND_SOURCES 10, loudness_thresh 0.0000
[  69913ms] [console.log] [SND] voice limiter STARTED cutting: 15 live voices, SOUND_SOURCES 10, loudness_thresh 0.0110
[  70381ms] [console.log] [SND] voice limiter stopped cutting: 4 live voices, SOUND_SOURCES 10, loudness_thresh 0.0000
[  70423ms] [console.log] [SND] voice limiter STARTED cutting: 14 live voices, SOUND_SOURCES 10, loudness_thresh 0.0010
[  70485ms] [console.log] [SND] voice limiter stopped cutting: 5 live voices, SOUND_SOURCES 10, loudness_thresh 0.0000
[  70526ms] [console.log] [SND] voice limiter STARTED cutting: 14 live voices, SOUND_SOURCES 10, loudness_thresh 0.0010
[  70569ms] [console.log] [SND] voice limiter stopped cutting: 5 live voices, SOUND_SOURCES 10, loudness_thresh 0.0000
[  70611ms] [console.log] [SND] voice limiter STARTED cutting: 14 live voices, SOUND_SOURCES 10, loudness_thresh 0.0010
[  70649ms] [console.log] [SND] voice limiter stopped cutting: 5 live voices, SOUND_SOURCES 10, loudness_thresh 0.0000
[  74892ms] [harness] eval __fps.shot('r2-06s','begin') => "shot begin r2-06s"
[  75060ms] [harness] screenshot -> docs/evidence/m6-lag/task4-levers/nomirror-r1/r2-06s.png
[  75062ms] [harness] eval __fps.shot('r2-06s','end') => "shot end r2-06s"
[  99084ms] [harness] eval __fps.shot('r2-30s','begin') => "shot begin r2-30s"
[  99254ms] [harness] screenshot -> docs/evidence/m6-lag/task4-levers/nomirror-r1/r2-30s.png
[  99272ms] [harness] eval __fps.shot('r2-30s','end') => "shot end r2-30s"
[ 114342ms] [console.log] [SND] voice limiter STARTED cutting: 12 live voices, SOUND_SOURCES 10, loudness_thresh 0.0010
[ 115989ms] [console.log] [SND] voice limiter stopped cutting: 8 live voices, SOUND_SOURCES 10, loudness_thresh 0.0000
[ 119307ms] [harness] eval __fps.shot('r2-50s','begin') => "shot begin r2-50s"
[ 119511ms] [harness] screenshot -> docs/evidence/m6-lag/task4-levers/nomirror-r1/r2-50s.png
[ 119523ms] [harness] eval __fps.shot('r2-50s','end') => "shot end r2-50s"
[ 119523ms] [harness] until 3x <<[L] NEW_ROUND>> (timeout 260000ms, have 2)
[ 127995ms] [console.log] [L] DEATH_FRAG web_user notepad
[ 128073ms] [console.log] [TOUCH] context 0 (menu no, cycle no) -> TAP=ENTER
[ 129717ms] [console.log] [L] ROUND_WINNER ai_team gdb latex outlook gcc notepad excel word
[ 133805ms] [console.log] [L] ROUND_SCORE -2 web_user web_user
[ 133807ms] [console.log] [L] ROUND_SCORE_TEAM -2 web_user
[ 133809ms] [console.log] [L] NEW_ROUND 2026-09-03 23:09:20 UTC+0200
[ 133838ms] [harness] until SATISFIED: saw 3x <<[L] NEW_ROUND>>
[ 133838ms] [harness] === ROUND-3-MEASURED ===
[ 133839ms] [console.log] [TOUCH] context 2 (menu no, cycle alive) -> STEERING
[ 133845ms] [console.log] [SND] voice limiter STARTED cutting: 16 live voices, SOUND_SOURCES 10, loudness_thresh 0.0110
[ 134278ms] [console.log] [SND] voice limiter stopped cutting: 4 live voices, SOUND_SOURCES 10, loudness_thresh 0.0000
[ 139847ms] [harness] eval __fps.shot('r3-06s','begin') => "shot begin r3-06s"
[ 139989ms] [harness] screenshot -> docs/evidence/m6-lag/task4-levers/nomirror-r1/r3-06s.png
[ 140008ms] [harness] eval __fps.shot('r3-06s','end') => "shot end r3-06s"
[ 164026ms] [harness] eval __fps.shot('r3-30s','begin') => "shot begin r3-30s"
[ 164191ms] [harness] screenshot -> docs/evidence/m6-lag/task4-levers/nomirror-r1/r3-30s.png
[ 164201ms] [harness] eval __fps.shot('r3-30s','end') => "shot end r3-30s"
[ 184228ms] [harness] eval __fps.shot('r3-50s','begin') => "shot begin r3-50s"
[ 184423ms] [harness] screenshot -> docs/evidence/m6-lag/task4-levers/nomirror-r1/r3-50s.png
[ 184428ms] [harness] eval __fps.shot('r3-50s','end') => "shot end r3-50s"
[ 184429ms] [harness] until 3x <<[L] ROUND_WINNER>> (timeout 260000ms, have 2)
[ 192910ms] [console.log] [L] DEATH_FRAG web_user notepad
[ 193050ms] [console.log] [TOUCH] context 0 (menu no, cycle no) -> TAP=ENTER
[ 194482ms] [console.log] [L] ROUND_WINNER ai_team gdb latex outlook gcc notepad excel word
[ 194500ms] [harness] until SATISFIED: saw 3x <<[L] ROUND_WINNER>>
[ 194501ms] [harness] === MATCH-OVER ===
[ 195656ms] [harness] eval (() => {  /* ONE EXPRESSION, BLOCK COMMENTS ONLY: run-arm.sh strips newlines to make     this a single eval: step (see sampler.js). nomirror-r1 and 6 are     substituted by run-arm.sh. The object this prints after "[PERF] <arm> " is     the schema Tasks 2-4 read; web/tools/perf/README.md documents it. */  const S = window.__fps, n = S.n;  const PAD_BEFORE = 100, PAD_AFTER = 250;  const marks = (p) => S.marks.filter(m => m[1].indexOf(p) === 0);  const nr = marks('[L] NEW_ROUND').map(m => m[0]);  const rw = marks('[L] ROUND_WINNER').map(m => m[0]);  /* The human is the first PLAYER_ENTERED name; the AIs never enter that way.     A DEATH_* line names its victim first, so the human's deaths are the     DEATH_ marks whose first name is that one. */  const pe = marks('[L] PLAYER_ENTERED ');  const human = pe.length ? pe[0][1].split(/\s+/)[2] : 'web_user';  const deaths = S.marks.filter(m => /^\[L\] DEATH_\w+ /.test(m[1]) && m[1].split(/\s+/)[2] === human).map(m => m[0]);  /* Screenshot exclusions: [begin - PAD_BEFORE, end + PAD_AFTER] for every     bracketed shot (sampler.js S.shot); a begin with no end -- the driver died     mid-shot -- excludes two seconds. */  const ex = []; const open = {};  for (const [t, name, edge] of S.shots) {    if (edge === 'begin') open[name] = t;    else if (edge === 'end' && open[name] != null) { ex.push({ a: open[name] - PAD_BEFORE, b: t + PAD_AFTER, name: name, dur: t - open[name] }); delete open[name]; } }  for (const name in open) ex.push({ a: open[name] - PAD_BEFORE, b: open[name] + 2000, name: name, dur: null });  const excluded = (t) => ex.some(e => t >= e.a && t <= e.b);  const q = (a, p) => { if (!a.length) return null; const s = a.slice().sort((x, y) => x - y);    return s[Math.min(s.length - 1, Math.max(0, Math.round(p * (s.length - 1))))]; };  const r2 = (x) => (x == null) ? null : Math.round(x * 100) / 100;  /* A window's statistics use only frames outside every exclusion, and only     deltas between frames that were ADJACENT samples, so a gap that straddles     an exclusion is never counted as a frame time. raw_ms_max ignores the     exclusions on purpose: it is where a screenshot hitch stays visible, so a     reader can see what was excluded and that it did not leak into ms_p50.     Each frame interval t[i]-t[p] (p the previous sample) is also split into     the three parts the sampler timestamps: ms_in_swap = the previous swap     call itself (p50, p90 and max: if glFinish waited for the GPU it would     show here, and the first measured run read 0 in every window -- so the     tail is reported too), ms_to_first_draw = from that     call's return to this frame's first draw call (the emscripten_sleep(0)     yield, input, the simulation, render setup), ms_first_draw_to_swap = from     the first draw call to this frame's swap call (render submission). */  const win = (t0, t1) => {    const ix = []; let dropped = 0, rawMax = 0, prev = -1;    for (let i = 0; i < n; i++) { const t = S.t[i]; if (t < t0 || t > t1) continue;      if (prev >= 0) rawMax = Math.max(rawMax, t - S.t[prev]); prev = i;      if (excluded(t)) dropped++; else ix.push(i); }    const d = [], sw = [], pre = [], ren = []; let dr = 0, by = 0;    for (let k = 1; k < ix.length; k++) if (ix[k] === ix[k - 1] + 1) { const i = ix[k], p = ix[k - 1];      d.push(S.t[i] - S.t[p]); sw.push(S.wait[p]);      if (S.first[i] > 0) { pre.push(S.first[i] - (S.t[p] + S.wait[p])); ren.push(S.t[i] - S.first[i]); } }    for (const i of ix) { dr += S.draws[i]; by += S.bytes[i]; }    const f = ix.length || 1;    let exms = 0; for (const e of ex) exms += Math.max(0, Math.min(t1, e.b) - Math.max(t0, e.a));    const span = Math.max(1, (t1 - t0) - exms);    return { frames: ix.length, frames_excluded: dropped, ms_p50: r2(q(d, .5)), ms_p90: r2(q(d, .9)),             fps: r2(ix.length / (span / 1000)), draws_per_frame: r2(dr / f),             kb_per_frame: r2(by / f / 1024), hitches_over_50ms: d.filter(x => x > 50).length,             raw_ms_max: r2(rawMax), ms_in_swap_p50: r2(q(sw, .5)), ms_in_swap_p90: r2(q(sw, .9)), ms_in_swap_max: r2(q(sw, 1)),             ms_to_first_draw_p50: r2(q(pre, .5)), ms_first_draw_to_swap_p50: r2(q(ren, .5)) }; };  const perSec = (t0, t1) => { const ms = [], dr = [], mx = [], pre = [], ren = [];    for (let k = 0; k * 1000 < t1 - t0; k++) { const w = win(t0 + k * 1000, Math.min(t1, t0 + (k + 1) * 1000));      ms.push(w.ms_p50); dr.push(w.draws_per_frame); mx.push(w.raw_ms_max); pre.push(w.ms_to_first_draw_p50); ren.push(w.ms_first_draw_to_swap_p50); }    return { ms_p50: ms, draws_per_frame: dr, raw_ms_max: mx, ms_to_first_draw_p50: pre, ms_first_draw_to_swap_p50: ren }; };  /* Pre-round frames. For the first half second of game time after a round     starts (gGame.cpp GameLoop, the gtime <= -PREPARE_TIME + .5 branch) the     game clears the screen and swaps WITHOUT calling Render: overlay only, no     arena, a handful of draw calls at a fraction of a world frame's cost.     They sit right after NEW_ROUND and would otherwise fill the early window     with frames that have no geometry in them. They are found by their draw     count: the threshold is halfway between the fewest draws of any frame in     the round's first two seconds (an overlay-only frame) and the median of     its second second (world frames); the measured span starts at the first     frame after the last frame under the threshold. The frame that straddles     NEW_ROUND itself (drawn mostly before it) is above the threshold and is     left out of both. */  const preRound = (t0) => {    const a = [], b = [];    for (let i = 0; i < n; i++) { const t = S.t[i]; if (t < t0) continue; if (t >= t0 + 2000) break; a.push(i); if (t >= t0 + 1000) b.push(S.draws[i]); }    const none = { start: t0, stats: { frames: 0, ms_p50: null, draws_per_frame: null, span_ms: 0, split_at_draws: null } };    if (!a.length) return none;    let lo = Infinity; for (const i of a) lo = Math.min(lo, S.draws[i]);    const med = q(b, .5); if (med == null || !(med > lo)) return none;    const thr = (lo + med) / 2; const ov = a.filter(i => S.draws[i] <= thr);    if (!ov.length) return none;    const last = ov[ov.length - 1]; const d = []; let dr = 0;    for (let k = 1; k < ov.length; k++) if (ov[k] === ov[k - 1] + 1) d.push(S.t[ov[k]] - S.t[ov[k - 1]]);    for (const i of ov) dr += S.draws[i];    return { start: (last + 1 < n) ? S.t[last + 1] : t0,             stats: { frames: ov.length, ms_p50: r2(q(d, .5)), draws_per_frame: r2(dr / ov.length),                      span_ms: r2(S.t[last] - S.t[ov[0]]), split_at_draws: r2(thr) } }; };  /* A round is closed by its ROUND_WINNER mark when one is written; a     winnerless round -- a lone cycle with no AI (gGame.cpp Analysis: a winner     needs more than one team) -- writes none and ends when the next NEW_ROUND     starts, and a round still running when this report runs closes here. For     a transcript where every round has its ROUND_WINNER before the next     NEW_ROUND (every base arm), this pairs exactly as nr[i]/rw[i] did. */  const rounds = [];  const tReport = performance.now();  for (let i = 0; i < nr.length; i++) {    const t0 = nr[i], next = (i + 1 < nr.length) ? nr[i + 1] : Infinity;    const won = rw.find(t => t > t0 && t < next);    const t1 = won != null ? won : (next < Infinity ? next : tReport);    const closedBy = won != null ? 'round_winner' : (next < Infinity ? 'next_round' : 'report');    const len = (t1 - t0) / 1000; if (len < 8) continue;    /* The measured span runs from the first world frame to the human's death       when the human dies before ROUND_WINNER (after it the camera shows an       explosion and the AIs' endgame, which is not what the maintainer       plays), else to ROUND_WINNER. */    const death = deaths.find(t => t > t0 && t < t1); const te = death != null ? death : t1;    const pr = preRound(t0); const ts = pr.start;    const e = win(ts, ts + 5000), l = win(te - 5000, te), all = win(ts, te);    const shots = ex.filter(x => x.a >= t0 && x.a <= t1).map(x => ({ name: x.name, at_s: r2((x.a + PAD_BEFORE - t0) / 1000), dur_ms: r2(x.dur) }));    rounds.push({ round: i + 1, length_s: r2(len), closed_by: closedBy,      measured_from_s: r2((ts - t0) / 1000), measured_to_s: r2((te - t0) / 1000),      human_death_s: death != null ? r2((death - t0) / 1000) : null, ends_at: death != null ? 'human_death' : 'round_winner',      pre_round: pr.stats, early_5s: e, late_5s: l,      ratio_ms: e.ms_p50 ? r2(l.ms_p50 / e.ms_p50) : null,      ratio_draws: e.draws_per_frame ? r2(l.draws_per_frame / e.draws_per_frame) : null,      hitches_over_50ms: all.hitches_over_50ms, frames: all.frames, frames_excluded: all.frames_excluded,      raw_ms_max: all.raw_ms_max, shots: shots, per_second: perSec(t0, t1) }); }  return '[PERF] nomirror-r1 ' + JSON.stringify({ arm: 'nomirror-r1', cpu_rate: 6, frames: n, human: human,    swaps: S.swaps, rounds_started: nr.length, rounds_won: rw.length,    shots_bracketed: ex.filter(x => x.dur != null).length, shot_pad_ms: [PAD_BEFORE, PAD_AFTER], rounds });})() => "[PERF] nomirror-r1 {\"arm\":\"nomirror-r1\",\"cpu_rate\":6,\"frames\":12168,\"human\":\"web_user\",\"swaps\":{\"flush\":0,\"finish\":12168},\"rounds_started\":3,\"rounds_won\":3,\"shots_bracketed\":7,\"shot_pad_ms\":[100,250],\"rounds\":[{\"round\":1,\"length_s\":47.45,\"closed_by\":\"round_winner\",\"measured_from_s\":0.54,\"measured_to_s\":46.11,\"human_death_s\":46.11,\"ends_at\":\"human_death\",\"pre_round\":{\"frames\":90,\"ms_p50\":5.3,\"draws_per_frame\":19.06,\"span_ms\":467.7,\"split_at_draws\":40},\"early_5s\":{\"frames\":714,\"frames_excluded\":0,\"ms_p50\":7,\"ms_p90\":7.6,\"fps\":142.8,\"draws_per_frame\":78.49,\"kb_per_frame\":120.93,\"hitches_over_50ms\":0,\"raw_ms_max\":13.3,\"ms_in_swap_p50\":0,\"ms_in_swap_p90\":0,\"ms_in_swap_max\":0.1,\"ms_to_first_draw_p50\":5.1,\"ms_first_draw_to_swap_p50\":2},\"late_5s\":{\"frames\":281,\"frames_excluded\":0,\"ms_p50\":17.6,\"ms_p90\":19.4,\"fps\":56.2,\"draws_per_frame\":83.55,\"kb_per_frame\":121.18,\"hitches_over_50ms\":0,\"raw_ms_max\":25.2,\"ms_in_swap_p50\":0,\"ms_in_swap_p90\":0,\"ms_in_swap_max\":1.2,\"ms_to_first_draw_p50\":6.6,\"ms_first_draw_to_swap_p50\":11},\"ratio_ms\":2.51,\"ratio_draws\":1.06,\"hitches_over_50ms\":0,\"frames\":3190,\"frames_excluded\":50,\"raw_ms_max\":31.2,\"shots\":[{\"name\":\"r1-after-tutorial-keys\",\"at_s\":7.53,\"dur_ms\":155.9}],\"per_second\":{\"ms_p50\":[5.7,6.7,7.2,7.2,7.1,7.2,7.2,7.2,17.8,17.7,17.5,17.2,17,17.2,16.9,16.9,17,16.9,17,17,17.4,16.8,16.9,17.1,16.7,16.9,16.7,17,17.4,17,17.3,17,16.9,16.7,16.8,16.7,16.9,17.1,16.9,17,17.3,17,17.6,17.5,17.7,18.5,16.3,16.5],\"draws_per_frame\":[37.26,61,79.63,80,92.91,98.06,95.23,95,91.29,91,88.04,87,86.08,86,85.08,85,85,85,85,85,85,85,85,85,85,85,85,85,85,85,85.46,87,83.9,83,83,83,83,83,83,83,83,83,83,83,83,84.83,89.41,89.41],\"raw_ms_max\":[23.2,7.6,8.2,8,13.3,10.3,8.2,20.7,20.9,21.2,20.8,19.9,19.2,20.5,19.1,19.8,19.4,20.5,19.6,20.7,23.3,19,20,19.4,19,18.9,19.1,21.7,31.2,19.2,20.4,20.4,19.7,19.7,19.1,19,18.9,20,19.1,20,20.4,21.1,19.3,25.2,20.2,22.8,35,24],\"ms_to_first_draw_p50\":[5,5,5,5.1,5.2,5.2,5.2,5.2,6.3,6.4,6.6,6.3,6.4,6.4,6.2,6.3,6.4,6.3,6.3,6.2,6.4,6.2,6.4,6.2,6.1,6.2,6.1,6.3,6.3,6.2,6.3,6.3,6.3,6.2,6.2,6.1,6.3,6.3,6.1,6.2,6.4,6.3,6.4,6.4,6.5,7.4,6.3,6.2],\"ms_first_draw_to_swap_p50\":[0.4,1.6,2.1,2.1,2,1.9,2,2,11.4,11,10.9,10.7,10.5,10.8,10.6,10.5,10.4,10.4,10.7,10.6,11,10.6,10.7,10.6,10.6,10.6,10.6,10.6,10.9,10.6,10.9,10.8,10.6,10.4,10.4,10.4,10.4,10.6,10.7,10.6,10.6,10.5,11.3,11.1,11,10.9,10,10.2]}},{\"round\":2,\"length_s\":60.83,\"closed_by\":\"round_winner\",\"measured_from_s\":0.54,\"measured_to_s\":59.11,\"human_death_s\":59.11,\"ends_at\":\"human_death\",\"pre_round\":{\"frames\":70,\"ms_p50\":6.6,\"draws_per_frame\":15.2,\"span_ms\":473.4,\"split_at_draws\":45},\"early_5s\":{\"frames\":230,\"frames_excluded\":0,\"ms_p50\":21.3,\"ms_p90\":24.3,\"fps\":46,\"draws_per_frame\":95.19,\"kb_per_frame\":180.73,\"hitches_over_50ms\":0,\"raw_ms_max\":44,\"ms_in_swap_p50\":0,\"ms_in_swap_p90\":0,\"ms_in_swap_max\":0.9,\"ms_to_first_draw_p50\":5.9,\"ms_first_draw_to_swap_p50\":15.6},\"late_5s\":{\"frames\":190,\"frames_excluded\":0,\"ms_p50\":25.1,\"ms_p90\":32,\"fps\":38,\"draws_per_frame\":114.07,\"kb_per_frame\":179.22,\"hitches_over_50ms\":1,\"raw_ms_max\":67.5,\"ms_in_swap_p50\":0,\"ms_in_swap_p90\":0,\"ms_in_swap_max\":1.1,\"ms_to_first_draw_p50\":8.4,\"ms_first_draw_to_swap_p50\":16.2},\"ratio_ms\":1.18,\"ratio_draws\":1.2,\"hitches_over_50ms\":2,\"frames\":2414,\"frames_excluded\":65,\"raw_ms_max\":78.6,\"shots\":[{\"name\":\"r2-06s\",\"at_s\":6.01,\"dur_ms\":170.3},{\"name\":\"r2-30s\",\"at_s\":30.2,\"dur_ms\":187.9},{\"name\":\"r2-50s\",\"at_s\":50.42,\"dur_ms\":217.2}],\"per_second\":{\"ms_p50\":[6.9,20,21.2,21.6,23.5,23.3,23.6,24,23.5,23.3,22.5,23,22.1,22.6,22.2,22.7,23.2,23.4,22.1,22.7,22.3,22.5,22.1,23.3,22.3,22.2,22.4,22,22.2,22.4,22.4,22.8,22.1,22.9,22.9,22.5,22.7,22.4,22.6,22.8,22.5,23.1,22.5,22.5,22.7,26.9,28.4,28.2,29.5,27.5,26,26.4,26.1,26.8,26.1,25.7,22.8,24.3,27,31.1,28.3],\"draws_per_frame\":[29.26,74.96,93.64,94,117.1,122.13,117,117,114.29,114,111.33,111,108.33,108,107.13,107,107,107,107,107,107,107,107,107,107,107,107,107,107,107,107,107,107,107,107,107,107,107,107,107,107,107,107,107,107,109.11,107,108.06,109.97,111,111,111,111,111,111,111.11,114.67,115.05,117.29,118.74,119.38],\"raw_ms_max\":[26.6,24.5,24.4,25.4,44,28.5,26.9,32.8,27.3,26.2,25.6,25.4,25.5,25.7,26.3,27.1,31.1,27.2,25.1,25.9,24.3,27.2,34.9,27.8,25.1,24.3,27.7,25.3,24.5,24.5,26,25.3,24.6,26.7,25.7,41.5,27.5,26.8,25.2,27.1,26,27.4,27.7,25.2,25.4,78.6,44.9,44,46.1,42.2,49,35.5,35.4,36.2,36.2,34.6,34.2,46.8,67.5,45.3,39.2],\"ms_to_first_draw_p50\":[5.4,5.6,5.3,5.6,7.1,6.9,7.3,7,7.1,7.2,7,7,6.9,7.2,7.1,6.9,7.2,7,7.1,6.9,6.9,7,7,7.2,6.8,7.1,7.1,6.9,6.9,7.1,7.2,7,6.7,7.2,6.8,6.9,7,6.9,6.9,7.1,7,7,7.3,6.9,7.3,11.7,12.3,12.1,11.9,10.5,10.3,10,10.2,10.4,10.3,10.1,7.3,7.6,8.9,12.9,11.4],\"ms_first_draw_to_swap_p50\":[1.4,14.3,15.5,15.9,16.2,16.5,16,17,16.3,16,15.5,15.9,15.1,15.3,15.2,15.3,15.9,16.2,15,15.7,15.1,15.2,15.2,15.7,15.3,15,15.4,15.1,15,15.5,15.2,15.4,15.5,15.7,15.9,15.5,16,15.3,15.4,15.6,15.4,15.9,15.6,15.6,15.4,15.4,15.4,15.8,17.2,16.4,15.5,15.9,15.8,16,15.5,15.7,15.5,17,17.1,17.4,15.8]}},{\"round\":3,\"length_s\":60.67,\"closed_by\":\"round_winner\",\"measured_from_s\":0.53,\"measured_to_s\":59.1,\"human_death_s\":59.1,\"ends_at\":\"human_death\",\"pre_round\":{\"frames\":76,\"ms_p50\":6.4,\"draws_per_frame\":11.07,\"span_ms\":481.8,\"split_at_draws\":41},\"early_5s\":{\"frames\":213,\"frames_excluded\":0,\"ms_p50\":23.1,\"ms_p90\":26.5,\"fps\":42.6,\"draws_per_frame\":90.51,\"kb_per_frame\":184.05,\"hitches_over_50ms\":0,\"raw_ms_max\":40,\"ms_in_swap_p50\":0,\"ms_in_swap_p90\":0.1,\"ms_in_swap_max\":1.5,\"ms_to_first_draw_p50\":6.1,\"ms_first_draw_to_swap_p50\":17.1},\"late_5s\":{\"frames\":201,\"frames_excluded\":0,\"ms_p50\":23.8,\"ms_p90\":29.5,\"fps\":40.2,\"draws_per_frame\":113.31,\"kb_per_frame\":181.79,\"hitches_over_50ms\":0,\"raw_ms_max\":48.6,\"ms_in_swap_p50\":0,\"ms_in_swap_p90\":0,\"ms_in_swap_max\":1.3,\"ms_to_first_draw_p50\":7.9,\"ms_first_draw_to_swap_p50\":15.6},\"ratio_ms\":1.03,\"ratio_draws\":1.25,\"hitches_over_50ms\":2,\"frames\":2441,\"frames_excluded\":64,\"raw_ms_max\":58.7,\"shots\":[{\"name\":\"r3-06s\",\"at_s\":6.04,\"dur_ms\":160.7},{\"name\":\"r3-30s\",\"at_s\":30.22,\"dur_ms\":175.5},{\"name\":\"r3-50s\",\"at_s\":50.42,\"dur_ms\":200.1}],\"per_second\":{\"ms_p50\":[6.6,21.9,24.1,23.1,26.6,23.6,22.8,23,24.7,22.6,21.5,21.7,21.3,21,21,21,20.9,21.7,21.1,21,21.6,21.2,21.4,20.9,21.2,20.9,21.1,21.5,21.7,22.3,21.8,21.5,22,21.5,21.7,22.9,23.6,22.4,21.6,23.5,23.8,21.4,22.7,24.8,24.5,29.9,29.9,30.6,30.7,28.8,28.8,27.8,26.2,25.9,25.6,25.2,22.4,22.9,23.7,26.1,26],\"draws_per_frame\":[24.76,70.98,88.56,89,113.14,117.03,111,111,110.1,110,109.11,109,108.11,108,107.15,107,107,107,107,107,107,107,107,107,107,107,107,107,107,107,107,107,107,107,107,107,107,107,107,107,107,107,107,107,107,109.17,108.15,109,109,109,109.4,110.88,111,111,111,111,112.07,114.21,116.97,118.67,119.42],\"raw_ms_max\":[22.6,24.6,40,26.4,31.1,26.5,25.4,26.3,30,27.7,27.6,29.2,26.4,23.2,24.2,23.8,23.3,28.1,26.5,25,24.1,27.1,24.8,24,24.9,24.1,24.5,25.9,25.9,26.8,47.3,24.6,28.8,24.3,23.5,27.8,26.9,25.3,26.5,28.8,27.3,26.7,25.7,27.8,27.8,58.7,44.8,54.8,41.4,40.1,40.5,40.4,43.6,41.5,37.1,42.2,35.4,36.6,48.6,39.5,44.3],\"ms_to_first_draw_p50\":[5.2,5.8,6.1,5.7,7.5,6.9,7.3,7.3,7,7,6.6,6.8,6.6,6.7,6.6,6.6,6.3,6.8,6.6,6.7,6.8,6.5,6.6,6.5,6.9,6.5,6.6,6.8,6.7,6.9,6.8,6.6,7.1,6.7,6.8,7,7.1,6.9,6.7,7.3,7.2,6.7,7,7.1,7.4,12.7,12.1,12.7,12.3,11.7,11.7,10.6,10.2,9.6,9.7,9.4,7.2,6.9,7.9,11.3,11],\"ms_first_draw_to_swap_p50\":[1.4,16,17.8,17.5,18.9,16.5,15.7,15.9,17.3,15.6,14.8,15.2,14.7,14.7,14.6,14.6,14.5,14.8,14.5,14.5,14.7,14.7,14.8,14.3,14.5,14.4,14.5,14.6,14.9,15,15.4,14.9,15,14.7,14.9,15.7,16.5,15.5,15,16.7,16.5,14.8,15.7,17.7,17.1,16.6,16.4,17.6,17.8,16.6,16.9,16.8,15.8,15.7,15.7,15.4,15.6,15.5,15.6,15.1,14.9]}}]}"
