[0] Command HUD_CACHE_THRESHOLD unknown.
[0] 
[L] ENCODING latin1
[0] Bound socket to *.*.*.*:41457.
[0] Bound socket to *.*.*.*:4534.
[0] Setting CYCLE_BRAKE_REFILL (Group: Annoying) deviates from its default value; clients older than 0.2.5.0 may experience problems.
[0] Nobody there. Taking a nap...
[0] Timestamp: 2026/09/10 21:11:51
[0] Closing socket bound to *.*.*.*:4534
[0] Bound socket to *.*.*.*:4534.
[1] Received login from 192.168.215.1:52570 via socket *.*.*.*:4534, network version: 0.2.9_alpha (ID: 17).
[1] New user: 1
[L] PLAYER_ENTERED web_user 192.168.215.1 web_user
[L] TEAM_CREATED web_user
[L] TEAM_PLAYER_ADDED web_user web_user
[1] web_user entered the game.
[L] NEW_ROUND 2026-09-10 21:12:38 UTC
[L] NEW_MATCH 2026-09-10 21:12:38 UTC
[0] Time:     48.0054 seconds
Sent:     7270 bytes in 41 packets (151.441 bytes/s)
Received: 2374 bytes in 35 packets (49.4528 bytes/s)
[0] Timestamp: 2026/09/10 21:12:39
[0] Creating grid...
[0] Ping charity changed from 0 to 300.
[0] done!
[0] Resetting scores...
[0] New Match
[0] Go (round 1 of 10)!
[L] GAME_TIME -3.82394
[L] GAME_TIME -3.56189
[L] GAME_TIME -3.30059
[L] GAME_TIME -3.0443
[0] 3
[L] GAME_TIME -2.78908
[L] GAME_TIME -2.52036
[L] GAME_TIME -2.25924
[L] GAME_TIME -2.00056
[0] 2
[L] GAME_TIME -1.73545
[L] GAME_TIME -1.47958
[L] GAME_TIME -1.22494
[0] 1
[L] GAME_TIME -0.973269
[L] GAME_TIME -0.716616
[L] GAME_TIME -0.456903
[L] GAME_TIME -0.195569
[0] 0
[L] GAME_TIME 0.063465
[L] GAME_TIME 0.322891
[L] GAME_TIME 0.578883
[L] GAME_TIME 0.83119
[L] GAME_TIME 1.0939
[L] GAME_TIME 1.35585
[L] GAME_TIME 1.61019
[L] GAME_TIME 1.86618
[L] GAME_TIME 2.1253
[L] GAME_TIME 2.38657
[L] GAME_TIME 2.63734
[L] GAME_TIME 2.89026
[L] GAME_TIME 3.14043
[L] GAME_TIME 3.40294
[L] GAME_TIME 3.6591
[L] GAME_TIME 3.91898
[L] GAME_TIME 4.1807
[L] GAME_TIME 4.43939
[L] GAME_TIME 4.6989
[L] GAME_TIME 4.95035
[L] GAME_TIME 5.20188
[L] GAME_TIME 5.45286
[L] GAME_TIME 5.70669
[L] GAME_TIME 5.95872
[L] GAME_TIME 6.22034
[L] GAME_TIME 6.48258
[L] GAME_TIME 6.74351
[L] GAME_TIME 7.00011
[L] GAME_TIME 7.2534
[L] GAME_TIME 7.51113
[L] GAME_TIME 7.76958
[L] GAME_TIME 8.03022
[L] GAME_TIME 8.28495
[L] GAME_TIME 8.54756
[L] GAME_TIME 8.80375
[L] GAME_TIME 9.05856
[L] GAME_TIME 9.31894
[L] GAME_TIME 9.57687
[L] GAME_TIME 9.84178
[L] GAME_TIME 10.0926
[L] GAME_TIME 10.3517
[L] GAME_TIME 10.6057
[L] GAME_TIME 10.8623
[L] GAME_TIME 11.1191
[L] GAME_TIME 11.3816
[L] GAME_TIME 11.6391
[L] GAME_TIME 11.891
[L] GAME_TIME 12.1488
[L] GAME_TIME 12.4136
[L] GAME_TIME 12.6687
[L] GAME_TIME 12.9278
[L] GAME_TIME 13.1859
[L] GAME_TIME 13.4448
[L] GAME_TIME 13.6985
[L] GAME_TIME 13.9557
[L] DEATH_SUICIDE web_user
[0] web_user committed suicide and lost 4 points.
[L] GAME_TIME 14.2111
[L] GAME_TIME 14.4623
[L] GAME_TIME 14.7254
[L] GAME_TIME 14.9798
[L] GAME_TIME 15.24
[L] GAME_TIME 15.5011
[L] GAME_TIME 15.7521
[L] GAME_TIME 16.0091
[L] GAME_TIME 16.2687
[L] GAME_TIME 16.5248
[L] GAME_TIME 16.777
[L] GAME_TIME 17.0336
[L] GAME_TIME 17.2867
[L] GAME_TIME 17.5521
[L] GAME_TIME 17.8102
[L] GAME_TIME 18.0686
[L] GAME_TIME 18.327
[L] GAME_TIME 18.5876
[L] GAME_TIME 18.8376
[0] Deleting objects...
[0] Deleting grid...
[0] 
[L] ROUND_SCORE -4 web_user web_user
[L] ROUND_SCORE_TEAM -4 web_user
[L] NEW_ROUND 2026-09-10 21:13:02 UTC
[0] Time:     23.8272 seconds
Sent:     20824 bytes in 254 packets (873.959 bytes/s)
Received: 10996 bytes in 247 packets (461.49 bytes/s)
[0] Timestamp: 2026/09/10 21:13:02
[0] Creating grid...
[0] Ping charity changed from 300 to 100.
[0] done!
[0] Go (round 2 of 10)!
[L] GAME_TIME -3.80574
[L] GAME_TIME -3.55524
[L] GAME_TIME -3.2962
[L] GAME_TIME -3.03528
[0] 3
[L] GAME_TIME -2.774
[L] GAME_TIME -2.51737
[L] GAME_TIME -2.2583
[L] GAME_TIME -2.00195
[0] 2
[L] GAME_TIME -1.73963
[L] GAME_TIME -1.47813
[L] GAME_TIME -1.22184
[0] 1
[L] GAME_TIME -0.966163
[L] GAME_TIME -0.711709
[L] GAME_TIME -0.458405
[L] GAME_TIME -0.197294
[0] 0
[L] GAME_TIME 0.062489
[L] GAME_TIME 0.322268
[L] GAME_TIME 0.575632
[L] GAME_TIME 0.828824
[L] GAME_TIME 1.09054
[L] GAME_TIME 1.34379
[L] GAME_TIME 1.59648
[L] GAME_TIME 1.84831
[L] GAME_TIME 2.11019
[L] GAME_TIME 2.36036
[L] GAME_TIME 2.61647
[L] DEATH_SUICIDE web_user
[0] web_user committed suicide and lost 4 points.
[L] GAME_TIME 2.86679
[L] GAME_TIME 3.12809
[L] GAME_TIME 3.38005
[L] GAME_TIME 3.63954
[L] GAME_TIME 3.89184
[L] GAME_TIME 4.14467
[L] GAME_TIME 4.40142
[L] GAME_TIME 4.65929
[L] GAME_TIME 4.91663
[L] GAME_TIME 5.1768
[L] GAME_TIME 5.44879
[L] GAME_TIME 5.69896
[L] GAME_TIME 5.9567
[L] GAME_TIME 6.20884
[L] GAME_TIME 6.46148
[L] GAME_TIME 6.71334
[0] Deleting objects...
[0] Deleting grid...
[0] 
[L] ROUND_SCORE -4 web_user web_user
[L] ROUND_SCORE_TEAM -4 web_user
[L] NEW_ROUND 2026-09-10 21:13:14 UTC
[0] Time:     11.7147 seconds
Sent:     8042 bytes in 129 packets (686.486 bytes/s)
Received: 5016 bytes in 112 packets (428.179 bytes/s)
[0] Timestamp: 2026/09/10 21:13:14
[0] Creating grid...
[0] done!
[0] Go (round 3 of 10)!
[L] GAME_TIME -3.80388
[L] GAME_TIME -3.53901
[L] GAME_TIME -3.27962
[L] GAME_TIME -3.02606
[0] 3
[L] GAME_TIME -2.76245
[L] GAME_TIME -2.50507
[L] GAME_TIME -2.24281
[0] 2
[L] GAME_TIME -1.98003
[L] GAME_TIME -1.72834
[L] GAME_TIME -1.47023
[L] GAME_TIME -1.20846
[0] 1
[L] GAME_TIME -0.957435
[L] GAME_TIME -0.69623
[L] GAME_TIME -0.431851
[L] GAME_TIME -0.18122
[0] 0
[L] GAME_TIME 0.07958
[L] GAME_TIME 0.342569
[L] GAME_TIME 0.598195
[L] GAME_TIME 0.862935
[L] GAME_TIME 1.11527
[L] GAME_TIME 1.37822
[L] GAME_TIME 1.62891
[L] GAME_TIME 1.89081
[L] GAME_TIME 2.14806
[L] GAME_TIME 2.41169
[L] GAME_TIME 2.67699
[L] GAME_TIME 2.93494
[L] GAME_TIME 3.19457
[L] DEATH_SUICIDE web_user
[0] web_user committed suicide and lost 4 points.
[L] GAME_TIME 3.44545
[L] GAME_TIME 3.69561
[L] GAME_TIME 3.94862
[L] GAME_TIME 4.21157
[L] GAME_TIME 4.47054
[L] GAME_TIME 4.73198
[L] GAME_TIME 4.98897
[L] GAME_TIME 5.24785
[L] GAME_TIME 5.50101
[L] GAME_TIME 5.76201
[L] GAME_TIME 6.02436
[L] GAME_TIME 6.28028
[L] GAME_TIME 6.53217
[L] GAME_TIME 6.79775
[L] GAME_TIME 7.05764
[L] GAME_TIME 7.31238
[L] GAME_TIME 7.56458
[L] GAME_TIME 7.81462
[0] Deleting objects...
[0] Deleting grid...
[0] 
[L] ROUND_SCORE -4 web_user web_user
[L] ROUND_SCORE_TEAM -4 web_user
[L] NEW_ROUND 2026-09-10 21:13:27 UTC
[0] Time:     12.7423 seconds
Sent:     8578 bytes in 133 packets (673.189 bytes/s)
Received: 5436 bytes in 122 packets (426.609 bytes/s)
[0] Timestamp: 2026/09/10 21:13:27
[0] Creating grid...
[0] done!
[0] Go (round 4 of 10)!
[L] GAME_TIME -3.7897
[L] GAME_TIME -3.53685
[L] GAME_TIME -3.27748
[L] GAME_TIME -3.01536
[0] 3
[L] GAME_TIME -2.75232
[L] GAME_TIME -2.48914
[L] GAME_TIME -2.23454
[0] 2
[L] GAME_TIME -1.98301
[L] GAME_TIME -1.73286
[L] GAME_TIME -1.4825
[L] GAME_TIME -1.23008
[0] 1
[L] GAME_TIME -0.976702
[L] GAME_TIME -0.717017
[L] GAME_TIME -0.463828
[L] GAME_TIME -0.198929
[0] 0
[L] GAME_TIME 0.065549
[L] GAME_TIME 0.315976
[L] GAME_TIME 0.570886
[L] GAME_TIME 0.822288
[L] GAME_TIME 1.08292
[L] GAME_TIME 1.33301
[L] GAME_TIME 1.58591
[L] GAME_TIME 1.8476
[L] GAME_TIME 2.10589
[L] GAME_TIME 2.35981
[L] GAME_TIME 2.61321
[L] GAME_TIME 2.8729
[L] GAME_TIME 3.12493
[L] GAME_TIME 3.37778
[L] GAME_TIME 3.62862
[L] GAME_TIME 3.89217
[L] GAME_TIME 4.1492
[L] GAME_TIME 4.40822
[L] GAME_TIME 4.66286
[L] GAME_TIME 4.91489
[L] GAME_TIME 5.17258
[L] GAME_TIME 5.42523
[L] GAME_TIME 5.67993
[L] GAME_TIME 5.93491
[L] GAME_TIME 6.19416
[L] GAME_TIME 6.45229
[L] GAME_TIME 6.71229
[L] GAME_TIME 6.9653
[L] GAME_TIME 7.22634
[L] GAME_TIME 7.4808
[L] GAME_TIME 7.7392
[L] GAME_TIME 7.9926
[L] GAME_TIME 8.24903
[L] GAME_TIME 8.51167
[L] GAME_TIME 8.77289
[L] GAME_TIME 9.02714
[L] GAME_TIME 9.29023
[L] GAME_TIME 9.54505
[L] DEATH_SUICIDE web_user
[0] web_user committed suicide and lost 4 points.
[L] GAME_TIME 9.79969
[L] GAME_TIME 10.0569
[L] GAME_TIME 10.3169
[L] GAME_TIME 10.5715
[L] GAME_TIME 10.8353
[L] GAME_TIME 11.0862
[L] GAME_TIME 11.3366
[L] GAME_TIME 11.5988
[L] GAME_TIME 11.8551
[L] GAME_TIME 12.113
[L] GAME_TIME 12.3743
[L] GAME_TIME 12.6297
[L] GAME_TIME 12.8798
[L] GAME_TIME 13.139
[L] GAME_TIME 13.3932
[L] GAME_TIME 13.6538
[0] Deleting objects...
[0] Deleting grid...
[0] 
[L] ROUND_SCORE -4 web_user web_user
[L] ROUND_SCORE_TEAM -4 web_user
[L] NEW_ROUND 2026-09-10 21:13:45 UTC
[0] Time:     18.7434 seconds
Sent:     15090 bytes in 204 packets (805.082 bytes/s)
Received: 8354 bytes in 189 packets (445.703 bytes/s)
[0] Timestamp: 2026/09/10 21:13:46
[0] Creating grid...
[0] done!
[0] Go (round 5 of 10)!
[L] GAME_TIME -3.81174
[L] GAME_TIME -3.55949
[L] GAME_TIME -3.3015
[L] GAME_TIME -3.05105
[0] 3
[L] GAME_TIME -2.78742
[L] GAME_TIME -2.52788
[L] GAME_TIME -2.27442
[L] GAME_TIME -2.0209
[0] 2
[L] GAME_TIME -1.75433
[L] GAME_TIME -1.48879
[L] GAME_TIME -1.22887
[0] 1
[L] GAME_TIME -0.970611
[L] GAME_TIME -0.715463
[L] GAME_TIME -0.451017
[L] GAME_TIME -0.190422
[0] 0
[L] GAME_TIME 0.062925
[L] GAME_TIME 0.322826
[L] GAME_TIME 0.574791
[L] GAME_TIME 0.837431
[L] GAME_TIME 1.09867
[L] GAME_TIME 1.34947
[L] GAME_TIME 1.60819
[L] GAME_TIME 1.86118
[L] GAME_TIME 2.11251
[L] GAME_TIME 2.36619
[L] GAME_TIME 2.62746
[L] GAME_TIME 2.88583
[L] GAME_TIME 3.14105
[L] GAME_TIME 3.40311
[L] GAME_TIME 3.6614
[L] GAME_TIME 3.9149
[L] GAME_TIME 4.16921
[L] GAME_TIME 4.4259
[L] GAME_TIME 4.68684
[L] GAME_TIME 4.94344
[L] DEATH_SUICIDE web_user
[0] web_user committed suicide and lost 4 points.
[L] GAME_TIME 5.20119
[L] GAME_TIME 5.45987
[L] GAME_TIME 5.71276
[L] GAME_TIME 5.9811
[L] GAME_TIME 6.24494
[L] GAME_TIME 6.50073
[L] GAME_TIME 6.76407
[L] GAME_TIME 7.0231
[L] GAME_TIME 7.27943
[L] GAME_TIME 7.5312
[L] GAME_TIME 7.78304
[L] GAME_TIME 8.04776
[L] GAME_TIME 8.31231
[L] GAME_TIME 8.57866
[L] GAME_TIME 8.83288
[L] GAME_TIME 9.09325
[L] GAME_TIME 9.34392
[L] GAME_TIME 9.59749
[L] GAME_TIME 9.8624
[0] Deleting objects...
[0] Deleting grid...
[0] 
[L] ROUND_SCORE -4 web_user web_user
[L] ROUND_SCORE_TEAM -4 web_user
[L] NEW_ROUND 2026-09-10 21:14:00 UTC
[0] Time:     14.7174 seconds
Sent:     9846 bytes in 146 packets (669.005 bytes/s)
Received: 6026 bytes in 136 packets (409.448 bytes/s)
[0] Timestamp: 2026/09/10 21:14:00
[0] Creating grid...
[0] done!
[0] Go (round 6 of 10)!
[L] GAME_TIME -3.79961
[L] GAME_TIME -3.54847
[L] GAME_TIME -3.28344
[L] GAME_TIME -3.0217
[0] 3
[L] GAME_TIME -2.75774
[L] GAME_TIME -2.49679
[L] GAME_TIME -2.24027
[0] 2
[L] GAME_TIME -1.98532
[L] GAME_TIME -1.7246
[L] GAME_TIME -1.46699
[L] GAME_TIME -1.20699
[0] 1
[L] GAME_TIME -0.949954
[L] GAME_TIME -0.697628
[L] GAME_TIME -0.438143
[L] GAME_TIME -0.178726
[0] 0
[L] GAME_TIME 0.081024
[L] GAME_TIME 0.342086
[L] GAME_TIME 0.595658
[L] GAME_TIME 0.850134
[L] GAME_TIME 1.10796
[L] GAME_TIME 1.37071
[L] GAME_TIME 1.62202
[L] GAME_TIME 1.88299
[L] GAME_TIME 2.14637
[L] GAME_TIME 2.40182
[L] GAME_TIME 2.6609
[L] GAME_TIME 2.91758
[L] GAME_TIME 3.17908
[L] GAME_TIME 3.42967
[L] DEATH_SUICIDE web_user
[0] web_user committed suicide and lost 4 points.
[L] GAME_TIME 3.68347
[L] GAME_TIME 3.94223
[L] GAME_TIME 4.20502
[L] GAME_TIME 4.46132
[L] GAME_TIME 4.71599
[L] GAME_TIME 4.96844
[L] GAME_TIME 5.22082
[L] GAME_TIME 5.481
[L] GAME_TIME 5.74409
[L] GAME_TIME 6.00825
[L] GAME_TIME 6.26844
[L] GAME_TIME 6.53026
[L] GAME_TIME 6.79074
[L] GAME_TIME 7.05363
[L] GAME_TIME 7.31757
[L] GAME_TIME 7.57939
[L] GAME_TIME 7.8403
[0] Deleting objects...
[0] Deleting grid...
[0] 
[L] ROUND_SCORE -4 web_user web_user
[L] ROUND_SCORE_TEAM -4 web_user
[L] NEW_ROUND 2026-09-10 21:14:13 UTC
[0] Time:     12.6982 seconds
Sent:     8614 bytes in 133 packets (678.366 bytes/s)
Received: 5312 bytes in 119 packets (418.328 bytes/s)
[0] Timestamp: 2026/09/10 21:14:13
[0] Creating grid...
[0] done!
[0] Go (round 7 of 10)!
[L] GAME_TIME -3.81027
[L] GAME_TIME -3.55715
[L] GAME_TIME -3.30375
[L] GAME_TIME -3.05137
[0] 3
[L] GAME_TIME -2.79266
[L] GAME_TIME -2.53823
[L] GAME_TIME -2.28686
[L] GAME_TIME -2.03452
[0] 2
[L] GAME_TIME -1.77293
[L] GAME_TIME -1.52029
[L] GAME_TIME -1.26756
[L] GAME_TIME -1.01217
[0] 1
[L] GAME_TIME -0.752089
[L] GAME_TIME -0.491661
[L] GAME_TIME -0.238457
[0] 0
[L] GAME_TIME 0.014271
[L] GAME_TIME 0.277722
[L] GAME_TIME 0.52967
[L] GAME_TIME 0.795352
[L] GAME_TIME 1.04873
[L] GAME_TIME 1.30944
[L] GAME_TIME 1.56607
[L] GAME_TIME 1.82515
[L] GAME_TIME 2.07819
[L] GAME_TIME 2.34321
[L] GAME_TIME 2.59916
[L] GAME_TIME 2.8561
[L] GAME_TIME 3.10827
[L] GAME_TIME 3.36133
[L] GAME_TIME 3.61402
[L] GAME_TIME 3.86636
[L] GAME_TIME 4.12774
[L] GAME_TIME 4.38927
[L] GAME_TIME 4.64018
[L] GAME_TIME 4.89923
[L] GAME_TIME 5.16028
[L] GAME_TIME 5.41398
[L] GAME_TIME 5.67746
[L] GAME_TIME 5.93084
[L] GAME_TIME 6.18269
[L] GAME_TIME 6.44715
[L] GAME_TIME 6.71232
[L] GAME_TIME 6.96595
[L] GAME_TIME 7.2213
[L] GAME_TIME 7.47777
[L] GAME_TIME 7.73345
[L] GAME_TIME 7.99434
[L] GAME_TIME 8.25019
[L] GAME_TIME 8.50968
[L] GAME_TIME 8.76362
[L] GAME_TIME 9.02078
[L] GAME_TIME 9.28304
[L] GAME_TIME 9.54282
[L] GAME_TIME 9.80091
[L] GAME_TIME 10.0541
[L] GAME_TIME 10.3049
[L] GAME_TIME 10.5553
[L] GAME_TIME 10.8101
[L] GAME_TIME 11.0724
[L] GAME_TIME 11.3313
[L] GAME_TIME 11.5881
[L] GAME_TIME 11.8444
[L] GAME_TIME 12.1001
[L] GAME_TIME 12.3511
[L] GAME_TIME 12.6121
[L] GAME_TIME 12.8637
[L] GAME_TIME 13.1282
[L] GAME_TIME 13.3877
[L] GAME_TIME 13.649
[L] GAME_TIME 13.9011
[L] GAME_TIME 14.1594
[L] DEATH_SUICIDE web_user
[0] web_user committed suicide and lost 4 points.
[L] GAME_TIME 14.4197
[L] GAME_TIME 14.6723
[L] GAME_TIME 14.9321
[L] GAME_TIME 15.1886
[L] GAME_TIME 15.4524
[L] GAME_TIME 15.7113
[L] GAME_TIME 15.9702
[L] GAME_TIME 16.2305
[L] GAME_TIME 16.483
[L] GAME_TIME 16.7371
[L] GAME_TIME 16.9975
[L] GAME_TIME 17.2652
[L] GAME_TIME 17.5163
[L] GAME_TIME 17.7725
[L] GAME_TIME 18.0241
[L] GAME_TIME 18.2746
[L] GAME_TIME 18.538
[L] GAME_TIME 18.8015
[0] Deleting objects...
[0] Deleting grid...
[0] 
[L] ROUND_SCORE -4 web_user web_user
[L] ROUND_SCORE_TEAM -4 web_user
[L] NEW_ROUND 2026-09-10 21:14:37 UTC
[0] Time:     23.7976 seconds
Sent:     19764 bytes in 252 packets (830.503 bytes/s)
Received: 10486 bytes in 238 packets (440.632 bytes/s)
[0] Timestamp: 2026/09/10 21:14:37
[0] Creating grid...
[0] done!
[0] Go (round 8 of 10)!
[L] GAME_TIME -3.80067
[L] GAME_TIME -3.54708
[L] GAME_TIME -3.29068
[L] GAME_TIME -3.03356
[0] 3
[L] GAME_TIME -2.76942
[L] GAME_TIME -2.50709
[L] GAME_TIME -2.25084
[0] 2
[L] GAME_TIME -1.99454
[L] GAME_TIME -1.73088
[L] GAME_TIME -1.46649
[L] GAME_TIME -1.20664
[0] 1
[L] GAME_TIME -0.952005
[L] GAME_TIME -0.696766
[L] GAME_TIME -0.444134
[L] GAME_TIME -0.189504
[0] 0
[L] GAME_TIME 0.063504
[L] GAME_TIME 0.328562
[L] GAME_TIME 0.587362
[L] GAME_TIME 0.85313
[L] GAME_TIME 1.10428
[L] GAME_TIME 1.35888
[L] GAME_TIME 1.61483
[L] GAME_TIME 1.86748
[L] GAME_TIME 2.12474
[L] GAME_TIME 2.37891
[L] GAME_TIME 2.63865
[L] GAME_TIME 2.8956
[L] DEATH_SUICIDE web_user
[0] web_user committed suicide and lost 4 points.
[L] GAME_TIME 3.14649
[L] GAME_TIME 3.40493
[L] GAME_TIME 3.67033
[L] GAME_TIME 3.92134
[L] GAME_TIME 4.17915
[L] GAME_TIME 4.44029
[L] GAME_TIME 4.70568
[L] GAME_TIME 4.95855
[L] GAME_TIME 5.20957
[L] GAME_TIME 5.46753
[L] GAME_TIME 5.72016
[L] GAME_TIME 5.97113
[L] GAME_TIME 6.22928
[L] GAME_TIME 6.48685
[L] GAME_TIME 6.74954
[L] GAME_TIME 7.01471
[L] GAME_TIME 7.27331
[L] GAME_TIME 7.52884
[L] GAME_TIME 7.78606
[0] Deleting objects...
[0] Deleting grid...
[0] 
[L] ROUND_SCORE -4 web_user web_user
[L] ROUND_SCORE_TEAM -4 web_user
[L] NEW_ROUND 2026-09-10 21:14:49 UTC
[0] Time:     12.7008 seconds
Sent:     8492 bytes in 133 packets (668.619 bytes/s)
Received: 5232 bytes in 117 packets (411.943 bytes/s)
[0] Timestamp: 2026/09/10 21:14:49
[0] Creating grid...
[0] done!
[0] Go (round 9 of 10)!
[L] GAME_TIME -3.81029
[L] GAME_TIME -3.54914
[L] GAME_TIME -3.2842
[L] GAME_TIME -3.03346
[0] 3
[L] GAME_TIME -2.78341
[L] GAME_TIME -2.52083
[L] GAME_TIME -2.26513
[L] GAME_TIME -2.00529
[0] 2
[L] GAME_TIME -1.75079
[L] GAME_TIME -1.5004
[L] GAME_TIME -1.24372
[0] 1
[L] GAME_TIME -0.982778
[L] GAME_TIME -0.721502
[L] GAME_TIME -0.469983
[L] GAME_TIME -0.21065
[0] 0
[L] GAME_TIME 0.049373
[L] GAME_TIME 0.304615
[L] GAME_TIME 0.565589
[L] GAME_TIME 0.822321
[L] GAME_TIME 1.08236
[L] GAME_TIME 1.34522
[L] GAME_TIME 1.59893
[L] GAME_TIME 1.84896
[L] GAME_TIME 2.11046
[L] GAME_TIME 2.37258
[L] GAME_TIME 2.63103
[L] GAME_TIME 2.88785
[L] GAME_TIME 3.14203
[L] GAME_TIME 3.39635
[L] GAME_TIME 3.65481
[L] GAME_TIME 3.91582
[L] GAME_TIME 4.18827
[L] GAME_TIME 4.4468
[L] GAME_TIME 4.70169
[L] GAME_TIME 4.96055
[L] GAME_TIME 5.21477
[L] GAME_TIME 5.48033
[L] GAME_TIME 5.73407
[L] GAME_TIME 5.9873
[L] GAME_TIME 6.24709
[L] GAME_TIME 6.50755
[L] GAME_TIME 6.7603
[L] GAME_TIME 7.02224
[L] GAME_TIME 7.28287
[L] GAME_TIME 7.54315
[L] GAME_TIME 7.79327
[L] GAME_TIME 8.04556
[L] GAME_TIME 8.29871
[L] GAME_TIME 8.55614
[L] GAME_TIME 8.80859
[L] GAME_TIME 9.06977
[L] GAME_TIME 9.32856
[L] GAME_TIME 9.58131
[L] GAME_TIME 9.8431
[L] GAME_TIME 10.0993
[L] GAME_TIME 10.3541
[L] GAME_TIME 10.6136
[L] GAME_TIME 10.8735
[L] GAME_TIME 11.128
[L] GAME_TIME 11.3841
[L] GAME_TIME 11.6427
[L] GAME_TIME 11.9053
[L] GAME_TIME 12.1577
[L] GAME_TIME 12.4151
[L] GAME_TIME 12.6743
[L] GAME_TIME 12.9244
[L] GAME_TIME 13.1814
[L] GAME_TIME 13.4336
[L] GAME_TIME 13.6893
[L] GAME_TIME 13.9448
[L] GAME_TIME 14.2016
[L] GAME_TIME 14.4637
[L] GAME_TIME 14.7171
[L] GAME_TIME 14.9702
[L] GAME_TIME 15.2293
[L] GAME_TIME 15.4889
[L] DEATH_SUICIDE web_user
[0] web_user committed suicide and lost 4 points.
[L] GAME_TIME 15.7443
[L] GAME_TIME 16.0024
[L] GAME_TIME 16.2628
[L] GAME_TIME 16.5187
[L] GAME_TIME 16.78
[L] GAME_TIME 17.0377
[L] GAME_TIME 17.2948
[L] GAME_TIME 17.5483
[L] GAME_TIME 17.8035
[L] GAME_TIME 18.0685
[L] GAME_TIME 18.3301
[L] GAME_TIME 18.5911
[L] GAME_TIME 18.8456
[L] GAME_TIME 19.1082
[L] GAME_TIME 19.3589
[L] GAME_TIME 19.6232
[L] GAME_TIME 19.88
[0] Deleting objects...
[0] Deleting grid...
[0] 
[L] ROUND_SCORE -4 web_user web_user
[L] ROUND_SCORE_TEAM -4 web_user
[L] NEW_ROUND 2026-09-10 21:15:14 UTC
[0] Time:     24.7693 seconds
Sent:     21816 bytes in 268 packets (880.766 bytes/s)
Received: 11562 bytes in 263 packets (466.787 bytes/s)
[0] Timestamp: 2026/09/10 21:15:14
[0] Creating grid...
[0] done!
[0] Go (round 10 of 10)!
[L] GAME_TIME -3.81446
[L] GAME_TIME -3.55547
[L] GAME_TIME -3.29672
[L] GAME_TIME -3.03539
[0] 3
[L] GAME_TIME -2.78016
[L] GAME_TIME -2.52334
[L] GAME_TIME -2.26989
[L] GAME_TIME -2.00565
[0] 2
[L] GAME_TIME -1.75543
[L] GAME_TIME -1.49562
[L] GAME_TIME -1.23483
[0] 1
[L] GAME_TIME -0.973439
[L] GAME_TIME -0.712705
[L] GAME_TIME -0.459329
[L] GAME_TIME -0.205015
[0] 0
[L] GAME_TIME 0.059411
[L] GAME_TIME 0.317416
[L] GAME_TIME 0.576917
[L] GAME_TIME 0.843023
[L] GAME_TIME 1.10197
[L] GAME_TIME 1.35964
[L] GAME_TIME 1.61243
[L] GAME_TIME 1.87785
[L] GAME_TIME 2.13457
[L] GAME_TIME 2.38989
[L] GAME_TIME 2.64846
[L] GAME_TIME 2.91212
[L] GAME_TIME 3.17141
[L] GAME_TIME 3.42576
[L] GAME_TIME 3.6791
[L] GAME_TIME 3.93554
[L] GAME_TIME 4.18577
[L] DEATH_SUICIDE web_user
[0] web_user committed suicide and lost 4 points.
[L] GAME_TIME 4.43894
[L] GAME_TIME 4.69656
[L] GAME_TIME 4.96211
[L] GAME_TIME 5.22204
[L] GAME_TIME 5.47792
[L] GAME_TIME 5.73745
[L] GAME_TIME 5.99698
[L] GAME_TIME 6.25302
[L] GAME_TIME 6.51012
[L] GAME_TIME 6.76245
[L] GAME_TIME 7.01478
[L] GAME_TIME 7.27164
[L] GAME_TIME 7.52844
[L] GAME_TIME 7.78018
[L] GAME_TIME 8.03808
[L] GAME_TIME 8.294
[L] GAME_TIME 8.54411
[L] GAME_TIME 8.8064
[L] GAME_TIME 9.06602
[L] GAME_TIME 9.32545
[L] GAME_TIME 9.58826
[L] GAME_TIME 9.85069
[0] Match Winner: web_user
[L] MATCH_WINNER web_user web_user
[0] Overall Winner: web_user after 10 rounds.
[L] GAME_TIME 10.1117
[L] GAME_TIME 10.3784
[L] GAME_TIME 10.6384
[L] GAME_TIME 10.8961
[L] GAME_TIME 11.1519
[L] GAME_TIME 11.4123
[L] GAME_TIME 11.6633
[L] GAME_TIME 11.9243
[L] GAME_TIME 12.184
[L] GAME_TIME 12.4363
[L] GAME_TIME 12.696
[L] GAME_TIME 12.9535
[L] GAME_TIME 13.2121
[L] GAME_TIME 13.4687
[L] GAME_TIME 13.7283
[L] GAME_TIME 13.9895
[L] GAME_TIME 14.2492
[L] GAME_TIME 14.5104
[L] GAME_TIME 14.7656
[L] GAME_TIME 15.0247
[L] GAME_TIME 15.2817
[L] GAME_TIME 15.5403
[L] GAME_TIME 15.7946
[L] GAME_TIME 16.0523
[L] GAME_TIME 16.3063
[L] GAME_TIME 16.5564
[L] GAME_TIME 16.8153
[L] GAME_TIME 17.0672
[L] GAME_TIME 17.331
[L] GAME_TIME 17.5986
[L] GAME_TIME 17.862
[0] Deleting objects...
[0] Deleting grid...
[0] 
[L] ROUND_SCORE -4 web_user web_user
[L] ROUND_SCORE_TEAM -4 web_user
[L] NEW_ROUND 2026-09-10 21:15:37 UTC
[L] NEW_MATCH 2026-09-10 21:15:37 UTC
[0] Time:     22.7663 seconds
Sent:     9948 bytes in 151 packets (436.961 bytes/s)
Received: 6270 bytes in 142 packets (275.407 bytes/s)
[0] Timestamp: 2026/09/10 21:15:37
[0] Creating grid...
[0] done!
[0] Resetting scores...
[0] New Match
[0] Go (round 1 of 10)!
[L] GAME_TIME -3.81187
[L] GAME_TIME -3.54796
[L] GAME_TIME -3.28746
[L] GAME_TIME -3.0311
[0] 3
[L] GAME_TIME -2.78019
[L] GAME_TIME -2.5277
[L] GAME_TIME -2.27657
[L] GAME_TIME -2.0211
[0] 2
[L] GAME_TIME -1.76242
[L] GAME_TIME -1.50315
[L] GAME_TIME -1.2517
[0] 1
[L] GAME_TIME -0.985492
[L] GAME_TIME -0.735079
[L] GAME_TIME -0.474839
[L] GAME_TIME -0.219223
[0] 0
[L] GAME_TIME 0.030929
[L] GAME_TIME 0.288714
[L] GAME_TIME 0.548072
[L] GAME_TIME 0.805324
[L] GAME_TIME 1.06524
[L] GAME_TIME 1.3231
[L] GAME_TIME 1.57678
[L] GAME_TIME 1.83373
[L] GAME_TIME 2.09025
[L] GAME_TIME 2.35245
[L] GAME_TIME 2.61047
[L] GAME_TIME 2.87185
[L] GAME_TIME 3.12529
[L] GAME_TIME 3.38355
[L] GAME_TIME 3.64603
[L] GAME_TIME 3.89732
