[0] Command HUD_CACHE_THRESHOLD unknown.
[0] 
[L] ENCODING latin1
[0] Bound socket to *.*.*.*:46454.
[0] Bound socket to *.*.*.*:4534.
[0] Setting CYCLE_BRAKE_REFILL (Group: Annoying) deviates from its default value; clients older than 0.2.5.0 may experience problems.
[0] Nobody there. Taking a nap...
[0] Timestamp: 2026/09/10 21:07:56
[0] Closing socket bound to *.*.*.*:4534
[0] Bound socket to *.*.*.*:4534.
[1] Received login from 192.168.215.1:39910 via socket *.*.*.*:4534, network version: 0.2.9_alpha (ID: 17).
[1] New user: 1
[L] PLAYER_ENTERED web_user 192.168.215.1 web_user
[L] TEAM_CREATED web_user
[L] TEAM_PLAYER_ADDED web_user web_user
[1] web_user entered the game.
[L] NEW_ROUND 2026-09-10 21:08:43 UTC
[L] NEW_MATCH 2026-09-10 21:08:43 UTC
[0] Time:     48.0233 seconds
Sent:     6840 bytes in 39 packets (142.431 bytes/s)
Received: 2330 bytes in 34 packets (48.5181 bytes/s)
[0] Timestamp: 2026/09/10 21:08:44
[0] Creating grid...
[0] Ping charity changed from 0 to 300.
[0] done!
[0] Resetting scores...
[0] New Match
[0] Go (round 1 of 10)!
[L] GAME_TIME -3.82407
[L] GAME_TIME -3.56332
[L] GAME_TIME -3.30666
[L] GAME_TIME -3.04789
[0] 3
[L] GAME_TIME -2.79237
[L] GAME_TIME -2.53263
[L] GAME_TIME -2.27795
[L] GAME_TIME -2.01837
[0] 2
[L] GAME_TIME -1.76683
[L] GAME_TIME -1.51139
[L] GAME_TIME -1.24579
[0] 1
[L] GAME_TIME -0.992692
[L] GAME_TIME -0.739057
[L] GAME_TIME -0.486795
[L] GAME_TIME -0.228352
[0] 0
[L] GAME_TIME 0.025134
[L] GAME_TIME 0.280849
[L] GAME_TIME 0.533495
[L] GAME_TIME 0.792334
[L] GAME_TIME 1.05572
[L] GAME_TIME 1.30982
[L] GAME_TIME 1.56352
[L] GAME_TIME 1.81883
[L] GAME_TIME 2.07486
[L] GAME_TIME 2.32698
[L] GAME_TIME 2.59083
[L] GAME_TIME 2.85456
[L] GAME_TIME 3.11604
[L] GAME_TIME 3.36974
[L] GAME_TIME 3.62498
[L] GAME_TIME 3.88533
[L] GAME_TIME 4.14577
[L] GAME_TIME 4.39968
[L] GAME_TIME 4.66164
[L] GAME_TIME 4.92126
[L] GAME_TIME 5.18304
[L] GAME_TIME 5.43753
[L] DEATH_SUICIDE web_user
[0] web_user committed suicide and lost 4 points.
[L] GAME_TIME 5.69275
[L] GAME_TIME 5.95205
[L] GAME_TIME 6.20418
[L] GAME_TIME 6.46517
[L] GAME_TIME 6.72133
[L] GAME_TIME 6.97513
[L] GAME_TIME 7.23469
[L] GAME_TIME 7.49741
[L] GAME_TIME 7.75911
[L] GAME_TIME 8.01417
[L] GAME_TIME 8.28001
[L] GAME_TIME 8.53512
[L] GAME_TIME 8.78757
[L] GAME_TIME 9.05479
[L] GAME_TIME 9.30833
[L] GAME_TIME 9.56457
[L] GAME_TIME 9.8158
[0] Deleting objects...
[0] Deleting grid...
[0] 
[L] ROUND_SCORE -4 web_user web_user
[L] ROUND_SCORE_TEAM -4 web_user
[L] NEW_ROUND 2026-09-10 21:08:58 UTC
[0] Time:     14.7824 seconds
Sent:     11342 bytes in 158 packets (767.263 bytes/s)
Received: 6448 bytes in 144 packets (436.194 bytes/s)
[0] Timestamp: 2026/09/10 21:08:59
[0] Creating grid...
[0] Ping charity changed from 300 to 100.
[0] done!
[0] Go (round 2 of 10)!
[L] GAME_TIME -3.8026
[L] GAME_TIME -3.54061
[L] GAME_TIME -3.28572
[L] GAME_TIME -3.03005
[0] 3
[L] GAME_TIME -2.77871
[L] GAME_TIME -2.51471
[L] GAME_TIME -2.26386
[0] 2
[L] GAME_TIME -1.99955
[L] GAME_TIME -1.74185
[L] GAME_TIME -1.4861
[L] GAME_TIME -1.23095
[0] 1
[L] GAME_TIME -0.976101
[L] GAME_TIME -0.719076
[L] GAME_TIME -0.462949
[L] GAME_TIME -0.203047
[0] 0
[L] GAME_TIME 0.054059
[L] GAME_TIME 0.310859
[L] GAME_TIME 0.572962
[L] GAME_TIME 0.823531
[L] GAME_TIME 1.08223
[L] GAME_TIME 1.34041
[L] GAME_TIME 1.60316
[L] GAME_TIME 1.85812
[L] GAME_TIME 2.10947
[L] GAME_TIME 2.37101
[L] GAME_TIME 2.63017
[L] GAME_TIME 2.89331
[L] GAME_TIME 3.14843
[L] GAME_TIME 3.3996
[L] GAME_TIME 3.65304
[L] GAME_TIME 3.90365
[L] GAME_TIME 4.15939
[L] GAME_TIME 4.41496
[L] GAME_TIME 4.67889
[L] GAME_TIME 4.93145
[L] GAME_TIME 5.19459
[L] GAME_TIME 5.45536
[L] DEATH_SUICIDE web_user
[0] web_user committed suicide and lost 4 points.
[L] GAME_TIME 5.70737
[L] GAME_TIME 5.95981
[L] GAME_TIME 6.21095
[L] GAME_TIME 6.46657
[L] GAME_TIME 6.72708
[L] GAME_TIME 6.97845
[L] GAME_TIME 7.2376
[L] GAME_TIME 7.50051
[L] GAME_TIME 7.76887
[L] GAME_TIME 8.02352
[L] GAME_TIME 8.28798
[L] GAME_TIME 8.54955
[L] GAME_TIME 8.81518
[L] GAME_TIME 9.08022
[L] GAME_TIME 9.34548
[L] GAME_TIME 9.59691
[L] GAME_TIME 9.84703
[0] Deleting objects...
[0] Deleting grid...
[0] 
[L] ROUND_SCORE -4 web_user web_user
[L] ROUND_SCORE_TEAM -4 web_user
[L] NEW_ROUND 2026-09-10 21:09:13 UTC
[0] Time:     14.7666 seconds
Sent:     10562 bytes in 155 packets (715.263 bytes/s)
Received: 5968 bytes in 136 packets (404.155 bytes/s)
[0] Timestamp: 2026/09/10 21:09:13
[0] Creating grid...
[0] done!
[0] Go (round 3 of 10)!
[L] GAME_TIME -3.80612
[L] GAME_TIME -3.55219
[L] GAME_TIME -3.30017
[L] GAME_TIME -3.03947
[0] 3
[L] GAME_TIME -2.77803
[L] GAME_TIME -2.52682
[L] GAME_TIME -2.26298
[L] GAME_TIME -2.0101
[0] 2
[L] GAME_TIME -1.75855
[L] GAME_TIME -1.50825
[L] GAME_TIME -1.2518
[0] 1
[L] GAME_TIME -0.988292
[L] GAME_TIME -0.733385
[L] GAME_TIME -0.479974
[L] GAME_TIME -0.229667
[0] 0
[L] GAME_TIME 0.020889
[L] GAME_TIME 0.276722
[L] GAME_TIME 0.539884
[L] GAME_TIME 0.794483
[L] GAME_TIME 1.05509
[L] GAME_TIME 1.30681
[L] GAME_TIME 1.56816
[L] GAME_TIME 1.81973
[L] GAME_TIME 2.08539
[L] GAME_TIME 2.33745
[L] GAME_TIME 2.59737
[L] GAME_TIME 2.85261
[L] GAME_TIME 3.10622
[L] GAME_TIME 3.37174
[L] GAME_TIME 3.63167
[L] GAME_TIME 3.88942
[L] GAME_TIME 4.14342
[L] GAME_TIME 4.40184
[L] GAME_TIME 4.66048
[L] GAME_TIME 4.92093
[L] GAME_TIME 5.17516
[L] GAME_TIME 5.43345
[L] DEATH_SUICIDE web_user
[0] web_user committed suicide and lost 4 points.
[L] GAME_TIME 5.69655
[L] GAME_TIME 5.95166
[L] GAME_TIME 6.21379
[L] GAME_TIME 6.46467
[L] GAME_TIME 6.71584
[L] GAME_TIME 6.97937
[L] GAME_TIME 7.23932
[L] GAME_TIME 7.49373
[L] GAME_TIME 7.74513
[L] GAME_TIME 7.99977
[L] GAME_TIME 8.25815
[L] GAME_TIME 8.51091
[L] GAME_TIME 8.77221
[L] GAME_TIME 9.02814
[L] GAME_TIME 9.28698
[L] GAME_TIME 9.55109
[L] GAME_TIME 9.8012
[0] Deleting objects...
[0] Deleting grid...
[0] 
[L] ROUND_SCORE -4 web_user web_user
[L] ROUND_SCORE_TEAM -4 web_user
[L] NEW_ROUND 2026-09-10 21:09:28 UTC
[0] Time:     14.6871 seconds
Sent:     10656 bytes in 156 packets (725.535 bytes/s)
Received: 6168 bytes in 141 packets (419.961 bytes/s)
[0] Timestamp: 2026/09/10 21:09:28
[0] Creating grid...
[0] done!
[0] Go (round 4 of 10)!
[L] GAME_TIME -3.81076
[L] GAME_TIME -3.5569
[L] GAME_TIME -3.30358
[L] GAME_TIME -3.05355
[0] 3
[L] GAME_TIME -2.78946
[L] GAME_TIME -2.53737
[L] GAME_TIME -2.27365
[L] GAME_TIME -2.01788
[0] 2
[L] GAME_TIME -1.75738
[L] GAME_TIME -1.50735
[L] GAME_TIME -1.25501
[L] GAME_TIME -1.00384
[0] 1
[L] GAME_TIME -0.747886
[L] GAME_TIME -0.487082
[L] GAME_TIME -0.233362
[0] 0
[L] GAME_TIME 0.024592
[L] GAME_TIME 0.280873
[L] GAME_TIME 0.535841
[L] GAME_TIME 0.793979
[L] GAME_TIME 1.04945
[L] GAME_TIME 1.31465
[L] GAME_TIME 1.56854
[L] GAME_TIME 1.83045
[L] GAME_TIME 2.09381
[L] GAME_TIME 2.3492
[L] GAME_TIME 2.61467
[L] GAME_TIME 2.87018
[L] GAME_TIME 3.13281
[L] GAME_TIME 3.3897
[L] GAME_TIME 3.64598
[L] GAME_TIME 3.89929
[L] GAME_TIME 4.15069
[L] GAME_TIME 4.41193
[L] GAME_TIME 4.67525
[L] GAME_TIME 4.92862
[L] GAME_TIME 5.1874
[L] DEATH_SUICIDE web_user
[0] web_user committed suicide and lost 4 points.
[L] GAME_TIME 5.44375
[L] GAME_TIME 5.699
[L] GAME_TIME 5.9613
[L] GAME_TIME 6.21344
[L] GAME_TIME 6.47299
[L] GAME_TIME 6.73512
[L] GAME_TIME 6.99761
[L] GAME_TIME 7.25095
[L] GAME_TIME 7.51103
[L] GAME_TIME 7.77305
[L] GAME_TIME 8.03373
[L] GAME_TIME 8.29506
[L] GAME_TIME 8.5574
[L] GAME_TIME 8.81373
[L] GAME_TIME 9.07404
[L] GAME_TIME 9.32887
[L] GAME_TIME 9.58342
[L] GAME_TIME 9.84561
[0] Deleting objects...
[0] Deleting grid...
[0] 
[L] ROUND_SCORE -4 web_user web_user
[L] ROUND_SCORE_TEAM -4 web_user
[L] NEW_ROUND 2026-09-10 21:09:43 UTC
[0] Time:     14.7513 seconds
Sent:     10530 bytes in 153 packets (713.834 bytes/s)
Received: 6046 bytes in 138 packets (409.861 bytes/s)
[0] Timestamp: 2026/09/10 21:09:43
[0] Creating grid...
[0] done!
[0] Go (round 5 of 10)!
[L] GAME_TIME -3.79547
[L] GAME_TIME -3.53273
[L] GAME_TIME -3.27853
[L] GAME_TIME -3.02452
[0] 3
[L] GAME_TIME -2.77411
[L] GAME_TIME -2.51858
[L] GAME_TIME -2.2604
[L] GAME_TIME -2.0035
[0] 2
[L] GAME_TIME -1.74816
[L] GAME_TIME -1.48483
[L] GAME_TIME -1.22802
[0] 1
[L] GAME_TIME -0.970159
[L] GAME_TIME -0.714343
[L] GAME_TIME -0.4643
[L] GAME_TIME -0.200291
[0] 0
[L] GAME_TIME 0.052218
[L] GAME_TIME 0.310782
[L] GAME_TIME 0.570029
[L] GAME_TIME 0.830419
[L] GAME_TIME 1.08264
[L] GAME_TIME 1.33278
[L] GAME_TIME 1.59058
[L] GAME_TIME 1.85319
[L] GAME_TIME 2.11589
[L] GAME_TIME 2.37707
[L] GAME_TIME 2.63833
[L] GAME_TIME 2.89382
[L] GAME_TIME 3.15584
[L] GAME_TIME 3.42068
[L] GAME_TIME 3.681
[L] GAME_TIME 3.93409
[L] GAME_TIME 4.19736
[L] GAME_TIME 4.45156
[L] GAME_TIME 4.71403
[L] GAME_TIME 4.96596
[L] GAME_TIME 5.22535
[L] DEATH_SUICIDE web_user
[0] web_user committed suicide and lost 4 points.
[L] GAME_TIME 5.48671
[L] GAME_TIME 5.75034
[L] GAME_TIME 6.01312
[L] GAME_TIME 6.26672
[L] GAME_TIME 6.53148
[L] GAME_TIME 6.78716
[L] GAME_TIME 7.0384
[L] GAME_TIME 7.29617
[L] GAME_TIME 7.55724
[L] GAME_TIME 7.81185
[L] GAME_TIME 8.06338
[L] GAME_TIME 8.3183
[L] GAME_TIME 8.57613
[L] GAME_TIME 8.83878
[L] GAME_TIME 9.09825
[L] GAME_TIME 9.35948
[L] GAME_TIME 9.61492
[L] GAME_TIME 9.86922
[0] Deleting objects...
[0] Deleting grid...
[0] 
[L] ROUND_SCORE -4 web_user web_user
[L] ROUND_SCORE_TEAM -4 web_user
[L] NEW_ROUND 2026-09-10 21:09:57 UTC
[0] Time:     14.7849 seconds
Sent:     10606 bytes in 156 packets (717.354 bytes/s)
Received: 6086 bytes in 139 packets (411.637 bytes/s)
[0] Timestamp: 2026/09/10 21:09:58
[0] Creating grid...
[0] done!
[0] Go (round 6 of 10)!
[L] GAME_TIME -3.7947
[L] GAME_TIME -3.54027
[L] GAME_TIME -3.28313
[L] GAME_TIME -3.02335
[0] 3
[L] GAME_TIME -2.76176
[L] GAME_TIME -2.49971
[L] GAME_TIME -2.24107
[0] 2
[L] GAME_TIME -1.97646
[L] GAME_TIME -1.7238
[L] GAME_TIME -1.46076
[L] GAME_TIME -1.20694
[0] 1
[L] GAME_TIME -0.94698
[L] GAME_TIME -0.692166
[L] GAME_TIME -0.430367
[L] GAME_TIME -0.169881
[0] 0
[L] GAME_TIME 0.084825
[L] GAME_TIME 0.342151
[L] GAME_TIME 0.604236
[L] GAME_TIME 0.860626
[L] GAME_TIME 1.11237
[L] GAME_TIME 1.37338
[L] GAME_TIME 1.63546
[L] GAME_TIME 1.8924
[L] GAME_TIME 2.15246
[L] GAME_TIME 2.40352
[L] GAME_TIME 2.65563
[L] GAME_TIME 2.915
[L] GAME_TIME 3.17721
[L] GAME_TIME 3.43173
[L] GAME_TIME 3.69222
[L] GAME_TIME 3.94969
[L] GAME_TIME 4.20818
[L] GAME_TIME 4.46595
[L] GAME_TIME 4.72306
[L] GAME_TIME 4.97676
[L] GAME_TIME 5.23785
[L] DEATH_SUICIDE web_user
[0] web_user committed suicide and lost 4 points.
[L] GAME_TIME 5.49066
[L] GAME_TIME 5.74329
[L] GAME_TIME 6.00678
[L] GAME_TIME 6.27037
[L] GAME_TIME 6.52199
[L] GAME_TIME 6.78646
[L] GAME_TIME 7.04908
[L] GAME_TIME 7.30812
[L] GAME_TIME 7.56879
[L] GAME_TIME 7.82817
[L] GAME_TIME 8.079
[L] GAME_TIME 8.33502
[L] GAME_TIME 8.59426
[L] GAME_TIME 8.85232
[L] GAME_TIME 9.10661
[L] GAME_TIME 9.35742
[L] GAME_TIME 9.62102
[0] Deleting objects...
[0] Deleting grid...
[0] 
[L] ROUND_SCORE -4 web_user web_user
[L] ROUND_SCORE_TEAM -4 web_user
[L] NEW_ROUND 2026-09-10 21:10:12 UTC
[0] Time:     14.6887 seconds
Sent:     10562 bytes in 156 packets (719.058 bytes/s)
Received: 6126 bytes in 140 packets (417.056 bytes/s)
[0] Timestamp: 2026/09/10 21:10:12
[0] Creating grid...
[0] done!
[0] Go (round 7 of 10)!
[L] GAME_TIME -3.80812
[L] GAME_TIME -3.54393
[L] GAME_TIME -3.29353
[L] GAME_TIME -3.03077
[0] 3
[L] GAME_TIME -2.77075
[L] GAME_TIME -2.52018
[L] GAME_TIME -2.26662
[L] GAME_TIME -2.00188
[0] 2
[L] GAME_TIME -1.74971
[L] GAME_TIME -1.48937
[L] GAME_TIME -1.2341
[0] 1
[L] GAME_TIME -0.979391
[L] GAME_TIME -0.7279
[L] GAME_TIME -0.475119
[L] GAME_TIME -0.219043
[0] 0
[L] GAME_TIME 0.034618
[L] GAME_TIME 0.300748
[L] GAME_TIME 0.563474
[L] GAME_TIME 0.818912
[L] GAME_TIME 1.07587
[L] GAME_TIME 1.33073
[L] GAME_TIME 1.59501
[L] GAME_TIME 1.84618
[L] GAME_TIME 2.09825
[L] GAME_TIME 2.34999
[L] GAME_TIME 2.6035
[L] GAME_TIME 2.85488
[L] GAME_TIME 3.11613
[L] GAME_TIME 3.37592
[L] GAME_TIME 3.63744
[L] GAME_TIME 3.89324
[L] GAME_TIME 4.15052
[L] GAME_TIME 4.41201
[L] GAME_TIME 4.66259
[L] GAME_TIME 4.92067
[L] GAME_TIME 5.17877
[L] DEATH_SUICIDE web_user
[0] web_user committed suicide and lost 4 points.
[L] GAME_TIME 5.42926
[L] GAME_TIME 5.69
[L] GAME_TIME 5.95058
[L] GAME_TIME 6.21675
[L] GAME_TIME 6.47629
[L] GAME_TIME 6.7396
[L] GAME_TIME 6.99965
[L] GAME_TIME 7.25906
[L] GAME_TIME 7.5185
[L] GAME_TIME 7.77867
[L] GAME_TIME 8.03823
[L] GAME_TIME 8.29882
[L] GAME_TIME 8.55632
[L] GAME_TIME 8.81382
[L] GAME_TIME 9.07089
[L] GAME_TIME 9.32339
[L] GAME_TIME 9.58034
[L] GAME_TIME 9.83765
[0] Deleting objects...
[0] Deleting grid...
[0] 
[L] ROUND_SCORE -4 web_user web_user
[L] ROUND_SCORE_TEAM -4 web_user
[L] NEW_ROUND 2026-09-10 21:10:27 UTC
[0] Time:     14.7648 seconds
Sent:     10504 bytes in 155 packets (711.421 bytes/s)
Received: 6050 bytes in 138 packets (409.758 bytes/s)
[0] Timestamp: 2026/09/10 21:10:27
[0] Creating grid...
[0] done!
[0] Go (round 8 of 10)!
[L] GAME_TIME -3.81998
[L] GAME_TIME -3.55598
[L] GAME_TIME -3.30493
[L] GAME_TIME -3.05445
[0] 3
[L] GAME_TIME -2.80229
[L] GAME_TIME -2.54208
[L] GAME_TIME -2.292
[L] GAME_TIME -2.03707
[0] 2
[L] GAME_TIME -1.77423
[L] GAME_TIME -1.5217
[L] GAME_TIME -1.26063
[L] GAME_TIME -1.01038
[0] 1
[L] GAME_TIME -0.753085
[L] GAME_TIME -0.500331
[L] GAME_TIME -0.24822
[0] 0
[L] GAME_TIME 0.00577
[L] GAME_TIME 0.265556
[L] GAME_TIME 0.525446
[L] GAME_TIME 0.783719
[L] GAME_TIME 1.04249
[L] GAME_TIME 1.3042
[L] GAME_TIME 1.55802
[L] GAME_TIME 1.80992
[L] GAME_TIME 2.06202
[L] GAME_TIME 2.32069
[L] GAME_TIME 2.57829
[L] GAME_TIME 2.8315
[L] GAME_TIME 3.08785
[L] GAME_TIME 3.34657
[L] GAME_TIME 3.60852
[L] GAME_TIME 3.8608
[L] GAME_TIME 4.11727
[L] GAME_TIME 4.38196
[L] GAME_TIME 4.63389
[L] GAME_TIME 4.88952
[L] GAME_TIME 5.14603
[L] GAME_TIME 5.41052
[L] DEATH_SUICIDE web_user
[0] web_user committed suicide and lost 4 points.
[L] GAME_TIME 5.66603
[L] GAME_TIME 5.91905
[L] GAME_TIME 6.17936
[L] GAME_TIME 6.43547
[L] GAME_TIME 6.69702
[L] GAME_TIME 6.95901
[L] GAME_TIME 7.2141
[L] GAME_TIME 7.46693
[L] GAME_TIME 7.72293
[L] GAME_TIME 7.97564
[L] GAME_TIME 8.22614
[L] GAME_TIME 8.48181
[L] GAME_TIME 8.7355
[L] GAME_TIME 8.99782
[L] GAME_TIME 9.26131
[L] GAME_TIME 9.51174
[L] GAME_TIME 9.76803
[0] Deleting objects...
[0] Deleting grid...
[0] 
[L] ROUND_SCORE -4 web_user web_user
[L] ROUND_SCORE_TEAM -4 web_user
[L] NEW_ROUND 2026-09-10 21:10:42 UTC
[0] Time:     14.693 seconds
Sent:     10408 bytes in 152 packets (708.366 bytes/s)
Received: 6124 bytes in 140 packets (416.798 bytes/s)
[0] Timestamp: 2026/09/10 21:10:42
[0] Creating grid...
[0] done!
[0] Go (round 9 of 10)!
[L] GAME_TIME -3.81791
[L] GAME_TIME -3.55898
[L] GAME_TIME -3.29898
[L] GAME_TIME -3.04772
[0] 3
[L] GAME_TIME -2.78271
[L] GAME_TIME -2.51851
[L] GAME_TIME -2.25595
[0] 2
[L] GAME_TIME -1.99695
[L] GAME_TIME -1.73556
[L] GAME_TIME -1.48479
[L] GAME_TIME -1.22711
[0] 1
[L] GAME_TIME -0.970478
[L] GAME_TIME -0.717169
[L] GAME_TIME -0.455941
[L] GAME_TIME -0.193738
[0] 0
[L] GAME_TIME 0.064135
[L] GAME_TIME 0.32256
[L] GAME_TIME 0.58943
[L] GAME_TIME 0.839851
[L] GAME_TIME 1.10449
[L] GAME_TIME 1.35808
[L] GAME_TIME 1.61729
[L] GAME_TIME 1.86939
[L] GAME_TIME 2.12729
[L] GAME_TIME 2.39025
[L] GAME_TIME 2.65048
[L] GAME_TIME 2.90149
[L] GAME_TIME 3.164
[L] GAME_TIME 3.42496
[L] GAME_TIME 3.67718
[L] GAME_TIME 3.93497
[L] GAME_TIME 4.18922
[L] GAME_TIME 4.44791
[L] GAME_TIME 4.71075
[L] GAME_TIME 4.96164
[L] GAME_TIME 5.22386
[L] DEATH_SUICIDE web_user
[0] web_user committed suicide and lost 4 points.
[L] GAME_TIME 5.48392
[L] GAME_TIME 5.7396
[L] GAME_TIME 5.99228
[L] GAME_TIME 6.25285
[L] GAME_TIME 6.51183
[L] GAME_TIME 6.77271
[L] GAME_TIME 7.02751
[L] GAME_TIME 7.28967
[L] GAME_TIME 7.54206
[L] GAME_TIME 7.79919
[L] GAME_TIME 8.05692
[L] GAME_TIME 8.31085
[L] GAME_TIME 8.5711
[L] GAME_TIME 8.83348
[L] GAME_TIME 9.08718
[L] GAME_TIME 9.35269
[L] GAME_TIME 9.60367
[L] GAME_TIME 9.86175
[0] Deleting objects...
[0] Deleting grid...
[0] 
[L] ROUND_SCORE -4 web_user web_user
[L] ROUND_SCORE_TEAM -4 web_user
[L] NEW_ROUND 2026-09-10 21:10:56 UTC
[0] Time:     14.7447 seconds
Sent:     10616 bytes in 156 packets (719.985 bytes/s)
Received: 6092 bytes in 139 packets (413.164 bytes/s)
[0] Timestamp: 2026/09/10 21:10:56
[0] Creating grid...
[0] done!
[0] Go (round 10 of 10)!
[L] GAME_TIME -3.81253
[L] GAME_TIME -3.55817
[L] GAME_TIME -3.30317
[L] GAME_TIME -3.04117
[0] 3
[L] GAME_TIME -2.78309
[L] GAME_TIME -2.51698
[L] GAME_TIME -2.26694
[L] GAME_TIME -2.01413
[0] 2
[L] GAME_TIME -1.7571
[L] GAME_TIME -1.50034
[L] GAME_TIME -1.23651
[0] 1
[L] GAME_TIME -0.982734
[L] GAME_TIME -0.721899
[L] GAME_TIME -0.461873
[L] GAME_TIME -0.203724
[0] 0
[L] GAME_TIME 0.047105
[L] GAME_TIME 0.302444
[L] GAME_TIME 0.554087
[L] GAME_TIME 0.816159
[L] GAME_TIME 1.0758
[L] GAME_TIME 1.337
[L] GAME_TIME 1.59455
[L] GAME_TIME 1.85358
[L] GAME_TIME 2.10621
[L] GAME_TIME 2.37116
[L] GAME_TIME 2.63655
[L] GAME_TIME 2.89132
[L] GAME_TIME 3.14837
[L] GAME_TIME 3.40968
[L] GAME_TIME 3.66644
[L] GAME_TIME 3.92141
[L] GAME_TIME 4.1815
[L] GAME_TIME 4.43874
[L] GAME_TIME 4.68899
[L] GAME_TIME 4.93921
[L] GAME_TIME 5.20307
[L] DEATH_SUICIDE web_user
[0] web_user committed suicide and lost 4 points.
[L] GAME_TIME 5.4557
[L] GAME_TIME 5.71263
[L] GAME_TIME 5.96437
[L] GAME_TIME 6.21839
[L] GAME_TIME 6.46984
[L] GAME_TIME 6.71998
[L] GAME_TIME 6.97686
[L] GAME_TIME 7.23209
[L] GAME_TIME 7.48427
[L] GAME_TIME 7.73694
[L] GAME_TIME 8.00449
[L] GAME_TIME 8.25813
[L] GAME_TIME 8.51711
[L] GAME_TIME 8.77291
[L] GAME_TIME 9.02369
[L] GAME_TIME 9.28556
[L] GAME_TIME 9.55227
[L] GAME_TIME 9.80615
[L] GAME_TIME 10.0615
[L] GAME_TIME 10.3174
[L] GAME_TIME 10.5704
[L] GAME_TIME 10.8345
[0] Match Winner: web_user
[L] MATCH_WINNER web_user web_user
[0] Overall Winner: web_user after 10 rounds.
[L] GAME_TIME 11.098
[L] GAME_TIME 11.3509
[L] GAME_TIME 11.6091
[L] GAME_TIME 11.8641
[L] GAME_TIME 12.1179
[L] GAME_TIME 12.3743
[L] GAME_TIME 12.6367
[L] GAME_TIME 12.8912
[L] GAME_TIME 13.1537
[L] GAME_TIME 13.4118
[L] GAME_TIME 13.6675
[L] GAME_TIME 13.931
[L] GAME_TIME 14.1895
[L] GAME_TIME 14.454
[L] GAME_TIME 14.7049
[L] GAME_TIME 14.9551
[L] GAME_TIME 15.2181
[L] GAME_TIME 15.4808
[L] GAME_TIME 15.7384
[L] GAME_TIME 15.9953
[L] GAME_TIME 16.2485
[L] GAME_TIME 16.502
[L] GAME_TIME 16.7613
[L] GAME_TIME 17.0231
[L] GAME_TIME 17.2818
[L] GAME_TIME 17.5438
[L] GAME_TIME 17.7965
[0] Deleting objects...
[0] Deleting grid...
[0] 
[L] ROUND_SCORE -4 web_user web_user
[L] ROUND_SCORE_TEAM -4 web_user
[L] NEW_ROUND 2026-09-10 21:11:19 UTC
[L] NEW_MATCH 2026-09-10 21:11:19 UTC
[0] Time:     22.7591 seconds
Sent:     11046 bytes in 162 packets (485.344 bytes/s)
Received: 6586 bytes in 151 packets (289.379 bytes/s)
[0] Timestamp: 2026/09/10 21:11:19
[0] Creating grid...
[0] done!
[0] Resetting scores...
[0] New Match
[0] Go (round 1 of 10)!
[L] GAME_TIME -3.81187
[L] GAME_TIME -3.54881
[L] GAME_TIME -3.28764
[L] GAME_TIME -3.02491
[0] 3
[L] GAME_TIME -2.76684
[L] GAME_TIME -2.51251
[L] GAME_TIME -2.24813
[0] 2
[L] GAME_TIME -1.98675
[L] GAME_TIME -1.72485
[L] GAME_TIME -1.46241
[L] GAME_TIME -1.19846
[0] 1
[L] GAME_TIME -0.940256
[L] GAME_TIME -0.676363
[L] GAME_TIME -0.410682
[L] GAME_TIME -0.147013
[0] 0
[L] GAME_TIME 0.115206
[L] GAME_TIME 0.372521
[L] GAME_TIME 0.623315
[L] GAME_TIME 0.877639
[L] GAME_TIME 1.13915
[L] GAME_TIME 1.39392
[L] GAME_TIME 1.65548
[L] GAME_TIME 1.91964
[L] GAME_TIME 2.17355
[L] GAME_TIME 2.42513
[L] GAME_TIME 2.68308
[L] GAME_TIME 2.94105
[L] GAME_TIME 3.20563
[L] GAME_TIME 3.46587
[L] GAME_TIME 3.72693
[L] GAME_TIME 3.98738
[L] GAME_TIME 4.24268
[L] GAME_TIME 4.50548
[L] GAME_TIME 4.76149
[L] GAME_TIME 5.01442
[L] GAME_TIME 5.27711
[L] DEATH_SUICIDE web_user
[0] web_user committed suicide and lost 4 points.
[L] GAME_TIME 5.54031
[L] GAME_TIME 5.79231
[L] GAME_TIME 6.05275
[L] GAME_TIME 6.30301
[L] GAME_TIME 6.56297
[L] GAME_TIME 6.81927
[L] GAME_TIME 7.08183
[L] GAME_TIME 7.34363
[L] GAME_TIME 7.60139
[L] GAME_TIME 7.85666
[L] GAME_TIME 8.11883
[L] GAME_TIME 8.37134
[L] GAME_TIME 8.62684
[L] GAME_TIME 8.88955
[L] GAME_TIME 9.13983
[L] GAME_TIME 9.40346
[L] GAME_TIME 9.66216
[0] Deleting objects...
[0] Deleting grid...
[0] 
[L] ROUND_SCORE -4 web_user web_user
[L] ROUND_SCORE_TEAM -4 web_user
[L] NEW_ROUND 2026-09-10 21:11:34 UTC
[0] Time:     14.7459 seconds
Sent:     10604 bytes in 155 packets (719.116 bytes/s)
Received: 6052 bytes in 138 packets (410.42 bytes/s)
[0] Timestamp: 2026/09/10 21:11:34
[0] Creating grid...
[0] done!
[0] Go (round 2 of 10)!
[L] GAME_TIME -3.80023
[L] GAME_TIME -3.53464
[L] GAME_TIME -3.27622
[L] GAME_TIME -3.02305
[0] 3
[L] GAME_TIME -2.76717
[L] GAME_TIME -2.51525
[L] GAME_TIME -2.26288
[L] GAME_TIME -2.01258
[0] 2
[L] GAME_TIME -1.75151
[L] GAME_TIME -1.49194
[L] GAME_TIME -1.23581
[0] 1
[L] GAME_TIME -0.971243
[L] GAME_TIME -0.716706
[L] GAME_TIME -0.455575
[L] GAME_TIME -0.204135
[0] 0
[L] GAME_TIME 0.050356
[L] GAME_TIME 0.311227
[L] GAME_TIME 0.562001
[L] GAME_TIME 0.826732
[L] GAME_TIME 1.07973
[L] GAME_TIME 1.33863
[L] GAME_TIME 1.59909
[L] GAME_TIME 1.85644
[L] GAME_TIME 2.11924
[L] GAME_TIME 2.38291
[L] GAME_TIME 2.63887
[L] GAME_TIME 2.90091
[L] GAME_TIME 3.1589
[L] GAME_TIME 3.4125
[L] GAME_TIME 3.67206
[L] GAME_TIME 3.93304
[L] GAME_TIME 4.19492
[L] GAME_TIME 4.45942
[L] GAME_TIME 4.71014
[L] GAME_TIME 4.97061
[L] GAME_TIME 5.22366
[L] DEATH_SUICIDE web_user
[0] web_user committed suicide and lost 4 points.
[L] GAME_TIME 5.48131
[L] GAME_TIME 5.73195
[L] GAME_TIME 5.98448
[L] GAME_TIME 6.24495
[L] GAME_TIME 6.50633
[L] GAME_TIME 6.76651
[L] GAME_TIME 7.01954
[L] GAME_TIME 7.27044
[L] GAME_TIME 7.52346
[L] GAME_TIME 7.77932
[L] GAME_TIME 8.0428
[L] GAME_TIME 8.29745
[L] GAME_TIME 8.5496
[L] GAME_TIME 8.80469
[L] GAME_TIME 9.0695
[L] GAME_TIME 9.333
[L] GAME_TIME 9.58356
[L] GAME_TIME 9.83631
[0] Deleting objects...
[0] Deleting grid...
[0] 
[L] ROUND_SCORE -4 web_user web_user
[L] ROUND_SCORE_TEAM -4 web_user
[L] NEW_ROUND 2026-09-10 21:11:49 UTC
[0] Time:     14.7419 seconds
Sent:     10440 bytes in 153 packets (708.187 bytes/s)
Received: 6084 bytes in 139 packets (412.702 bytes/s)
[0] Timestamp: 2026/09/10 21:11:49
[0] Creating grid...
[0] done!
[0] Go (round 3 of 10)!
[L] GAME_TIME -3.81343
[L] GAME_TIME -3.55941
[L] GAME_TIME -3.30718
[L] GAME_TIME -3.04648
