[    755ms] [harness] mobile emulation: 915x412 CSS px dpr 3 (= 2745x1236 device px), touch on
[    756ms] [harness] chrome: Chrome/152.0.7977.77
[    757ms] [harness] navigating to http://localhost:8007/armagetronad.html?autostart=0&touch=1
[     33ms] [console.log] [DISPLAY] at load: viewport 915x412 dpr 3 -> canvas 2745x1236 aspect 2.2209 gpu-axis-limit 16384
[     34ms] [console.log] [TOUCH] enabled=true (?touch=1) maxTouchPoints=5
[     34ms] [console.log] [TOUCH] context 0 (menu no, cycle no) -> TAP=ENTER
[     34ms] [console.log] [TOUCH] play in portrait: false (localStorage aa.portrait)
[     35ms] [console.log] [TOUCH] orientation portrait=false (sized for portrait: false, boot held: false, play in portrait: false)
[     35ms] [console.log] [TOUCH] orientation portrait=false (sized for portrait: false, boot held: false, play in portrait: false)
[     41ms] [console.error] WARNING: using emscripten GL emulation. This is a collection of limited workarounds, do not expect it to work.
[     41ms] [console.error] WARNING: using emscripten GL emulation unsafe opts. If weirdness happens, try -sGL_UNSAFE_OPTS=0
[     47ms] [page] load event fired
[     51ms] [browser.error/network] Failed to load resource: the server responded with a status of 404 (File not found)   <- http://localhost:8007/favicon.ico
[    100ms] [console.log] [PERSIST] populate ok in 37ms
[    269ms] [console.log] [PERSIST] runtime initialized, starting the game
[    270ms] [console.log] [CAMERA] camera distance x0.5 written to /data/webdefaults/autoexec.cfg before main()
[    271ms] [console.log] [BOOT] main() HELD by ?autostart=0, waiting for AA_START()
[    828ms] [harness] eval (() => {  /* One frame = one flush/finish on the WebGL context. rSysDep::SwapGL calls     exactly one of the two per swap, chosen by swapMode_: the static default     is rSwap_glFlush, but sr_LoadDefaultConfig (rScreen.cpp) sets     rSwap_glFinish and welcome() (gArmagetron.cpp) runs it under st_FirstUse     -- and every harness run is a first-use boot (drive-browser.mjs makes a     fresh profile), so the client the harness measures swaps with glFinish,     a synchronous wait for the GPU. S.swaps counts each kind so the [PERF]     line says which fired instead of assuming. Per frame we keep: the     timestamp (taken BEFORE the swap call), the time spent INSIDE the swap     call (the GPU wait), the timestamp of the frame's first draw call, the     number of drawArrays/drawElements calls, and the bytes through     bufferData/bufferSubData. Draw calls and bytes are the direct measure of     "geometry re-submitted through the emulation this frame" (mechanism 1);     the first-draw timestamp lets report.js split a frame interval into     [end of previous swap -> first draw] (event-loop yield, input,     simulation) and [first draw -> swap] (render submission), so a frame that     gets slower in the first part while its draw calls stay flat is NOT the     renderer. */  /* THIS FILE IS ONE EXPRESSION WITH BLOCK COMMENTS ONLY: run-arm.sh strips     every newline to fit it into a single eval: step of drive-browser.mjs, so     a // comment would swallow the rest of the program. */  const N = 600000;  const S = { t: new Float64Array(N), wait: new Float32Array(N), first: new Float64Array(N),              draws: new Uint32Array(N), bytes: new Float64Array(N), n: 0,              swaps: { flush: 0, finish: 0 }, marks: [], shots: [], cur: { draws: 0, bytes: 0, first: 0 } };  window.__fps = S;  /* Screenshot bracket. Page.captureScreenshot spends real time on the page     and can put a hitch INTO a measured window; the driver's own     "[harness] screenshot" line is on the driver's clock, in the driver's     transcript, where report.js cannot see it. The template therefore wraps     every shot: step in eval:__fps.shot('name','begin') and     eval:__fps.shot('name','end'), on the page's clock, and report.js drops     the frames between the two (plus a pad) from every statistic. */  S.shot = (name, edge) => { S.shots.push([performance.now(), name, edge]); return 'shot ' + edge + ' ' + name; };  const wrap = (C) => {    if (!C) return; const P = C.prototype;    for (const m of ['flush', 'finish']) { const o = P[m]; if (!o) continue;      P[m] = function () {        const i = S.n, now = performance.now();        if (i < N) { S.t[i] = now; S.draws[i] = S.cur.draws; S.bytes[i] = S.cur.bytes; S.first[i] = S.cur.first; S.n = i + 1; }        S.swaps[m]++; S.cur.draws = 0; S.cur.bytes = 0; S.cur.first = 0;        const r = o.apply(this, arguments);        if (i < N) S.wait[i] = performance.now() - now;        return r; }; }    for (const m of ['drawArrays', 'drawElements']) { const o = P[m]; if (!o) continue;      P[m] = function () { if (!S.cur.first) S.cur.first = performance.now(); S.cur.draws++; return o.apply(this, arguments); }; }    for (const m of ['bufferData', 'bufferSubData']) { const o = P[m]; if (!o) continue;      P[m] = function () { const d = (m === 'bufferData') ? arguments[1] : arguments[2];        S.cur.bytes += (d && d.byteLength) ? d.byteLength : (typeof d === 'number' ? d : 0);        return o.apply(this, arguments); }; }  };  wrap(window.WebGLRenderingContext); wrap(window.WebGL2RenderingContext);  const cl = console.log.bind(console);  console.log = function () { const s = (arguments.length && typeof arguments[0] === 'string') ? arguments[0] : '';    if (s.indexOf('[L] ') === 0) S.marks.push([performance.now(), s]); return cl.apply(null, arguments); };  return 'sampler armed: frames, swap kind and wait, first draw, draw calls, buffer bytes, shot brackets';})() => "sampler armed: frames, swap kind and wait, first draw, draw calls, buffer bytes, shot brackets"
[    830ms] [harness] eval (()=>{const p='/data/webdefaults/autoexec.cfg';const cur=Module.FS.readFile(p,{encoding:'utf8'});const add='\n# perf arm tut-nosparks-r3\nMAX_FPS 1000\nSP_SIZE_FACTOR 6\nSP_NUM_AIS 7\nSPARKS 0\n';Module.FS.writeFile(p,cur+add);return 'autoexec.cfg patched: '+JSON.stringify(add)})() => "autoexec.cfg patched: \"\\n# perf arm tut-nosparks-r3\\nMAX_FPS 1000\\nSP_SIZE_FACTOR 6\\nSP_NUM_AIS 7\\nSPARKS 0\\n\""
[    831ms] [console.log] [BOOT] autostart: calling main
[    835ms] [console.error] Error: Error in tString GeneratePrefix() in src/tools/tDirectories.cpp:1380 : 
[    835ms] [console.error]  	Relocation error. The binary was supposed to be installed into /usr/local/bin and found itself in . and could not find out what this means for the prefix /usr/local.
[    835ms] [console.error] 
[    836ms] [console.log] Warning in void FindConfigurationPath() in src/tools/tDirectories.cpp:1465 : 
[    836ms] [console.log]  	Could not determine path to configuration files. Using defaults or command line arguments.
[    836ms] [console.log] 
[    965ms] [console.log] [L] ENCODING latin1
[    972ms] [console.log] Trying to start sound. Just restart Armagetron Advanced in case of crash.
[    974ms] [console.log] [SND] device opened: 22050 Hz, 2 ch, 16-bit, 1024 frames/callback (46.4 ms per callback, SOUND_BUFFER_SHIFT 1)
[    992ms] [console.error] WARNING: using emscripten GL immediate mode emulation. This is very limited in what it supports
[    995ms] [console.error] TODO: glShadeModel
[    998ms] [browser.warning/rendering] Canvas2D: Multiple readback operations using getImageData are faster with the willReadFrequently attribute set to true. See: https://html.spec.whatwg.org/multipage/canvas.html#concept-canvas-will-read-frequently   <- http://localhost:8007/armagetronad.js
[   1032ms] [harness] eval window.AA_START() => undefined
[   1033ms] [harness] until 1x <<[BOOT] autostart>> (timeout 90000ms, have 1)
[   1033ms] [harness] until SATISFIED: saw 1x <<[BOOT] autostart>>
[   1040ms] [console.log] [TOUCH] context 1 (menu yes, cycle no) -> TAP=ENTER
[  10114ms] [harness] tap #tapzone at 458,206 (1/1)
[  10137ms] [console.log] [PERSISTSAVE] menu-leave n=1
[  13494ms] [harness] tap #tapzone at 458,206 (1/1)
[  13501ms] [console.log] [PERSISTSAVE] menu-leave n=2
[  13526ms] [console.log] [TOUCH] context 0 (menu no, cycle no) -> TAP=ENTER
[  17380ms] [console.log] [L] PLAYER_ENTERED web_user  web_user
[  17381ms] [console.log] [L] TEAM_CREATED web_user
[  17381ms] [console.log] [L] TEAM_PLAYER_ADDED web_user web_user
[  17384ms] [console.log] [WAV] loaded /data/sound/expl.wav: 11937 bytes, 8-bit mono @ 11025 Hz (fopen misses so far: 1)
[  17387ms] [console.log] [L] ROUND_SCORE_TEAM 0 web_user
[  17387ms] [console.log] [L] NEW_ROUND 2026-09-04 17:31:04 UTC+0200
[  17407ms] [console.log] [L] TEAM_CREATED ai_team
[  17408ms] [console.log] [L] TEAM_PLAYER_ADDED ai_team word
[  17408ms] [console.log] [L] TEAM_PLAYER_ADDED ai_team excel
[  17408ms] [console.log] [L] TEAM_PLAYER_ADDED ai_team notepad
[  17408ms] [console.log] [L] TEAM_PLAYER_ADDED ai_team gcc
[  17409ms] [console.log] [WAV] loaded /data/sound/cyclrun.wav: 40403 bytes, 8-bit mono @ 22050 Hz (fopen misses so far: 2)
[  17430ms] [harness] tap #tapzone at 458,206 (1/1)
[  17434ms] [console.log] [WAV] loaded /data/sound/expl.wav: 11937 bytes, 8-bit mono @ 11025 Hz (fopen misses so far: 2)
[  17434ms] [console.log] [WAV] retiring a voice on moviesounds/intro.wav: loaded but zero samples
[  17434ms] [console.log] [SND] live voices peaked at 11 (SOUND_SOURCES 10, loudness_thresh 0.0000)
[  17530ms] [console.log] [TOUCH] context 2 (menu no, cycle alive) -> STEERING
[  17666ms] [browser.error/network] Failed to load resource: the server responded with a status of 404 (File not found)   <- http://localhost:8007/favicon.ico
[  19732ms] [harness] until 1x <<[L] NEW_ROUND>> (timeout 120000ms, have 1)
[  19733ms] [harness] until SATISFIED: saw 1x <<[L] NEW_ROUND>>
[  19733ms] [harness] === ROUND-1-SETUP-NOT-MEASURED ===
[  22747ms] [console.log] [WAV] loaded /data/sound/expl.wav: 11937 bytes, 8-bit mono @ 11025 Hz (fopen misses so far: 3)
[  22767ms] [harness] key Right (1/1)
[  23101ms] [harness] key Left (1/1)
[  24904ms] [harness] eval __fps.shot('r1-after-tutorial-keys','begin') => "shot begin r1-after-tutorial-keys"
[  25072ms] [harness] screenshot -> docs/evidence/m6-lag/task8-sparks/tut-nosparks-r3/r1-after-tutorial-keys.png
[  25075ms] [harness] eval __fps.shot('r1-after-tutorial-keys','end') => "shot end r1-after-tutorial-keys"
[  25078ms] [harness] CPU throttling rate 6x
[  25078ms] [harness] === THROTTLE-ON ===
[  25078ms] [harness] until 2x <<[L] NEW_ROUND>> (timeout 260000ms, have 1)
[  63506ms] [console.log] [L] DEATH_FRAG web_user gcc
[  63516ms] [console.log] [WAV] loaded /data/sound/expl.wav: 11937 bytes, 8-bit mono @ 11025 Hz (fopen misses so far: 4)
[  63537ms] [console.log] [TOUCH] context 0 (menu no, cycle no) -> TAP=ENTER
[  64785ms] [console.log] [L] ROUND_WINNER ai_team gcc notepad excel word
[  68868ms] [console.log] [L] ROUND_SCORE -2 web_user web_user
[  68870ms] [console.log] [L] ROUND_SCORE_TEAM -2 web_user
[  68871ms] [console.log] [L] NEW_ROUND 2026-09-04 17:31:55 UTC+0200
[  68890ms] [console.log] [L] TEAM_PLAYER_ADDED ai_team outlook
[  68893ms] [console.log] [L] TEAM_PLAYER_ADDED ai_team latex
[  68896ms] [console.log] [L] TEAM_PLAYER_ADDED ai_team gdb
[  68915ms] [console.log] [SND] live voices peaked at 16 (SOUND_SOURCES 10, loudness_thresh 0.0110)
[  68916ms] [console.log] [SND] voice limiter STARTED cutting: 16 live voices, SOUND_SOURCES 10, loudness_thresh 0.0110
[  68917ms] [harness] until SATISFIED: saw 2x <<[L] NEW_ROUND>>
[  68917ms] [harness] === ROUND-2-MEASURED ===
[  69033ms] [console.log] [TOUCH] context 2 (menu no, cycle alive) -> STEERING
[  69356ms] [console.log] [SND] voice limiter stopped cutting: 4 live voices, SOUND_SOURCES 10, loudness_thresh 0.0000
[  69411ms] [console.log] [SND] voice limiter STARTED cutting: 15 live voices, SOUND_SOURCES 10, loudness_thresh 0.0110
[  69874ms] [console.log] [SND] voice limiter stopped cutting: 4 live voices, SOUND_SOURCES 10, loudness_thresh 0.0000
[  69917ms] [console.log] [SND] voice limiter STARTED cutting: 15 live voices, SOUND_SOURCES 10, loudness_thresh 0.0110
[  70378ms] [console.log] [SND] voice limiter stopped cutting: 4 live voices, SOUND_SOURCES 10, loudness_thresh 0.0000
[  70421ms] [console.log] [SND] voice limiter STARTED cutting: 14 live voices, SOUND_SOURCES 10, loudness_thresh 0.0010
[  70466ms] [console.log] [SND] voice limiter stopped cutting: 5 live voices, SOUND_SOURCES 10, loudness_thresh 0.0000
[  70530ms] [console.log] [SND] voice limiter STARTED cutting: 14 live voices, SOUND_SOURCES 10, loudness_thresh 0.0010
[  70573ms] [console.log] [SND] voice limiter stopped cutting: 5 live voices, SOUND_SOURCES 10, loudness_thresh 0.0000
[  70613ms] [console.log] [SND] voice limiter STARTED cutting: 14 live voices, SOUND_SOURCES 10, loudness_thresh 0.0010
[  70657ms] [console.log] [SND] voice limiter stopped cutting: 5 live voices, SOUND_SOURCES 10, loudness_thresh 0.0000
[  74927ms] [harness] eval __fps.shot('r2-06s','begin') => "shot begin r2-06s"
[  75112ms] [harness] screenshot -> docs/evidence/m6-lag/task8-sparks/tut-nosparks-r3/r2-06s.png
[  75115ms] [harness] eval __fps.shot('r2-06s','end') => "shot end r2-06s"
[  99135ms] [harness] eval __fps.shot('r2-30s','begin') => "shot begin r2-30s"
[  99305ms] [harness] screenshot -> docs/evidence/m6-lag/task8-sparks/tut-nosparks-r3/r2-30s.png
[  99322ms] [harness] eval __fps.shot('r2-30s','end') => "shot end r2-30s"
[ 114350ms] [console.log] [SND] voice limiter STARTED cutting: 12 live voices, SOUND_SOURCES 10, loudness_thresh 0.0010
[ 115945ms] [console.log] [SND] voice limiter stopped cutting: 8 live voices, SOUND_SOURCES 10, loudness_thresh 0.0000
[ 119331ms] [harness] eval __fps.shot('r2-50s','begin') => "shot begin r2-50s"
[ 119540ms] [harness] screenshot -> docs/evidence/m6-lag/task8-sparks/tut-nosparks-r3/r2-50s.png
[ 119560ms] [harness] eval __fps.shot('r2-50s','end') => "shot end r2-50s"
[ 119560ms] [harness] until 3x <<[L] NEW_ROUND>> (timeout 260000ms, have 2)
[ 127969ms] [console.log] [L] DEATH_FRAG web_user notepad
[ 128045ms] [console.log] [TOUCH] context 0 (menu no, cycle no) -> TAP=ENTER
[ 129793ms] [console.log] [L] ROUND_WINNER ai_team gdb latex outlook gcc notepad excel word
[ 133860ms] [console.log] [L] ROUND_SCORE -2 web_user web_user
[ 133862ms] [console.log] [L] ROUND_SCORE_TEAM -2 web_user
[ 133865ms] [console.log] [L] NEW_ROUND 2026-09-04 17:33:00 UTC+0200
[ 133873ms] [harness] until SATISFIED: saw 3x <<[L] NEW_ROUND>>
[ 133873ms] [harness] === ROUND-3-MEASURED ===
[ 133897ms] [console.log] [SND] voice limiter STARTED cutting: 16 live voices, SOUND_SOURCES 10, loudness_thresh 0.0110
[ 134030ms] [console.log] [TOUCH] context 2 (menu no, cycle alive) -> STEERING
[ 134325ms] [console.log] [SND] voice limiter stopped cutting: 4 live voices, SOUND_SOURCES 10, loudness_thresh 0.0000
[ 139886ms] [harness] eval __fps.shot('r3-06s','begin') => "shot begin r3-06s"
[ 140052ms] [harness] screenshot -> docs/evidence/m6-lag/task8-sparks/tut-nosparks-r3/r3-06s.png
[ 140058ms] [harness] eval __fps.shot('r3-06s','end') => "shot end r3-06s"
[ 164080ms] [harness] eval __fps.shot('r3-30s','begin') => "shot begin r3-30s"
[ 164271ms] [harness] screenshot -> docs/evidence/m6-lag/task8-sparks/tut-nosparks-r3/r3-30s.png
[ 164273ms] [harness] eval __fps.shot('r3-30s','end') => "shot end r3-30s"
[ 184278ms] [harness] eval __fps.shot('r3-50s','begin') => "shot begin r3-50s"
[ 184465ms] [harness] screenshot -> docs/evidence/m6-lag/task8-sparks/tut-nosparks-r3/r3-50s.png
[ 184479ms] [harness] eval __fps.shot('r3-50s','end') => "shot end r3-50s"
[ 184479ms] [harness] until 3x <<[L] ROUND_WINNER>> (timeout 260000ms, have 2)
[ 192957ms] [console.log] [L] DEATH_FRAG web_user notepad
[ 193033ms] [console.log] [TOUCH] context 0 (menu no, cycle no) -> TAP=ENTER
[ 194541ms] [console.log] [L] ROUND_WINNER ai_team gdb latex outlook gcc notepad excel word
[ 194555ms] [harness] until SATISFIED: saw 3x <<[L] ROUND_WINNER>>
[ 194556ms] [harness] === MATCH-OVER ===
[ 195710ms] [harness] eval (() => {  /* ONE EXPRESSION, BLOCK COMMENTS ONLY: run-arm.sh strips newlines to make     this a single eval: step (see sampler.js). tut-nosparks-r3 and 6 are     substituted by run-arm.sh. The object this prints after "[PERF] <arm> " is     the schema Tasks 2-4 read; web/tools/perf/README.md documents it. */  const S = window.__fps, n = S.n;  const PAD_BEFORE = 100, PAD_AFTER = 250;  const marks = (p) => S.marks.filter(m => m[1].indexOf(p) === 0);  const nr = marks('[L] NEW_ROUND').map(m => m[0]);  const rw = marks('[L] ROUND_WINNER').map(m => m[0]);  /* The human is the first PLAYER_ENTERED name; the AIs never enter that way.     A DEATH_* line names its victim first, so the human's deaths are the     DEATH_ marks whose first name is that one. */  const pe = marks('[L] PLAYER_ENTERED ');  const human = pe.length ? pe[0][1].split(/\s+/)[2] : 'web_user';  const deaths = S.marks.filter(m => /^\[L\] DEATH_\w+ /.test(m[1]) && m[1].split(/\s+/)[2] === human).map(m => m[0]);  /* Screenshot exclusions: [begin - PAD_BEFORE, end + PAD_AFTER] for every     bracketed shot (sampler.js S.shot); a begin with no end -- the driver died     mid-shot -- excludes two seconds. */  const ex = []; const open = {};  for (const [t, name, edge] of S.shots) {    if (edge === 'begin') open[name] = t;    else if (edge === 'end' && open[name] != null) { ex.push({ a: open[name] - PAD_BEFORE, b: t + PAD_AFTER, name: name, dur: t - open[name] }); delete open[name]; } }  for (const name in open) ex.push({ a: open[name] - PAD_BEFORE, b: open[name] + 2000, name: name, dur: null });  const excluded = (t) => ex.some(e => t >= e.a && t <= e.b);  const q = (a, p) => { if (!a.length) return null; const s = a.slice().sort((x, y) => x - y);    return s[Math.min(s.length - 1, Math.max(0, Math.round(p * (s.length - 1))))]; };  const r2 = (x) => (x == null) ? null : Math.round(x * 100) / 100;  /* A window's statistics use only frames outside every exclusion, and only     deltas between frames that were ADJACENT samples, so a gap that straddles     an exclusion is never counted as a frame time. raw_ms_max ignores the     exclusions on purpose: it is where a screenshot hitch stays visible, so a     reader can see what was excluded and that it did not leak into ms_p50.     Each frame interval t[i]-t[p] (p the previous sample) is also split into     the three parts the sampler timestamps: ms_in_swap = the previous swap     call itself (p50, p90 and max: if glFinish waited for the GPU it would     show here, and the first measured run read 0 in every window -- so the     tail is reported too), ms_to_first_draw = from that     call's return to this frame's first draw call (the emscripten_sleep(0)     yield, input, the simulation, render setup), ms_first_draw_to_swap = from     the first draw call to this frame's swap call (render submission). */  const win = (t0, t1) => {    const ix = []; let dropped = 0, rawMax = 0, prev = -1;    for (let i = 0; i < n; i++) { const t = S.t[i]; if (t < t0 || t > t1) continue;      if (prev >= 0) rawMax = Math.max(rawMax, t - S.t[prev]); prev = i;      if (excluded(t)) dropped++; else ix.push(i); }    const d = [], sw = [], pre = [], ren = []; let dr = 0, by = 0;    for (let k = 1; k < ix.length; k++) if (ix[k] === ix[k - 1] + 1) { const i = ix[k], p = ix[k - 1];      d.push(S.t[i] - S.t[p]); sw.push(S.wait[p]);      if (S.first[i] > 0) { pre.push(S.first[i] - (S.t[p] + S.wait[p])); ren.push(S.t[i] - S.first[i]); } }    for (const i of ix) { dr += S.draws[i]; by += S.bytes[i]; }    const f = ix.length || 1;    let exms = 0; for (const e of ex) exms += Math.max(0, Math.min(t1, e.b) - Math.max(t0, e.a));    const span = Math.max(1, (t1 - t0) - exms);    return { frames: ix.length, frames_excluded: dropped, ms_p50: r2(q(d, .5)), ms_p90: r2(q(d, .9)),             fps: r2(ix.length / (span / 1000)), draws_per_frame: r2(dr / f),             kb_per_frame: r2(by / f / 1024), hitches_over_50ms: d.filter(x => x > 50).length,             raw_ms_max: r2(rawMax), ms_in_swap_p50: r2(q(sw, .5)), ms_in_swap_p90: r2(q(sw, .9)), ms_in_swap_max: r2(q(sw, 1)),             ms_to_first_draw_p50: r2(q(pre, .5)), ms_first_draw_to_swap_p50: r2(q(ren, .5)) }; };  const perSec = (t0, t1) => { const ms = [], dr = [], mx = [], pre = [], ren = [];    for (let k = 0; k * 1000 < t1 - t0; k++) { const w = win(t0 + k * 1000, Math.min(t1, t0 + (k + 1) * 1000));      ms.push(w.ms_p50); dr.push(w.draws_per_frame); mx.push(w.raw_ms_max); pre.push(w.ms_to_first_draw_p50); ren.push(w.ms_first_draw_to_swap_p50); }    return { ms_p50: ms, draws_per_frame: dr, raw_ms_max: mx, ms_to_first_draw_p50: pre, ms_first_draw_to_swap_p50: ren }; };  /* Pre-round frames. For the first half second of game time after a round     starts (gGame.cpp GameLoop, the gtime <= -PREPARE_TIME + .5 branch) the     game clears the screen and swaps WITHOUT calling Render: overlay only, no     arena, a handful of draw calls at a fraction of a world frame's cost.     They sit right after NEW_ROUND and would otherwise fill the early window     with frames that have no geometry in them. They are found by their draw     count: the threshold is halfway between the fewest draws of any frame in     the round's first two seconds (an overlay-only frame) and the median of     its second second (world frames); the measured span starts at the first     frame after the last frame under the threshold. The frame that straddles     NEW_ROUND itself (drawn mostly before it) is above the threshold and is     left out of both. */  const preRound = (t0) => {    const a = [], b = [];    for (let i = 0; i < n; i++) { const t = S.t[i]; if (t < t0) continue; if (t >= t0 + 2000) break; a.push(i); if (t >= t0 + 1000) b.push(S.draws[i]); }    const none = { start: t0, stats: { frames: 0, ms_p50: null, draws_per_frame: null, span_ms: 0, split_at_draws: null } };    if (!a.length) return none;    let lo = Infinity; for (const i of a) lo = Math.min(lo, S.draws[i]);    const med = q(b, .5); if (med == null || !(med > lo)) return none;    const thr = (lo + med) / 2; const ov = a.filter(i => S.draws[i] <= thr);    if (!ov.length) return none;    const last = ov[ov.length - 1]; const d = []; let dr = 0;    for (let k = 1; k < ov.length; k++) if (ov[k] === ov[k - 1] + 1) d.push(S.t[ov[k]] - S.t[ov[k - 1]]);    for (const i of ov) dr += S.draws[i];    return { start: (last + 1 < n) ? S.t[last + 1] : t0,             stats: { frames: ov.length, ms_p50: r2(q(d, .5)), draws_per_frame: r2(dr / ov.length),                      span_ms: r2(S.t[last] - S.t[ov[0]]), split_at_draws: r2(thr) } }; };  /* A round is closed by its ROUND_WINNER mark when one is written; a     winnerless round -- a lone cycle with no AI (gGame.cpp Analysis: a winner     needs more than one team) -- writes none and ends when the next NEW_ROUND     starts, and a round still running when this report runs closes here. For     a transcript where every round has its ROUND_WINNER before the next     NEW_ROUND (every base arm), this pairs exactly as nr[i]/rw[i] did. */  const rounds = [];  const tReport = performance.now();  for (let i = 0; i < nr.length; i++) {    const t0 = nr[i], next = (i + 1 < nr.length) ? nr[i + 1] : Infinity;    const won = rw.find(t => t > t0 && t < next);    const t1 = won != null ? won : (next < Infinity ? next : tReport);    const closedBy = won != null ? 'round_winner' : (next < Infinity ? 'next_round' : 'report');    const len = (t1 - t0) / 1000; if (len < 8) continue;    /* The measured span runs from the first world frame to the human's death       when the human dies before ROUND_WINNER (after it the camera shows an       explosion and the AIs' endgame, which is not what the maintainer       plays), else to ROUND_WINNER. */    const death = deaths.find(t => t > t0 && t < t1); const te = death != null ? death : t1;    const pr = preRound(t0); const ts = pr.start;    const e = win(ts, ts + 5000), l = win(te - 5000, te), all = win(ts, te);    const shots = ex.filter(x => x.a >= t0 && x.a <= t1).map(x => ({ name: x.name, at_s: r2((x.a + PAD_BEFORE - t0) / 1000), dur_ms: r2(x.dur) }));    rounds.push({ round: i + 1, length_s: r2(len), closed_by: closedBy,      measured_from_s: r2((ts - t0) / 1000), measured_to_s: r2((te - t0) / 1000),      human_death_s: death != null ? r2((death - t0) / 1000) : null, ends_at: death != null ? 'human_death' : 'round_winner',      pre_round: pr.stats, early_5s: e, late_5s: l,      ratio_ms: e.ms_p50 ? r2(l.ms_p50 / e.ms_p50) : null,      ratio_draws: e.draws_per_frame ? r2(l.draws_per_frame / e.draws_per_frame) : null,      hitches_over_50ms: all.hitches_over_50ms, frames: all.frames, frames_excluded: all.frames_excluded,      raw_ms_max: all.raw_ms_max, shots: shots, per_second: perSec(t0, t1) }); }  return '[PERF] tut-nosparks-r3 ' + JSON.stringify({ arm: 'tut-nosparks-r3', cpu_rate: 6, frames: n, human: human,    swaps: S.swaps, rounds_started: nr.length, rounds_won: rw.length,    shots_bracketed: ex.filter(x => x.dur != null).length, shot_pad_ms: [PAD_BEFORE, PAD_AFTER], rounds });})() => "[PERF] tut-nosparks-r3 {\"arm\":\"tut-nosparks-r3\",\"cpu_rate\":6,\"frames\":12008,\"human\":\"web_user\",\"swaps\":{\"flush\":0,\"finish\":12008},\"rounds_started\":3,\"rounds_won\":3,\"shots_bracketed\":7,\"shot_pad_ms\":[100,250],\"rounds\":[{\"round\":1,\"length_s\":47.4,\"closed_by\":\"round_winner\",\"measured_from_s\":0.54,\"measured_to_s\":46.12,\"human_death_s\":46.12,\"ends_at\":\"human_death\",\"pre_round\":{\"frames\":94,\"ms_p50\":5,\"draws_per_frame\":19.05,\"span_ms\":470.1,\"split_at_draws\":40},\"early_5s\":{\"frames\":730,\"frames_excluded\":0,\"ms_p50\":6.8,\"ms_p90\":7.4,\"fps\":146,\"draws_per_frame\":78.36,\"kb_per_frame\":120.91,\"hitches_over_50ms\":0,\"raw_ms_max\":17,\"ms_in_swap_p50\":0,\"ms_in_swap_p90\":0,\"ms_in_swap_max\":0.1,\"ms_to_first_draw_p50\":4.9,\"ms_first_draw_to_swap_p50\":1.9},\"late_5s\":{\"frames\":251,\"frames_excluded\":0,\"ms_p50\":19.6,\"ms_p90\":22.6,\"fps\":50.2,\"draws_per_frame\":83.34,\"kb_per_frame\":121.1,\"hitches_over_50ms\":0,\"raw_ms_max\":29.8,\"ms_in_swap_p50\":0,\"ms_in_swap_p90\":0,\"ms_in_swap_max\":1.2,\"ms_to_first_draw_p50\":6.9,\"ms_first_draw_to_swap_p50\":12.3},\"ratio_ms\":2.88,\"ratio_draws\":1.06,\"hitches_over_50ms\":0,\"frames\":3133,\"frames_excluded\":52,\"raw_ms_max\":32.6,\"shots\":[{\"name\":\"r1-after-tutorial-keys\",\"at_s\":7.52,\"dur_ms\":171.1}],\"per_second\":{\"ms_p50\":[5.4,6.5,6.9,6.9,7.1,7,7,7.1,17.7,17.8,17.2,17.3,17.5,17.4,17.5,17.5,17.8,17.1,16.8,17.1,17.2,17.2,17.1,17.7,17.6,17.5,17.7,17.5,17.2,17.4,17.8,17.3,17.1,18.1,16.9,17.2,17.2,18,18.5,18.6,18.6,19.4,18.4,20.1,19.6,20.1,18.4,17.8],\"draws_per_frame\":[37.25,61,79.77,80,92.91,98.07,95.21,95,91.29,91,88.03,87,86.09,86,85.09,85,85,85,85,85,85,85,85,85,85,85,85,85,85,85,85.46,87,83.83,83,83,83,83,83,83,83,83,83,83,83,83,84.04,85.46,85.36],\"raw_ms_max\":[25.8,7.5,7.9,7.9,13.2,17.5,7.9,23.3,20.7,20,20,19.4,19.3,20.1,20,20.1,21.9,18.8,19,20.3,18.9,26.6,19.5,20.7,21.9,19.2,20.3,32.6,19.8,20.8,21.6,19.9,19.7,23.3,19.1,19.9,19.9,21,21.4,21.5,21.7,22.8,22.1,25.1,28.1,29.8,45.7,22.6],\"ms_to_first_draw_p50\":[4.8,4.8,4.9,4.9,5.1,5.1,5,5.1,6.5,6.4,6.4,6.3,6.5,6.6,6.2,6.5,6.5,6.4,6.3,6.2,6.5,6.4,6.3,6.6,6.6,6.5,6.4,6.3,6.4,6.4,6.2,6.4,6.4,6.7,6.4,6.5,6.3,6.6,6.5,6.5,6.6,6.5,6.5,6.8,7.1,7.7,6.6,6.4],\"ms_first_draw_to_swap_p50\":[0.3,1.6,2,2,2,1.9,1.9,2,11.1,11.2,10.8,11,11,10.9,11.2,10.8,10.9,10.8,10.6,10.6,10.8,10.5,10.7,11.2,11,10.9,11.4,11.1,10.9,11,11.3,10.8,10.7,11.6,10.3,10.6,10.6,11.4,12,12.2,12.1,12.4,12,12.7,12.3,12.2,11.7,10.9]}},{\"round\":2,\"length_s\":60.92,\"closed_by\":\"round_winner\",\"measured_from_s\":0.53,\"measured_to_s\":59.1,\"human_death_s\":59.1,\"ends_at\":\"human_death\",\"pre_round\":{\"frames\":73,\"ms_p50\":6.4,\"draws_per_frame\":15.19,\"span_ms\":472.1,\"split_at_draws\":45},\"early_5s\":{\"frames\":230,\"frames_excluded\":0,\"ms_p50\":21.3,\"ms_p90\":24.1,\"fps\":46,\"draws_per_frame\":95.21,\"kb_per_frame\":180.75,\"hitches_over_50ms\":0,\"raw_ms_max\":40.6,\"ms_in_swap_p50\":0,\"ms_in_swap_p90\":0,\"ms_in_swap_max\":1.2,\"ms_to_first_draw_p50\":5.8,\"ms_first_draw_to_swap_p50\":15.5},\"late_5s\":{\"frames\":195,\"frames_excluded\":0,\"ms_p50\":24.3,\"ms_p90\":32.6,\"fps\":39,\"draws_per_frame\":112.08,\"kb_per_frame\":179.35,\"hitches_over_50ms\":1,\"raw_ms_max\":63.5,\"ms_in_swap_p50\":0,\"ms_in_swap_p90\":0.1,\"ms_in_swap_max\":1.2,\"ms_to_first_draw_p50\":8.2,\"ms_first_draw_to_swap_p50\":15.7},\"ratio_ms\":1.14,\"ratio_draws\":1.18,\"hitches_over_50ms\":5,\"frames\":2369,\"frames_excluded\":66,\"raw_ms_max\":63.5,\"shots\":[{\"name\":\"r2-06s\",\"at_s\":6.06,\"dur_ms\":187.9},{\"name\":\"r2-30s\",\"at_s\":30.26,\"dur_ms\":187.6},{\"name\":\"r2-50s\",\"at_s\":50.46,\"dur_ms\":230.9}],\"per_second\":{\"ms_p50\":[6.8,20.6,20.9,20.8,23.8,23.7,23.5,23,23.4,23.6,23.3,22.5,22.5,22.5,22.5,22.4,22.1,22.1,22.5,22.7,23.8,22.8,22.6,22.7,22.7,23,23,24.8,23.2,23.2,24.5,23.1,24.2,23.5,23.5,23.8,23,23.2,22.5,22.8,23.5,23.3,24.2,22.8,22.3,27.2,29.7,29.4,28.4,27.7,26.8,27,27.1,26.2,26.3,25.8,23.1,22.9,23.3,27.2,27.1],\"draws_per_frame\":[29.28,74.98,93.64,94,117.48,121.85,117,117,114.35,114,111.36,111,108.34,108,107.14,107,107,107,107,107,107,107,107,107,107,107,107,107,107,107,107,107,107,107,107,107,107,107,107,107,107,107,107,107,107,109.17,107,107,107.18,108.89,109.27,110.89,111,111,111,111,111,111.73,114.77,116.57,117.56],\"raw_ms_max\":[23.9,24.3,24.4,23.4,40.6,27.3,25.3,26.1,26,28.4,29.8,25.2,24.6,25.6,24.7,26,25.5,26.6,24.7,24.7,29.7,26.1,24.8,29.3,25,29.2,30.8,40.5,33.4,27.6,28.7,26.4,32.5,32.3,26.9,39.6,25.4,26.2,24.8,28.2,29.6,30.2,33.1,27.3,25,60,53.4,55.6,46.9,36.6,49.4,39.4,39.6,39.7,36.5,41.4,39.2,37.5,63.5,37.3,48.6],\"ms_to_first_draw_p50\":[5.2,5.8,5.5,5.5,7,7.1,7,6.9,7.1,7.2,7.1,6.9,6.9,7.1,6.9,7.1,6.9,7,6.9,7,7.3,7.1,6.9,7.2,6.8,7.2,6.9,7.9,7.1,7.2,7.1,6.9,7.4,7.1,7,7.3,7,7,7,7.1,7.2,7.2,7.5,7.1,7,11.6,12.7,12.7,12,11.8,11.1,10.9,10.9,10.1,10.3,9.7,7.3,7.4,8,12.3,12.2],\"ms_first_draw_to_swap_p50\":[1.5,14.8,15.4,15.4,16.5,16.3,16.3,16.2,16.2,16.3,16.3,15.6,15.6,15.4,15.4,15.4,15.1,15,15.4,15.3,16.5,15.6,15.5,15.4,15.5,15.9,15.8,17.3,16.1,15.9,18.5,16,16.8,16.2,16.4,16.4,16.1,16,15.4,15.4,16.2,15.8,16.9,15.3,15.1,16.4,17.1,16.8,16.1,16.2,15.8,16.3,16,15.7,15.9,16,15.6,15.6,15.4,14.9,15.3]}},{\"round\":3,\"length_s\":60.68,\"closed_by\":\"round_winner\",\"measured_from_s\":0.53,\"measured_to_s\":59.09,\"human_death_s\":59.09,\"ends_at\":\"human_death\",\"pre_round\":{\"frames\":75,\"ms_p50\":6.3,\"draws_per_frame\":11.07,\"span_ms\":478.6,\"split_at_draws\":41},\"early_5s\":{\"frames\":231,\"frames_excluded\":0,\"ms_p50\":21.1,\"ms_p90\":24.4,\"fps\":46.2,\"draws_per_frame\":90.19,\"kb_per_frame\":184.05,\"hitches_over_50ms\":0,\"raw_ms_max\":34.6,\"ms_in_swap_p50\":0,\"ms_in_swap_p90\":0.1,\"ms_in_swap_max\":1.3,\"ms_to_first_draw_p50\":5.8,\"ms_first_draw_to_swap_p50\":15.3},\"late_5s\":{\"frames\":185,\"frames_excluded\":0,\"ms_p50\":25.9,\"ms_p90\":31.6,\"fps\":37,\"draws_per_frame\":112.68,\"kb_per_frame\":181.85,\"hitches_over_50ms\":2,\"raw_ms_max\":66.4,\"ms_in_swap_p50\":0,\"ms_in_swap_p90\":0,\"ms_in_swap_max\":1.4,\"ms_to_first_draw_p50\":8.7,\"ms_first_draw_to_swap_p50\":16.7},\"ratio_ms\":1.23,\"ratio_draws\":1.25,\"hitches_over_50ms\":7,\"frames\":2311,\"frames_excluded\":64,\"raw_ms_max\":75.3,\"shots\":[{\"name\":\"r3-06s\",\"at_s\":6.02,\"dur_ms\":171.8},{\"name\":\"r3-30s\",\"at_s\":30.22,\"dur_ms\":193},{\"name\":\"r3-50s\",\"at_s\":50.41,\"dur_ms\":201.1}],\"per_second\":{\"ms_p50\":[6.8,19.8,21.5,20.6,23.5,24.2,23,23.4,24.3,23.9,24.5,24.3,25.8,24.7,23.1,23.5,24.3,24.1,23.6,23.7,23.6,23.9,23.1,23.4,23.5,23.8,23.7,23.6,24,23.4,24.2,24.1,23.6,23.7,23.4,23.3,24,23.8,24,23.6,24.1,23.9,23.6,24.4,25,28.9,31,29.1,27.3,26.9,26.5,27.2,26.5,27.5,27.6,27.6,24.4,24.1,25.2,28.2,27.9],\"draws_per_frame\":[25.35,70.98,88.22,89,113.19,117.05,111,111,110.07,110,109.1,109,108.08,108,107.12,107,107,107,107,107,107,107,107,107,107,107,107,107,107,107,107,107,107,107,107,107,107,107,107,107,107,107,107,107,107,109.19,107,107.36,110.77,111,111,111,111,111,111,111,112.1,113,115.26,116.73,118.17],\"raw_ms_max\":[21.5,22.9,31.1,34.6,27.2,26.3,25.6,25.3,27.5,30.4,28.2,29.6,33.4,34.6,27.8,27.2,28.2,27.5,25.6,26.9,26.3,32.3,25.4,25.5,26.1,25.5,28,26,28.3,25.6,27.4,28.6,45.1,25.8,25.9,30.2,26.4,28.7,26.1,26,26.2,26.7,24.9,28.3,29.3,75.3,47.9,51.1,37.5,57.6,36.6,65.4,35.1,48.3,37.8,43.5,32.4,35.5,66.4,48.3,40.8],\"ms_to_first_draw_p50\":[5.2,5.6,5.6,5.3,7,7.4,6.9,7.2,7.2,7.2,7.4,7.6,7.6,7.3,6.9,7.1,7.4,7.2,7.2,7.5,7.1,7.1,7.1,7.2,7.4,7.4,7.3,7.2,7.3,7,7.8,7.3,7.4,7.3,7.1,7.2,7.1,7.2,7.2,7.2,7.1,7.2,7.1,7.3,7.5,12.1,13.4,12.7,10.7,10.3,10.1,10.7,10.2,10.6,10.9,10.6,7.6,7.6,8.7,11.8,12.1],\"ms_first_draw_to_swap_p50\":[1.5,14.5,16.1,15,16.6,16.9,15.9,16,16.8,16.6,17.2,17.3,18.2,17.4,16.1,16.3,16.9,16.8,16.4,16.3,16.4,16.4,16.2,16.1,16.3,16.4,16.7,16.4,16.7,16.3,16.6,16.7,16.4,16.5,16.5,16.4,16.5,16.6,16.6,16.6,16.8,16.6,16.4,17,17.5,17.6,16.9,15.7,16.7,16.1,16.4,16.2,16.3,16.3,16.6,17.4,16.8,16.4,16.6,15.8,15.7]}}]}"
