[   1081ms] [harness] mobile emulation: 412x915 CSS px dpr 3 (= 1236x2745 device px), touch on
[   1089ms] [harness] chrome: Chrome/152.0.7977.77
[   1089ms] [harness] navigating to http://localhost:8008/armagetronad.html
[     26ms] [console.log] [TOUCH] enabled=true (media query -> true) maxTouchPoints=5
[     37ms] [console.log] [DISPLAY] layout=gameboy
[     56ms] [console.log] [DISPLAY] at load: viewport 412x915 dpr 3 -> canvas 1236x1236 aspect 1.0000 gpu-axis-limit 16384 gameboy square 412css
[     62ms] [console.log] [TOUCH] context 0 (menu no, cycle no) -> TAP=ENTER
[     62ms] [console.log] [TOUCH] orientation portrait=true (sized for portrait: true)
[     70ms] [console.error] WARNING: using emscripten GL emulation. This is a collection of limited workarounds, do not expect it to work.
[     70ms] [console.error] WARNING: using emscripten GL emulation unsafe opts. If weirdness happens, try -sGL_UNSAFE_OPTS=0
[     73ms] [console.log] [TOUCH] orientation portrait=true (sized for portrait: true)
[     78ms] [page] load event fired
[     87ms] [browser.error/network] Failed to load resource: the server responded with a status of 404 (File not found)   <- http://localhost:8008/favicon.ico
[    144ms] [console.log] [PERSIST] populate ok in 50ms
[    352ms] [console.log] [PERSIST] runtime initialized, starting the game
[    353ms] [console.log] [CAMERA] camera distance x0.5 written to /data/webdefaults/autoexec.cfg before main()
[    353ms] [console.log] [SPARKS] SPARKS 0 written to /data/webdefaults/autoexec.cfg before main() (touch device)
[    354ms] [console.log] [BOOT] autostart: calling main
[    360ms] [console.error] Error: Error in tString GeneratePrefix() in src/tools/tDirectories.cpp:1380 : 
[    360ms] [console.error]  	Relocation error. The binary was supposed to be installed into /usr/local/bin and found itself in . and could not find out what this means for the prefix /usr/local.
[    360ms] [console.error] 
[    361ms] [console.log] Warning in void FindConfigurationPath() in src/tools/tDirectories.cpp:1465 : 
[    361ms] [console.log]  	Could not determine path to configuration files. Using defaults or command line arguments.
[    361ms] [console.log] 
[    483ms] [console.log] [L] ENCODING latin1
[    493ms] [console.log] Trying to start sound. Just restart Armagetron Advanced in case of crash.
[    496ms] [console.log] [SND] device opened: 22050 Hz, 2 ch, 16-bit, 1024 frames/callback (46.4 ms per callback, SOUND_BUFFER_SHIFT 1)
[    517ms] [console.error] WARNING: using emscripten GL immediate mode emulation. This is very limited in what it supports
[    521ms] [console.error] TODO: glShadeModel
[    525ms] [browser.warning/rendering] Canvas2D: Multiple readback operations using getImageData are faster with the willReadFrequently attribute set to true. See: https://html.spec.whatwg.org/multipage/canvas.html#concept-canvas-will-read-frequently   <- http://localhost:8008/armagetronad.js
[    572ms] [browser.warning/other] The AudioContext was not allowed to start. It must be resumed (or created) after a user gesture on the page. https://developer.chrome.com/blog/autoplay/#web_audio   <- http://localhost:8008/armagetronad.js
[    572ms] [browser.warning/other] The AudioContext was not allowed to start. It must be resumed (or created) after a user gesture on the page. https://developer.chrome.com/blog/autoplay/#web_audio   <- http://localhost:8008/armagetronad.js
[    572ms] [browser.warning/other] The AudioContext was not allowed to start. It must be resumed (or created) after a user gesture on the page. https://developer.chrome.com/blog/autoplay/#web_audio   <- http://localhost:8008/armagetronad.js
[    573ms] [browser.warning/other] The AudioContext was not allowed to start. It must be resumed (or created) after a user gesture on the page. https://developer.chrome.com/blog/autoplay/#web_audio   <- http://localhost:8008/armagetronad.js
[    573ms] [browser.warning/other] The AudioContext was not allowed to start. It must be resumed (or created) after a user gesture on the page. https://developer.chrome.com/blog/autoplay/#web_audio   <- http://localhost:8008/armagetronad.js
[    817ms] [console.log] [TOUCH] context 1 (menu yes, cycle no) -> TAP=ENTER
[   1019ms] [harness] eval (()=>{if(window.__fps)return 'already installed';const S={t:new Float64Array(400000),n:0,marks:[],gl:[],polls:0};window.__fps=S;const wrap=(C)=>{if(!C)return;for(const m of ['flush','finish']){const o=C.prototype[m];if(!o)continue;C.prototype[m]=function(){if(S.n<S.t.length)S.t[S.n++]=performance.now();if(S.n%30===0){S.polls++;const e=this.getError();if(e){S.gl.push([S.n,e]);if(S.gl.length<=20)console.error('[GLERR] frame '+S.n+' glGetError=0x'+e.toString(16));}}return o.apply(this,arguments);};}};wrap(window.WebGLRenderingContext);wrap(window.WebGL2RenderingContext);const cl=console.log.bind(console);console.log=function(){const s=(arguments.length&&typeof arguments[0]==='string')?arguments[0]:'';if(s.indexOf('[L] ')===0)S.marks.push([performance.now(),s]);return cl.apply(null,arguments);};return 'frame sampler armed: glFlush+glFinish counted, glGetError polled every 30th frame, [L] lines timestamped'})() => "frame sampler armed: glFlush+glFinish counted, glGetError polled every 30th frame, [L] lines timestamped"
[   1020ms] [harness] eval (()=>{const S={};S.rd=(p)=>{try{return Module.FS.readFile(p,{encoding:'utf8'})}catch(e){return null}};S.line=(t,k)=>{if(t===null)return null;const m=t.split('\n').find(l=>{const s=l.trim();return s.indexOf(k)===0&&/\s/.test(s.charAt(k.length))});return m?m.trim().slice(k.length).trim().replace(/\s+/g,' '):null};S.save=()=>{try{Module._aa_web_save_config();return 'saved'}catch(e){return 'SAVE FAILED: '+e}};S.box=(id)=>{const e=document.getElementById(id);if(!e)return 'missing';const r=e.getBoundingClientRect();return Math.round(r.width)+'x'+Math.round(r.height)+'@'+Math.round(r.left)+','+Math.round(r.top)};S.dump=(phase)=>{const sv=S.save();const c=S.rd('/persist/var/user.cfg');const cv=document.getElementById('canvas');const ctx=window.AA_INPUT_CONTEXT?window.AA_INPUT_CONTEXT():null;console.log('[TOUCHGATE] '+JSON.stringify({phase:phase,save:sv,ctx:ctx,ctx_menu:ctx===null?null:!!(ctx&1),ctx_cycle:ctx===null?null:!!(ctx&2),driving_class:document.getElementById('touch').classList.contains('aa-driving'),box_tapzone:S.box('tapzone'),box_tzleft:S.box('tz-left'),box_tzright:S.box('tz-right'),box_escbtn:S.box('escbtn'),box_touchpad:S.box('touchpad'),canvas_w:cv.width,canvas_h:cv.height,mpx:Math.round(cv.width*cv.height/1e4)/100,css_w:Math.round(cv.getBoundingClientRect().width),css_h:Math.round(cv.getBoundingClientRect().height),inner:window.innerWidth+'x'+window.innerHeight,dpr:window.devicePixelRatio,touch_hidden:document.getElementById('touch').hidden,chip_hidden:document.getElementById('reloadchip').hidden,maxTouchPoints:navigator.maxTouchPoints,coarse:window.matchMedia('(hover: none) and (pointer: coarse)').matches,tip_left:S.line(c,'CYCLE_TURN_LEFT_TOOLTIP'),tip_right:S.line(c,'CYCLE_TURN_RIGHT_TOOLTIP')}));return phase};window.__tg=S;return 'probe installed'})() => "probe installed"
[   1020ms] [harness] until 1x <<[BOOT] autostart>> (timeout 90000ms, have 1)
[   1020ms] [harness] until SATISFIED: saw 1x <<[BOOT] autostart>>
[   1020ms] [harness] === PORTRAIT-BOOTED ===
[   1021ms] [console.log] [M7GATE] PB1 portrait-boot-no-hold {"rotate_element":false,"touch_visible":true,"PASS":true}
[   1021ms] [harness] eval (()=>{const held=performance.now();const r={rotate_element:document.getElementById('rotate')!==null,touch_visible:!document.getElementById('touch').hidden};r.PASS=!r.rotate_element&&r.touch_visible;console.log('[M7GATE] PB1 portrait-boot-no-hold '+JSON.stringify(r));return 'PB1 '+r.PASS})() => "PB1 true"
[   1022ms] [console.log] [M7GATE] PB2 square {"backing_w":1236,"backing_h":1236,"css_w":412,"css_h":412,"css_top":0,"inner_w":412,"gameboy":true,"square_var":"412px","PASS":true}
[   1022ms] [harness] eval (()=>{const c=document.getElementById('canvas');const b=c.getBoundingClientRect();const r={backing_w:c.width,backing_h:c.height,css_w:Math.round(b.width),css_h:Math.round(b.height),css_top:Math.round(b.top),inner_w:window.innerWidth,gameboy:document.documentElement.classList.contains('aa-gameboy'),square_var:getComputedStyle(document.documentElement).getPropertyValue('--aa-square').trim()};r.PASS=r.gameboy&&r.backing_w===r.backing_h&&Math.abs(r.css_w-r.css_h)<=1&&r.css_top===0&&r.css_w===r.inner_w;console.log('[M7GATE] PB2 square '+JSON.stringify(r));return 'PB2 '+r.PASS})() => "PB2 true"
[   1217ms] [harness] screenshot -> docs/evidence/m7-gameboy/task2-square/portrait-boot/pb-00-portrait-boot.png
[   1225ms] [browser.warning/other] The AudioContext was not allowed to start. It must be resumed (or created) after a user gesture on the page. https://developer.chrome.com/blog/autoplay/#web_audio   <- http://localhost:8008/armagetronad.js
[   1290ms] [harness] tap #tapzone at 206,458 (1/1)
[   1298ms] [console.log] [PERSISTSAVE] menu-leave n=1
[   4662ms] [harness] tap #tapzone at 206,458 (1/1)
[   4684ms] [console.log] [PERSISTSAVE] menu-leave n=2
[   4812ms] [console.log] [TOUCH] context 0 (menu no, cycle no) -> TAP=ENTER
[   8539ms] [console.log] [L] PLAYER_ENTERED web_user  web_user
[   8541ms] [console.log] [L] TEAM_CREATED web_user
[   8541ms] [console.log] [L] TEAM_PLAYER_ADDED web_user web_user
[   8542ms] [console.log] [WAV] loaded /data/sound/expl.wav: 11937 bytes, 8-bit mono @ 11025 Hz (fopen misses so far: 1)
[   8544ms] [console.log] [L] ROUND_SCORE_TEAM 0 web_user
[   8545ms] [console.log] [L] NEW_ROUND 2026-09-05 19:35:04 UTC+0200
[   8563ms] [console.log] [L] TEAM_CREATED ai_team
[   8563ms] [console.log] [L] TEAM_PLAYER_ADDED ai_team word
[   8563ms] [console.log] [L] TEAM_PLAYER_ADDED ai_team excel
[   8563ms] [console.log] [L] TEAM_PLAYER_ADDED ai_team notepad
[   8564ms] [console.log] [WAV] loaded /data/sound/cyclrun.wav: 40403 bytes, 8-bit mono @ 22050 Hz (fopen misses so far: 2)
[   8586ms] [harness] tap #tapzone at 206,458 (1/1)
[   8587ms] [console.log] [TOUCH] context 2 (menu no, cycle alive) -> STEERING
[   8588ms] [console.log] [WAV] loaded /data/sound/expl.wav: 11937 bytes, 8-bit mono @ 11025 Hz (fopen misses so far: 2)
[   8588ms] [console.log] [WAV] retiring a voice on moviesounds/intro.wav: loaded but zero samples
[   8589ms] [console.log] [SND] live voices peaked at 9 (SOUND_SOURCES 10, loudness_thresh 0.0000)
[   8869ms] [browser.error/network] Failed to load resource: the server responded with a status of 404 (File not found)   <- http://localhost:8008/favicon.ico
[   8887ms] [harness] until 1x <<[L] NEW_ROUND>> (timeout 120000ms, have 1)
[   8887ms] [harness] until SATISFIED: saw 1x <<[L] NEW_ROUND>>
[   8887ms] [harness] === PORTRAIT-ROUND-STARTED ===
[  11566ms] [harness] screenshot -> docs/evidence/m7-gameboy/task2-square/portrait-boot/pb-01-portrait-round.png
