[    702ms] [harness] mobile emulation: 915x412 CSS px dpr 3 (= 2745x1236 device px), touch on
[    705ms] [harness] chrome: Chrome/152.0.7977.75
[    706ms] [harness] navigating to http://localhost:8006/armagetronad.html?autostart=0&touch=1
[     46ms] [console.log] [DISPLAY] at load: viewport 915x412 dpr 3 -> canvas 2745x1236 aspect 2.2209 gpu-axis-limit 16384
[     46ms] [console.log] [TOUCH] enabled=true (?touch=1) maxTouchPoints=5
[     48ms] [console.log] [TOUCH] context 0 (menu no, cycle no) -> TAP=ENTER
[     48ms] [console.log] [TOUCH] orientation portrait=false (sized for portrait: false, boot held: false)
[     61ms] [console.error] WARNING: using emscripten GL emulation. This is a collection of limited workarounds, do not expect it to work.
[     62ms] [console.error] WARNING: using emscripten GL emulation unsafe opts. If weirdness happens, try -sGL_UNSAFE_OPTS=0
[     63ms] [page] load event fired
[     67ms] [browser.error/network] Failed to load resource: the server responded with a status of 404 (File not found)   <- http://localhost:8006/favicon.ico
[    115ms] [console.log] [PERSIST] populate ok in 35ms
[    322ms] [console.log] [PERSIST] runtime initialized, starting the game
[    323ms] [console.log] [CAMERA] camera distance x0.5 written to /data/webdefaults/autoexec.cfg before main()
[    324ms] [console.log] [BOOT] main() HELD by ?autostart=0, waiting for AA_START()
[    822ms] [harness] eval (() => {  /* One frame = one flush/finish on the WebGL context. rSysDep::SwapGL calls     exactly one of the two per swap, chosen by swapMode_: the static default     is rSwap_glFlush, but sr_LoadDefaultConfig (rScreen.cpp) sets     rSwap_glFinish and welcome() (gArmagetron.cpp) runs it under st_FirstUse     -- and every harness run is a first-use boot (drive-browser.mjs makes a     fresh profile), so the client the harness measures swaps with glFinish,     a synchronous wait for the GPU. S.swaps counts each kind so the [PERF]     line says which fired instead of assuming. Per frame we keep: the     timestamp (taken BEFORE the swap call), the time spent INSIDE the swap     call (the GPU wait), the timestamp of the frame's first draw call, the     number of drawArrays/drawElements calls, and the bytes through     bufferData/bufferSubData. Draw calls and bytes are the direct measure of     "geometry re-submitted through the emulation this frame" (mechanism 1);     the first-draw timestamp lets report.js split a frame interval into     [end of previous swap -> first draw] (event-loop yield, input,     simulation) and [first draw -> swap] (render submission), so a frame that     gets slower in the first part while its draw calls stay flat is NOT the     renderer. */  /* THIS FILE IS ONE EXPRESSION WITH BLOCK COMMENTS ONLY: run-arm.sh strips     every newline to fit it into a single eval: step of drive-browser.mjs, so     a // comment would swallow the rest of the program. */  const N = 600000;  const S = { t: new Float64Array(N), wait: new Float32Array(N), first: new Float64Array(N),              draws: new Uint32Array(N), bytes: new Float64Array(N), n: 0,              swaps: { flush: 0, finish: 0 }, marks: [], shots: [], cur: { draws: 0, bytes: 0, first: 0 } };  window.__fps = S;  /* Screenshot bracket. Page.captureScreenshot spends real time on the page     and can put a hitch INTO a measured window; the driver's own     "[harness] screenshot" line is on the driver's clock, in the driver's     transcript, where report.js cannot see it. The template therefore wraps     every shot: step in eval:__fps.shot('name','begin') and     eval:__fps.shot('name','end'), on the page's clock, and report.js drops     the frames between the two (plus a pad) from every statistic. */  S.shot = (name, edge) => { S.shots.push([performance.now(), name, edge]); return 'shot ' + edge + ' ' + name; };  const wrap = (C) => {    if (!C) return; const P = C.prototype;    for (const m of ['flush', 'finish']) { const o = P[m]; if (!o) continue;      P[m] = function () {        const i = S.n, now = performance.now();        if (i < N) { S.t[i] = now; S.draws[i] = S.cur.draws; S.bytes[i] = S.cur.bytes; S.first[i] = S.cur.first; S.n = i + 1; }        S.swaps[m]++; S.cur.draws = 0; S.cur.bytes = 0; S.cur.first = 0;        const r = o.apply(this, arguments);        if (i < N) S.wait[i] = performance.now() - now;        return r; }; }    for (const m of ['drawArrays', 'drawElements']) { const o = P[m]; if (!o) continue;      P[m] = function () { if (!S.cur.first) S.cur.first = performance.now(); S.cur.draws++; return o.apply(this, arguments); }; }    for (const m of ['bufferData', 'bufferSubData']) { const o = P[m]; if (!o) continue;      P[m] = function () { const d = (m === 'bufferData') ? arguments[1] : arguments[2];        S.cur.bytes += (d && d.byteLength) ? d.byteLength : (typeof d === 'number' ? d : 0);        return o.apply(this, arguments); }; }  };  wrap(window.WebGLRenderingContext); wrap(window.WebGL2RenderingContext);  const cl = console.log.bind(console);  console.log = function () { const s = (arguments.length && typeof arguments[0] === 'string') ? arguments[0] : '';    if (s.indexOf('[L] ') === 0) S.marks.push([performance.now(), s]); return cl.apply(null, arguments); };  return 'sampler armed: frames, swap kind and wait, first draw, draw calls, buffer bytes, shot brackets';})() => "sampler armed: frames, swap kind and wait, first draw, draw calls, buffer bytes, shot brackets"
[    824ms] [harness] eval (()=>{const p='/data/webdefaults/autoexec.cfg';const cur=Module.FS.readFile(p,{encoding:'utf8'});const add='\n# perf arm walls400-r1\nMAX_FPS 1000\nSP_SIZE_FACTOR 6\nSP_NUM_AIS 7\nSP_WALLS_LENGTH 400\n';Module.FS.writeFile(p,cur+add);return 'autoexec.cfg patched: '+JSON.stringify(add)})() => "autoexec.cfg patched: \"\\n# perf arm walls400-r1\\nMAX_FPS 1000\\nSP_SIZE_FACTOR 6\\nSP_NUM_AIS 7\\nSP_WALLS_LENGTH 400\\n\""
[    825ms] [console.log] [BOOT] autostart: calling main
[    829ms] [console.error] Error: Error in tString GeneratePrefix() in src/tools/tDirectories.cpp:1380 : 
[    829ms] [console.error]  	Relocation error. The binary was supposed to be installed into /usr/local/bin and found itself in . and could not find out what this means for the prefix /usr/local.
[    830ms] [console.error] 
[    830ms] [console.log] Warning in void FindConfigurationPath() in src/tools/tDirectories.cpp:1465 : 
[    830ms] [console.log]  	Could not determine path to configuration files. Using defaults or command line arguments.
[    831ms] [console.log] 
[    960ms] [console.log] [L] ENCODING latin1
[    967ms] [console.log] Trying to start sound. Just restart Armagetron Advanced in case of crash.
[    968ms] [console.log] [SND] device opened: 22050 Hz, 2 ch, 16-bit, 1024 frames/callback (46.4 ms per callback, SOUND_BUFFER_SHIFT 1)
[    989ms] [console.error] WARNING: using emscripten GL immediate mode emulation. This is very limited in what it supports
[    993ms] [console.error] TODO: glShadeModel
[    996ms] [browser.warning/rendering] Canvas2D: Multiple readback operations using getImageData are faster with the willReadFrequently attribute set to true. See: https://html.spec.whatwg.org/multipage/canvas.html#concept-canvas-will-read-frequently   <- http://localhost:8006/armagetronad.js
[   1036ms] [harness] eval window.AA_START() => undefined
[   1039ms] [harness] until 1x <<[BOOT] autostart>> (timeout 90000ms, have 1)
[   1039ms] [harness] until SATISFIED: saw 1x <<[BOOT] autostart>>
[   1040ms] [browser.warning/other] The AudioContext was not allowed to start. It must be resumed (or created) after a user gesture on the page. https://developer.chrome.com/blog/autoplay/#web_audio   <- http://localhost:8006/armagetronad.js
[   1040ms] [browser.warning/other] The AudioContext was not allowed to start. It must be resumed (or created) after a user gesture on the page. https://developer.chrome.com/blog/autoplay/#web_audio   <- http://localhost:8006/armagetronad.js
[   1040ms] [browser.warning/other] The AudioContext was not allowed to start. It must be resumed (or created) after a user gesture on the page. https://developer.chrome.com/blog/autoplay/#web_audio   <- http://localhost:8006/armagetronad.js
[   1041ms] [browser.warning/other] The AudioContext was not allowed to start. It must be resumed (or created) after a user gesture on the page. https://developer.chrome.com/blog/autoplay/#web_audio   <- http://localhost:8006/armagetronad.js
[   1041ms] [browser.warning/other] The AudioContext was not allowed to start. It must be resumed (or created) after a user gesture on the page. https://developer.chrome.com/blog/autoplay/#web_audio   <- http://localhost:8006/armagetronad.js
[   1047ms] [console.log] [TOUCH] context 1 (menu yes, cycle no) -> TAP=ENTER
[  10066ms] [browser.warning/other] The AudioContext was not allowed to start. It must be resumed (or created) after a user gesture on the page. https://developer.chrome.com/blog/autoplay/#web_audio   <- http://localhost:8006/armagetronad.js
[  10132ms] [harness] tap #tapzone at 458,206 (1/1)
[  10140ms] [console.log] [PERSISTSAVE] menu-leave n=1
[  13503ms] [harness] tap #tapzone at 458,206 (1/1)
[  13510ms] [console.log] [PERSISTSAVE] menu-leave n=2
[  13551ms] [console.log] [TOUCH] context 0 (menu no, cycle no) -> TAP=ENTER
[  17385ms] [console.log] [L] PLAYER_ENTERED web_user  web_user
[  17388ms] [console.log] [L] TEAM_CREATED web_user
[  17388ms] [console.log] [L] TEAM_PLAYER_ADDED web_user web_user
[  17392ms] [console.log] [WAV] loaded /data/sound/expl.wav: 11937 bytes, 8-bit mono @ 11025 Hz (fopen misses so far: 1)
[  17395ms] [console.log] [L] ROUND_SCORE_TEAM 0 web_user
[  17396ms] [console.log] [L] NEW_ROUND 2026-09-03 23:00:36 UTC+0200
[  17416ms] [console.log] [L] TEAM_CREATED ai_team
[  17417ms] [console.log] [L] TEAM_PLAYER_ADDED ai_team word
[  17417ms] [console.log] [L] TEAM_PLAYER_ADDED ai_team excel
[  17417ms] [console.log] [L] TEAM_PLAYER_ADDED ai_team notepad
[  17418ms] [console.log] [L] TEAM_PLAYER_ADDED ai_team gcc
[  17419ms] [console.log] [WAV] loaded /data/sound/cyclrun.wav: 40403 bytes, 8-bit mono @ 22050 Hz (fopen misses so far: 2)
[  17444ms] [harness] tap #tapzone at 458,206 (1/1)
[  17446ms] [console.log] [WAV] loaded /data/sound/expl.wav: 11937 bytes, 8-bit mono @ 11025 Hz (fopen misses so far: 2)
[  17446ms] [console.log] [WAV] retiring a voice on moviesounds/intro.wav: loaded but zero samples
[  17446ms] [console.log] [SND] live voices peaked at 11 (SOUND_SOURCES 10, loudness_thresh 0.0000)
[  17551ms] [console.log] [TOUCH] context 2 (menu no, cycle alive) -> STEERING
[  17699ms] [browser.error/network] Failed to load resource: the server responded with a status of 404 (File not found)   <- http://localhost:8006/favicon.ico
[  19747ms] [harness] until 1x <<[L] NEW_ROUND>> (timeout 120000ms, have 1)
[  19748ms] [harness] until SATISFIED: saw 1x <<[L] NEW_ROUND>>
[  19748ms] [harness] === ROUND-1-SETUP-NOT-MEASURED ===
[  22756ms] [console.log] [WAV] loaded /data/sound/expl.wav: 11937 bytes, 8-bit mono @ 11025 Hz (fopen misses so far: 3)
[  22783ms] [harness] key Right (1/1)
[  23117ms] [harness] key Left (1/1)
[  24922ms] [harness] eval __fps.shot('r1-after-tutorial-keys','begin') => "shot begin r1-after-tutorial-keys"
[  25075ms] [harness] screenshot -> docs/evidence/m6-lag/task4-levers/walls400-r1/r1-after-tutorial-keys.png
[  25076ms] [harness] eval __fps.shot('r1-after-tutorial-keys','end') => "shot end r1-after-tutorial-keys"
[  25076ms] [harness] CPU throttling rate 6x
[  25076ms] [harness] === THROTTLE-ON ===
[  25076ms] [harness] until 2x <<[L] NEW_ROUND>> (timeout 260000ms, have 1)
[  63525ms] [console.log] [L] DEATH_FRAG web_user gcc
[  63533ms] [console.log] [WAV] loaded /data/sound/expl.wav: 11937 bytes, 8-bit mono @ 11025 Hz (fopen misses so far: 4)
[  63570ms] [console.log] [TOUCH] context 0 (menu no, cycle no) -> TAP=ENTER
[  64814ms] [console.log] [L] ROUND_WINNER ai_team gcc notepad excel word
[  68887ms] [console.log] [L] ROUND_SCORE -2 web_user web_user
[  68889ms] [console.log] [L] ROUND_SCORE_TEAM -2 web_user
[  68890ms] [console.log] [L] NEW_ROUND 2026-09-03 23:01:28 UTC+0200
[  68909ms] [console.log] [L] TEAM_PLAYER_ADDED ai_team outlook
[  68911ms] [harness] until SATISFIED: saw 2x <<[L] NEW_ROUND>>
[  68912ms] [harness] === ROUND-2-MEASURED ===
[  68912ms] [console.log] [L] TEAM_PLAYER_ADDED ai_team latex
[  68914ms] [console.log] [L] TEAM_PLAYER_ADDED ai_team gdb
[  68932ms] [console.log] [SND] live voices peaked at 16 (SOUND_SOURCES 10, loudness_thresh 0.0110)
[  68933ms] [console.log] [SND] voice limiter STARTED cutting: 16 live voices, SOUND_SOURCES 10, loudness_thresh 0.0110
[  69050ms] [console.log] [TOUCH] context 2 (menu no, cycle alive) -> STEERING
[  69340ms] [console.log] [SND] voice limiter stopped cutting: 4 live voices, SOUND_SOURCES 10, loudness_thresh 0.0000
[  69385ms] [console.log] [SND] voice limiter STARTED cutting: 15 live voices, SOUND_SOURCES 10, loudness_thresh 0.0110
[  69851ms] [console.log] [SND] voice limiter stopped cutting: 4 live voices, SOUND_SOURCES 10, loudness_thresh 0.0000
[  69910ms] [console.log] [SND] voice limiter STARTED cutting: 15 live voices, SOUND_SOURCES 10, loudness_thresh 0.0110
[  70368ms] [console.log] [SND] voice limiter stopped cutting: 4 live voices, SOUND_SOURCES 10, loudness_thresh 0.0000
[  70414ms] [console.log] [SND] voice limiter STARTED cutting: 14 live voices, SOUND_SOURCES 10, loudness_thresh 0.0010
[  70454ms] [console.log] [SND] voice limiter stopped cutting: 5 live voices, SOUND_SOURCES 10, loudness_thresh 0.0000
[  70517ms] [console.log] [SND] voice limiter STARTED cutting: 14 live voices, SOUND_SOURCES 10, loudness_thresh 0.0010
[  70555ms] [console.log] [SND] voice limiter stopped cutting: 5 live voices, SOUND_SOURCES 10, loudness_thresh 0.0000
[  70601ms] [console.log] [SND] voice limiter STARTED cutting: 14 live voices, SOUND_SOURCES 10, loudness_thresh 0.0010
[  70639ms] [console.log] [SND] voice limiter stopped cutting: 5 live voices, SOUND_SOURCES 10, loudness_thresh 0.0000
[  74915ms] [harness] eval __fps.shot('r2-06s','begin') => "shot begin r2-06s"
[  75082ms] [harness] screenshot -> docs/evidence/m6-lag/task4-levers/walls400-r1/r2-06s.png
[  75088ms] [harness] eval __fps.shot('r2-06s','end') => "shot end r2-06s"
[  99110ms] [harness] eval __fps.shot('r2-30s','begin') => "shot begin r2-30s"
[  99284ms] [harness] screenshot -> docs/evidence/m6-lag/task4-levers/walls400-r1/r2-30s.png
[  99288ms] [harness] eval __fps.shot('r2-30s','end') => "shot end r2-30s"
[ 114328ms] [console.log] [SND] voice limiter STARTED cutting: 12 live voices, SOUND_SOURCES 10, loudness_thresh 0.0010
[ 115963ms] [console.log] [SND] voice limiter stopped cutting: 8 live voices, SOUND_SOURCES 10, loudness_thresh 0.0000
[ 119301ms] [harness] eval __fps.shot('r2-50s','begin') => "shot begin r2-50s"
[ 119478ms] [harness] screenshot -> docs/evidence/m6-lag/task4-levers/walls400-r1/r2-50s.png
[ 119486ms] [harness] eval __fps.shot('r2-50s','end') => "shot end r2-50s"
[ 119486ms] [harness] until 3x <<[L] NEW_ROUND>> (timeout 260000ms, have 2)
[ 127644ms] [console.log] [SND] voice limiter STARTED cutting: 12 live voices, SOUND_SOURCES 10, loudness_thresh 0.0010
[ 128015ms] [console.log] [L] DEATH_FRAG web_user notepad
[ 128071ms] [console.log] [TOUCH] context 0 (menu no, cycle no) -> TAP=ENTER
[ 129221ms] [console.log] [SND] voice limiter stopped cutting: 7 live voices, SOUND_SOURCES 10, loudness_thresh 0.0000
[ 129678ms] [console.log] [L] ROUND_WINNER ai_team gdb latex outlook gcc notepad excel word
[ 133752ms] [console.log] [L] ROUND_SCORE -2 web_user web_user
[ 133752ms] [console.log] [L] ROUND_SCORE_TEAM -2 web_user
[ 133754ms] [console.log] [L] NEW_ROUND 2026-09-03 23:02:33 UTC+0200
[ 133800ms] [harness] until SATISFIED: saw 3x <<[L] NEW_ROUND>>
[ 133801ms] [harness] === ROUND-3-MEASURED ===
[ 133806ms] [console.log] [TOUCH] context 2 (menu no, cycle alive) -> STEERING
[ 139816ms] [harness] eval __fps.shot('r3-06s','begin') => "shot begin r3-06s"
[ 139955ms] [harness] screenshot -> docs/evidence/m6-lag/task4-levers/walls400-r1/r3-06s.png
[ 139973ms] [harness] eval __fps.shot('r3-06s','end') => "shot end r3-06s"
[ 163977ms] [harness] eval __fps.shot('r3-30s','begin') => "shot begin r3-30s"
[ 164122ms] [harness] screenshot -> docs/evidence/m6-lag/task4-levers/walls400-r1/r3-30s.png
[ 164135ms] [harness] eval __fps.shot('r3-30s','end') => "shot end r3-30s"
[ 184159ms] [harness] eval __fps.shot('r3-50s','begin') => "shot begin r3-50s"
[ 184341ms] [harness] screenshot -> docs/evidence/m6-lag/task4-levers/walls400-r1/r3-50s.png
[ 184363ms] [harness] eval __fps.shot('r3-50s','end') => "shot end r3-50s"
[ 184363ms] [harness] until 3x <<[L] ROUND_WINNER>> (timeout 260000ms, have 2)
[ 192858ms] [console.log] [L] DEATH_FRAG web_user notepad
[ 193068ms] [console.log] [TOUCH] context 0 (menu no, cycle no) -> TAP=ENTER
[ 194539ms] [console.log] [L] ROUND_WINNER ai_team gdb latex outlook gcc notepad excel word
[ 194542ms] [harness] until SATISFIED: saw 3x <<[L] ROUND_WINNER>>
[ 194542ms] [harness] === MATCH-OVER ===
[ 195713ms] [harness] eval (() => {  /* ONE EXPRESSION, BLOCK COMMENTS ONLY: run-arm.sh strips newlines to make     this a single eval: step (see sampler.js). walls400-r1 and 6 are     substituted by run-arm.sh. The object this prints after "[PERF] <arm> " is     the schema Tasks 2-4 read; web/tools/perf/README.md documents it. */  const S = window.__fps, n = S.n;  const PAD_BEFORE = 100, PAD_AFTER = 250;  const marks = (p) => S.marks.filter(m => m[1].indexOf(p) === 0);  const nr = marks('[L] NEW_ROUND').map(m => m[0]);  const rw = marks('[L] ROUND_WINNER').map(m => m[0]);  /* The human is the first PLAYER_ENTERED name; the AIs never enter that way.     A DEATH_* line names its victim first, so the human's deaths are the     DEATH_ marks whose first name is that one. */  const pe = marks('[L] PLAYER_ENTERED ');  const human = pe.length ? pe[0][1].split(/\s+/)[2] : 'web_user';  const deaths = S.marks.filter(m => /^\[L\] DEATH_\w+ /.test(m[1]) && m[1].split(/\s+/)[2] === human).map(m => m[0]);  /* Screenshot exclusions: [begin - PAD_BEFORE, end + PAD_AFTER] for every     bracketed shot (sampler.js S.shot); a begin with no end -- the driver died     mid-shot -- excludes two seconds. */  const ex = []; const open = {};  for (const [t, name, edge] of S.shots) {    if (edge === 'begin') open[name] = t;    else if (edge === 'end' && open[name] != null) { ex.push({ a: open[name] - PAD_BEFORE, b: t + PAD_AFTER, name: name, dur: t - open[name] }); delete open[name]; } }  for (const name in open) ex.push({ a: open[name] - PAD_BEFORE, b: open[name] + 2000, name: name, dur: null });  const excluded = (t) => ex.some(e => t >= e.a && t <= e.b);  const q = (a, p) => { if (!a.length) return null; const s = a.slice().sort((x, y) => x - y);    return s[Math.min(s.length - 1, Math.max(0, Math.round(p * (s.length - 1))))]; };  const r2 = (x) => (x == null) ? null : Math.round(x * 100) / 100;  /* A window's statistics use only frames outside every exclusion, and only     deltas between frames that were ADJACENT samples, so a gap that straddles     an exclusion is never counted as a frame time. raw_ms_max ignores the     exclusions on purpose: it is where a screenshot hitch stays visible, so a     reader can see what was excluded and that it did not leak into ms_p50.     Each frame interval t[i]-t[p] (p the previous sample) is also split into     the three parts the sampler timestamps: ms_in_swap = the previous swap     call itself (p50, p90 and max: if glFinish waited for the GPU it would     show here, and the first measured run read 0 in every window -- so the     tail is reported too), ms_to_first_draw = from that     call's return to this frame's first draw call (the emscripten_sleep(0)     yield, input, the simulation, render setup), ms_first_draw_to_swap = from     the first draw call to this frame's swap call (render submission). */  const win = (t0, t1) => {    const ix = []; let dropped = 0, rawMax = 0, prev = -1;    for (let i = 0; i < n; i++) { const t = S.t[i]; if (t < t0 || t > t1) continue;      if (prev >= 0) rawMax = Math.max(rawMax, t - S.t[prev]); prev = i;      if (excluded(t)) dropped++; else ix.push(i); }    const d = [], sw = [], pre = [], ren = []; let dr = 0, by = 0;    for (let k = 1; k < ix.length; k++) if (ix[k] === ix[k - 1] + 1) { const i = ix[k], p = ix[k - 1];      d.push(S.t[i] - S.t[p]); sw.push(S.wait[p]);      if (S.first[i] > 0) { pre.push(S.first[i] - (S.t[p] + S.wait[p])); ren.push(S.t[i] - S.first[i]); } }    for (const i of ix) { dr += S.draws[i]; by += S.bytes[i]; }    const f = ix.length || 1;    let exms = 0; for (const e of ex) exms += Math.max(0, Math.min(t1, e.b) - Math.max(t0, e.a));    const span = Math.max(1, (t1 - t0) - exms);    return { frames: ix.length, frames_excluded: dropped, ms_p50: r2(q(d, .5)), ms_p90: r2(q(d, .9)),             fps: r2(ix.length / (span / 1000)), draws_per_frame: r2(dr / f),             kb_per_frame: r2(by / f / 1024), hitches_over_50ms: d.filter(x => x > 50).length,             raw_ms_max: r2(rawMax), ms_in_swap_p50: r2(q(sw, .5)), ms_in_swap_p90: r2(q(sw, .9)), ms_in_swap_max: r2(q(sw, 1)),             ms_to_first_draw_p50: r2(q(pre, .5)), ms_first_draw_to_swap_p50: r2(q(ren, .5)) }; };  const perSec = (t0, t1) => { const ms = [], dr = [], mx = [], pre = [], ren = [];    for (let k = 0; k * 1000 < t1 - t0; k++) { const w = win(t0 + k * 1000, Math.min(t1, t0 + (k + 1) * 1000));      ms.push(w.ms_p50); dr.push(w.draws_per_frame); mx.push(w.raw_ms_max); pre.push(w.ms_to_first_draw_p50); ren.push(w.ms_first_draw_to_swap_p50); }    return { ms_p50: ms, draws_per_frame: dr, raw_ms_max: mx, ms_to_first_draw_p50: pre, ms_first_draw_to_swap_p50: ren }; };  /* Pre-round frames. For the first half second of game time after a round     starts (gGame.cpp GameLoop, the gtime <= -PREPARE_TIME + .5 branch) the     game clears the screen and swaps WITHOUT calling Render: overlay only, no     arena, a handful of draw calls at a fraction of a world frame's cost.     They sit right after NEW_ROUND and would otherwise fill the early window     with frames that have no geometry in them. They are found by their draw     count: the threshold is halfway between the fewest draws of any frame in     the round's first two seconds (an overlay-only frame) and the median of     its second second (world frames); the measured span starts at the first     frame after the last frame under the threshold. The frame that straddles     NEW_ROUND itself (drawn mostly before it) is above the threshold and is     left out of both. */  const preRound = (t0) => {    const a = [], b = [];    for (let i = 0; i < n; i++) { const t = S.t[i]; if (t < t0) continue; if (t >= t0 + 2000) break; a.push(i); if (t >= t0 + 1000) b.push(S.draws[i]); }    const none = { start: t0, stats: { frames: 0, ms_p50: null, draws_per_frame: null, span_ms: 0, split_at_draws: null } };    if (!a.length) return none;    let lo = Infinity; for (const i of a) lo = Math.min(lo, S.draws[i]);    const med = q(b, .5); if (med == null || !(med > lo)) return none;    const thr = (lo + med) / 2; const ov = a.filter(i => S.draws[i] <= thr);    if (!ov.length) return none;    const last = ov[ov.length - 1]; const d = []; let dr = 0;    for (let k = 1; k < ov.length; k++) if (ov[k] === ov[k - 1] + 1) d.push(S.t[ov[k]] - S.t[ov[k - 1]]);    for (const i of ov) dr += S.draws[i];    return { start: (last + 1 < n) ? S.t[last + 1] : t0,             stats: { frames: ov.length, ms_p50: r2(q(d, .5)), draws_per_frame: r2(dr / ov.length),                      span_ms: r2(S.t[last] - S.t[ov[0]]), split_at_draws: r2(thr) } }; };  /* A round is closed by its ROUND_WINNER mark when one is written; a     winnerless round -- a lone cycle with no AI (gGame.cpp Analysis: a winner     needs more than one team) -- writes none and ends when the next NEW_ROUND     starts, and a round still running when this report runs closes here. For     a transcript where every round has its ROUND_WINNER before the next     NEW_ROUND (every base arm), this pairs exactly as nr[i]/rw[i] did. */  const rounds = [];  const tReport = performance.now();  for (let i = 0; i < nr.length; i++) {    const t0 = nr[i], next = (i + 1 < nr.length) ? nr[i + 1] : Infinity;    const won = rw.find(t => t > t0 && t < next);    const t1 = won != null ? won : (next < Infinity ? next : tReport);    const closedBy = won != null ? 'round_winner' : (next < Infinity ? 'next_round' : 'report');    const len = (t1 - t0) / 1000; if (len < 8) continue;    /* The measured span runs from the first world frame to the human's death       when the human dies before ROUND_WINNER (after it the camera shows an       explosion and the AIs' endgame, which is not what the maintainer       plays), else to ROUND_WINNER. */    const death = deaths.find(t => t > t0 && t < t1); const te = death != null ? death : t1;    const pr = preRound(t0); const ts = pr.start;    const e = win(ts, ts + 5000), l = win(te - 5000, te), all = win(ts, te);    const shots = ex.filter(x => x.a >= t0 && x.a <= t1).map(x => ({ name: x.name, at_s: r2((x.a + PAD_BEFORE - t0) / 1000), dur_ms: r2(x.dur) }));    rounds.push({ round: i + 1, length_s: r2(len), closed_by: closedBy,      measured_from_s: r2((ts - t0) / 1000), measured_to_s: r2((te - t0) / 1000),      human_death_s: death != null ? r2((death - t0) / 1000) : null, ends_at: death != null ? 'human_death' : 'round_winner',      pre_round: pr.stats, early_5s: e, late_5s: l,      ratio_ms: e.ms_p50 ? r2(l.ms_p50 / e.ms_p50) : null,      ratio_draws: e.draws_per_frame ? r2(l.draws_per_frame / e.draws_per_frame) : null,      hitches_over_50ms: all.hitches_over_50ms, frames: all.frames, frames_excluded: all.frames_excluded,      raw_ms_max: all.raw_ms_max, shots: shots, per_second: perSec(t0, t1) }); }  return '[PERF] walls400-r1 ' + JSON.stringify({ arm: 'walls400-r1', cpu_rate: 6, frames: n, human: human,    swaps: S.swaps, rounds_started: nr.length, rounds_won: rw.length,    shots_bracketed: ex.filter(x => x.dur != null).length, shot_pad_ms: [PAD_BEFORE, PAD_AFTER], rounds });})() => "[PERF] walls400-r1 {\"arm\":\"walls400-r1\",\"cpu_rate\":6,\"frames\":12001,\"human\":\"web_user\",\"swaps\":{\"flush\":0,\"finish\":12001},\"rounds_started\":3,\"rounds_won\":3,\"shots_bracketed\":7,\"shot_pad_ms\":[100,250],\"rounds\":[{\"round\":1,\"length_s\":47.42,\"closed_by\":\"round_winner\",\"measured_from_s\":0.54,\"measured_to_s\":46.13,\"human_death_s\":46.13,\"ends_at\":\"human_death\",\"pre_round\":{\"frames\":93,\"ms_p50\":5,\"draws_per_frame\":18.05,\"span_ms\":468,\"split_at_draws\":39},\"early_5s\":{\"frames\":707,\"frames_excluded\":0,\"ms_p50\":7.1,\"ms_p90\":7.7,\"fps\":141.4,\"draws_per_frame\":77.46,\"kb_per_frame\":120.88,\"hitches_over_50ms\":0,\"raw_ms_max\":12.4,\"ms_in_swap_p50\":0,\"ms_in_swap_p90\":0,\"ms_in_swap_max\":0.1,\"ms_to_first_draw_p50\":5.1,\"ms_first_draw_to_swap_p50\":2},\"late_5s\":{\"frames\":279,\"frames_excluded\":0,\"ms_p50\":17.6,\"ms_p90\":20,\"fps\":55.8,\"draws_per_frame\":83.47,\"kb_per_frame\":121.15,\"hitches_over_50ms\":0,\"raw_ms_max\":28,\"ms_in_swap_p50\":0,\"ms_in_swap_p90\":0,\"ms_in_swap_max\":0.9,\"ms_to_first_draw_p50\":6.5,\"ms_first_draw_to_swap_p50\":11},\"ratio_ms\":2.48,\"ratio_draws\":1.08,\"hitches_over_50ms\":0,\"frames\":3123,\"frames_excluded\":49,\"raw_ms_max\":30.8,\"shots\":[{\"name\":\"r1-after-tutorial-keys\",\"at_s\":7.53,\"dur_ms\":153.6}],\"per_second\":{\"ms_p50\":[5.5,6.7,7.1,7.2,7.4,7.4,7.2,7.3,17.7,18.3,18.5,18.5,18.3,19.1,17.7,17.7,18.1,17.2,17.8,17.5,17,17.3,17.2,17.3,17.6,17.3,17.5,17.6,17.7,18,17.9,17.9,17,17.4,16.9,17,18.2,17.1,17,18,17.2,17.5,17.3,17.4,17.6,18.5,16.8,16.4],\"draws_per_frame\":[35.62,60,78.63,79,91.87,97.08,94.25,94,91.21,91,88.04,87,86.09,86,85.07,85,85,85,85,85,85,85,85,85,85,85,85,85,85,85,85.46,87,83.88,83,83,83,83,83,83,83,83,83,83,83,83,84.45,87.49,87.36],\"raw_ms_max\":[25,7.6,8.3,8,12.4,10.5,8.1,24.8,19.8,20.9,21.7,23.2,20.8,22.8,25.2,20.3,24.7,19.3,24.4,25.8,19.6,19.7,19.4,20.3,20.2,19.2,25.8,21.4,20,30.8,20.6,20.8,19.7,19.4,20.5,19,22.2,19.7,19.5,21.3,20,21.7,20.7,22.7,21,28,33.3,20.4],\"ms_to_first_draw_p50\":[4.9,5,5.1,5.1,5.3,5.3,5.2,5.2,6.4,6.6,6.4,6.6,6.6,6.7,6.4,6.2,6.5,6.2,6.5,6.5,6.2,6.4,6.2,6.4,6.7,6.3,6.4,6.2,6.3,6.3,6.5,6.4,6.2,6.2,6.2,6.2,6.7,6.3,6.1,6.6,6.2,6.3,6.3,6.5,6.3,7.5,6.4,6.1],\"ms_first_draw_to_swap_p50\":[0.3,1.6,2,2.1,2,2,2,2,11.3,11.7,12,11.6,11.5,12,10.9,11.3,11.6,11,11.3,11.1,10.7,10.7,10.9,10.9,11.1,10.9,11,11.1,11.2,11.2,11.5,11.3,10.6,10.7,10.6,10.8,11.4,10.7,11.1,11.3,10.9,11,11,11,11.2,10.9,10.4,10.2]}},{\"round\":2,\"length_s\":60.79,\"closed_by\":\"round_winner\",\"measured_from_s\":0.53,\"measured_to_s\":59.12,\"human_death_s\":59.12,\"ends_at\":\"human_death\",\"pre_round\":{\"frames\":76,\"ms_p50\":6.2,\"draws_per_frame\":16.18,\"span_ms\":477.1,\"split_at_draws\":46},\"early_5s\":{\"frames\":231,\"frames_excluded\":0,\"ms_p50\":21.7,\"ms_p90\":24,\"fps\":46.2,\"draws_per_frame\":96.08,\"kb_per_frame\":180.74,\"hitches_over_50ms\":0,\"raw_ms_max\":37.3,\"ms_in_swap_p50\":0,\"ms_in_swap_p90\":0.1,\"ms_in_swap_max\":1.5,\"ms_to_first_draw_p50\":5.7,\"ms_first_draw_to_swap_p50\":15.7},\"late_5s\":{\"frames\":191,\"frames_excluded\":0,\"ms_p50\":25.1,\"ms_p90\":31.9,\"fps\":38.2,\"draws_per_frame\":114.21,\"kb_per_frame\":179.28,\"hitches_over_50ms\":1,\"raw_ms_max\":54.8,\"ms_in_swap_p50\":0,\"ms_in_swap_p90\":0.1,\"ms_in_swap_max\":1.3,\"ms_to_first_draw_p50\":8.1,\"ms_first_draw_to_swap_p50\":16},\"ratio_ms\":1.16,\"ratio_draws\":1.19,\"hitches_over_50ms\":7,\"frames\":2313,\"frames_excluded\":64,\"raw_ms_max\":73,\"shots\":[{\"name\":\"r2-06s\",\"at_s\":6.03,\"dur_ms\":172.4},{\"name\":\"r2-30s\",\"at_s\":30.22,\"dur_ms\":178.6},{\"name\":\"r2-50s\",\"at_s\":50.41,\"dur_ms\":185}],\"per_second\":{\"ms_p50\":[6.7,20.3,21.3,22,23.2,23.8,27.2,25.7,25.5,26.1,25.1,24.8,24.5,25,25.6,25.6,25.5,25.4,23.8,23.3,23.9,25.1,24.1,25,23.2,22.9,23.1,23.6,25.4,23.5,22.9,23,23.4,23.6,24,23.4,23.3,23.6,23,23.4,23.2,23.3,23.2,22.7,23.1,27.8,28.6,28.1,27.2,27,27.4,26.7,26.5,27.3,28.4,26.9,22.3,22.8,26.1,29.5,29.9],\"draws_per_frame\":[30.74,75.98,94.23,95,118.65,123.05,118,118,114.51,114,111.38,111,108.44,108,107.15,107,107,107,107,107,107,107,107,107,107,107,107,107,107,107,107,107,107,107,107,107,107,107,107,107,107,107,107,107,107,109.29,107,109.17,111,111,111,111,111,111,111,111.22,114.4,115,117.66,117.97,118.46],\"raw_ms_max\":[21.6,23.7,23.5,25.7,26.7,37.3,34.5,29.2,30,29.2,31.9,27.7,27.8,28.6,27.8,28.7,28.6,28,28.1,26.3,27.8,39.1,28.4,29.2,26.2,25.6,25.8,26.4,29.3,28.3,28.4,26.1,27.1,27.4,26.5,27.4,27.4,25.8,36.9,25.9,25.6,26.6,26.5,25,25.5,73,55.2,60.1,39.9,58.6,33.3,52.1,36.9,45,40.1,41.6,37.2,33.8,54.8,43.7,46],\"ms_to_first_draw_p50\":[5,5.4,5.4,5.4,7,7,7.9,7.5,7.3,7.5,7.3,7.4,7.2,7.3,7.7,7.6,7.6,7.6,7.2,7,7.3,7.3,7.2,7.2,7,7.1,6.9,7.2,7.6,7,7.1,6.8,7.3,7.2,7.3,7.1,7.1,7.2,7,7.1,7,7.1,7.1,7.1,7.1,11.3,12.5,11.9,10.4,10.5,10.4,10.4,10.4,10.8,10.9,10.2,7.1,7.1,8.5,12.7,13.1],\"ms_first_draw_to_swap_p50\":[1.4,14.8,15.8,16.1,16.2,16.7,19.6,18.1,17.9,18.7,18.2,17,17.2,17.8,18.1,17.5,17.8,17.8,16.7,16.6,16.3,17.5,17.2,17.6,16.3,15.7,16.2,16.4,17.8,16.1,15.9,16.2,16.1,16.2,16.5,16,16,16.1,15.9,16.3,16.2,16.1,16.1,15.7,15.9,16.2,16.2,16,16.7,16.4,16.5,16.2,16.1,16.8,16.8,15.9,15.3,15.6,17.1,16.2,17.1]}},{\"round\":3,\"length_s\":60.78,\"closed_by\":\"round_winner\",\"measured_from_s\":0.53,\"measured_to_s\":59.1,\"human_death_s\":59.1,\"ends_at\":\"human_death\",\"pre_round\":{\"frames\":74,\"ms_p50\":6.6,\"draws_per_frame\":11.05,\"span_ms\":483.5,\"split_at_draws\":41},\"early_5s\":{\"frames\":229,\"frames_excluded\":0,\"ms_p50\":21.5,\"ms_p90\":25.2,\"fps\":45.8,\"draws_per_frame\":90.36,\"kb_per_frame\":184.05,\"hitches_over_50ms\":0,\"raw_ms_max\":39.3,\"ms_in_swap_p50\":0,\"ms_in_swap_p90\":0,\"ms_in_swap_max\":1.3,\"ms_to_first_draw_p50\":5.7,\"ms_first_draw_to_swap_p50\":15.7},\"late_5s\":{\"frames\":191,\"frames_excluded\":0,\"ms_p50\":25,\"ms_p90\":31.7,\"fps\":38.2,\"draws_per_frame\":113.52,\"kb_per_frame\":181.95,\"hitches_over_50ms\":2,\"raw_ms_max\":56.2,\"ms_in_swap_p50\":0,\"ms_in_swap_p90\":0.1,\"ms_in_swap_max\":1.3,\"ms_to_first_draw_p50\":8.4,\"ms_first_draw_to_swap_p50\":16.1},\"ratio_ms\":1.16,\"ratio_draws\":1.26,\"hitches_over_50ms\":3,\"frames\":2452,\"frames_excluded\":64,\"raw_ms_max\":56.2,\"shots\":[{\"name\":\"r3-06s\",\"at_s\":6.06,\"dur_ms\":156.1},{\"name\":\"r3-30s\",\"at_s\":30.22,\"dur_ms\":158.8},{\"name\":\"r3-50s\",\"at_s\":50.4,\"dur_ms\":203.8}],\"per_second\":{\"ms_p50\":[7.1,20.5,21.5,20.4,24.1,24.2,22.1,21.8,21.5,21.7,21.9,21.8,23.8,24,22.9,21.8,21.6,22.1,21.4,21.2,21.7,20.5,21.2,21.5,21,20.8,23.7,22.6,22.5,21.3,22.1,21.7,21.3,21.8,21.5,21.4,21.5,21.7,23.7,22.8,24.5,23.6,22.5,23.1,22.8,26.6,27.1,27.2,27.5,28.9,26.4,27.4,26.6,25.7,26,25.6,23.8,23.7,26.8,30,30.8],\"draws_per_frame\":[25.03,70.96,88.23,89,112.26,116.77,111,111,110.09,110,109.11,109,108.1,108,107.12,107,107,107,107,107,107,107,107,107,107,107,107,107,107,107,107,107,107,107,107,107,107,107,107,107,107,107,107,107,107,109.32,108.11,109,109,109,109.71,111,111,111,111,111,112.17,114.41,118.11,117.94,118.57],\"raw_ms_max\":[22.8,25.6,25.3,25.7,27.1,39.3,25.9,23.5,26.3,25.6,25.4,26.2,26.1,28.1,28,26.5,24.3,25.6,25.9,24.6,32.7,25.6,27.8,27.3,23.6,23.6,27.3,26.1,27.9,24,26.2,26.3,28.2,36.5,25.3,24.5,26.9,24,27.8,27.5,27.7,27.3,25.9,26.6,26.8,41.6,39.8,40.4,40.5,52.1,34.7,37.7,47.4,38.3,34.6,41.5,30.4,37,56.2,39.6,50.9],\"ms_to_first_draw_p50\":[5.4,5.4,5.4,5.4,6.9,7.1,6.8,6.7,6.7,6.8,6.6,6.7,6.9,6.9,7,6.8,6.7,6.7,6.7,6.7,6.7,6.5,6.7,6.7,6.4,6.4,7.2,6.8,6.7,6.5,6.8,6.8,6.9,7.1,6.6,6.7,6.7,6.7,7.1,6.9,7.3,7.1,7.2,7.3,7.2,11.2,11.5,11.3,11.5,11.9,10.5,10.1,10.4,10.1,10,9.8,7.3,7.5,8.4,12.7,13.5],\"ms_first_draw_to_swap_p50\":[1.4,14.9,16,15.4,16.9,16.8,15.4,14.9,14.8,14.9,15.2,15.1,16.5,16.8,16.2,15.2,14.8,15.5,14.9,14.6,14.6,13.9,14.4,14.7,14.5,14.4,16.3,15.8,15.6,14.9,15.3,14.9,14.3,14.9,14.7,14.7,14.7,14.7,16.6,15.6,16.6,16.3,15.4,15.8,15.9,15.8,15.5,15.4,16.3,16.4,15.8,17,16.6,15.8,15.8,15.8,16,16.2,17,16.3,17.6]}}]}"
