[    925ms] [harness] chrome: Chrome/152.0.7977.83
[    925ms] [harness] navigating to http://localhost:8008/armagetronad.html?bridge=ws://127.0.0.1:8010
[     19ms] [harness] until 1x <<[PERSIST] populate ok>> (timeout 90000ms, have 0)
[     22ms] [console.log] [TOUCH] enabled=false (media query -> false) maxTouchPoints=0
[     23ms] [console.log] [DISPLAY] layout=full (from the orientation) at parse
[     31ms] [console.log] [DISPLAY] at load: viewport 1024x768 dpr 1 -> canvas 1024x768 aspect 1.3333 gpu-axis-limit 16384
[     61ms] [console.error] WARNING: using emscripten GL emulation. This is a collection of limited workarounds, do not expect it to work.
[     62ms] [console.error] WARNING: using emscripten GL emulation unsafe opts. If weirdness happens, try -sGL_UNSAFE_OPTS=0
[     62ms] [page] load event fired
[     67ms] [browser.error/network] Failed to load resource: the server responded with a status of 404 (File not found)   <- http://localhost:8008/favicon.ico
[    136ms] [console.log] [PERSIST] populate ok in 47ms
[    221ms] [harness] until SATISFIED: saw 1x <<[PERSIST] populate ok>>
[    381ms] [console.log] [PERSIST] runtime initialized, starting the game
[    382ms] [console.log] [CAMERA] stock camera (factor 1)
[    382ms] [console.log] [SPARKS] stock sparks, nothing written
[    382ms] [console.log] [DISPLAY] layout=full (from the orientation) before main
[    383ms] [console.log] [DISPLAY] before main: viewport 1024x768 dpr 1 -> canvas 1024x768 aspect 1.3333 gpu-axis-limit 16384
[    383ms] [console.log] [BOOT] autostart: calling main
[    386ms] [console.error] Error: Error in tString GeneratePrefix() in src/tools/tDirectories.cpp:1380 : 
[    386ms] [console.error]  	Relocation error. The binary was supposed to be installed into /usr/local/bin and found itself in . and could not find out what this means for the prefix /usr/local.
[    386ms] [console.error] 
[    388ms] [console.log] Warning in void FindConfigurationPath() in src/tools/tDirectories.cpp:1465 : 
[    388ms] [console.log]  	Could not determine path to configuration files. Using defaults or command line arguments.
[    388ms] [console.log] 
[    515ms] [console.log] [L] ENCODING latin1
[    523ms] [console.log] Trying to start sound. Just restart Armagetron Advanced in case of crash.
[    525ms] [console.log] [SND] device opened: 22050 Hz, 2 ch, 16-bit, 1024 frames/callback (46.4 ms per callback, SOUND_BUFFER_SHIFT 1)
[    548ms] [console.error] WARNING: using emscripten GL immediate mode emulation. This is very limited in what it supports
[    551ms] [console.error] TODO: glShadeModel
[    555ms] [browser.warning/rendering] Canvas2D: Multiple readback operations using getImageData are faster with the willReadFrequently attribute set to true. See: https://html.spec.whatwg.org/multipage/canvas.html#concept-canvas-will-read-frequently   <- http://localhost:8008/armagetronad.js
[    596ms] [browser.warning/other] The AudioContext was not allowed to start. It must be resumed (or created) after a user gesture on the page. https://developer.chrome.com/blog/autoplay/#web_audio   <- http://localhost:8008/armagetronad.js
[    597ms] [browser.warning/other] The AudioContext was not allowed to start. It must be resumed (or created) after a user gesture on the page. https://developer.chrome.com/blog/autoplay/#web_audio   <- http://localhost:8008/armagetronad.js
[    597ms] [browser.warning/other] The AudioContext was not allowed to start. It must be resumed (or created) after a user gesture on the page. https://developer.chrome.com/blog/autoplay/#web_audio   <- http://localhost:8008/armagetronad.js
[    597ms] [browser.warning/other] The AudioContext was not allowed to start. It must be resumed (or created) after a user gesture on the page. https://developer.chrome.com/blog/autoplay/#web_audio   <- http://localhost:8008/armagetronad.js
[    597ms] [browser.warning/other] The AudioContext was not allowed to start. It must be resumed (or created) after a user gesture on the page. https://developer.chrome.com/blog/autoplay/#web_audio   <- http://localhost:8008/armagetronad.js
[   1199ms] [browser.warning/other] The AudioContext was not allowed to start. It must be resumed (or created) after a user gesture on the page. https://developer.chrome.com/blog/autoplay/#web_audio   <- http://localhost:8008/armagetronad.js
[   1200ms] [browser.warning/other] The AudioContext was not allowed to start. It must be resumed (or created) after a user gesture on the page. https://developer.chrome.com/blog/autoplay/#web_audio   <- http://localhost:8008/armagetronad.js
[   1222ms] [harness] until 1x <<[BOOT] autostart>> (timeout 120000ms, have 1)
[   1222ms] [harness] until SATISFIED: saw 1x <<[BOOT] autostart>>
[  10253ms] [harness] screenshot -> /tmp/bridge-gate-neg/01-boot1-language-menu.png
[  10278ms] [console.log] [PERSISTSAVE] menu-leave n=1
[  10285ms] [harness] key Enter (1/1)
[  13638ms] [harness] screenshot -> /tmp/bridge-gate-neg/02-boot1-first-setup.png
[  13661ms] [console.log] [PERSISTSAVE] menu-leave n=2
[  13671ms] [harness] key Escape (1/1)
[  13973ms] [harness] until 1x <<[PERSISTSAVE] menu-leave>> (timeout 30000ms, have 2)
[  13973ms] [harness] until SATISFIED: saw 2x <<[PERSISTSAVE] menu-leave>>
[  16974ms] [harness] === RELOAD-SO-BOOT-2-STARTS-AT-THE-REAL-MAIN-MENU ===
[  16981ms] [console.log] [PERSISTSAVE] js-backstop n=3
[  16982ms] [console.log] [PERSISTBACKSTOP] beforeunload
[  16982ms] [harness] eval location.reload() => undefined
[  16983ms] [harness] until 2x <<[PERSIST] populate ok>> (timeout 90000ms, have 1)
[  16999ms] [console.log] [TOUCH] enabled=false (media query -> false) maxTouchPoints=0
[  16999ms] [console.log] [DISPLAY] layout=full (from the orientation) at parse
[  17004ms] [console.log] [DISPLAY] at load: viewport 1024x768 dpr 1 -> canvas 1024x768 aspect 1.3333 gpu-axis-limit 16384
[  17006ms] [console.error] WARNING: using emscripten GL emulation. This is a collection of limited workarounds, do not expect it to work.
[  17007ms] [console.error] WARNING: using emscripten GL emulation unsafe opts. If weirdness happens, try -sGL_UNSAFE_OPTS=0
[  17011ms] [page] load event fired
[  17021ms] [console.log] [PERSIST] populate ok in 4ms
[  17051ms] [console.log] [PERSIST] runtime initialized, starting the game
[  17051ms] [console.log] [CAMERA] stock camera (factor 1)
[  17052ms] [console.log] [SPARKS] stock sparks, nothing written
[  17052ms] [console.log] [DISPLAY] layout=full (from the orientation) before main
[  17058ms] [console.log] [DISPLAY] before main: viewport 1024x768 dpr 1 -> canvas 1024x768 aspect 1.3333 gpu-axis-limit 16384
[  17058ms] [console.log] [BOOT] autostart: calling main
[  17059ms] [console.error] Error: Error in tString GeneratePrefix() in src/tools/tDirectories.cpp:1380 : 
[  17059ms] [console.error]  	Relocation error. The binary was supposed to be installed into /usr/local/bin and found itself in . and could not find out what this means for the prefix /usr/local.
[  17060ms] [console.error] 
[  17060ms] [console.log] Warning in void FindConfigurationPath() in src/tools/tDirectories.cpp:1465 : 
[  17060ms] [console.log]  	Could not determine path to configuration files. Using defaults or command line arguments.
[  17060ms] [console.log] 
[  17084ms] [harness] until SATISFIED: saw 2x <<[PERSIST] populate ok>>
[  17085ms] [harness] until 2x <<[BOOT] autostart>> (timeout 120000ms, have 2)
[  17085ms] [harness] until SATISFIED: saw 2x <<[BOOT] autostart>>
[  17180ms] [console.log] [L] ENCODING latin1
[  17183ms] [console.log] [SND] device opened: 22050 Hz, 2 ch, 16-bit, 1024 frames/callback (46.4 ms per callback, SOUND_BUFFER_SHIFT 1)
[  17202ms] [console.error] WARNING: using emscripten GL immediate mode emulation. This is very limited in what it supports
[  17204ms] [console.error] TODO: glShadeModel
[  17207ms] [browser.warning/rendering] Canvas2D: Multiple readback operations using getImageData are faster with the willReadFrequently attribute set to true. See: https://html.spec.whatwg.org/multipage/canvas.html#concept-canvas-will-read-frequently   <- http://localhost:8008/armagetronad.js
[  29109ms] [harness] screenshot -> /tmp/bridge-gate-neg/03-boot2-main-menu.png
[  29112ms] [harness] eval (()=>{const o=console.log;if(console.log.__aa)return 'already';window.__peers=[];const w=function(){try{const s=String(arguments[0]);if(s.indexOf('[BRIDGE] peer ')===0)window.__peers.push(s)}catch(e){}return o.apply(console,arguments)};w.__aa=true;console.log=w;return 'peer-line tap installed'})() => "peer-line tap installed"
[  29113ms] [console.log] [BRIDGEGATE] B0 configured-and-idle-until-asked {"present":true,"ws_constructed":false,"url_parsed":false,"url":null,"queues":0,"bound":0,"PASS":true}
[  29113ms] [harness] eval (()=>{const b=window.AABridge;const r={present:!!b,ws_constructed:!!(b&&b.ws),url_parsed:b?b.urlChecked:null,url:b?b.url:null,queues:b?Object.keys(b.queues).length:null,bound:b?Object.keys(b.bound).length:null};r.PASS=!!b&&!r.ws_constructed&&r.url_parsed===false;console.log('[BRIDGEGATE] B0 configured-and-idle-until-asked '+JSON.stringify(r));return 'B0 '+r.PASS})() => "B0 true"
[  29113ms] [harness] === ENTER-1-PLAY-GAME-SUBMENU ===
[  29147ms] [harness] key Enter (1/1)
[  32011ms] [harness] screenshot -> /tmp/bridge-gate-neg/04-play-game-menu-opens-on-multiplayer.png
[  32011ms] [harness] === ENTER-2-MULTIPLAYER-SUBMENU ===
[  32022ms] [console.log] [BRIDGE] open ws://127.0.0.1:8010
[  32043ms] [harness] key Enter (1/1)
[  34880ms] [harness] screenshot -> /tmp/bridge-gate-neg/05-network-menu-opens-on-online-multiplayer.png
[  34880ms] [harness] === ONE-DOWN-TO-LAN-MULTIPLAYER ===
[  34914ms] [harness] key Down (1/1)
[  36748ms] [harness] screenshot -> /tmp/bridge-gate-neg/06-network-menu-lan-selected.png
[  36748ms] [harness] === ENTER-3-LAN-BROWSE-ASKS-FOR-A-SOCKET ===
[  36780ms] [harness] key Enter (1/1)
[  36789ms] [console.log] [BRIDGE] handle 1 bound to udp port 53288
[  37081ms] [harness] until 1x <<[BRIDGE] open>> (timeout 60000ms, have 1)
[  37082ms] [harness] until SATISFIED: saw 1x <<[BRIDGE] open>>
[  37082ms] [harness] until 1x <<bound to udp port>> (timeout 60000ms, have 1)
[  37082ms] [harness] until SATISFIED: saw 1x <<bound to udp port>>
[  38278ms] [console.log] [BRIDGE] error on handle 1: port 0 is outside the allowed range 4533-4599
[  38282ms] [console.log] [BRIDGE] error on handle 1: port 0 is outside the allowed range 4533-4599
[  38286ms] [console.log] [BRIDGE] error on handle 1: port 0 is outside the allowed range 4533-4599
[  38292ms] [console.log] [BRIDGE] error on handle 1: port 0 is outside the allowed range 4533-4599
[  38303ms] [console.log] [BRIDGE] handle 2 bound to udp port 50972
[  39119ms] [harness] screenshot -> /tmp/bridge-gate-neg/07-lan-browser.png
[  39120ms] [console.log] [BRIDGEGATE] B1 socket-open-and-bound {"url":"ws://127.0.0.1:8010","state":1,"ws_readyState":1,"bound":[[2,1]],"pending_datagrams":0,"PASS":true}
[  39120ms] [harness] eval (()=>{const b=window.AABridge;const bound=Object.keys(b.bound).map(h=>[Number(h),b.bound[h]]);const r={url:b.url,state:b.state,ws_readyState:b.ws?b.ws.readyState:null,bound:bound,pending_datagrams:Object.keys(b.queues).reduce((n,h)=>n+b.queues[h].length,0)};r.PASS=b.state===1&&r.ws_readyState===1&&bound.length>0&&bound.every(e=>e[1]===1);console.log('[BRIDGEGATE] B1 socket-open-and-bound '+JSON.stringify(r));return 'B1 '+r.PASS})() => "B1 true"
[  39121ms] [harness] === A1-INJECT-TWO-DATAGRAMS-ON-THE-LIVE-HANDLE ===
[  39121ms] [harness] eval (()=>{const b=window.AABridge;const h=Object.keys(b.queues)[0];if(h===undefined)return 'NO LIVE HANDLE';window.__h=h;const push=(a)=>b.queues[h].push({addr:a,port:4534,bytes:new Uint8Array([0,0,0,0])});push('127.0.0.1');push('tron.example.org');return 'injected 2 datagrams on handle '+h})() => "injected 2 datagrams on handle 2"
[  39121ms] [harness] until 1x <<[BRIDGE] peer 127.0.0.1 -> 127.0.0.1 (literal)>> (timeout 30000ms, have 0)
[  39137ms] [console.log] [BRIDGE] peer 127.0.0.1 -> 10.42.0.1 (synthetic)
[  39138ms] [console.log] [BRIDGE] peer tron.example.org -> 10.42.0.2 (synthetic)
[  69137ms] [harness] until TIMED OUT after 30000ms: saw 0x <<[BRIDGE] peer 127.0.0.1 -> 127.0.0.1 (literal)>>, wanted 1
[  69139ms] [harness] until 1x <<[BRIDGE] peer tron.example.org -> 10.42.>> (timeout 30000ms, have 1)
[  69139ms] [harness] until SATISFIED: saw 1x <<[BRIDGE] peer tron.example.org -> 10.42.>>
[  70644ms] [console.log] [BRIDGEGATE] A1 address-text-maps-the-way-the-game-maps-it {"peer_lines":["[BRIDGE] peer 127.0.0.1 -> 10.42.0.1 (synthetic)","[BRIDGE] peer tron.example.org -> 10.42.0.2 (synthetic)"],"literal_maps_to_itself":0,"hostname_maps_to_synthetic":1,"drained":0,"dropped":0,"send_failures":0,"PASS":false}
[  70645ms] [harness] eval (()=>{const p=window.__peers||[];const lit=p.filter(l=>l.indexOf('peer 127.0.0.1 -> 127.0.0.1 (literal)')>=0).length;const syn=p.filter(l=>/peer tron\.example\.org -> 10\.42\.[0-9.]+ \(synthetic\)/.test(l)).length;const q=(window.AABridge.queues[window.__h]||[]);const r={peer_lines:p,literal_maps_to_itself:lit,hostname_maps_to_synthetic:syn,drained:q.length,dropped:window.AABridge.dropped|0,send_failures:window.AABridge.sendFailures|0};r.PASS=lit===1&&syn===1&&r.drained===0;console.log('[BRIDGEGATE] A1 address-text-maps-the-way-the-game-maps-it '+JSON.stringify(r));return 'A1 '+r.PASS})() => "A1 false"
[  70676ms] [harness] screenshot -> /tmp/bridge-gate-neg/08-after-the-injected-datagrams.png
[  70676ms] [harness] === BACK-OUT-AND-CONFIRM-THE-PAGE-IS-STILL-ALIVE ===
[  70700ms] [console.log] [PERSISTSAVE] menu-leave n=1
[  70700ms] [console.log] [BRIDGE] error on handle 2: port 0 is outside the allowed range 4533-4599
[  70705ms] [console.log] [BRIDGE] error on handle 2: port 0 is outside the allowed range 4533-4599
[  70709ms] [console.log] [BRIDGE] error on handle 2: port 0 is outside the allowed range 4533-4599
[  70709ms] [harness] key Escape (1/1)
[  70714ms] [console.log] [BRIDGE] error on handle 2: port 0 is outside the allowed range 4533-4599
[  74042ms] [harness] screenshot -> /tmp/bridge-gate-neg/09-back-in-the-network-menu.png
[  74052ms] [harness] eval (()=>{const c=document.getElementById('canvas');const g=c.getContext('webgl');return 'alive, gl err=0x'+(g?g.getError().toString(16):'nogl')})() => "alive, gl err=0x0"
