[   1221ms] [harness] mobile emulation: 915x412 CSS px dpr 3 (= 2745x1236 device px), touch on
[   1223ms] [harness] chrome: Chrome/152.0.7977.77
[   1223ms] [harness] navigating to http://localhost:8007/armagetronad.html?autostart=0&touch=1
[     68ms] [console.log] [DISPLAY] at load: viewport 915x412 dpr 3 -> canvas 2745x1236 aspect 2.2209 gpu-axis-limit 16384
[     69ms] [console.log] [TOUCH] enabled=true (?touch=1) maxTouchPoints=5
[     70ms] [console.log] [TOUCH] context 0 (menu no, cycle no) -> TAP=ENTER
[     71ms] [console.log] [TOUCH] play in portrait: false (localStorage aa.portrait)
[     72ms] [console.log] [TOUCH] orientation portrait=false (sized for portrait: false, boot held: false, play in portrait: false)
[     80ms] [console.error] WARNING: using emscripten GL emulation. This is a collection of limited workarounds, do not expect it to work.
[     80ms] [console.error] WARNING: using emscripten GL emulation unsafe opts. If weirdness happens, try -sGL_UNSAFE_OPTS=0
[     83ms] [console.log] [TOUCH] orientation portrait=false (sized for portrait: false, boot held: false, play in portrait: false)
[     89ms] [page] load event fired
[    102ms] [browser.error/network] Failed to load resource: the server responded with a status of 404 (File not found)   <- http://localhost:8007/favicon.ico
[    173ms] [console.log] [PERSIST] populate ok in 60ms
[    438ms] [console.log] [PERSIST] runtime initialized, starting the game
[    438ms] [console.log] [CAMERA] camera distance x0.5 written to /data/webdefaults/autoexec.cfg before main()
[    439ms] [console.log] [BOOT] main() HELD by ?autostart=0, waiting for AA_START()
[    814ms] [harness] eval (() => {  /* One frame = one flush/finish on the WebGL context. rSysDep::SwapGL calls     exactly one of the two per swap, chosen by swapMode_: the static default     is rSwap_glFlush, but sr_LoadDefaultConfig (rScreen.cpp) sets     rSwap_glFinish and welcome() (gArmagetron.cpp) runs it under st_FirstUse     -- and every harness run is a first-use boot (drive-browser.mjs makes a     fresh profile), so the client the harness measures swaps with glFinish,     a synchronous wait for the GPU. S.swaps counts each kind so the [PERF]     line says which fired instead of assuming. Per frame we keep: the     timestamp (taken BEFORE the swap call), the time spent INSIDE the swap     call (the GPU wait), the timestamp of the frame's first draw call, the     number of drawArrays/drawElements calls, and the bytes through     bufferData/bufferSubData. Draw calls and bytes are the direct measure of     "geometry re-submitted through the emulation this frame" (mechanism 1);     the first-draw timestamp lets report.js split a frame interval into     [end of previous swap -> first draw] (event-loop yield, input,     simulation) and [first draw -> swap] (render submission), so a frame that     gets slower in the first part while its draw calls stay flat is NOT the     renderer. */  /* THIS FILE IS ONE EXPRESSION WITH BLOCK COMMENTS ONLY: run-arm.sh strips     every newline to fit it into a single eval: step of drive-browser.mjs, so     a // comment would swallow the rest of the program. */  const N = 600000;  const S = { t: new Float64Array(N), wait: new Float32Array(N), first: new Float64Array(N),              draws: new Uint32Array(N), bytes: new Float64Array(N), n: 0,              swaps: { flush: 0, finish: 0 }, marks: [], shots: [], cur: { draws: 0, bytes: 0, first: 0 } };  window.__fps = S;  /* Screenshot bracket. Page.captureScreenshot spends real time on the page     and can put a hitch INTO a measured window; the driver's own     "[harness] screenshot" line is on the driver's clock, in the driver's     transcript, where report.js cannot see it. The template therefore wraps     every shot: step in eval:__fps.shot('name','begin') and     eval:__fps.shot('name','end'), on the page's clock, and report.js drops     the frames between the two (plus a pad) from every statistic. */  S.shot = (name, edge) => { S.shots.push([performance.now(), name, edge]); return 'shot ' + edge + ' ' + name; };  const wrap = (C) => {    if (!C) return; const P = C.prototype;    for (const m of ['flush', 'finish']) { const o = P[m]; if (!o) continue;      P[m] = function () {        const i = S.n, now = performance.now();        if (i < N) { S.t[i] = now; S.draws[i] = S.cur.draws; S.bytes[i] = S.cur.bytes; S.first[i] = S.cur.first; S.n = i + 1; }        S.swaps[m]++; S.cur.draws = 0; S.cur.bytes = 0; S.cur.first = 0;        const r = o.apply(this, arguments);        if (i < N) S.wait[i] = performance.now() - now;        return r; }; }    for (const m of ['drawArrays', 'drawElements']) { const o = P[m]; if (!o) continue;      P[m] = function () { if (!S.cur.first) S.cur.first = performance.now(); S.cur.draws++; return o.apply(this, arguments); }; }    for (const m of ['bufferData', 'bufferSubData']) { const o = P[m]; if (!o) continue;      P[m] = function () { const d = (m === 'bufferData') ? arguments[1] : arguments[2];        S.cur.bytes += (d && d.byteLength) ? d.byteLength : (typeof d === 'number' ? d : 0);        return o.apply(this, arguments); }; }  };  wrap(window.WebGLRenderingContext); wrap(window.WebGL2RenderingContext);  const cl = console.log.bind(console);  console.log = function () { const s = (arguments.length && typeof arguments[0] === 'string') ? arguments[0] : '';    if (s.indexOf('[L] ') === 0) S.marks.push([performance.now(), s]); return cl.apply(null, arguments); };  return 'sampler armed: frames, swap kind and wait, first draw, draw calls, buffer bytes, shot brackets';})() => "sampler armed: frames, swap kind and wait, first draw, draw calls, buffer bytes, shot brackets"
[    815ms] [harness] eval (()=>{const rd=(p)=>{try{return Module.FS.readFile(p,{encoding:'utf8'})}catch(e){return null}};const pick=(t,k)=>{if(t===null)return null;let v=null;for(const l of t.split('\n')){const s=l.trim();if(s.indexOf(k)===0&&/\s/.test(s.charAt(k.length)))v=s.slice(k.length).trim().replace(/\s+/g,' ')}return v};const DFLT={FIRST_USE:'1',SP_WALLS_LENGTH:'-1',SP_SPEED_FACTOR:'0',SP_SIZE_FACTOR:'-3',SP_NUM_AIS:'1',SP_AUTO_AIS:'1'};const KEYS=['FIRST_USE','SP_WALLS_LENGTH','SP_SPEED_FACTOR','SP_SIZE_FACTOR','SP_NUM_AIS','SP_AUTO_AIS','MAX_FPS','SWAP_MODE','TEXT_OUT','FLOOR_DETAIL'];window.__posttut=(phase)=>{let sv;try{Module._aa_web_save_config();sv='saved'}catch(e){sv='SAVE FAILED: '+e}const a=rd('/data/webdefaults/autoexec.cfg');const c=rd('/persist/var/user.cfg');const asked={},live={},expect={};for(const k of KEYS){asked[k]=pick(a,k);live[k]=pick(c,k);expect[k]=asked[k]!==null?asked[k]:(DFLT[k]!==undefined?DFLT[k]:null)}const K=c===null?[]:c.split('\n').map(l=>l.trim().replace(/\s+/g,' ')).filter(l=>l.indexOf('KEYBOARD ')===0);const bind=(x)=>K.filter(l=>l.indexOf(' PLAYER_BIND '+x+' 1')>0).map(l=>l.split(' ')[1]);console.log('[POSTTUT] '+JSON.stringify({phase:phase,save:sv,user_cfg_bytes:c===null?null:c.length,asked:asked,live:live,expect:expect,turn_left_bound:bind('CYCLE_TURN_LEFT'),turn_right_bound:bind('CYCLE_TURN_RIGHT')}));return 'posttut probe '+phase};return 'posttut probe installed'})() => "posttut probe installed"
[    816ms] [harness] eval (()=>{const p='/data/webdefaults/autoexec.cfg';const cur=Module.FS.readFile(p,{encoding:'utf8'});const add='\n# perf arm posttut-default-r1 (post-tutorial path)\nFIRST_USE 0\nSWAP_MODE 2\nFLOOR_DETAIL 3\nTEXT_OUT 1\nKEYBOARD 276 PLAYER_BIND CYCLE_TURN_LEFT 1\nKEYBOARD 275 PLAYER_BIND CYCLE_TURN_RIGHT 1\nMAX_FPS 1000\n# posttut-default: no SP_ override -- the shipped SP_ defaults stand\n';Module.FS.writeFile(p,cur+add);return 'autoexec.cfg patched: '+JSON.stringify(add)})() => "autoexec.cfg patched: \"\\n# perf arm posttut-default-r1 (post-tutorial path)\\nFIRST_USE 0\\nSWAP_MODE 2\\nFLOOR_DETAIL 3\\nTEXT_OUT 1\\nKEYBOARD 276 PLAYER_BIND CYCLE_TURN_LEFT 1\\nKEYBOARD 275 PLAYER_BIND CYCLE_TURN_RIGHT 1\\nMAX_FPS 1000\\n# posttut-default: no SP_ override -- the shipped SP_ defaults stand\\n\""
[    818ms] [console.log] [BOOT] autostart: calling main
[    821ms] [console.error] Error: Error in tString GeneratePrefix() in src/tools/tDirectories.cpp:1380 : 
[    821ms] [console.error]  	Relocation error. The binary was supposed to be installed into /usr/local/bin and found itself in . and could not find out what this means for the prefix /usr/local.
[    822ms] [console.error] 
[    822ms] [console.log] Warning in void FindConfigurationPath() in src/tools/tDirectories.cpp:1465 : 
[    822ms] [console.log]  	Could not determine path to configuration files. Using defaults or command line arguments.
[    822ms] [console.log] 
[    951ms] [console.log] [L] ENCODING latin1
[    959ms] [console.log] [SND] device opened: 22050 Hz, 2 ch, 16-bit, 1024 frames/callback (46.4 ms per callback, SOUND_BUFFER_SHIFT 1)
[    978ms] [console.error] WARNING: using emscripten GL immediate mode emulation. This is very limited in what it supports
[    982ms] [console.error] TODO: glShadeModel
[    987ms] [browser.warning/rendering] Canvas2D: Multiple readback operations using getImageData are faster with the willReadFrequently attribute set to true. See: https://html.spec.whatwg.org/multipage/canvas.html#concept-canvas-will-read-frequently   <- http://localhost:8007/armagetronad.js
[   1031ms] [harness] eval window.AA_START() => undefined
[   1031ms] [harness] until 1x <<[BOOT] autostart>> (timeout 90000ms, have 1)
[   1032ms] [harness] until SATISFIED: saw 1x <<[BOOT] autostart>>
[   1033ms] [browser.warning/other] The AudioContext was not allowed to start. It must be resumed (or created) after a user gesture on the page. https://developer.chrome.com/blog/autoplay/#web_audio   <- http://localhost:8007/armagetronad.js
[   1033ms] [browser.warning/other] The AudioContext was not allowed to start. It must be resumed (or created) after a user gesture on the page. https://developer.chrome.com/blog/autoplay/#web_audio   <- http://localhost:8007/armagetronad.js
[   1034ms] [browser.warning/other] The AudioContext was not allowed to start. It must be resumed (or created) after a user gesture on the page. https://developer.chrome.com/blog/autoplay/#web_audio   <- http://localhost:8007/armagetronad.js
[   1034ms] [browser.warning/other] The AudioContext was not allowed to start. It must be resumed (or created) after a user gesture on the page. https://developer.chrome.com/blog/autoplay/#web_audio   <- http://localhost:8007/armagetronad.js
[   1034ms] [browser.warning/other] The AudioContext was not allowed to start. It must be resumed (or created) after a user gesture on the page. https://developer.chrome.com/blog/autoplay/#web_audio   <- http://localhost:8007/armagetronad.js
[   7072ms] [console.log] [TOUCH] context 1 (menu yes, cycle no) -> TAP=ENTER
[  10129ms] [harness] screenshot -> docs/evidence/m6-lag/task7-posttutorial/posttut-default-r1/m0a-splash.png
[  19219ms] [harness] screenshot -> docs/evidence/m6-lag/task7-posttutorial/posttut-default-r1/m0-main-menu.png
[  19221ms] [harness] === MENU-WALK-NO-TUTORIAL-ON-THIS-PATH ===
[  19261ms] [harness] key Enter (1/1)
[  21462ms] [harness] screenshot -> docs/evidence/m6-lag/task7-posttutorial/posttut-default-r1/m1-game-submenu.png
[  21495ms] [harness] key Down (1/1)
[  23103ms] [harness] screenshot -> docs/evidence/m6-lag/task7-posttutorial/posttut-default-r1/m2-cursor-on-start-new-game.png
[  23107ms] [console.log] [L] PLAYER_ENTERED web_user  web_user
[  23108ms] [console.log] [L] TEAM_CREATED web_user
[  23108ms] [console.log] [L] TEAM_PLAYER_ADDED web_user web_user
[  23110ms] [console.log] [WAV] loaded /data/sound/expl.wav: 11937 bytes, 8-bit mono @ 11025 Hz (fopen misses so far: 1)
[  23112ms] [console.log] [L] ROUND_SCORE_TEAM 0 web_user
[  23113ms] [console.log] [L] NEW_ROUND 2026-09-04 11:10:06 UTC+0200
[  23129ms] [console.log] [L] TEAM_CREATED ai_team
[  23130ms] [console.log] [L] TEAM_PLAYER_ADDED ai_team word
[  23130ms] [console.log] [L] TEAM_PLAYER_ADDED ai_team excel
[  23130ms] [console.log] [L] TEAM_PLAYER_ADDED ai_team notepad
[  23131ms] [console.log] [WAV] loaded /data/sound/cyclrun.wav: 40403 bytes, 8-bit mono @ 22050 Hz (fopen misses so far: 2)
[  23143ms] [harness] key Enter (1/1)
[  23145ms] [console.log] [WAV] loaded /data/sound/expl.wav: 11937 bytes, 8-bit mono @ 11025 Hz (fopen misses so far: 2)
[  23146ms] [console.log] [WAV] retiring a voice on moviesounds/intro.wav: loaded but zero samples
[  23146ms] [console.log] [SND] live voices peaked at 9 (SOUND_SOURCES 10, loudness_thresh 0.0000)
[  23319ms] [console.log] [TOUCH] context 2 (menu no, cycle alive) -> STEERING
[  23392ms] [browser.error/network] Failed to load resource: the server responded with a status of 404 (File not found)   <- http://localhost:8007/favicon.ico
[  23444ms] [harness] until 1x <<[L] NEW_ROUND>> (timeout 120000ms, have 1)
[  23444ms] [harness] until SATISFIED: saw 1x <<[L] NEW_ROUND>>
[  23444ms] [harness] === ROUND-1-SETUP-NOT-MEASURED ===
[  26478ms] [harness] key Right (1/1)
[  26812ms] [harness] key Left (1/1)
[  28615ms] [harness] eval __fps.shot('r1-after-keys','begin') => "shot begin r1-after-keys"
[  28866ms] [harness] screenshot -> docs/evidence/m6-lag/task7-posttutorial/posttut-default-r1/r1-after-keys.png
[  28867ms] [harness] eval __fps.shot('r1-after-keys','end') => "shot end r1-after-keys"
[  28871ms] [console.log] [PERSISTSAVE] js-backstop n=1
[  28872ms] [console.log] [POSTTUT] {"phase":"round1-setup","save":"saved","user_cfg_bytes":22051,"asked":{"FIRST_USE":"0","SP_WALLS_LENGTH":null,"SP_SPEED_FACTOR":null,"SP_SIZE_FACTOR":null,"SP_NUM_AIS":"3","SP_AUTO_AIS":"0","MAX_FPS":"1000","SWAP_MODE":"2","TEXT_OUT":"1","FLOOR_DETAIL":"3"},"live":{"FIRST_USE":"0","SP_WALLS_LENGTH":"-1","SP_SPEED_FACTOR":"0","SP_SIZE_FACTOR":"-3","SP_NUM_AIS":"3","SP_AUTO_AIS":"0","MAX_FPS":"1000","SWAP_MODE":"2","TEXT_OUT":"1","FLOOR_DETAIL":"3"},"expect":{"FIRST_USE":"0","SP_WALLS_LENGTH":"-1","SP_SPEED_FACTOR":"0","SP_SIZE_FACTOR":"-3","SP_NUM_AIS":"3","SP_AUTO_AIS":"0","MAX_FPS":"1000","SWAP_MODE":"2","TEXT_OUT":"1","FLOOR_DETAIL":"3"},"turn_left_bound":["1104"],"turn_right_bound":["1103"]}
[  28873ms] [harness] eval window.__posttut('round1-setup') => "posttut probe round1-setup"
[  28875ms] [harness] CPU throttling rate 6x
[  28875ms] [harness] === THROTTLE-ON ===
[  28875ms] [harness] until 2x <<[L] NEW_ROUND>> (timeout 260000ms, have 1)
[  29624ms] [console.log] [WAV] loaded /data/sound/expl.wav: 11937 bytes, 8-bit mono @ 11025 Hz (fopen misses so far: 3)
[  29670ms] [console.log] [L] DEATH_FRAG web_user excel
[  29678ms] [console.log] [WAV] loaded /data/sound/expl.wav: 11937 bytes, 8-bit mono @ 11025 Hz (fopen misses so far: 4)
[  29846ms] [console.log] [TOUCH] context 0 (menu no, cycle no) -> TAP=ENTER
[  31176ms] [console.log] [L] ROUND_WINNER ai_team notepad excel word
[  35232ms] [console.log] [L] ROUND_SCORE -2 web_user web_user
[  35234ms] [console.log] [L] ROUND_SCORE_TEAM -2 web_user
[  35235ms] [console.log] [L] NEW_ROUND 2026-09-04 11:10:18 UTC+0200
[  35255ms] [console.log] [L] TEAM_PLAYER_REMOVED ai_team notepad
[  35260ms] [console.log] [L] TEAM_PLAYER_ADDED ai_team outlook
[  35323ms] [console.log] [TOUCH] context 2 (menu no, cycle alive) -> STEERING
[  35329ms] [harness] until SATISFIED: saw 2x <<[L] NEW_ROUND>>
[  35329ms] [harness] === ROUND-2-MEASURED ===
[  41344ms] [harness] eval __fps.shot('r2-06s','begin') => "shot begin r2-06s"
[  41611ms] [harness] screenshot -> docs/evidence/m6-lag/task7-posttutorial/posttut-default-r1/r2-06s.png
[  41617ms] [harness] eval __fps.shot('r2-06s','end') => "shot end r2-06s"
[  41632ms] [harness] eval __fps.shot('r2-probe','begin') => "shot begin r2-probe"
[  41650ms] [console.log] [PERSISTSAVE] js-backstop n=2
[  41655ms] [console.log] [POSTTUT] {"phase":"round2-measured","save":"saved","user_cfg_bytes":22047,"asked":{"FIRST_USE":"0","SP_WALLS_LENGTH":null,"SP_SPEED_FACTOR":null,"SP_SIZE_FACTOR":null,"SP_NUM_AIS":"3","SP_AUTO_AIS":"0","MAX_FPS":"1000","SWAP_MODE":"2","TEXT_OUT":"1","FLOOR_DETAIL":"3"},"live":{"FIRST_USE":"0","SP_WALLS_LENGTH":"-1","SP_SPEED_FACTOR":"0","SP_SIZE_FACTOR":"-3","SP_NUM_AIS":"3","SP_AUTO_AIS":"0","MAX_FPS":"1000","SWAP_MODE":"2","TEXT_OUT":"1","FLOOR_DETAIL":"3"},"expect":{"FIRST_USE":"0","SP_WALLS_LENGTH":"-1","SP_SPEED_FACTOR":"0","SP_SIZE_FACTOR":"-3","SP_NUM_AIS":"3","SP_AUTO_AIS":"0","MAX_FPS":"1000","SWAP_MODE":"2","TEXT_OUT":"1","FLOOR_DETAIL":"3"},"turn_left_bound":["1104"],"turn_right_bound":["1103"]}
[  41656ms] [harness] eval window.__posttut('round2-measured') => "posttut probe round2-measured"
[  41683ms] [harness] eval __fps.shot('r2-probe','end') => "shot end r2-probe"
[  41785ms] [console.log] [L] DEATH_FRAG web_user outlook
[  41840ms] [console.log] [TOUCH] context 0 (menu no, cycle no) -> TAP=ENTER
[  43309ms] [console.log] [L] ROUND_WINNER ai_team outlook excel word
[  47372ms] [console.log] [L] ROUND_SCORE -2 web_user web_user
[  47375ms] [console.log] [L] ROUND_SCORE_TEAM -2 web_user
[  47375ms] [console.log] [L] NEW_ROUND 2026-09-04 11:10:30 UTC+0200
[  47576ms] [console.log] [TOUCH] context 2 (menu no, cycle alive) -> STEERING
[  53939ms] [console.log] [L] DEATH_FRAG web_user outlook
[  54081ms] [console.log] [TOUCH] context 0 (menu no, cycle no) -> TAP=ENTER
[  55475ms] [console.log] [L] ROUND_WINNER ai_team outlook excel word
[  59507ms] [console.log] [L] MATCH_WINNER ai_team outlook excel word
[  65686ms] [harness] eval __fps.shot('r2-30s','begin') => "shot begin r2-30s"
[  66011ms] [harness] screenshot -> docs/evidence/m6-lag/task7-posttutorial/posttut-default-r1/r2-30s.png
[  66015ms] [harness] eval __fps.shot('r2-30s','end') => "shot end r2-30s"
[  67623ms] [console.log] [L] ROUND_SCORE -2 web_user web_user
[  67625ms] [console.log] [L] ROUND_SCORE_TEAM -2 web_user
[  67627ms] [console.log] [L] NEW_ROUND 2026-09-04 11:10:51 UTC+0200
[  67628ms] [console.log] [L] NEW_MATCH 2026-09-04 11:10:51 UTC+0200
[  67828ms] [console.log] [TOUCH] context 2 (menu no, cycle alive) -> STEERING
[  74181ms] [console.log] [L] DEATH_FRAG web_user outlook
[  74332ms] [console.log] [TOUCH] context 0 (menu no, cycle no) -> TAP=ENTER
[  75701ms] [console.log] [L] ROUND_WINNER ai_team outlook excel word
[  79785ms] [console.log] [L] ROUND_SCORE -2 web_user web_user
[  79788ms] [console.log] [L] ROUND_SCORE_TEAM -2 web_user
[  79790ms] [console.log] [L] NEW_ROUND 2026-09-04 11:11:03 UTC+0200
[  79826ms] [console.log] [TOUCH] context 2 (menu no, cycle alive) -> STEERING
[  86022ms] [harness] eval __fps.shot('r2-50s','begin') => "shot begin r2-50s"
[  86296ms] [harness] screenshot -> docs/evidence/m6-lag/task7-posttutorial/posttut-default-r1/r2-50s.png
[  86315ms] [harness] eval __fps.shot('r2-50s','end') => "shot end r2-50s"
[  86316ms] [harness] until 3x <<[L] NEW_ROUND>> (timeout 260000ms, have 5)
[  86316ms] [harness] until SATISFIED: saw 5x <<[L] NEW_ROUND>>
[  86316ms] [harness] === ROUND-3-MEASURED ===
[  86336ms] [console.log] [L] DEATH_FRAG web_user outlook
[  86355ms] [console.log] [TOUCH] context 0 (menu no, cycle no) -> TAP=ENTER
[  87888ms] [console.log] [L] ROUND_WINNER ai_team outlook excel word
[  91943ms] [console.log] [L] ROUND_SCORE -2 web_user web_user
[  91946ms] [console.log] [L] ROUND_SCORE_TEAM -2 web_user
[  91948ms] [console.log] [L] NEW_ROUND 2026-09-04 11:11:15 UTC+0200
[  92078ms] [console.log] [TOUCH] context 2 (menu no, cycle alive) -> STEERING
[  92318ms] [harness] eval __fps.shot('r3-06s','begin') => "shot begin r3-06s"
[  92391ms] [harness] screenshot -> docs/evidence/m6-lag/task7-posttutorial/posttut-default-r1/r3-06s.png
[  92393ms] [harness] eval __fps.shot('r3-06s','end') => "shot end r3-06s"
[  98514ms] [console.log] [L] DEATH_FRAG web_user outlook
[  98584ms] [console.log] [TOUCH] context 0 (menu no, cycle no) -> TAP=ENTER
[ 100046ms] [console.log] [L] ROUND_WINNER ai_team outlook excel word
[ 104074ms] [console.log] [L] MATCH_WINNER ai_team outlook excel word
[ 112186ms] [console.log] [L] ROUND_SCORE -2 web_user web_user
[ 112189ms] [console.log] [L] ROUND_SCORE_TEAM -2 web_user
[ 112196ms] [console.log] [L] NEW_ROUND 2026-09-04 11:11:35 UTC+0200
[ 112197ms] [console.log] [L] NEW_MATCH 2026-09-04 11:11:35 UTC+0200
[ 112334ms] [console.log] [TOUCH] context 2 (menu no, cycle alive) -> STEERING
[ 116410ms] [harness] eval __fps.shot('r3-30s','begin') => "shot begin r3-30s"
[ 116650ms] [harness] screenshot -> docs/evidence/m6-lag/task7-posttutorial/posttut-default-r1/r3-30s.png
[ 116663ms] [harness] eval __fps.shot('r3-30s','end') => "shot end r3-30s"
[ 118746ms] [console.log] [L] DEATH_FRAG web_user outlook
[ 118850ms] [console.log] [TOUCH] context 0 (menu no, cycle no) -> TAP=ENTER
[ 120290ms] [console.log] [L] ROUND_WINNER ai_team outlook excel word
[ 124318ms] [console.log] [L] ROUND_SCORE -2 web_user web_user
[ 124319ms] [console.log] [L] ROUND_SCORE_TEAM -2 web_user
[ 124321ms] [console.log] [L] NEW_ROUND 2026-09-04 11:11:47 UTC+0200
[ 124344ms] [console.log] [TOUCH] context 2 (menu no, cycle alive) -> STEERING
[ 130874ms] [console.log] [L] DEATH_FRAG web_user outlook
[ 131102ms] [console.log] [TOUCH] context 0 (menu no, cycle no) -> TAP=ENTER
[ 132410ms] [console.log] [L] ROUND_WINNER ai_team outlook excel word
[ 136454ms] [console.log] [L] ROUND_SCORE -2 web_user web_user
[ 136456ms] [console.log] [L] ROUND_SCORE_TEAM -2 web_user
[ 136458ms] [console.log] [L] NEW_ROUND 2026-09-04 11:12:00 UTC+0200
[ 136592ms] [console.log] [TOUCH] context 2 (menu no, cycle alive) -> STEERING
[ 136669ms] [harness] eval __fps.shot('r3-50s','begin') => "shot begin r3-50s"
[ 136748ms] [harness] screenshot -> docs/evidence/m6-lag/task7-posttutorial/posttut-default-r1/r3-50s.png
[ 136749ms] [harness] eval __fps.shot('r3-50s','end') => "shot end r3-50s"
[ 136749ms] [harness] until 3x <<[L] ROUND_WINNER>> (timeout 260000ms, have 8)
[ 136749ms] [harness] until SATISFIED: saw 8x <<[L] ROUND_WINNER>>
[ 136749ms] [harness] === MATCH-OVER ===
[ 137852ms] [harness] eval (() => {  /* ONE EXPRESSION, BLOCK COMMENTS ONLY: run-arm.sh strips newlines to make     this a single eval: step (see sampler.js). posttut-default-r1 and 6 are     substituted by run-arm.sh. The object this prints after "[PERF] <arm> " is     the schema Tasks 2-4 read; web/tools/perf/README.md documents it. */  const S = window.__fps, n = S.n;  const PAD_BEFORE = 100, PAD_AFTER = 250;  const marks = (p) => S.marks.filter(m => m[1].indexOf(p) === 0);  const nr = marks('[L] NEW_ROUND').map(m => m[0]);  const rw = marks('[L] ROUND_WINNER').map(m => m[0]);  /* The human is the first PLAYER_ENTERED name; the AIs never enter that way.     A DEATH_* line names its victim first, so the human's deaths are the     DEATH_ marks whose first name is that one. */  const pe = marks('[L] PLAYER_ENTERED ');  const human = pe.length ? pe[0][1].split(/\s+/)[2] : 'web_user';  const deaths = S.marks.filter(m => /^\[L\] DEATH_\w+ /.test(m[1]) && m[1].split(/\s+/)[2] === human).map(m => m[0]);  /* Screenshot exclusions: [begin - PAD_BEFORE, end + PAD_AFTER] for every     bracketed shot (sampler.js S.shot); a begin with no end -- the driver died     mid-shot -- excludes two seconds. */  const ex = []; const open = {};  for (const [t, name, edge] of S.shots) {    if (edge === 'begin') open[name] = t;    else if (edge === 'end' && open[name] != null) { ex.push({ a: open[name] - PAD_BEFORE, b: t + PAD_AFTER, name: name, dur: t - open[name] }); delete open[name]; } }  for (const name in open) ex.push({ a: open[name] - PAD_BEFORE, b: open[name] + 2000, name: name, dur: null });  const excluded = (t) => ex.some(e => t >= e.a && t <= e.b);  const q = (a, p) => { if (!a.length) return null; const s = a.slice().sort((x, y) => x - y);    return s[Math.min(s.length - 1, Math.max(0, Math.round(p * (s.length - 1))))]; };  const r2 = (x) => (x == null) ? null : Math.round(x * 100) / 100;  /* A window's statistics use only frames outside every exclusion, and only     deltas between frames that were ADJACENT samples, so a gap that straddles     an exclusion is never counted as a frame time. raw_ms_max ignores the     exclusions on purpose: it is where a screenshot hitch stays visible, so a     reader can see what was excluded and that it did not leak into ms_p50.     Each frame interval t[i]-t[p] (p the previous sample) is also split into     the three parts the sampler timestamps: ms_in_swap = the previous swap     call itself (p50, p90 and max: if glFinish waited for the GPU it would     show here, and the first measured run read 0 in every window -- so the     tail is reported too), ms_to_first_draw = from that     call's return to this frame's first draw call (the emscripten_sleep(0)     yield, input, the simulation, render setup), ms_first_draw_to_swap = from     the first draw call to this frame's swap call (render submission). */  const win = (t0, t1) => {    const ix = []; let dropped = 0, rawMax = 0, prev = -1;    for (let i = 0; i < n; i++) { const t = S.t[i]; if (t < t0 || t > t1) continue;      if (prev >= 0) rawMax = Math.max(rawMax, t - S.t[prev]); prev = i;      if (excluded(t)) dropped++; else ix.push(i); }    const d = [], sw = [], pre = [], ren = []; let dr = 0, by = 0;    for (let k = 1; k < ix.length; k++) if (ix[k] === ix[k - 1] + 1) { const i = ix[k], p = ix[k - 1];      d.push(S.t[i] - S.t[p]); sw.push(S.wait[p]);      if (S.first[i] > 0) { pre.push(S.first[i] - (S.t[p] + S.wait[p])); ren.push(S.t[i] - S.first[i]); } }    for (const i of ix) { dr += S.draws[i]; by += S.bytes[i]; }    const f = ix.length || 1;    let exms = 0; for (const e of ex) exms += Math.max(0, Math.min(t1, e.b) - Math.max(t0, e.a));    const span = Math.max(1, (t1 - t0) - exms);    return { frames: ix.length, frames_excluded: dropped, ms_p50: r2(q(d, .5)), ms_p90: r2(q(d, .9)),             fps: r2(ix.length / (span / 1000)), draws_per_frame: r2(dr / f),             kb_per_frame: r2(by / f / 1024), hitches_over_50ms: d.filter(x => x > 50).length,             raw_ms_max: r2(rawMax), ms_in_swap_p50: r2(q(sw, .5)), ms_in_swap_p90: r2(q(sw, .9)), ms_in_swap_max: r2(q(sw, 1)),             ms_to_first_draw_p50: r2(q(pre, .5)), ms_first_draw_to_swap_p50: r2(q(ren, .5)) }; };  const perSec = (t0, t1) => { const ms = [], dr = [], mx = [], pre = [], ren = [];    for (let k = 0; k * 1000 < t1 - t0; k++) { const w = win(t0 + k * 1000, Math.min(t1, t0 + (k + 1) * 1000));      ms.push(w.ms_p50); dr.push(w.draws_per_frame); mx.push(w.raw_ms_max); pre.push(w.ms_to_first_draw_p50); ren.push(w.ms_first_draw_to_swap_p50); }    return { ms_p50: ms, draws_per_frame: dr, raw_ms_max: mx, ms_to_first_draw_p50: pre, ms_first_draw_to_swap_p50: ren }; };  /* Pre-round frames. For the first half second of game time after a round     starts (gGame.cpp GameLoop, the gtime <= -PREPARE_TIME + .5 branch) the     game clears the screen and swaps WITHOUT calling Render: overlay only, no     arena, a handful of draw calls at a fraction of a world frame's cost.     They sit right after NEW_ROUND and would otherwise fill the early window     with frames that have no geometry in them. They are found by their draw     count: the threshold is halfway between the fewest draws of any frame in     the round's first two seconds (an overlay-only frame) and the median of     its second second (world frames); the measured span starts at the first     frame after the last frame under the threshold. The frame that straddles     NEW_ROUND itself (drawn mostly before it) is above the threshold and is     left out of both. */  const preRound = (t0) => {    const a = [], b = [];    for (let i = 0; i < n; i++) { const t = S.t[i]; if (t < t0) continue; if (t >= t0 + 2000) break; a.push(i); if (t >= t0 + 1000) b.push(S.draws[i]); }    const none = { start: t0, stats: { frames: 0, ms_p50: null, draws_per_frame: null, span_ms: 0, split_at_draws: null } };    if (!a.length) return none;    let lo = Infinity; for (const i of a) lo = Math.min(lo, S.draws[i]);    const med = q(b, .5); if (med == null || !(med > lo)) return none;    const thr = (lo + med) / 2; const ov = a.filter(i => S.draws[i] <= thr);    if (!ov.length) return none;    const last = ov[ov.length - 1]; const d = []; let dr = 0;    for (let k = 1; k < ov.length; k++) if (ov[k] === ov[k - 1] + 1) d.push(S.t[ov[k]] - S.t[ov[k - 1]]);    for (const i of ov) dr += S.draws[i];    return { start: (last + 1 < n) ? S.t[last + 1] : t0,             stats: { frames: ov.length, ms_p50: r2(q(d, .5)), draws_per_frame: r2(dr / ov.length),                      span_ms: r2(S.t[last] - S.t[ov[0]]), split_at_draws: r2(thr) } }; };  /* A round is closed by its ROUND_WINNER mark when one is written; a     winnerless round -- a lone cycle with no AI (gGame.cpp Analysis: a winner     needs more than one team) -- writes none and ends when the next NEW_ROUND     starts, and a round still running when this report runs closes here. For     a transcript where every round has its ROUND_WINNER before the next     NEW_ROUND (every base arm), this pairs exactly as nr[i]/rw[i] did. */  const rounds = [];  const tReport = performance.now();  for (let i = 0; i < nr.length; i++) {    const t0 = nr[i], next = (i + 1 < nr.length) ? nr[i + 1] : Infinity;    const won = rw.find(t => t > t0 && t < next);    const t1 = won != null ? won : (next < Infinity ? next : tReport);    const closedBy = won != null ? 'round_winner' : (next < Infinity ? 'next_round' : 'report');    const len = (t1 - t0) / 1000; if (len < 8) continue;    /* The measured span runs from the first world frame to the human's death       when the human dies before ROUND_WINNER (after it the camera shows an       explosion and the AIs' endgame, which is not what the maintainer       plays), else to ROUND_WINNER. */    const death = deaths.find(t => t > t0 && t < t1); const te = death != null ? death : t1;    const pr = preRound(t0); const ts = pr.start;    const e = win(ts, ts + 5000), l = win(te - 5000, te), all = win(ts, te);    const shots = ex.filter(x => x.a >= t0 && x.a <= t1).map(x => ({ name: x.name, at_s: r2((x.a + PAD_BEFORE - t0) / 1000), dur_ms: r2(x.dur) }));    rounds.push({ round: i + 1, length_s: r2(len), closed_by: closedBy,      measured_from_s: r2((ts - t0) / 1000), measured_to_s: r2((te - t0) / 1000),      human_death_s: death != null ? r2((death - t0) / 1000) : null, ends_at: death != null ? 'human_death' : 'round_winner',      pre_round: pr.stats, early_5s: e, late_5s: l,      ratio_ms: e.ms_p50 ? r2(l.ms_p50 / e.ms_p50) : null,      ratio_draws: e.draws_per_frame ? r2(l.draws_per_frame / e.draws_per_frame) : null,      hitches_over_50ms: all.hitches_over_50ms, frames: all.frames, frames_excluded: all.frames_excluded,      raw_ms_max: all.raw_ms_max, shots: shots, per_second: perSec(t0, t1) }); }  return '[PERF] posttut-default-r1 ' + JSON.stringify({ arm: 'posttut-default-r1', cpu_rate: 6, frames: n, human: human,    swaps: S.swaps, rounds_started: nr.length, rounds_won: rw.length,    shots_bracketed: ex.filter(x => x.dur != null).length, shot_pad_ms: [PAD_BEFORE, PAD_AFTER], rounds });})() => "[PERF] posttut-default-r1 {\"arm\":\"posttut-default-r1\",\"cpu_rate\":6,\"frames\":12219,\"human\":\"web_user\",\"swaps\":{\"flush\":0,\"finish\":12219},\"rounds_started\":9,\"rounds_won\":8,\"shots_bracketed\":8,\"shot_pad_ms\":[100,250],\"rounds\":[{\"round\":1,\"length_s\":8.06,\"closed_by\":\"round_winner\",\"measured_from_s\":0.53,\"measured_to_s\":6.56,\"human_death_s\":6.56,\"ends_at\":\"human_death\",\"pre_round\":{\"frames\":96,\"ms_p50\":5,\"draws_per_frame\":16.03,\"span_ms\":480.8,\"split_at_draws\":33},\"early_5s\":{\"frames\":749,\"frames_excluded\":19,\"ms_p50\":6.4,\"ms_p90\":7,\"fps\":153.88,\"draws_per_frame\":66.78,\"kb_per_frame\":103.04,\"hitches_over_50ms\":0,\"raw_ms_max\":14.4,\"ms_in_swap_p50\":0,\"ms_in_swap_p90\":0,\"ms_in_swap_max\":0.1,\"ms_to_first_draw_p50\":4.9,\"ms_first_draw_to_swap_p50\":1.5},\"late_5s\":{\"frames\":612,\"frames_excluded\":69,\"ms_p50\":6.6,\"ms_p90\":7.2,\"fps\":139.17,\"draws_per_frame\":71.78,\"kb_per_frame\":103.08,\"hitches_over_50ms\":1,\"raw_ms_max\":75.6,\"ms_in_swap_p50\":0,\"ms_in_swap_p90\":0,\"ms_in_swap_max\":1.1,\"ms_to_first_draw_p50\":5,\"ms_first_draw_to_swap_p50\":1.6},\"ratio_ms\":1.03,\"ratio_draws\":1.07,\"hitches_over_50ms\":1,\"frames\":776,\"frames_excluded\":69,\"raw_ms_max\":75.6,\"shots\":[{\"name\":\"r1-after-keys\",\"at_s\":5.5,\"dur_ms\":252.6}],\"per_second\":{\"ms_p50\":[5.6,6.2,6.3,6.6,6.7,6.7,19,23.5,24.8],\"draws_per_frame\":[31.04,50,68.76,69,82.22,84,79.4,79.44,80],\"raw_ms_max\":[24.1,7.2,7.2,14.4,13.6,18.1,75.6,29.9,24.8],\"ms_to_first_draw_p50\":[4.8,4.9,4.9,4.9,5.1,5,7.7,13.1,15.7],\"ms_first_draw_to_swap_p50\":[0.3,1.3,1.4,1.7,1.6,1.6,10.3,10.2,9.1]}},{\"round\":2,\"length_s\":8.07,\"closed_by\":\"round_winner\",\"measured_from_s\":0.53,\"measured_to_s\":6.55,\"human_death_s\":6.55,\"ends_at\":\"human_death\",\"pre_round\":{\"frames\":78,\"ms_p50\":6.2,\"draws_per_frame\":14.1,\"span_ms\":476.1,\"split_at_draws\":31.5},\"early_5s\":{\"frames\":337,\"frames_excluded\":0,\"ms_p50\":14.8,\"ms_p90\":17.5,\"fps\":67.4,\"draws_per_frame\":64.39,\"kb_per_frame\":101.13,\"hitches_over_50ms\":0,\"raw_ms_max\":19.4,\"ms_in_swap_p50\":0,\"ms_in_swap_p90\":0,\"ms_in_swap_max\":1.1,\"ms_to_first_draw_p50\":5.7,\"ms_first_draw_to_swap_p50\":9.1},\"late_5s\":{\"frames\":286,\"frames_excluded\":28,\"ms_p50\":15.4,\"ms_p90\":17.8,\"fps\":67.93,\"draws_per_frame\":70.21,\"kb_per_frame\":102.43,\"hitches_over_50ms\":0,\"raw_ms_max\":52.2,\"ms_in_swap_p50\":0,\"ms_in_swap_p90\":0.1,\"ms_in_swap_max\":1.2,\"ms_to_first_draw_p50\":5.9,\"ms_first_draw_to_swap_p50\":9.7},\"ratio_ms\":1.04,\"ratio_draws\":1.09,\"hitches_over_50ms\":0,\"frames\":365,\"frames_excluded\":28,\"raw_ms_max\":52.2,\"shots\":[{\"name\":\"r2-06s\",\"at_s\":6.11,\"dur_ms\":271.8},{\"name\":\"r2-probe\",\"at_s\":6.4,\"dur_ms\":51.3}],\"per_second\":{\"ms_p50\":[6.6,12.8,14.8,15.1,17.2,16.9,18.3,18.6,19.8],\"draws_per_frame\":[25.01,48.99,66.79,67,79.9,80.58,84.5,84.15,87],\"raw_ms_max\":[14.3,15.2,17.1,19,19,21.3,52.2,25.7,20.1],\"ms_to_first_draw_p50\":[5.1,5.3,5.2,5.6,6.4,6.6,9.7,9.8,10.2],\"ms_first_draw_to_swap_p50\":[1.3,7.5,9.4,9.4,10.7,10.2,8.5,9.1,9.4]}},{\"round\":3,\"length_s\":8.1,\"closed_by\":\"round_winner\",\"measured_from_s\":0.52,\"measured_to_s\":6.56,\"human_death_s\":6.56,\"ends_at\":\"human_death\",\"pre_round\":{\"frames\":77,\"ms_p50\":6.5,\"draws_per_frame\":11.05,\"span_ms\":490.8,\"split_at_draws\":28.5},\"early_5s\":{\"frames\":334,\"frames_excluded\":0,\"ms_p50\":14.8,\"ms_p90\":16.7,\"fps\":66.8,\"draws_per_frame\":62.13,\"kb_per_frame\":103.89,\"hitches_over_50ms\":0,\"raw_ms_max\":27.8,\"ms_in_swap_p50\":0,\"ms_in_swap_p90\":0,\"ms_in_swap_max\":1.3,\"ms_to_first_draw_p50\":5.8,\"ms_first_draw_to_swap_p50\":9.2},\"late_5s\":{\"frames\":317,\"frames_excluded\":0,\"ms_p50\":15.4,\"ms_p90\":17.4,\"fps\":63.4,\"draws_per_frame\":68.46,\"kb_per_frame\":104.81,\"hitches_over_50ms\":0,\"raw_ms_max\":48.6,\"ms_in_swap_p50\":0,\"ms_in_swap_p90\":0.1,\"ms_in_swap_max\":1.4,\"ms_to_first_draw_p50\":5.9,\"ms_first_draw_to_swap_p50\":9.4},\"ratio_ms\":1.04,\"ratio_draws\":1.1,\"hitches_over_50ms\":0,\"frames\":392,\"frames_excluded\":0,\"raw_ms_max\":48.6,\"shots\":[],\"per_second\":{\"ms_p50\":[6.8,13.9,15.5,14.5,15.4,16.3,18.2,20.2,22.3],\"draws_per_frame\":[21.45,45.97,63.43,64,77.18,77.6,75.78,76.39,82.5],\"raw_ms_max\":[15.9,18,27.8,17.1,17.1,19.5,48.6,26.6,26.3],\"ms_to_first_draw_p50\":[5.4,5.6,5.5,5.4,6.1,6.5,8,11.4,13],\"ms_first_draw_to_swap_p50\":[1.5,8.3,10,9,9.3,9.8,9.1,8.7,9.9]}},{\"round\":4,\"length_s\":8.07,\"closed_by\":\"round_winner\",\"measured_from_s\":0.52,\"measured_to_s\":6.55,\"human_death_s\":6.55,\"ends_at\":\"human_death\",\"pre_round\":{\"frames\":72,\"ms_p50\":6.7,\"draws_per_frame\":12,\"span_ms\":485.7,\"split_at_draws\":29},\"early_5s\":{\"frames\":314,\"frames_excluded\":0,\"ms_p50\":15.3,\"ms_p90\":19,\"fps\":62.8,\"draws_per_frame\":61.31,\"kb_per_frame\":101.6,\"hitches_over_50ms\":0,\"raw_ms_max\":40.5,\"ms_in_swap_p50\":0,\"ms_in_swap_p90\":0.1,\"ms_in_swap_max\":1.3,\"ms_to_first_draw_p50\":6,\"ms_first_draw_to_swap_p50\":9.5},\"late_5s\":{\"frames\":298,\"frames_excluded\":0,\"ms_p50\":16.5,\"ms_p90\":19.1,\"fps\":59.6,\"draws_per_frame\":67.6,\"kb_per_frame\":102.41,\"hitches_over_50ms\":0,\"raw_ms_max\":44.1,\"ms_in_swap_p50\":0,\"ms_in_swap_p90\":0.1,\"ms_in_swap_max\":1.3,\"ms_to_first_draw_p50\":6.3,\"ms_first_draw_to_swap_p50\":10},\"ratio_ms\":1.08,\"ratio_draws\":1.1,\"hitches_over_50ms\":0,\"frames\":371,\"frames_excluded\":0,\"raw_ms_max\":44.1,\"shots\":[],\"per_second\":{\"ms_p50\":[7.2,14.3,14.8,16.8,17.9,17.2,18.2,21.8,20],\"draws_per_frame\":[22.91,45.77,63.71,63.86,76.11,76.44,75.64,75.87,79],\"raw_ms_max\":[16.2,17,17.7,40.5,21.2,22.5,44.1,31.8,21.6],\"ms_to_first_draw_p50\":[5.6,5.7,5.5,5.9,6.9,6.7,7.9,12.4,11.8],\"ms_first_draw_to_swap_p50\":[1.5,8.5,9.2,10.7,11.4,10.7,9.8,8.9,8.2]}},{\"round\":5,\"length_s\":8.1,\"closed_by\":\"round_winner\",\"measured_from_s\":0.52,\"measured_to_s\":6.54,\"human_death_s\":6.54,\"ends_at\":\"human_death\",\"pre_round\":{\"frames\":77,\"ms_p50\":6.2,\"draws_per_frame\":11.12,\"span_ms\":489.3,\"split_at_draws\":28.5},\"early_5s\":{\"frames\":352,\"frames_excluded\":0,\"ms_p50\":14,\"ms_p90\":16.1,\"fps\":70.4,\"draws_per_frame\":61.82,\"kb_per_frame\":103.93,\"hitches_over_50ms\":0,\"raw_ms_max\":18,\"ms_in_swap_p50\":0,\"ms_in_swap_p90\":0.1,\"ms_in_swap_max\":1.3,\"ms_to_first_draw_p50\":5.6,\"ms_first_draw_to_swap_p50\":8.5},\"late_5s\":{\"frames\":315,\"frames_excluded\":23,\"ms_p50\":14.5,\"ms_p90\":16.3,\"fps\":68.67,\"draws_per_frame\":67.57,\"kb_per_frame\":105.05,\"hitches_over_50ms\":0,\"raw_ms_max\":61,\"ms_in_swap_p50\":0,\"ms_in_swap_p90\":0.1,\"ms_in_swap_max\":1.3,\"ms_to_first_draw_p50\":5.7,\"ms_first_draw_to_swap_p50\":8.8},\"ratio_ms\":1.04,\"ratio_draws\":1.09,\"hitches_over_50ms\":0,\"frames\":392,\"frames_excluded\":23,\"raw_ms_max\":61,\"shots\":[{\"name\":\"r2-50s\",\"at_s\":6.23,\"dur_ms\":293.5}],\"per_second\":{\"ms_p50\":[6.8,13.2,14,13.8,15.6,15.6,18.4,18.3,18.3],\"draws_per_frame\":[21.91,45.97,63.53,64,76.92,77.55,76.75,78.56,82.6],\"raw_ms_max\":[15.4,16.1,17.1,16.3,18,17.7,61,23.2,18.8],\"ms_to_first_draw_p50\":[5.3,5.2,5.3,5.2,6,6.1,10.3,10.2,10.3],\"ms_first_draw_to_swap_p50\":[1.4,7.8,8.6,8.6,9.4,9.4,8.3,8.2,8.4]}},{\"round\":6,\"length_s\":8.1,\"closed_by\":\"round_winner\",\"measured_from_s\":0.52,\"measured_to_s\":6.56,\"human_death_s\":6.56,\"ends_at\":\"human_death\",\"pre_round\":{\"frames\":68,\"ms_p50\":7,\"draws_per_frame\":11.13,\"span_ms\":481.8,\"split_at_draws\":28.5},\"early_5s\":{\"frames\":332,\"frames_excluded\":12,\"ms_p50\":14.3,\"ms_p90\":16.3,\"fps\":68.76,\"draws_per_frame\":62.65,\"kb_per_frame\":104.12,\"hitches_over_50ms\":0,\"raw_ms_max\":44.1,\"ms_in_swap_p50\":0,\"ms_in_swap_p90\":0.1,\"ms_in_swap_max\":1.3,\"ms_to_first_draw_p50\":5.7,\"ms_first_draw_to_swap_p50\":8.7},\"late_5s\":{\"frames\":331,\"frames_excluded\":0,\"ms_p50\":14.7,\"ms_p90\":16.7,\"fps\":66.2,\"draws_per_frame\":68.37,\"kb_per_frame\":104.96,\"hitches_over_50ms\":0,\"raw_ms_max\":46,\"ms_in_swap_p50\":0,\"ms_in_swap_p90\":0,\"ms_in_swap_max\":1.4,\"ms_to_first_draw_p50\":5.8,\"ms_first_draw_to_swap_p50\":8.9},\"ratio_ms\":1.03,\"ratio_draws\":1.09,\"hitches_over_50ms\":0,\"frames\":395,\"frames_excluded\":12,\"raw_ms_max\":46,\"shots\":[{\"name\":\"r3-06s\",\"at_s\":0.37,\"dur_ms\":74.2}],\"per_second\":{\"ms_p50\":[8.9,13.7,14.4,13.7,15.4,16,16.8,20.6,20.8],\"draws_per_frame\":[25.02,45.97,63.8,64,77.03,77.57,77.17,80.08,84.8],\"raw_ms_max\":[16.7,19.1,17.2,15.8,44.1,19.5,46,26,22.4],\"ms_to_first_draw_p50\":[5.8,5.5,5.4,5.2,6.4,6.1,7.1,11.7,12.9],\"ms_first_draw_to_swap_p50\":[2.7,8,8.9,8.5,9.1,9.6,8.8,8.8,7.9]}},{\"round\":7,\"length_s\":8.09,\"closed_by\":\"round_winner\",\"measured_from_s\":0.53,\"measured_to_s\":6.55,\"human_death_s\":6.55,\"ends_at\":\"human_death\",\"pre_round\":{\"frames\":71,\"ms_p50\":6.9,\"draws_per_frame\":12,\"span_ms\":489.3,\"split_at_draws\":29},\"early_5s\":{\"frames\":282,\"frames_excluded\":36,\"ms_p50\":15.4,\"ms_p90\":18.1,\"fps\":64.14,\"draws_per_frame\":59.71,\"kb_per_frame\":101.36,\"hitches_over_50ms\":0,\"raw_ms_max\":39.9,\"ms_in_swap_p50\":0,\"ms_in_swap_p90\":0.1,\"ms_in_swap_max\":1.8,\"ms_to_first_draw_p50\":5.8,\"ms_first_draw_to_swap_p50\":9.4},\"late_5s\":{\"frames\":274,\"frames_excluded\":36,\"ms_p50\":15.5,\"ms_p90\":18.1,\"fps\":62.33,\"draws_per_frame\":66.55,\"kb_per_frame\":102.23,\"hitches_over_50ms\":1,\"raw_ms_max\":61,\"ms_in_swap_p50\":0,\"ms_in_swap_p90\":0.1,\"ms_in_swap_max\":1.2,\"ms_to_first_draw_p50\":6,\"ms_first_draw_to_swap_p50\":9.5},\"ratio_ms\":1.01,\"ratio_draws\":1.11,\"hitches_over_50ms\":1,\"frames\":344,\"frames_excluded\":36,\"raw_ms_max\":61,\"shots\":[{\"name\":\"r3-30s\",\"at_s\":4.22,\"dur_ms\":253.7}],\"per_second\":{\"ms_p50\":[7.6,13.5,15.2,16.3,16.1,15.5,16.3,21.4,27],\"draws_per_frame\":[22.1,45.76,63.37,63.76,75.33,76.46,75.52,76.24,83],\"raw_ms_max\":[19.1,16.8,39.9,28.8,24.5,18.5,61,30.1,27],\"ms_to_first_draw_p50\":[5.5,5.5,5.7,6,6.3,6.3,7.2,12.5,16.3],\"ms_first_draw_to_swap_p50\":[1.8,8.1,9.3,10.7,9.9,9.5,8.9,9.1,12.4]}},{\"round\":8,\"length_s\":8.09,\"closed_by\":\"round_winner\",\"measured_from_s\":0.52,\"measured_to_s\":6.55,\"human_death_s\":6.55,\"ends_at\":\"human_death\",\"pre_round\":{\"frames\":78,\"ms_p50\":6.3,\"draws_per_frame\":11.12,\"span_ms\":486.8,\"split_at_draws\":28.5},\"early_5s\":{\"frames\":338,\"frames_excluded\":0,\"ms_p50\":14.7,\"ms_p90\":16.7,\"fps\":67.6,\"draws_per_frame\":61.92,\"kb_per_frame\":103.95,\"hitches_over_50ms\":0,\"raw_ms_max\":19.7,\"ms_in_swap_p50\":0,\"ms_in_swap_p90\":0,\"ms_in_swap_max\":1.2,\"ms_to_first_draw_p50\":5.6,\"ms_first_draw_to_swap_p50\":9.1},\"late_5s\":{\"frames\":324,\"frames_excluded\":0,\"ms_p50\":15.2,\"ms_p90\":16.9,\"fps\":64.8,\"draws_per_frame\":68.23,\"kb_per_frame\":104.91,\"hitches_over_50ms\":0,\"raw_ms_max\":44.7,\"ms_in_swap_p50\":0,\"ms_in_swap_p90\":0,\"ms_in_swap_max\":1.2,\"ms_to_first_draw_p50\":5.9,\"ms_first_draw_to_swap_p50\":9.3},\"ratio_ms\":1.03,\"ratio_draws\":1.1,\"hitches_over_50ms\":0,\"frames\":399,\"frames_excluded\":0,\"raw_ms_max\":44.7,\"shots\":[],\"per_second\":{\"ms_p50\":[6.6,13.5,15,14.4,16.1,15.8,17.3,21.1,21.3],\"draws_per_frame\":[21.4,45.99,63.76,64,77.11,77.52,76.37,77.93,80.75],\"raw_ms_max\":[17.1,16.9,18.5,16.3,19.7,18.8,44.7,53.1,24],\"ms_to_first_draw_p50\":[5.2,5.4,5.6,5.3,6.3,6.1,7.2,12.2,11.8],\"ms_first_draw_to_swap_p50\":[1.4,7.9,9.3,9,9.7,9.7,9.4,9,9.5]}}]}"
