[0] Command HUD_CACHE_THRESHOLD unknown.
[0] 
[0] Bound socket to *.*.*.*:43782.
[0] Bound socket to *.*.*.*:4534.
[0] Setting CYCLE_BRAKE_REFILL (Group: Annoying) deviates from its default value; clients older than 0.2.5.0 may experience problems.
[0] Nobody there. Taking a nap...
[0] Timestamp: 2026/09/10 20:24:37
[0] Closing socket bound to *.*.*.*:4534
[0] Bound socket to *.*.*.*:4534.
[1] Received login from 192.168.215.1:49521 via socket *.*.*.*:4534, network version: 0.2.9_alpha (ID: 17).
[1] New user: 1
[1] web_user entered the game.
[0] Time:     60.3263 seconds
Sent:     7358 bytes in 37 packets (121.97 bytes/s)
Received: 2190 bytes in 31 packets (36.3026 bytes/s)
[0] Timestamp: 2026/09/10 20:25:38
[0] Creating grid...
[0] Ping charity changed from 0 to 296.
[0] LaTeX entered the game.
[0] Gcc entered the game.
[0] Gdb entered the game.
[0] done!
[0] Resetting scores...
[0] New Match
[0] Go (round 1 of 10)!
[0] 3
[0] 2
[0] 1
[0] 0
[0] web_user committed suicide and lost 4 points.
[0] AI team was awarded 10 points for being last active team.
[0] Winner: AI team
[0] Deleting objects...
[0] Deleting grid...
[0] 
[0] Time:     13.7009 seconds
Sent:     14414 bytes in 151 packets (1052.05 bytes/s)
Received: 6228 bytes in 136 packets (454.568 bytes/s)
[0] Timestamp: 2026/09/10 20:25:51
[0] Creating grid...
[0] Ping charity changed from 296 to 100.
[0] done!
[0] Go (round 2 of 10)!
[0] 3
[0] 2
[0] 1
[0] 0
[0] Gdb core dumped web_user for 3 points.
[0] web_user lost 2 points since it caused a general protection fault.
[0] AI team was awarded 10 points for being last active team.
[0] Winner: AI team
[0] Deleting objects...
[0] Deleting grid...
[0] 
[0] Time:     21.4536 seconds
Sent:     123650 bytes in 480 packets (5763.61 bytes/s)
Received: 3336 bytes in 76 packets (155.499 bytes/s)
[0] Timestamp: 2026/09/10 20:26:13
[0] Creating grid...
[0] 

Timeout! Reason:
[0] User 1 does not know about netobject 97 ( gCycle nr. 97 owned by ePlayerNetID nr. 49, name Gdb ).
[0] User 1 does not know about netobject 96 ( gCycle nr. 96 owned by ePlayerNetID nr. 48, name Gcc ).
[0] User 1 does not know about netobject 95 ( gCycle nr. 95 owned by ePlayerNetID nr. 46, name LaTeX ).
[0] User 1 does not know about netobject 94 ( gCycle nr. 94 owned by ePlayerNetID nr. 44, name web_user ).
[0] 


[0] Go (round 3 of 10)!
[0] 2
[0] 1
[0] 0
[0] Gdb core dumped web_user for 3 points.
[0] web_user lost 2 points since it caused a general protection fault.
[0] AI team was awarded 10 points for being last active team.
[0] Winner: AI team
[0] User 1 timed out.
[1] web_user left the game.
[1] Killing user 1, ping 0.0200981, IP 192.168.215.1:49521: You timed out.
[0] Closing socket bound to *.*.*.*:4534
[0] Closing socket bound to *.*.*.*:43782
[0] Gdb left AI team.
[0] Gcc left AI team.
[0] LaTeX left the game.
[0] Bound socket to *.*.*.*:43575.
[0] Bound socket to *.*.*.*:4534.
[0] Ping charity changed from 100 to 0.
[0] Nobody there. Taking a nap...
[0] Timestamp: 2026/09/10 20:26:30
[0] Closing socket bound to *.*.*.*:4534
[0] Bound socket to *.*.*.*:4534.
