[0] Command HUD_CACHE_THRESHOLD unknown.
[0] 
[0] Bound socket to *.*.*.*:58852.
[0] Bound socket to *.*.*.*:4534.
[0] Setting CYCLE_BRAKE_REFILL (Group: Annoying) deviates from its default value; clients older than 0.2.5.0 may experience problems.
[0] Nobody there. Taking a nap...
[0] Timestamp: 2026/09/30 12:48:33
[0] Closing socket bound to *.*.*.*:4534
[0] Bound socket to *.*.*.*:4534.
[1] Received login from 192.168.215.1:18088 via socket *.*.*.*:4534, network version: 0.2.9_alpha (ID: 17).
[1] New user: 1
[1] web_user entered the game.
[0] Time:     50.6574 seconds
Sent:     7294 bytes in 40 packets (143.987 bytes/s)
Received: 2402 bytes in 35 packets (47.4165 bytes/s)
[0] Timestamp: 2026/09/30 12:49:23
[0] Creating grid...
[0] Ping charity changed from 0 to 100.
[0] LaTeX entered the game.
[0] Gcc entered the game.
[0] Gdb entered the game.
[0] done!
[0] Resetting scores...
[0] New Match
[0] Go (round 1 of 10)!
[0] 3
[0] 2
[0] 1
[0] 0
[0] Gcc core dumped web_user for 3 points.
[0] web_user lost 2 points since it caused a general protection fault.
[0] AI team was awarded 10 points for being last active team.
[0] Winner: AI team
[0] Deleting objects...
[0] Deleting grid...
[0] 
[0] Time:     13.7964 seconds
Sent:     15748 bytes in 161 packets (1141.46 bytes/s)
Received: 6106 bytes in 132 packets (442.58 bytes/s)
[0] Timestamp: 2026/09/30 12:49:37
[0] Creating grid...
[0] done!
[0] Go (round 2 of 10)!
[0] 3
[0] 2
[0] 1
[0] 0
[0] Gdb core dumped web_user for 3 points.
[0] web_user lost 2 points since it caused a general protection fault.
[0] AI team was awarded 10 points for being last active team.
[0] Winner: AI team
[0] Deleting objects...
[0] Deleting grid...
[0] 
[0] Time:     12.8537 seconds
Sent:     13072 bytes in 150 packets (1016.98 bytes/s)
Received: 5602 bytes in 125 packets (435.828 bytes/s)
[0] Timestamp: 2026/09/30 12:49:50
[0] Creating grid...
[0] done!
[0] Go (round 3 of 10)!
