[    824ms] [harness] chrome: Chrome/152.0.7977.83
[    825ms] [harness] navigating to http://localhost:8008/armagetronad.html
[      7ms] [harness] until 1x <<[PERSIST] populate ok>> (timeout 90000ms, have 0)
[     12ms] [console.log] [TOUCH] enabled=false (media query -> false) maxTouchPoints=0
[     12ms] [console.log] [DISPLAY] layout=full (from the orientation) at parse
[     22ms] [console.log] [DISPLAY] at load: viewport 1024x768 dpr 1 -> canvas 1024x768 aspect 1.3333 gpu-axis-limit 16384
[     32ms] [console.error] WARNING: using emscripten GL emulation. This is a collection of limited workarounds, do not expect it to work.
[     34ms] [console.error] WARNING: using emscripten GL emulation unsafe opts. If weirdness happens, try -sGL_UNSAFE_OPTS=0
[     58ms] [page] load event fired
[     60ms] [browser.error/network] Failed to load resource: the server responded with a status of 404 (File not found)   <- http://localhost:8008/favicon.ico
[    114ms] [console.log] [PERSIST] populate ok in 36ms
[    209ms] [harness] until SATISFIED: saw 1x <<[PERSIST] populate ok>>
[    326ms] [console.log] [PERSIST] runtime initialized, starting the game
[    326ms] [console.log] [CAMERA] stock camera (factor 1)
[    326ms] [console.log] [SPARKS] stock sparks, nothing written
[    326ms] [console.log] [DISPLAY] layout=full (from the orientation) before main
[    329ms] [console.log] [DISPLAY] before main: viewport 1024x768 dpr 1 -> canvas 1024x768 aspect 1.3333 gpu-axis-limit 16384
[    329ms] [console.log] [BOOT] autostart: calling main
[    332ms] [console.error] Error: Error in tString GeneratePrefix() in src/tools/tDirectories.cpp:1380 : 
[    332ms] [console.error]  	Relocation error. The binary was supposed to be installed into /usr/local/bin and found itself in . and could not find out what this means for the prefix /usr/local.
[    333ms] [console.error] 
[    333ms] [console.log] Warning in void FindConfigurationPath() in src/tools/tDirectories.cpp:1465 : 
[    333ms] [console.log]  	Could not determine path to configuration files. Using defaults or command line arguments.
[    333ms] [console.log] 
[    455ms] [console.log] [L] ENCODING latin1
[    464ms] [console.log] Trying to start sound. Just restart Armagetron Advanced in case of crash.
[    465ms] [console.log] [SND] device opened: 22050 Hz, 2 ch, 16-bit, 1024 frames/callback (46.4 ms per callback, SOUND_BUFFER_SHIFT 1)
[    484ms] [console.error] WARNING: using emscripten GL immediate mode emulation. This is very limited in what it supports
[    487ms] [console.error] TODO: glShadeModel
[    491ms] [browser.warning/rendering] Canvas2D: Multiple readback operations using getImageData are faster with the willReadFrequently attribute set to true. See: https://html.spec.whatwg.org/multipage/canvas.html#concept-canvas-will-read-frequently   <- http://localhost:8008/armagetronad.js
[    527ms] [browser.warning/other] The AudioContext was not allowed to start. It must be resumed (or created) after a user gesture on the page. https://developer.chrome.com/blog/autoplay/#web_audio   <- http://localhost:8008/armagetronad.js
[    528ms] [browser.warning/other] The AudioContext was not allowed to start. It must be resumed (or created) after a user gesture on the page. https://developer.chrome.com/blog/autoplay/#web_audio   <- http://localhost:8008/armagetronad.js
[    528ms] [browser.warning/other] The AudioContext was not allowed to start. It must be resumed (or created) after a user gesture on the page. https://developer.chrome.com/blog/autoplay/#web_audio   <- http://localhost:8008/armagetronad.js
[    528ms] [browser.warning/other] The AudioContext was not allowed to start. It must be resumed (or created) after a user gesture on the page. https://developer.chrome.com/blog/autoplay/#web_audio   <- http://localhost:8008/armagetronad.js
[    528ms] [browser.warning/other] The AudioContext was not allowed to start. It must be resumed (or created) after a user gesture on the page. https://developer.chrome.com/blog/autoplay/#web_audio   <- http://localhost:8008/armagetronad.js
[   1212ms] [harness] until 1x <<[BOOT] autostart>> (timeout 120000ms, have 1)
[   1212ms] [harness] until SATISFIED: saw 1x <<[BOOT] autostart>>
[  10268ms] [harness] screenshot -> /tmp/bridge-absent/01-boot1-language-menu.png
[  10295ms] [console.log] [PERSISTSAVE] menu-leave n=1
[  10301ms] [harness] key Enter (1/1)
[  13645ms] [console.log] [PERSISTSAVE] menu-leave n=2
[  13647ms] [harness] key Escape (1/1)
[  13949ms] [harness] until 1x <<[PERSISTSAVE] menu-leave>> (timeout 30000ms, have 2)
[  13949ms] [harness] until SATISFIED: saw 2x <<[PERSISTSAVE] menu-leave>>
[  16951ms] [harness] === RELOAD-SO-BOOT-2-STARTS-AT-THE-REAL-MAIN-MENU ===
[  16961ms] [console.log] [PERSISTSAVE] js-backstop n=3
[  16961ms] [console.log] [PERSISTBACKSTOP] beforeunload
[  16963ms] [harness] eval location.reload() => undefined
[  16964ms] [harness] until 2x <<[PERSIST] populate ok>> (timeout 90000ms, have 1)
[  16985ms] [console.log] [TOUCH] enabled=false (media query -> false) maxTouchPoints=0
[  16986ms] [console.log] [DISPLAY] layout=full (from the orientation) at parse
[  16991ms] [console.log] [DISPLAY] at load: viewport 1024x768 dpr 1 -> canvas 1024x768 aspect 1.3333 gpu-axis-limit 16384
[  16994ms] [console.error] WARNING: using emscripten GL emulation. This is a collection of limited workarounds, do not expect it to work.
[  16994ms] [console.error] WARNING: using emscripten GL emulation unsafe opts. If weirdness happens, try -sGL_UNSAFE_OPTS=0
[  16998ms] [page] load event fired
[  17009ms] [console.log] [PERSIST] populate ok in 5ms
[  17051ms] [console.log] [PERSIST] runtime initialized, starting the game
[  17051ms] [console.log] [CAMERA] stock camera (factor 1)
[  17051ms] [console.log] [SPARKS] stock sparks, nothing written
[  17051ms] [console.log] [DISPLAY] layout=full (from the orientation) before main
[  17054ms] [console.log] [DISPLAY] before main: viewport 1024x768 dpr 1 -> canvas 1024x768 aspect 1.3333 gpu-axis-limit 16384
[  17054ms] [console.log] [BOOT] autostart: calling main
[  17055ms] [console.error] Error: Error in tString GeneratePrefix() in src/tools/tDirectories.cpp:1380 : 
[  17055ms] [console.error]  	Relocation error. The binary was supposed to be installed into /usr/local/bin and found itself in . and could not find out what this means for the prefix /usr/local.
[  17055ms] [console.error] 
[  17055ms] [console.log] Warning in void FindConfigurationPath() in src/tools/tDirectories.cpp:1465 : 
[  17056ms] [console.log]  	Could not determine path to configuration files. Using defaults or command line arguments.
[  17056ms] [console.log] 
[  17065ms] [harness] until SATISFIED: saw 2x <<[PERSIST] populate ok>>
[  17066ms] [harness] until 2x <<[BOOT] autostart>> (timeout 120000ms, have 2)
[  17066ms] [harness] until SATISFIED: saw 2x <<[BOOT] autostart>>
[  17172ms] [console.log] [L] ENCODING latin1
[  17175ms] [console.log] [SND] device opened: 22050 Hz, 2 ch, 16-bit, 1024 frames/callback (46.4 ms per callback, SOUND_BUFFER_SHIFT 1)
[  17191ms] [console.error] WARNING: using emscripten GL immediate mode emulation. This is very limited in what it supports
[  17194ms] [console.error] TODO: glShadeModel
[  17196ms] [browser.warning/rendering] Canvas2D: Multiple readback operations using getImageData are faster with the willReadFrequently attribute set to true. See: https://html.spec.whatwg.org/multipage/canvas.html#concept-canvas-will-read-frequently   <- http://localhost:8008/armagetronad.js
[  29129ms] [harness] screenshot -> /tmp/bridge-absent/02-boot2-main-menu.png
[  29129ms] [harness] === INSTRUMENT-BEFORE-TOUCHING-ANYTHING ===
[  29130ms] [harness] eval (()=>{const o=console.log;if(console.log.__aa)return 'already';window.__refusals=0;const w=function(){try{if(String(arguments[0]).indexOf('network menu refused')>=0)window.__refusals++}catch(e){}return o.apply(console,arguments)};w.__aa=true;console.log=w;return 'refusal counter installed'})() => "refusal counter installed"
[  29131ms] [harness] eval (()=>{const o=window.setTimeout;window.__st=0;window.setTimeout=function(){window.__st++;return o.apply(this,arguments)};window.__t0=performance.now();return 'setTimeout counter installed'})() => "setTimeout counter installed"
[  32134ms] [harness] eval (()=>{window.__tpsBefore=+(window.__st/((performance.now()-window.__t0)/1000)).toFixed(1);return 'timeouts/sec before = '+window.__tpsBefore})() => "timeouts/sec before = 138.2"
[  32136ms] [harness] === ENTER-1-PLAY-GAME-SUBMENU ===
[  32174ms] [harness] key Enter (1/1)
[  35024ms] [harness] screenshot -> /tmp/bridge-absent/03-play-game-menu-opens-on-multiplayer.png
[  35024ms] [harness] === ENTER-2-MULTIPLAYER-IS-REFUSED-INSTEAD-OF-OPENING ===
[  35037ms] [console.log] [BRIDGE] network menu refused: this page has no ?bridge=
[  35057ms] [harness] key Enter (1/1)
[  35359ms] [harness] until 1x <<network menu refused>> (timeout 30000ms, have 1)
[  35360ms] [harness] until SATISFIED: saw 1x <<network menu refused>>
[  37413ms] [harness] screenshot -> /tmp/bridge-absent/04-refusal-message.png
[  37413ms] [harness] === DISMISS-THE-MESSAGE-AND-ASK-AGAIN-SO-THE-MODULE-HAS-TO-BE-ALIVE ===
[  37446ms] [harness] key Enter (1/1)
[  40792ms] [harness] screenshot -> /tmp/bridge-absent/05-back-in-the-play-game-menu.png
[  40803ms] [console.log] [BRIDGE] network menu refused: this page has no ?bridge=
[  40826ms] [harness] key Enter (1/1)
[  41128ms] [harness] until 2x <<network menu refused>> (timeout 30000ms, have 2)
[  41128ms] [harness] until SATISFIED: saw 2x <<network menu refused>>
[  43186ms] [harness] screenshot -> /tmp/bridge-absent/06-refused-a-second-time.png
[  43186ms] [harness] === STILL-RUNNING ===
[  43188ms] [harness] eval (()=>{window.__st=0;window.__t0=performance.now();return 'resampling'})() => "resampling"
[  46191ms] [harness] eval (()=>{window.__tpsAfter=+(window.__st/((performance.now()-window.__t0)/1000)).toFixed(1);return 'timeouts/sec after = '+window.__tpsAfter})() => "timeouts/sec after = 136.5"
[  46225ms] [harness] key Enter (1/1)
[  49564ms] [harness] screenshot -> /tmp/bridge-absent/07-message-dismissed-menu-still-there.png
[  49565ms] [console.log] [BRIDGEGATE] N1 no-bridge-menu-refused-and-still-alive {"canvas":true,"canvas_w":1024,"canvas_h":768,"gl_err":0,"refusals":2,"tps_before":138.2,"tps_after":136.5,"ctx":1,"bridge_url":null,"ws":false,"PASS":true}
[  49566ms] [harness] eval (()=>{const c=document.getElementById('canvas');const g=c?c.getContext('webgl'):null;const r={canvas:!!c,canvas_w:c?c.width:0,canvas_h:c?c.height:0,gl_err:g?g.getError():'nogl',refusals:window.__refusals|0,tps_before:window.__tpsBefore,tps_after:window.__tpsAfter,ctx:(typeof Module!=='undefined'&&Module._aa_web_input_context)?Module._aa_web_input_context()|0:null,bridge_url:window.AABridge?window.AABridge.url:'no-AABridge',ws:!!(window.AABridge&&window.AABridge.ws)};r.PASS=r.canvas&&r.canvas_w>0&&r.refusals>=2&&r.tps_after>20&&r.gl_err===0&&!r.ws;console.log('[BRIDGEGATE] N1 no-bridge-menu-refused-and-still-alive '+JSON.stringify(r));return 'N1 '+r.PASS})() => "N1 true"
