[    742ms] [harness] mobile emulation: 915x412 CSS px dpr 3 (= 2745x1236 device px), touch on
[    748ms] [harness] chrome: Chrome/152.0.7977.77
[    748ms] [harness] navigating to http://localhost:8006/armagetronad.html?autostart=0&touch=1
[     51ms] [console.log] [DISPLAY] at load: viewport 915x412 dpr 3 -> canvas 2745x1236 aspect 2.2209 gpu-axis-limit 16384
[     52ms] [console.log] [TOUCH] enabled=true (?touch=1) maxTouchPoints=5
[     54ms] [console.log] [TOUCH] context 0 (menu no, cycle no) -> TAP=ENTER
[     55ms] [console.log] [TOUCH] orientation portrait=false (sized for portrait: false, boot held: false)
[     66ms] [console.error] WARNING: using emscripten GL emulation. This is a collection of limited workarounds, do not expect it to work.
[     75ms] [console.error] WARNING: using emscripten GL emulation unsafe opts. If weirdness happens, try -sGL_UNSAFE_OPTS=0
[     76ms] [page] load event fired
[     78ms] [browser.error/network] Failed to load resource: the server responded with a status of 404 (File not found)   <- http://localhost:8006/favicon.ico
[    130ms] [console.log] [PERSIST] populate ok in 36ms
[    327ms] [console.log] [PERSIST] runtime initialized, starting the game
[    328ms] [console.log] [CAMERA] camera distance x0.5 written to /data/webdefaults/autoexec.cfg before main()
[    329ms] [console.log] [BOOT] main() HELD by ?autostart=0, waiting for AA_START()
[    812ms] [harness] eval (() => {  /* One frame = one flush/finish on the WebGL context. rSysDep::SwapGL calls     exactly one of the two per swap, chosen by swapMode_: the static default     is rSwap_glFlush, but sr_LoadDefaultConfig (rScreen.cpp) sets     rSwap_glFinish and welcome() (gArmagetron.cpp) runs it under st_FirstUse     -- and every harness run is a first-use boot (drive-browser.mjs makes a     fresh profile), so the client the harness measures swaps with glFinish,     a synchronous wait for the GPU. S.swaps counts each kind so the [PERF]     line says which fired instead of assuming. Per frame we keep: the     timestamp (taken BEFORE the swap call), the time spent INSIDE the swap     call (the GPU wait), the timestamp of the frame's first draw call, the     number of drawArrays/drawElements calls, and the bytes through     bufferData/bufferSubData. Draw calls and bytes are the direct measure of     "geometry re-submitted through the emulation this frame" (mechanism 1);     the first-draw timestamp lets report.js split a frame interval into     [end of previous swap -> first draw] (event-loop yield, input,     simulation) and [first draw -> swap] (render submission), so a frame that     gets slower in the first part while its draw calls stay flat is NOT the     renderer. */  /* THIS FILE IS ONE EXPRESSION WITH BLOCK COMMENTS ONLY: run-arm.sh strips     every newline to fit it into a single eval: step of drive-browser.mjs, so     a // comment would swallow the rest of the program. */  const N = 600000;  const S = { t: new Float64Array(N), wait: new Float32Array(N), first: new Float64Array(N),              draws: new Uint32Array(N), bytes: new Float64Array(N), n: 0,              swaps: { flush: 0, finish: 0 }, marks: [], shots: [], cur: { draws: 0, bytes: 0, first: 0 } };  window.__fps = S;  /* Screenshot bracket. Page.captureScreenshot spends real time on the page     and can put a hitch INTO a measured window; the driver's own     "[harness] screenshot" line is on the driver's clock, in the driver's     transcript, where report.js cannot see it. The template therefore wraps     every shot: step in eval:__fps.shot('name','begin') and     eval:__fps.shot('name','end'), on the page's clock, and report.js drops     the frames between the two (plus a pad) from every statistic. */  S.shot = (name, edge) => { S.shots.push([performance.now(), name, edge]); return 'shot ' + edge + ' ' + name; };  const wrap = (C) => {    if (!C) return; const P = C.prototype;    for (const m of ['flush', 'finish']) { const o = P[m]; if (!o) continue;      P[m] = function () {        const i = S.n, now = performance.now();        if (i < N) { S.t[i] = now; S.draws[i] = S.cur.draws; S.bytes[i] = S.cur.bytes; S.first[i] = S.cur.first; S.n = i + 1; }        S.swaps[m]++; S.cur.draws = 0; S.cur.bytes = 0; S.cur.first = 0;        const r = o.apply(this, arguments);        if (i < N) S.wait[i] = performance.now() - now;        return r; }; }    for (const m of ['drawArrays', 'drawElements']) { const o = P[m]; if (!o) continue;      P[m] = function () { if (!S.cur.first) S.cur.first = performance.now(); S.cur.draws++; return o.apply(this, arguments); }; }    for (const m of ['bufferData', 'bufferSubData']) { const o = P[m]; if (!o) continue;      P[m] = function () { const d = (m === 'bufferData') ? arguments[1] : arguments[2];        S.cur.bytes += (d && d.byteLength) ? d.byteLength : (typeof d === 'number' ? d : 0);        return o.apply(this, arguments); }; }  };  wrap(window.WebGLRenderingContext); wrap(window.WebGL2RenderingContext);  const cl = console.log.bind(console);  console.log = function () { const s = (arguments.length && typeof arguments[0] === 'string') ? arguments[0] : '';    if (s.indexOf('[L] ') === 0) S.marks.push([performance.now(), s]); return cl.apply(null, arguments); };  return 'sampler armed: frames, swap kind and wait, first draw, draw calls, buffer bytes, shot brackets';})() => "sampler armed: frames, swap kind and wait, first draw, draw calls, buffer bytes, shot brackets"
[    814ms] [harness] eval (()=>{const p='/data/webdefaults/autoexec.cfg';const cur=Module.FS.readFile(p,{encoding:'utf8'});const add='\n# perf arm nomirror-r2\nMAX_FPS 1000\nSP_SIZE_FACTOR 6\nSP_NUM_AIS 7\nFLOOR_MIRROR_INT 0\n';Module.FS.writeFile(p,cur+add);return 'autoexec.cfg patched: '+JSON.stringify(add)})() => "autoexec.cfg patched: \"\\n# perf arm nomirror-r2\\nMAX_FPS 1000\\nSP_SIZE_FACTOR 6\\nSP_NUM_AIS 7\\nFLOOR_MIRROR_INT 0\\n\""
[    816ms] [console.log] [BOOT] autostart: calling main
[    819ms] [console.error] Error: Error in tString GeneratePrefix() in src/tools/tDirectories.cpp:1380 : 
[    820ms] [console.error]  	Relocation error. The binary was supposed to be installed into /usr/local/bin and found itself in . and could not find out what this means for the prefix /usr/local.
[    820ms] [console.error] 
[    821ms] [console.log] Warning in void FindConfigurationPath() in src/tools/tDirectories.cpp:1465 : 
[    821ms] [console.log]  	Could not determine path to configuration files. Using defaults or command line arguments.
[    821ms] [console.log] 
[    952ms] [console.log] [L] ENCODING latin1
[    959ms] [console.log] Trying to start sound. Just restart Armagetron Advanced in case of crash.
[    961ms] [console.log] [SND] device opened: 22050 Hz, 2 ch, 16-bit, 1024 frames/callback (46.4 ms per callback, SOUND_BUFFER_SHIFT 1)
[    991ms] [console.error] WARNING: using emscripten GL immediate mode emulation. This is very limited in what it supports
[    995ms] [console.error] TODO: glShadeModel
[    998ms] [browser.warning/rendering] Canvas2D: Multiple readback operations using getImageData are faster with the willReadFrequently attribute set to true. See: https://html.spec.whatwg.org/multipage/canvas.html#concept-canvas-will-read-frequently   <- http://localhost:8006/armagetronad.js
[   1039ms] [harness] eval window.AA_START() => undefined
[   1041ms] [harness] until 1x <<[BOOT] autostart>> (timeout 90000ms, have 1)
[   1042ms] [harness] until SATISFIED: saw 1x <<[BOOT] autostart>>
[   1042ms] [browser.warning/other] The AudioContext was not allowed to start. It must be resumed (or created) after a user gesture on the page. https://developer.chrome.com/blog/autoplay/#web_audio   <- http://localhost:8006/armagetronad.js
[   1043ms] [browser.warning/other] The AudioContext was not allowed to start. It must be resumed (or created) after a user gesture on the page. https://developer.chrome.com/blog/autoplay/#web_audio   <- http://localhost:8006/armagetronad.js
[   1043ms] [browser.warning/other] The AudioContext was not allowed to start. It must be resumed (or created) after a user gesture on the page. https://developer.chrome.com/blog/autoplay/#web_audio   <- http://localhost:8006/armagetronad.js
[   1043ms] [browser.warning/other] The AudioContext was not allowed to start. It must be resumed (or created) after a user gesture on the page. https://developer.chrome.com/blog/autoplay/#web_audio   <- http://localhost:8006/armagetronad.js
[   1044ms] [browser.warning/other] The AudioContext was not allowed to start. It must be resumed (or created) after a user gesture on the page. https://developer.chrome.com/blog/autoplay/#web_audio   <- http://localhost:8006/armagetronad.js
[   1052ms] [console.log] [TOUCH] context 1 (menu yes, cycle no) -> TAP=ENTER
[  10066ms] [browser.warning/other] The AudioContext was not allowed to start. It must be resumed (or created) after a user gesture on the page. https://developer.chrome.com/blog/autoplay/#web_audio   <- http://localhost:8006/armagetronad.js
[  10131ms] [harness] tap #tapzone at 458,206 (1/1)
[  10141ms] [console.log] [PERSISTSAVE] menu-leave n=1
[  13507ms] [harness] tap #tapzone at 458,206 (1/1)
[  13514ms] [console.log] [PERSISTSAVE] menu-leave n=2
[  13553ms] [console.log] [TOUCH] context 0 (menu no, cycle no) -> TAP=ENTER
[  17389ms] [console.log] [L] PLAYER_ENTERED web_user  web_user
[  17390ms] [console.log] [L] TEAM_CREATED web_user
[  17391ms] [console.log] [L] TEAM_PLAYER_ADDED web_user web_user
[  17394ms] [console.log] [WAV] loaded /data/sound/expl.wav: 11937 bytes, 8-bit mono @ 11025 Hz (fopen misses so far: 1)
[  17396ms] [console.log] [L] ROUND_SCORE_TEAM 0 web_user
[  17397ms] [console.log] [L] NEW_ROUND 2026-09-03 23:21:03 UTC+0200
[  17419ms] [console.log] [L] TEAM_CREATED ai_team
[  17419ms] [console.log] [L] TEAM_PLAYER_ADDED ai_team word
[  17419ms] [console.log] [L] TEAM_PLAYER_ADDED ai_team excel
[  17420ms] [console.log] [L] TEAM_PLAYER_ADDED ai_team notepad
[  17420ms] [console.log] [L] TEAM_PLAYER_ADDED ai_team gcc
[  17421ms] [console.log] [WAV] loaded /data/sound/cyclrun.wav: 40403 bytes, 8-bit mono @ 22050 Hz (fopen misses so far: 2)
[  17441ms] [harness] tap #tapzone at 458,206 (1/1)
[  17444ms] [console.log] [WAV] loaded /data/sound/expl.wav: 11937 bytes, 8-bit mono @ 11025 Hz (fopen misses so far: 2)
[  17444ms] [console.log] [WAV] retiring a voice on moviesounds/intro.wav: loaded but zero samples
[  17445ms] [console.log] [SND] live voices peaked at 11 (SOUND_SOURCES 10, loudness_thresh 0.0000)
[  17553ms] [console.log] [TOUCH] context 2 (menu no, cycle alive) -> STEERING
[  17702ms] [browser.error/network] Failed to load resource: the server responded with a status of 404 (File not found)   <- http://localhost:8006/favicon.ico
[  19743ms] [harness] until 1x <<[L] NEW_ROUND>> (timeout 120000ms, have 1)
[  19743ms] [harness] until SATISFIED: saw 1x <<[L] NEW_ROUND>>
[  19743ms] [harness] === ROUND-1-SETUP-NOT-MEASURED ===
[  22754ms] [console.log] [WAV] loaded /data/sound/expl.wav: 11937 bytes, 8-bit mono @ 11025 Hz (fopen misses so far: 3)
[  22778ms] [harness] key Right (1/1)
[  23114ms] [harness] key Left (1/1)
[  24917ms] [harness] eval __fps.shot('r1-after-tutorial-keys','begin') => "shot begin r1-after-tutorial-keys"
[  25071ms] [harness] screenshot -> docs/evidence/m6-lag/task4-levers/nomirror-r2/r1-after-tutorial-keys.png
[  25074ms] [harness] eval __fps.shot('r1-after-tutorial-keys','end') => "shot end r1-after-tutorial-keys"
[  25074ms] [harness] CPU throttling rate 6x
[  25074ms] [harness] === THROTTLE-ON ===
[  25074ms] [harness] until 2x <<[L] NEW_ROUND>> (timeout 260000ms, have 1)
[  63531ms] [console.log] [L] DEATH_FRAG web_user gcc
[  63538ms] [console.log] [WAV] loaded /data/sound/expl.wav: 11937 bytes, 8-bit mono @ 11025 Hz (fopen misses so far: 4)
[  63573ms] [console.log] [TOUCH] context 0 (menu no, cycle no) -> TAP=ENTER
[  64833ms] [console.log] [L] ROUND_WINNER ai_team gcc notepad excel word
[  68905ms] [console.log] [L] ROUND_SCORE -2 web_user web_user
[  68906ms] [console.log] [L] ROUND_SCORE_TEAM -2 web_user
[  68907ms] [console.log] [L] NEW_ROUND 2026-09-03 23:21:54 UTC+0200
[  68925ms] [console.log] [L] TEAM_PLAYER_ADDED ai_team outlook
[  68926ms] [console.log] [L] TEAM_PLAYER_ADDED ai_team latex
[  68928ms] [console.log] [L] TEAM_PLAYER_ADDED ai_team gdb
[  68947ms] [console.log] [SND] live voices peaked at 16 (SOUND_SOURCES 10, loudness_thresh 0.0110)
[  68948ms] [console.log] [SND] voice limiter STARTED cutting: 16 live voices, SOUND_SOURCES 10, loudness_thresh 0.0110
[  69009ms] [harness] until SATISFIED: saw 2x <<[L] NEW_ROUND>>
[  69009ms] [harness] === ROUND-2-MEASURED ===
[  69058ms] [console.log] [TOUCH] context 2 (menu no, cycle alive) -> STEERING
[  69386ms] [console.log] [SND] voice limiter stopped cutting: 4 live voices, SOUND_SOURCES 10, loudness_thresh 0.0000
[  69446ms] [console.log] [SND] voice limiter STARTED cutting: 15 live voices, SOUND_SOURCES 10, loudness_thresh 0.0110
[  69908ms] [console.log] [SND] voice limiter stopped cutting: 4 live voices, SOUND_SOURCES 10, loudness_thresh 0.0000
[  69952ms] [console.log] [SND] voice limiter STARTED cutting: 15 live voices, SOUND_SOURCES 10, loudness_thresh 0.0110
[  70413ms] [console.log] [SND] voice limiter stopped cutting: 4 live voices, SOUND_SOURCES 10, loudness_thresh 0.0000
[  70459ms] [console.log] [SND] voice limiter STARTED cutting: 14 live voices, SOUND_SOURCES 10, loudness_thresh 0.0010
[  70502ms] [console.log] [SND] voice limiter stopped cutting: 5 live voices, SOUND_SOURCES 10, loudness_thresh 0.0000
[  70546ms] [console.log] [SND] voice limiter STARTED cutting: 14 live voices, SOUND_SOURCES 10, loudness_thresh 0.0010
[  70610ms] [console.log] [SND] voice limiter stopped cutting: 5 live voices, SOUND_SOURCES 10, loudness_thresh 0.0000
[  70651ms] [console.log] [SND] voice limiter STARTED cutting: 14 live voices, SOUND_SOURCES 10, loudness_thresh 0.0010
[  70692ms] [console.log] [SND] voice limiter stopped cutting: 5 live voices, SOUND_SOURCES 10, loudness_thresh 0.0000
[  75015ms] [harness] eval __fps.shot('r2-06s','begin') => "shot begin r2-06s"
[  75183ms] [harness] screenshot -> docs/evidence/m6-lag/task4-levers/nomirror-r2/r2-06s.png
[  75187ms] [harness] eval __fps.shot('r2-06s','end') => "shot end r2-06s"
[  99193ms] [harness] eval __fps.shot('r2-30s','begin') => "shot begin r2-30s"
[  99367ms] [harness] screenshot -> docs/evidence/m6-lag/task4-levers/nomirror-r2/r2-30s.png
[  99388ms] [harness] eval __fps.shot('r2-30s','end') => "shot end r2-30s"
[ 114380ms] [console.log] [SND] voice limiter STARTED cutting: 12 live voices, SOUND_SOURCES 10, loudness_thresh 0.0010
[ 116014ms] [console.log] [SND] voice limiter stopped cutting: 8 live voices, SOUND_SOURCES 10, loudness_thresh 0.0000
[ 119391ms] [harness] eval __fps.shot('r2-50s','begin') => "shot begin r2-50s"
[ 119566ms] [harness] screenshot -> docs/evidence/m6-lag/task4-levers/nomirror-r2/r2-50s.png
[ 119576ms] [harness] eval __fps.shot('r2-50s','end') => "shot end r2-50s"
[ 119576ms] [harness] until 3x <<[L] NEW_ROUND>> (timeout 260000ms, have 2)
[ 128026ms] [console.log] [L] DEATH_FRAG web_user notepad
[ 128070ms] [console.log] [TOUCH] context 0 (menu no, cycle no) -> TAP=ENTER
[ 129701ms] [console.log] [L] ROUND_WINNER ai_team gdb latex outlook gcc notepad excel word
[ 133772ms] [console.log] [L] ROUND_SCORE -2 web_user web_user
[ 133773ms] [console.log] [L] ROUND_SCORE_TEAM -2 web_user
[ 133774ms] [console.log] [L] NEW_ROUND 2026-09-03 23:22:59 UTC+0200
[ 133780ms] [harness] until SATISFIED: saw 3x <<[L] NEW_ROUND>>
[ 133780ms] [harness] === ROUND-3-MEASURED ===
[ 133806ms] [console.log] [SND] voice limiter STARTED cutting: 16 live voices, SOUND_SOURCES 10, loudness_thresh 0.0110
[ 133810ms] [console.log] [TOUCH] context 2 (menu no, cycle alive) -> STEERING
[ 134266ms] [console.log] [SND] voice limiter stopped cutting: 4 live voices, SOUND_SOURCES 10, loudness_thresh 0.0000
[ 139797ms] [harness] eval __fps.shot('r3-06s','begin') => "shot begin r3-06s"
[ 139976ms] [harness] screenshot -> docs/evidence/m6-lag/task4-levers/nomirror-r2/r3-06s.png
[ 139994ms] [harness] eval __fps.shot('r3-06s','end') => "shot end r3-06s"
[ 164016ms] [harness] eval __fps.shot('r3-30s','begin') => "shot begin r3-30s"
[ 164172ms] [harness] screenshot -> docs/evidence/m6-lag/task4-levers/nomirror-r2/r3-30s.png
[ 164186ms] [harness] eval __fps.shot('r3-30s','end') => "shot end r3-30s"
[ 184213ms] [harness] eval __fps.shot('r3-50s','begin') => "shot begin r3-50s"
[ 184411ms] [harness] screenshot -> docs/evidence/m6-lag/task4-levers/nomirror-r2/r3-50s.png
[ 184432ms] [harness] eval __fps.shot('r3-50s','end') => "shot end r3-50s"
[ 184433ms] [harness] until 3x <<[L] ROUND_WINNER>> (timeout 260000ms, have 2)
[ 192898ms] [console.log] [L] DEATH_FRAG web_user notepad
[ 193071ms] [console.log] [TOUCH] context 0 (menu no, cycle no) -> TAP=ENTER
[ 194513ms] [console.log] [L] ROUND_WINNER ai_team gdb latex outlook gcc notepad excel word
[ 194608ms] [harness] until SATISFIED: saw 3x <<[L] ROUND_WINNER>>
[ 194609ms] [harness] === MATCH-OVER ===
[ 195772ms] [harness] eval (() => {  /* ONE EXPRESSION, BLOCK COMMENTS ONLY: run-arm.sh strips newlines to make     this a single eval: step (see sampler.js). nomirror-r2 and 6 are     substituted by run-arm.sh. The object this prints after "[PERF] <arm> " is     the schema Tasks 2-4 read; web/tools/perf/README.md documents it. */  const S = window.__fps, n = S.n;  const PAD_BEFORE = 100, PAD_AFTER = 250;  const marks = (p) => S.marks.filter(m => m[1].indexOf(p) === 0);  const nr = marks('[L] NEW_ROUND').map(m => m[0]);  const rw = marks('[L] ROUND_WINNER').map(m => m[0]);  /* The human is the first PLAYER_ENTERED name; the AIs never enter that way.     A DEATH_* line names its victim first, so the human's deaths are the     DEATH_ marks whose first name is that one. */  const pe = marks('[L] PLAYER_ENTERED ');  const human = pe.length ? pe[0][1].split(/\s+/)[2] : 'web_user';  const deaths = S.marks.filter(m => /^\[L\] DEATH_\w+ /.test(m[1]) && m[1].split(/\s+/)[2] === human).map(m => m[0]);  /* Screenshot exclusions: [begin - PAD_BEFORE, end + PAD_AFTER] for every     bracketed shot (sampler.js S.shot); a begin with no end -- the driver died     mid-shot -- excludes two seconds. */  const ex = []; const open = {};  for (const [t, name, edge] of S.shots) {    if (edge === 'begin') open[name] = t;    else if (edge === 'end' && open[name] != null) { ex.push({ a: open[name] - PAD_BEFORE, b: t + PAD_AFTER, name: name, dur: t - open[name] }); delete open[name]; } }  for (const name in open) ex.push({ a: open[name] - PAD_BEFORE, b: open[name] + 2000, name: name, dur: null });  const excluded = (t) => ex.some(e => t >= e.a && t <= e.b);  const q = (a, p) => { if (!a.length) return null; const s = a.slice().sort((x, y) => x - y);    return s[Math.min(s.length - 1, Math.max(0, Math.round(p * (s.length - 1))))]; };  const r2 = (x) => (x == null) ? null : Math.round(x * 100) / 100;  /* A window's statistics use only frames outside every exclusion, and only     deltas between frames that were ADJACENT samples, so a gap that straddles     an exclusion is never counted as a frame time. raw_ms_max ignores the     exclusions on purpose: it is where a screenshot hitch stays visible, so a     reader can see what was excluded and that it did not leak into ms_p50.     Each frame interval t[i]-t[p] (p the previous sample) is also split into     the three parts the sampler timestamps: ms_in_swap = the previous swap     call itself (p50, p90 and max: if glFinish waited for the GPU it would     show here, and the first measured run read 0 in every window -- so the     tail is reported too), ms_to_first_draw = from that     call's return to this frame's first draw call (the emscripten_sleep(0)     yield, input, the simulation, render setup), ms_first_draw_to_swap = from     the first draw call to this frame's swap call (render submission). */  const win = (t0, t1) => {    const ix = []; let dropped = 0, rawMax = 0, prev = -1;    for (let i = 0; i < n; i++) { const t = S.t[i]; if (t < t0 || t > t1) continue;      if (prev >= 0) rawMax = Math.max(rawMax, t - S.t[prev]); prev = i;      if (excluded(t)) dropped++; else ix.push(i); }    const d = [], sw = [], pre = [], ren = []; let dr = 0, by = 0;    for (let k = 1; k < ix.length; k++) if (ix[k] === ix[k - 1] + 1) { const i = ix[k], p = ix[k - 1];      d.push(S.t[i] - S.t[p]); sw.push(S.wait[p]);      if (S.first[i] > 0) { pre.push(S.first[i] - (S.t[p] + S.wait[p])); ren.push(S.t[i] - S.first[i]); } }    for (const i of ix) { dr += S.draws[i]; by += S.bytes[i]; }    const f = ix.length || 1;    let exms = 0; for (const e of ex) exms += Math.max(0, Math.min(t1, e.b) - Math.max(t0, e.a));    const span = Math.max(1, (t1 - t0) - exms);    return { frames: ix.length, frames_excluded: dropped, ms_p50: r2(q(d, .5)), ms_p90: r2(q(d, .9)),             fps: r2(ix.length / (span / 1000)), draws_per_frame: r2(dr / f),             kb_per_frame: r2(by / f / 1024), hitches_over_50ms: d.filter(x => x > 50).length,             raw_ms_max: r2(rawMax), ms_in_swap_p50: r2(q(sw, .5)), ms_in_swap_p90: r2(q(sw, .9)), ms_in_swap_max: r2(q(sw, 1)),             ms_to_first_draw_p50: r2(q(pre, .5)), ms_first_draw_to_swap_p50: r2(q(ren, .5)) }; };  const perSec = (t0, t1) => { const ms = [], dr = [], mx = [], pre = [], ren = [];    for (let k = 0; k * 1000 < t1 - t0; k++) { const w = win(t0 + k * 1000, Math.min(t1, t0 + (k + 1) * 1000));      ms.push(w.ms_p50); dr.push(w.draws_per_frame); mx.push(w.raw_ms_max); pre.push(w.ms_to_first_draw_p50); ren.push(w.ms_first_draw_to_swap_p50); }    return { ms_p50: ms, draws_per_frame: dr, raw_ms_max: mx, ms_to_first_draw_p50: pre, ms_first_draw_to_swap_p50: ren }; };  /* Pre-round frames. For the first half second of game time after a round     starts (gGame.cpp GameLoop, the gtime <= -PREPARE_TIME + .5 branch) the     game clears the screen and swaps WITHOUT calling Render: overlay only, no     arena, a handful of draw calls at a fraction of a world frame's cost.     They sit right after NEW_ROUND and would otherwise fill the early window     with frames that have no geometry in them. They are found by their draw     count: the threshold is halfway between the fewest draws of any frame in     the round's first two seconds (an overlay-only frame) and the median of     its second second (world frames); the measured span starts at the first     frame after the last frame under the threshold. The frame that straddles     NEW_ROUND itself (drawn mostly before it) is above the threshold and is     left out of both. */  const preRound = (t0) => {    const a = [], b = [];    for (let i = 0; i < n; i++) { const t = S.t[i]; if (t < t0) continue; if (t >= t0 + 2000) break; a.push(i); if (t >= t0 + 1000) b.push(S.draws[i]); }    const none = { start: t0, stats: { frames: 0, ms_p50: null, draws_per_frame: null, span_ms: 0, split_at_draws: null } };    if (!a.length) return none;    let lo = Infinity; for (const i of a) lo = Math.min(lo, S.draws[i]);    const med = q(b, .5); if (med == null || !(med > lo)) return none;    const thr = (lo + med) / 2; const ov = a.filter(i => S.draws[i] <= thr);    if (!ov.length) return none;    const last = ov[ov.length - 1]; const d = []; let dr = 0;    for (let k = 1; k < ov.length; k++) if (ov[k] === ov[k - 1] + 1) d.push(S.t[ov[k]] - S.t[ov[k - 1]]);    for (const i of ov) dr += S.draws[i];    return { start: (last + 1 < n) ? S.t[last + 1] : t0,             stats: { frames: ov.length, ms_p50: r2(q(d, .5)), draws_per_frame: r2(dr / ov.length),                      span_ms: r2(S.t[last] - S.t[ov[0]]), split_at_draws: r2(thr) } }; };  /* A round is closed by its ROUND_WINNER mark when one is written; a     winnerless round -- a lone cycle with no AI (gGame.cpp Analysis: a winner     needs more than one team) -- writes none and ends when the next NEW_ROUND     starts, and a round still running when this report runs closes here. For     a transcript where every round has its ROUND_WINNER before the next     NEW_ROUND (every base arm), this pairs exactly as nr[i]/rw[i] did. */  const rounds = [];  const tReport = performance.now();  for (let i = 0; i < nr.length; i++) {    const t0 = nr[i], next = (i + 1 < nr.length) ? nr[i + 1] : Infinity;    const won = rw.find(t => t > t0 && t < next);    const t1 = won != null ? won : (next < Infinity ? next : tReport);    const closedBy = won != null ? 'round_winner' : (next < Infinity ? 'next_round' : 'report');    const len = (t1 - t0) / 1000; if (len < 8) continue;    /* The measured span runs from the first world frame to the human's death       when the human dies before ROUND_WINNER (after it the camera shows an       explosion and the AIs' endgame, which is not what the maintainer       plays), else to ROUND_WINNER. */    const death = deaths.find(t => t > t0 && t < t1); const te = death != null ? death : t1;    const pr = preRound(t0); const ts = pr.start;    const e = win(ts, ts + 5000), l = win(te - 5000, te), all = win(ts, te);    const shots = ex.filter(x => x.a >= t0 && x.a <= t1).map(x => ({ name: x.name, at_s: r2((x.a + PAD_BEFORE - t0) / 1000), dur_ms: r2(x.dur) }));    rounds.push({ round: i + 1, length_s: r2(len), closed_by: closedBy,      measured_from_s: r2((ts - t0) / 1000), measured_to_s: r2((te - t0) / 1000),      human_death_s: death != null ? r2((death - t0) / 1000) : null, ends_at: death != null ? 'human_death' : 'round_winner',      pre_round: pr.stats, early_5s: e, late_5s: l,      ratio_ms: e.ms_p50 ? r2(l.ms_p50 / e.ms_p50) : null,      ratio_draws: e.draws_per_frame ? r2(l.draws_per_frame / e.draws_per_frame) : null,      hitches_over_50ms: all.hitches_over_50ms, frames: all.frames, frames_excluded: all.frames_excluded,      raw_ms_max: all.raw_ms_max, shots: shots, per_second: perSec(t0, t1) }); }  return '[PERF] nomirror-r2 ' + JSON.stringify({ arm: 'nomirror-r2', cpu_rate: 6, frames: n, human: human,    swaps: S.swaps, rounds_started: nr.length, rounds_won: rw.length,    shots_bracketed: ex.filter(x => x.dur != null).length, shot_pad_ms: [PAD_BEFORE, PAD_AFTER], rounds });})() => "[PERF] nomirror-r2 {\"arm\":\"nomirror-r2\",\"cpu_rate\":6,\"frames\":11802,\"human\":\"web_user\",\"swaps\":{\"flush\":0,\"finish\":11802},\"rounds_started\":3,\"rounds_won\":3,\"shots_bracketed\":7,\"shot_pad_ms\":[100,250],\"rounds\":[{\"round\":1,\"length_s\":47.43,\"closed_by\":\"round_winner\",\"measured_from_s\":0.54,\"measured_to_s\":46.13,\"human_death_s\":46.13,\"ends_at\":\"human_death\",\"pre_round\":{\"frames\":93,\"ms_p50\":5,\"draws_per_frame\":18.05,\"span_ms\":472.4,\"split_at_draws\":39},\"early_5s\":{\"frames\":710,\"frames_excluded\":0,\"ms_p50\":7,\"ms_p90\":7.7,\"fps\":142,\"draws_per_frame\":77.35,\"kb_per_frame\":120.84,\"hitches_over_50ms\":0,\"raw_ms_max\":15,\"ms_in_swap_p50\":0,\"ms_in_swap_p90\":0,\"ms_in_swap_max\":0.1,\"ms_to_first_draw_p50\":5.1,\"ms_first_draw_to_swap_p50\":2},\"late_5s\":{\"frames\":285,\"frames_excluded\":0,\"ms_p50\":17.5,\"ms_p90\":19.3,\"fps\":57,\"draws_per_frame\":83.35,\"kb_per_frame\":121.08,\"hitches_over_50ms\":0,\"raw_ms_max\":23.6,\"ms_in_swap_p50\":0,\"ms_in_swap_p90\":0.1,\"ms_in_swap_max\":1.3,\"ms_to_first_draw_p50\":6.6,\"ms_first_draw_to_swap_p50\":10.7},\"ratio_ms\":2.5,\"ratio_draws\":1.08,\"hitches_over_50ms\":0,\"frames\":3171,\"frames_excluded\":50,\"raw_ms_max\":32.7,\"shots\":[{\"name\":\"r1-after-tutorial-keys\",\"at_s\":7.52,\"dur_ms\":156.3}],\"per_second\":{\"ms_p50\":[5.6,6.6,7.2,7.1,7.3,7.3,7.2,7.3,17.7,17.4,17.2,17.1,17.2,17.6,17.3,16.6,16.7,17.7,17.2,17.5,17.2,16.8,16.7,17.3,17.1,17.1,17.1,17.3,16.9,17.1,17.1,17.5,16.9,17.1,16.4,17.4,18.4,16.9,18.6,18.3,17.6,17.5,17.1,17.1,17.7,17.9,16.9,18.1],\"draws_per_frame\":[36.07,60,78.76,79,92.01,97.13,94.2,94,91.26,91,88.14,87,86.12,86,85.14,85,85,85,85,85,85,85,85,85,85,85,85,85,85,85,85.45,87,83.85,83,83,83,83,83,83,83,83,83,83,83,83,84.07,85.46,85.42],\"raw_ms_max\":[22.7,7.7,7.9,8,14.1,15,8,21.4,20.1,20.6,21.3,19.7,20.7,20.7,19.2,18.8,19.9,19.7,21.9,26,19.4,18.9,18.5,22.5,21.3,20,21.2,21,32.7,19.2,19.9,21.8,20.1,19.3,18.6,21.9,22.4,20.1,21.6,21.7,20.7,21.1,20.3,19.4,20.4,22.8,34.9,20.9],\"ms_to_first_draw_p50\":[4.9,5,5.1,5.1,5.2,5.4,5.3,5.3,6.3,6.3,6.4,6.3,6.6,6.4,6.4,6.2,6.3,6.4,6.3,6.5,6.3,6.2,6.3,6.5,6.3,6.2,6.4,6.3,6.1,6.3,6.4,6.4,6.3,6.5,6.2,6.5,6.7,6.3,6.6,6.6,6.5,6.4,6.4,6.3,6.6,7.3,6.5,6.7],\"ms_first_draw_to_swap_p50\":[0.3,1.6,2.1,2,2,2,1.9,2,11.2,11,10.7,10.7,10.7,10.9,10.9,10.2,10.5,11,10.6,10.9,10.9,10.4,10.3,11,10.6,10.7,10.6,10.9,10.6,10.7,10.7,11.2,10.5,10.4,10.1,11,11.9,10.3,11.7,11.5,10.9,11,10.9,10.7,10.8,10.5,10.3,11]}},{\"round\":2,\"length_s\":60.79,\"closed_by\":\"round_winner\",\"measured_from_s\":0.53,\"measured_to_s\":59.12,\"human_death_s\":59.12,\"ends_at\":\"human_death\",\"pre_round\":{\"frames\":76,\"ms_p50\":6.2,\"draws_per_frame\":16.18,\"span_ms\":477.5,\"split_at_draws\":46},\"early_5s\":{\"frames\":225,\"frames_excluded\":0,\"ms_p50\":22.1,\"ms_p90\":25.4,\"fps\":45,\"draws_per_frame\":95.77,\"kb_per_frame\":180.65,\"hitches_over_50ms\":0,\"raw_ms_max\":46.4,\"ms_in_swap_p50\":0,\"ms_in_swap_p90\":0,\"ms_in_swap_max\":1.1,\"ms_to_first_draw_p50\":5.8,\"ms_first_draw_to_swap_p50\":15.9},\"late_5s\":{\"frames\":199,\"frames_excluded\":0,\"ms_p50\":23.9,\"ms_p90\":29.2,\"fps\":39.8,\"draws_per_frame\":113.64,\"kb_per_frame\":179.37,\"hitches_over_50ms\":1,\"raw_ms_max\":58.7,\"ms_in_swap_p50\":0,\"ms_in_swap_p90\":0,\"ms_in_swap_max\":1.3,\"ms_to_first_draw_p50\":7.8,\"ms_first_draw_to_swap_p50\":15.7},\"ratio_ms\":1.08,\"ratio_draws\":1.19,\"hitches_over_50ms\":8,\"frames\":2290,\"frames_excluded\":63,\"raw_ms_max\":84.3,\"shots\":[{\"name\":\"r2-06s\",\"at_s\":6.11,\"dur_ms\":173.3},{\"name\":\"r2-30s\",\"at_s\":30.29,\"dur_ms\":193.8},{\"name\":\"r2-50s\",\"at_s\":50.48,\"dur_ms\":184.9}],\"per_second\":{\"ms_p50\":[6.5,20.2,21.6,22.1,24.8,25,23.5,24.7,24.7,24.1,24.8,23.9,23.5,25.6,24.9,25,25.2,25,25,25.6,25.8,25.2,23.9,23.6,25.1,23.9,23.9,24.5,25.2,25.7,24.4,24.2,24.8,23.8,23.9,23.8,25,25.2,24.5,24.8,23.9,24.6,24.6,24.7,23.2,26.7,27.7,27.7,27,27.8,25.1,26.2,25.6,25.5,26,25,22.2,22.8,23.3,27.3,26.4],\"draws_per_frame\":[30.74,75.98,94.62,95,119.28,122.77,118.05,118,114.48,114,111.37,111,108.43,108,107.13,107,107,107,107,107,107,107,107,107,107,107,107,107,107,107,107,107,107,107,107,107,107,107,107,107,107,107,107,107,107,109.11,107,107.24,110.78,111,111,111,111,111,111,111,112.58,114.9,117.08,118.69,118.59],\"raw_ms_max\":[22.4,24.4,29.6,30.4,46.4,27.9,28,28.4,28.2,28.1,28,28.1,28.3,37.8,32.4,31.7,27.4,28.3,29.1,28.2,29,28.9,26.6,26.9,27.6,25.7,27.4,28.6,28,34.7,29.8,29.4,28.6,26.6,26.6,26.9,29.2,46.6,27.5,27.4,28.7,28.2,27.7,34.7,27.4,84.3,53.8,54.9,34.1,65.6,40.4,54.2,33,50.9,37.8,45.3,30.8,46.7,58.7,41.2,39],\"ms_to_first_draw_p50\":[5.1,5.6,5.6,5.4,7.1,7.5,7.1,7,7.2,7.3,7.3,7.4,7.3,7.6,7.7,7.5,7.7,7.4,7.2,7.4,7.4,7.5,7.3,7.1,7.4,7.2,7.4,7.6,7.7,7.7,7.4,7.3,7.5,7.2,7.3,7.3,7.7,7.5,7.4,7.4,7.5,7.5,7.3,7.5,7.2,11.5,12.5,12.1,11.2,11,9.7,10.2,10.1,10.2,10.3,9.3,7,7.3,7.6,11.7,11.1],\"ms_first_draw_to_swap_p50\":[1.3,14.8,16.1,16.7,17.9,17.8,16.8,17.1,16.9,16.6,17.3,16.7,15.9,18.2,17.3,17.3,17.4,17.5,17.5,18,18.1,17.7,16.6,16.3,17.6,16.5,16.4,17,17.5,18,17.2,17,17.3,16.4,16.5,16.5,17.3,17.4,17,17.2,16.7,17.3,17.3,17.1,15.9,15.1,15.5,15.9,15.8,16.9,15.2,15.9,15.4,15.5,16,15.6,15.5,15.9,15.7,14.7,14.8]}},{\"round\":3,\"length_s\":60.74,\"closed_by\":\"round_winner\",\"measured_from_s\":0.53,\"measured_to_s\":59.12,\"human_death_s\":59.12,\"ends_at\":\"human_death\",\"pre_round\":{\"frames\":77,\"ms_p50\":6.2,\"draws_per_frame\":11.05,\"span_ms\":479.9,\"split_at_draws\":41},\"early_5s\":{\"frames\":237,\"frames_excluded\":0,\"ms_p50\":20.8,\"ms_p90\":23.8,\"fps\":47.4,\"draws_per_frame\":90.26,\"kb_per_frame\":184.02,\"hitches_over_50ms\":0,\"raw_ms_max\":35.2,\"ms_in_swap_p50\":0,\"ms_in_swap_p90\":0.1,\"ms_in_swap_max\":1.3,\"ms_to_first_draw_p50\":5.7,\"ms_first_draw_to_swap_p50\":15.1},\"late_5s\":{\"frames\":171,\"frames_excluded\":0,\"ms_p50\":27.8,\"ms_p90\":37,\"fps\":34.2,\"draws_per_frame\":113.98,\"kb_per_frame\":181.8,\"hitches_over_50ms\":1,\"raw_ms_max\":52,\"ms_in_swap_p50\":0,\"ms_in_swap_p90\":0.1,\"ms_in_swap_max\":1.2,\"ms_to_first_draw_p50\":9,\"ms_first_draw_to_swap_p50\":18.5},\"ratio_ms\":1.34,\"ratio_draws\":1.26,\"hitches_over_50ms\":7,\"frames\":2223,\"frames_excluded\":60,\"raw_ms_max\":83.8,\"shots\":[{\"name\":\"r3-06s\",\"at_s\":6.02,\"dur_ms\":197.4},{\"name\":\"r3-30s\",\"at_s\":30.24,\"dur_ms\":170.1},{\"name\":\"r3-50s\",\"at_s\":50.44,\"dur_ms\":219.6}],\"per_second\":{\"ms_p50\":[6.6,19.3,21.2,20.6,23.5,22.7,23.2,22.9,22.8,23.1,26.6,24.6,25.2,24,24.5,24.2,24.1,24.7,25.1,24.4,24.4,25.5,25.3,24.3,25.3,25.3,24.5,24.8,24.9,25,24.8,25,24.9,23.9,24.1,24.1,24.3,29.1,24.6,25.1,24.9,25.5,25.5,27.1,25.7,31.3,31.7,31.9,30.9,29.6,31.6,28.9,30.1,29.1,30.3,28.1,27.9,26.7,26.7,29.6,29.6],\"draws_per_frame\":[25.5,70.98,88.25,89,113.19,117.03,111,111,110.07,110,109.08,109,108.08,108,107.08,107,107,107,107,107,107,107,107,107,107,107,107,107,107,107,107,107,107,107,107,107,107,107,107,107,107,107,107,107,107,109.13,107,107,107.13,109,110.71,111,111,111,111,111,112.88,115,118.03,118.45,118.83],\"raw_ms_max\":[22.8,23.7,22.9,24.1,35.2,25.5,26.8,24.6,25.2,28.6,38.7,29,28.2,26.9,29,26.5,27,28.5,28,27,27,29.3,27.7,27.5,29.8,29.4,28.5,29.4,39.9,28.2,30.6,29.3,27.6,25.9,43.1,26.5,27.3,34.3,31.5,27.8,26.9,28.3,28.9,29.4,32.4,83.8,64.3,59.7,54.5,44.7,45.8,46.3,41.6,41.9,40.9,38.1,42.7,42.2,52,45.3,42.6],\"ms_to_first_draw_p50\":[5,5.3,5.5,5.3,7.1,7,7,6.7,7,7,7.8,7.5,7.3,7.1,7.5,7.2,7.1,7.4,7.6,7.6,7.2,7.5,7.6,7.5,7.7,7.3,7.2,7.3,7.4,7.5,7.4,7.8,7.3,7.3,7.3,7.1,7.4,8,7.5,7.5,7.4,7.5,7.8,7.7,7.4,13,14,14,13.8,12.8,13,11.3,11.6,11.3,11.7,10.7,8.1,7.7,8.9,13,12.5],\"ms_first_draw_to_swap_p50\":[1.4,13.9,15.1,15.4,16.1,15.7,15.7,15.6,15.7,16.1,18.8,17.5,17.8,16.8,17,17,17,17.2,17.3,16.8,16.8,18.1,17.6,16.9,17.4,18.2,17.3,17.3,17.5,17.7,17.5,17.5,17.2,16.6,16.7,16.9,17,21.1,17,17.6,17.7,17.9,17.9,18.8,18.5,17.8,17.3,17.4,17.4,17.1,18,17.5,18,17.5,18.6,17.7,19.7,19,17.3,16.4,15.7]}}]}"
