[    663ms] [harness] chrome: Chrome/152.0.7977.83
[    663ms] [harness] navigating to http://localhost:8008/armagetronad.html?bridge=ws://127.0.0.1:8097
[      8ms] [harness] until 1x <<[PERSIST] populate ok>> (timeout 90000ms, have 0)
[     24ms] [console.log] [TOUCH] enabled=false (media query -> false) maxTouchPoints=0
[     29ms] [console.log] [DISPLAY] layout=full (from the orientation) at parse
[     45ms] [console.log] [DISPLAY] at load: viewport 1024x768 dpr 1 -> canvas 1024x768 aspect 1.3333 gpu-axis-limit 16384
[     60ms] [console.error] WARNING: using emscripten GL emulation. This is a collection of limited workarounds, do not expect it to work.
[     61ms] [console.error] WARNING: using emscripten GL emulation unsafe opts. If weirdness happens, try -sGL_UNSAFE_OPTS=0
[     62ms] [page] load event fired
[     70ms] [browser.error/network] Failed to load resource: the server responded with a status of 404 (File not found)   <- http://localhost:8008/favicon.ico
[    127ms] [console.log] [PERSIST] populate ok in 41ms
[    213ms] [harness] until SATISFIED: saw 1x <<[PERSIST] populate ok>>
[    335ms] [console.log] [PERSIST] runtime initialized, starting the game
[    335ms] [console.log] [CAMERA] stock camera (factor 1)
[    336ms] [console.log] [SPARKS] stock sparks, nothing written
[    336ms] [console.log] [DISPLAY] layout=full (from the orientation) before main
[    339ms] [console.log] [DISPLAY] before main: viewport 1024x768 dpr 1 -> canvas 1024x768 aspect 1.3333 gpu-axis-limit 16384
[    339ms] [console.log] [BOOT] autostart: calling main
[    342ms] [console.error] Error: Error in tString GeneratePrefix() in src/tools/tDirectories.cpp:1380 : 
[    343ms] [console.error]  	Relocation error. The binary was supposed to be installed into /usr/local/bin and found itself in . and could not find out what this means for the prefix /usr/local.
[    343ms] [console.error] 
[    343ms] [console.log] Warning in void FindConfigurationPath() in src/tools/tDirectories.cpp:1465 : 
[    343ms] [console.log]  	Could not determine path to configuration files. Using defaults or command line arguments.
[    344ms] [console.log] 
[    472ms] [console.log] [L] ENCODING latin1
[    481ms] [console.log] Trying to start sound. Just restart Armagetron Advanced in case of crash.
[    482ms] [console.log] [SND] device opened: 22050 Hz, 2 ch, 16-bit, 1024 frames/callback (46.4 ms per callback, SOUND_BUFFER_SHIFT 1)
[    503ms] [console.error] WARNING: using emscripten GL immediate mode emulation. This is very limited in what it supports
[    507ms] [console.error] TODO: glShadeModel
[    511ms] [browser.warning/rendering] Canvas2D: Multiple readback operations using getImageData are faster with the willReadFrequently attribute set to true. See: https://html.spec.whatwg.org/multipage/canvas.html#concept-canvas-will-read-frequently   <- http://localhost:8008/armagetronad.js
[    550ms] [browser.warning/other] The AudioContext was not allowed to start. It must be resumed (or created) after a user gesture on the page. https://developer.chrome.com/blog/autoplay/#web_audio   <- http://localhost:8008/armagetronad.js
[    550ms] [browser.warning/other] The AudioContext was not allowed to start. It must be resumed (or created) after a user gesture on the page. https://developer.chrome.com/blog/autoplay/#web_audio   <- http://localhost:8008/armagetronad.js
[    551ms] [browser.warning/other] The AudioContext was not allowed to start. It must be resumed (or created) after a user gesture on the page. https://developer.chrome.com/blog/autoplay/#web_audio   <- http://localhost:8008/armagetronad.js
[    551ms] [browser.warning/other] The AudioContext was not allowed to start. It must be resumed (or created) after a user gesture on the page. https://developer.chrome.com/blog/autoplay/#web_audio   <- http://localhost:8008/armagetronad.js
[    551ms] [browser.warning/other] The AudioContext was not allowed to start. It must be resumed (or created) after a user gesture on the page. https://developer.chrome.com/blog/autoplay/#web_audio   <- http://localhost:8008/armagetronad.js
[   1215ms] [harness] until 1x <<[BOOT] autostart>> (timeout 120000ms, have 1)
[   1216ms] [harness] until SATISFIED: saw 1x <<[BOOT] autostart>>
[   5186ms] [browser.warning/other] The AudioContext was not allowed to start. It must be resumed (or created) after a user gesture on the page. https://developer.chrome.com/blog/autoplay/#web_audio   <- http://localhost:8008/armagetronad.js
[   5186ms] [browser.warning/other] The AudioContext was not allowed to start. It must be resumed (or created) after a user gesture on the page. https://developer.chrome.com/blog/autoplay/#web_audio   <- http://localhost:8008/armagetronad.js
[  10264ms] [harness] screenshot -> /tmp/bridge-stalled/01-boot1-language-menu.png
[  10298ms] [console.log] [PERSISTSAVE] menu-leave n=1
[  10299ms] [harness] key Enter (1/1)
[  13631ms] [console.log] [PERSISTSAVE] menu-leave n=2
[  13635ms] [harness] key Escape (1/1)
[  13937ms] [harness] until 1x <<[PERSISTSAVE] menu-leave>> (timeout 30000ms, have 2)
[  13937ms] [harness] until SATISFIED: saw 2x <<[PERSISTSAVE] menu-leave>>
[  16938ms] [harness] === RELOAD-SO-BOOT-2-STARTS-AT-THE-REAL-MAIN-MENU ===
[  16945ms] [console.log] [PERSISTSAVE] js-backstop n=3
[  16946ms] [console.log] [PERSISTBACKSTOP] beforeunload
[  16946ms] [harness] eval location.reload() => undefined
[  16947ms] [harness] until 2x <<[PERSIST] populate ok>> (timeout 90000ms, have 1)
[  16967ms] [console.log] [TOUCH] enabled=false (media query -> false) maxTouchPoints=0
[  16968ms] [console.log] [DISPLAY] layout=full (from the orientation) at parse
[  16973ms] [console.log] [DISPLAY] at load: viewport 1024x768 dpr 1 -> canvas 1024x768 aspect 1.3333 gpu-axis-limit 16384
[  16975ms] [console.error] WARNING: using emscripten GL emulation. This is a collection of limited workarounds, do not expect it to work.
[  16975ms] [console.error] WARNING: using emscripten GL emulation unsafe opts. If weirdness happens, try -sGL_UNSAFE_OPTS=0
[  16980ms] [page] load event fired
[  16991ms] [console.log] [PERSIST] populate ok in 5ms
[  17017ms] [console.log] [PERSIST] runtime initialized, starting the game
[  17017ms] [console.log] [CAMERA] stock camera (factor 1)
[  17018ms] [console.log] [SPARKS] stock sparks, nothing written
[  17018ms] [console.log] [DISPLAY] layout=full (from the orientation) before main
[  17021ms] [console.log] [DISPLAY] before main: viewport 1024x768 dpr 1 -> canvas 1024x768 aspect 1.3333 gpu-axis-limit 16384
[  17022ms] [console.log] [BOOT] autostart: calling main
[  17022ms] [console.error] Error: Error in tString GeneratePrefix() in src/tools/tDirectories.cpp:1380 : 
[  17022ms] [console.error]  	Relocation error. The binary was supposed to be installed into /usr/local/bin and found itself in . and could not find out what this means for the prefix /usr/local.
[  17023ms] [console.error] 
[  17023ms] [console.log] Warning in void FindConfigurationPath() in src/tools/tDirectories.cpp:1465 : 
[  17024ms] [console.log]  	Could not determine path to configuration files. Using defaults or command line arguments.
[  17024ms] [console.log] 
[  17049ms] [harness] until SATISFIED: saw 2x <<[PERSIST] populate ok>>
[  17049ms] [harness] until 2x <<[BOOT] autostart>> (timeout 120000ms, have 2)
[  17050ms] [harness] until SATISFIED: saw 2x <<[BOOT] autostart>>
[  17143ms] [console.log] [L] ENCODING latin1
[  17147ms] [console.log] [SND] device opened: 22050 Hz, 2 ch, 16-bit, 1024 frames/callback (46.4 ms per callback, SOUND_BUFFER_SHIFT 1)
[  17164ms] [console.error] WARNING: using emscripten GL immediate mode emulation. This is very limited in what it supports
[  17166ms] [console.error] TODO: glShadeModel
[  17169ms] [browser.warning/rendering] Canvas2D: Multiple readback operations using getImageData are faster with the willReadFrequently attribute set to true. See: https://html.spec.whatwg.org/multipage/canvas.html#concept-canvas-will-read-frequently   <- http://localhost:8008/armagetronad.js
[  29102ms] [harness] screenshot -> /tmp/bridge-stalled/02-boot2-main-menu.png
[  29102ms] [harness] === INSTRUMENT-BEFORE-TOUCHING-ANYTHING ===
[  29104ms] [harness] eval (()=>{const o=console.log;if(console.log.__aa)return 'already';window.__refusalAt=[];window.__enterAt=[];const w=function(){try{if(String(arguments[0]).indexOf('network menu refused')>=0)window.__refusalAt.push(performance.now())}catch(e){}return o.apply(console,arguments)};w.__aa=true;console.log=w;return 'refusal tap installed'})() => "refusal tap installed"
[  29105ms] [harness] eval (()=>{const o=window.setTimeout;window.__st=0;window.setTimeout=function(){window.__st++;return o.apply(this,arguments)};window.__t0=performance.now();return 'setTimeout counter installed'})() => "setTimeout counter installed"
[  32112ms] [harness] eval (()=>{window.__tpsBefore=+(window.__st/((performance.now()-window.__t0)/1000)).toFixed(1);return 'timeouts/sec before = '+window.__tpsBefore})() => "timeouts/sec before = 138.1"
[  32112ms] [harness] === ENTER-1-PLAY-GAME-SUBMENU ===
[  32151ms] [harness] key Enter (1/1)
[  34994ms] [harness] screenshot -> /tmp/bridge-stalled/03-play-game-menu-opens-on-multiplayer.png
[  34994ms] [harness] === ENTER-2-MULTIPLAYER-IS-REFUSED-INSTEAD-OF-OPENING ===
[  34996ms] [harness] eval window.__enterAt.push(performance.now()) => 1
[  35029ms] [harness] key Enter (1/1)
[  35329ms] [harness] until 1x <<network menu refused>> (timeout 30000ms, have 0)
[  36812ms] [console.log] [BRIDGE] network menu refused: the ?bridge= relay did not answer
[  36846ms] [harness] until SATISFIED: saw 1x <<network menu refused>>
[  38904ms] [harness] screenshot -> /tmp/bridge-stalled/04-refusal-message.png
[  38904ms] [harness] === DISMISS-THE-MESSAGE-AND-ASK-AGAIN-SO-THE-MODULE-HAS-TO-BE-ALIVE ===
[  38936ms] [harness] key Enter (1/1)
[  42288ms] [harness] screenshot -> /tmp/bridge-stalled/05-back-in-the-play-game-menu.png
[  42289ms] [harness] eval window.__enterAt.push(performance.now()) => 2
[  42322ms] [harness] key Enter (1/1)
[  42624ms] [harness] until 2x <<network menu refused>> (timeout 30000ms, have 1)
[  44100ms] [console.log] [BRIDGE] network menu refused: the ?bridge= relay did not answer
[  44146ms] [harness] until SATISFIED: saw 2x <<network menu refused>>
[  46197ms] [harness] screenshot -> /tmp/bridge-stalled/06-refused-a-second-time.png
[  46197ms] [harness] === STILL-RUNNING ===
[  46198ms] [harness] eval (()=>{window.__st=0;window.__t0=performance.now();return 'resampling'})() => "resampling"
[  49200ms] [harness] eval (()=>{window.__tpsAfter=+(window.__st/((performance.now()-window.__t0)/1000)).toFixed(1);return 'timeouts/sec after = '+window.__tpsAfter})() => "timeouts/sec after = 136.6"
[  49233ms] [harness] key Enter (1/1)
[  52573ms] [harness] screenshot -> /tmp/bridge-stalled/07-message-dismissed-menu-still-there.png
[  52574ms] [console.log] [BRIDGEGATE] N1 no-bridge-menu-refused-and-still-alive {"canvas":true,"canvas_w":1024,"canvas_h":768,"gl_err":0,"refusals":2,"refusal_ms":1815,"budget_ms":2500,"tps_before":138.1,"tps_after":136.6,"ctx":1,"bridge_url":"ws://127.0.0.1:8097","ws":true,"state":0,"socket_as_expected":true,"in_budget":true,"PASS":true}
[  52574ms] [harness] eval (()=>{const c=document.getElementById('canvas');const g=c?c.getContext('webgl'):null;const B=window.AABridge;const rat=window.__refusalAt||[],eat=window.__enterAt||[];let worst=null;for(let i=0;i<Math.min(rat.length,eat.length);i++){const d=rat[i]-eat[i];if(worst===null||d>worst)worst=d;}const r={canvas:!!c,canvas_w:c?c.width:0,canvas_h:c?c.height:0,gl_err:g?g.getError():'nogl',refusals:rat.length,refusal_ms:worst===null?null:Math.round(worst),budget_ms:2500,tps_before:window.__tpsBefore,tps_after:window.__tpsAfter,ctx:(typeof Module!=='undefined'&&Module._aa_web_input_context)?Module._aa_web_input_context()|0:null,bridge_url:B?B.url:'no-AABridge',ws:!!(B&&B.ws),state:B?B.state:null};const configured=!!r.bridge_url;r.socket_as_expected=configured?(r.ws===true&&r.state!==1):(r.ws===false);r.in_budget=r.refusal_ms!==null&&r.refusal_ms<r.budget_ms;r.PASS=r.canvas&&r.canvas_w>0&&r.refusals>=2&&r.in_budget&&r.tps_after>20&&r.gl_err===0&&r.socket_as_expected;console.log('[BRIDGEGATE] N1 no-bridge-menu-refused-and-still-alive '+JSON.stringify(r));return 'N1 '+r.PASS})() => "N1 true"
