[    814ms] [harness] chrome: Chrome/152.0.7977.65
[    814ms] [harness] navigating to http://localhost:8000/armagetronad.html
[      8ms] [harness] until 1x <<[PERSIST] populate ok>> (timeout 90000ms, have 0)
[     29ms] [console.error] WARNING: using emscripten GL emulation. This is a collection of limited workarounds, do not expect it to work.
[     31ms] [console.error] WARNING: using emscripten GL emulation unsafe opts. If weirdness happens, try -sGL_UNSAFE_OPTS=0
[     32ms] [page] load event fired
[     35ms] [browser.error/network] Failed to load resource: the server responded with a status of 404 (File not found)   <- http://localhost:8000/favicon.ico
[     84ms] [console.log] [PERSIST] populate ok in 35ms
[    111ms] [harness] until SATISFIED: saw 1x <<[PERSIST] populate ok>>
[    111ms] [harness] === BOOT-1-POPULATED ===
[    277ms] [console.log] [PERSIST] runtime initialized, Play enabled
[   1114ms] [harness] eval (()=>{const S={};S.rd=(p)=>{try{return Module.FS.readFile(p,{encoding:'utf8'})}catch(e){return null}};S.line=(t,k)=>{if(t===null)return null;const m=t.split('\n').find(l=>{const s=l.trim();return s.indexOf(k)===0&&/\s/.test(s.charAt(k.length))});return m?m.trim().slice(k.length).trim().replace(/\s+/g,' '):null};S.keys=(t)=>t===null?[]:t.split('\n').filter(l=>l.trim().indexOf('KEYBOARD')===0).map(l=>l.trim().replace(/\s+/g,' '));S.binds=(K,a)=>K.filter(l=>l.indexOf(' PLAYER_BIND '+a+' 1')>0).map(l=>l.split(' ')[1]);S.dump=(phase)=>{const c=S.rd('/persist/var/user.cfg');const cv=document.getElementById('canvas');const K=S.keys(c);console.log('[MILE] '+JSON.stringify({phase:phase,canvas_w:cv.width,canvas_h:cv.height,present:c!==null,bytes:c===null?null:c.length,first_use:S.line(c,'FIRST_USE'),fullscreen:S.line(c,'FULLSCREEN'),screenmode:S.line(c,'ARMAGETRON_SCREENMODE'),screenmode_w:S.line(c,'ARMAGETRON_SCREENMODE_W'),screenmode_h:S.line(c,'ARMAGETRON_SCREENMODE_H'),windowsize_w:S.line(c,'ARMAGETRON_WINDOWSIZE_W'),windowsize_h:S.line(c,'ARMAGETRON_WINDOWSIZE_H'),n_keyboard:K.length,left_binds:S.binds(K,'CYCLE_TURN_LEFT'),right_binds:S.binds(K,'CYCLE_TURN_RIGHT'),tip_left:S.line(c,'CYCLE_TURN_LEFT_TOOLTIP'),tip_right:S.line(c,'CYCLE_TURN_RIGHT_TOOLTIP')}));return phase};window.__mile=S;return 'probe installed'})() => "probe installed"
[   1117ms] [console.log] [MILE] {"phase":"boot1-before-play","canvas_w":1024,"canvas_h":768,"present":false,"bytes":null,"first_use":null,"fullscreen":null,"screenmode":null,"screenmode_w":null,"screenmode_h":null,"windowsize_w":null,"windowsize_h":null,"n_keyboard":0,"left_binds":[],"right_binds":[],"tip_left":null,"tip_right":null}
[   1118ms] [harness] eval window.__mile.dump('boot1-before-play') => "boot1-before-play"
[   1122ms] [console.error] Error: Error in tString GeneratePrefix() in src/tools/tDirectories.cpp:1380 : 
[   1123ms] [console.error]  	Relocation error. The binary was supposed to be installed into /usr/local/bin and found itself in . and could not find out what this means for the prefix /usr/local.
[   1123ms] [console.error] 
[   1123ms] [console.log] Warning in void FindConfigurationPath() in src/tools/tDirectories.cpp:1465 : 
[   1124ms] [console.log]  	Could not determine path to configuration files. Using defaults or command line arguments.
[   1124ms] [console.log] 
[   1264ms] [console.log] [L] ENCODING latin1
[   1273ms] [console.log] Trying to start sound. Just restart Armagetron Advanced in case of crash.
[   1274ms] [console.log] [SND] device opened: 22050 Hz, 2 ch, 16-bit, 1024 frames/callback (46.4 ms per callback, SOUND_BUFFER_SHIFT 1)
[   1296ms] [console.error] WARNING: using emscripten GL immediate mode emulation. This is very limited in what it supports
[   1299ms] [console.error] TODO: glShadeModel
[   1303ms] [browser.warning/rendering] Canvas2D: Multiple readback operations using getImageData are faster with the willReadFrequently attribute set to true. See: https://html.spec.whatwg.org/multipage/canvas.html#concept-canvas-will-read-frequently   <- http://localhost:8000/armagetronad.js
[   1343ms] [harness] click #start: clicked
[   1344ms] [browser.warning/other] The AudioContext was not allowed to start. It must be resumed (or created) after a user gesture on the page. https://developer.chrome.com/blog/autoplay/#web_audio   <- http://localhost:8000/armagetronad.js
[   1345ms] [browser.warning/other] The AudioContext was not allowed to start. It must be resumed (or created) after a user gesture on the page. https://developer.chrome.com/blog/autoplay/#web_audio   <- http://localhost:8000/armagetronad.js
[   1345ms] [browser.warning/other] The AudioContext was not allowed to start. It must be resumed (or created) after a user gesture on the page. https://developer.chrome.com/blog/autoplay/#web_audio   <- http://localhost:8000/armagetronad.js
[   1345ms] [browser.warning/other] The AudioContext was not allowed to start. It must be resumed (or created) after a user gesture on the page. https://developer.chrome.com/blog/autoplay/#web_audio   <- http://localhost:8000/armagetronad.js
[   1345ms] [browser.warning/other] The AudioContext was not allowed to start. It must be resumed (or created) after a user gesture on the page. https://developer.chrome.com/blog/autoplay/#web_audio   <- http://localhost:8000/armagetronad.js
[  10393ms] [harness] screenshot -> docs/evidence/m5-o2-assertions/gates/m4-milestone-chrome/00-boot1-language-menu.png
[  10428ms] [harness] key Enter (1/1)
[  10431ms] [console.log] [PERSISTSAVE] menu-leave n=1
[  10730ms] [harness] until 1x <<[PERSISTSAVE] menu-leave>> (timeout 30000ms, have 1)
[  10730ms] [harness] until SATISFIED: saw 1x <<[PERSISTSAVE] menu-leave>>
[  13282ms] [harness] screenshot -> docs/evidence/m5-o2-assertions/gates/m4-milestone-chrome/01-boot1-first-setup.png
[  13316ms] [console.log] [PERSISTSAVE] menu-leave n=2
[  13317ms] [harness] key Escape (1/1)
[  13619ms] [harness] until 2x <<[PERSISTSAVE] menu-leave>> (timeout 30000ms, have 2)
[  13619ms] [harness] until SATISFIED: saw 2x <<[PERSISTSAVE] menu-leave>>
[  16690ms] [harness] screenshot -> docs/evidence/m5-o2-assertions/gates/m4-milestone-chrome/02-boot1-after-first-setup.png
[  16692ms] [console.log] [MILE] {"phase":"boot1-after-first-setup","canvas_w":1024,"canvas_h":768,"present":true,"bytes":21950,"first_use":"1","fullscreen":"1","screenmode":"0","screenmode_w":"0","screenmode_h":"0","windowsize_w":"640","windowsize_h":"480","n_keyboard":59,"left_binds":[],"right_binds":[],"tip_left":"0 2 1 1 1","tip_right":"0 3 1 1 1"}
[  16692ms] [harness] eval window.__mile.dump('boot1-after-first-setup') => "boot1-after-first-setup"
[  16692ms] [harness] === RELOAD-1-REQUESTED ===
[  16696ms] [console.log] [PERSISTSAVE] js-backstop n=3
[  16696ms] [console.log] [PERSISTBACKSTOP] beforeunload
[  16696ms] [harness] eval location.reload() => undefined
[  16697ms] [harness] until 2x <<[PERSIST] populate ok>> (timeout 90000ms, have 1)
[  16711ms] [console.error] WARNING: using emscripten GL emulation. This is a collection of limited workarounds, do not expect it to work.
[  16712ms] [console.error] WARNING: using emscripten GL emulation unsafe opts. If weirdness happens, try -sGL_UNSAFE_OPTS=0
[  16715ms] [page] load event fired
[  16725ms] [console.log] [PERSIST] populate ok in 5ms
[  16748ms] [console.log] [PERSIST] runtime initialized, Play enabled
[  16799ms] [harness] until SATISFIED: saw 2x <<[PERSIST] populate ok>>
[  16799ms] [harness] === BOOT-2-POPULATED ===
[  18302ms] [harness] eval (()=>{const S={};S.rd=(p)=>{try{return Module.FS.readFile(p,{encoding:'utf8'})}catch(e){return null}};S.line=(t,k)=>{if(t===null)return null;const m=t.split('\n').find(l=>{const s=l.trim();return s.indexOf(k)===0&&/\s/.test(s.charAt(k.length))});return m?m.trim().slice(k.length).trim().replace(/\s+/g,' '):null};S.keys=(t)=>t===null?[]:t.split('\n').filter(l=>l.trim().indexOf('KEYBOARD')===0).map(l=>l.trim().replace(/\s+/g,' '));S.binds=(K,a)=>K.filter(l=>l.indexOf(' PLAYER_BIND '+a+' 1')>0).map(l=>l.split(' ')[1]);S.dump=(phase)=>{const c=S.rd('/persist/var/user.cfg');const cv=document.getElementById('canvas');const K=S.keys(c);console.log('[MILE] '+JSON.stringify({phase:phase,canvas_w:cv.width,canvas_h:cv.height,present:c!==null,bytes:c===null?null:c.length,first_use:S.line(c,'FIRST_USE'),fullscreen:S.line(c,'FULLSCREEN'),screenmode:S.line(c,'ARMAGETRON_SCREENMODE'),screenmode_w:S.line(c,'ARMAGETRON_SCREENMODE_W'),screenmode_h:S.line(c,'ARMAGETRON_SCREENMODE_H'),windowsize_w:S.line(c,'ARMAGETRON_WINDOWSIZE_W'),windowsize_h:S.line(c,'ARMAGETRON_WINDOWSIZE_H'),n_keyboard:K.length,left_binds:S.binds(K,'CYCLE_TURN_LEFT'),right_binds:S.binds(K,'CYCLE_TURN_RIGHT'),tip_left:S.line(c,'CYCLE_TURN_LEFT_TOOLTIP'),tip_right:S.line(c,'CYCLE_TURN_RIGHT_TOOLTIP')}));return phase};window.__mile=S;return 'probe installed'})() => "probe installed"
[  18306ms] [console.log] [MILE] {"phase":"boot2-before-play","canvas_w":1024,"canvas_h":768,"present":true,"bytes":22758,"first_use":"0","fullscreen":"1","screenmode":"0","screenmode_w":"0","screenmode_h":"0","windowsize_w":"640","windowsize_h":"480","n_keyboard":79,"left_binds":["1104","117"],"right_binds":["1103","111"],"tip_left":"0 2 1 1 1","tip_right":"0 3 1 1 1"}
[  18306ms] [harness] eval window.__mile.dump('boot2-before-play') => "boot2-before-play"
[  18308ms] [console.error] Error: Error in tString GeneratePrefix() in src/tools/tDirectories.cpp:1380 : 
[  18308ms] [console.error]  	Relocation error. The binary was supposed to be installed into /usr/local/bin and found itself in . and could not find out what this means for the prefix /usr/local.
[  18308ms] [console.error] 
[  18309ms] [console.log] Warning in void FindConfigurationPath() in src/tools/tDirectories.cpp:1465 : 
[  18309ms] [console.log]  	Could not determine path to configuration files. Using defaults or command line arguments.
[  18309ms] [console.log] 
[  18445ms] [console.log] [L] ENCODING latin1
[  18448ms] [console.log] [SND] device opened: 22050 Hz, 2 ch, 16-bit, 1024 frames/callback (46.4 ms per callback, SOUND_BUFFER_SHIFT 1)
[  18464ms] [console.error] WARNING: using emscripten GL immediate mode emulation. This is very limited in what it supports
[  18466ms] [console.error] TODO: glShadeModel
[  18469ms] [browser.warning/rendering] Canvas2D: Multiple readback operations using getImageData are faster with the willReadFrequently attribute set to true. See: https://html.spec.whatwg.org/multipage/canvas.html#concept-canvas-will-read-frequently   <- http://localhost:8000/armagetronad.js
[  18474ms] [harness] click #start: clicked
[  28540ms] [harness] screenshot -> docs/evidence/m5-o2-assertions/gates/m4-milestone-chrome/03-boot2-main-menu.png
[  28541ms] [console.log] [MILE] {"phase":"boot2-after-boot","canvas_w":1024,"canvas_h":768,"present":true,"bytes":22758,"first_use":"0","fullscreen":"1","screenmode":"0","screenmode_w":"0","screenmode_h":"0","windowsize_w":"640","windowsize_h":"480","n_keyboard":79,"left_binds":["1104","117"],"right_binds":["1103","111"],"tip_left":"0 2 1 1 1","tip_right":"0 3 1 1 1"}
[  28542ms] [harness] eval window.__mile.dump('boot2-after-boot') => "boot2-after-boot"
[  28574ms] [harness] key Down (1/2)
[  28910ms] [harness] key Down (2/2)
[  30177ms] [harness] screenshot -> docs/evidence/m5-o2-assertions/gates/m4-milestone-chrome/04-boot2-cursor-on-system-setup.png
[  30210ms] [harness] key Enter (1/1)
[  32375ms] [harness] screenshot -> docs/evidence/m5-o2-assertions/gates/m4-milestone-chrome/05-boot2-system-setup.png
[  32407ms] [harness] key Enter (1/1)
[  34574ms] [harness] screenshot -> docs/evidence/m5-o2-assertions/gates/m4-milestone-chrome/06-boot2-display-settings.png
[  34607ms] [harness] key Enter (1/1)
[  37466ms] [harness] screenshot -> docs/evidence/m5-o2-assertions/gates/m4-milestone-chrome/07-boot2-screen-mode.png
[  37499ms] [harness] key Down (1/1)
[  39049ms] [harness] screenshot -> docs/evidence/m5-o2-assertions/gates/m4-milestone-chrome/08-boot2-cursor-on-screen-resolution.png
[  39050ms] [harness] === THE-PLAYER-PICKS-320x200 ===
[  39083ms] [harness] key Left (1/20)
[  39420ms] [harness] key Left (2/20)
[  39757ms] [harness] key Left (3/20)
[  40094ms] [harness] key Left (4/20)
[  40430ms] [harness] key Left (5/20)
[  40768ms] [harness] key Left (6/20)
[  41102ms] [harness] key Left (7/20)
[  41442ms] [harness] key Left (8/20)
[  41779ms] [harness] key Left (9/20)
[  42114ms] [harness] key Left (10/20)
[  42448ms] [harness] key Left (11/20)
[  42782ms] [harness] key Left (12/20)
[  43120ms] [harness] key Left (13/20)
[  43459ms] [harness] key Left (14/20)
[  43792ms] [harness] key Left (15/20)
[  44130ms] [harness] key Left (16/20)
[  44465ms] [harness] key Left (17/20)
[  44801ms] [harness] key Left (18/20)
[  45135ms] [harness] key Left (19/20)
[  45475ms] [harness] key Left (20/20)
[  47354ms] [harness] screenshot -> docs/evidence/m5-o2-assertions/gates/m4-milestone-chrome/09-boot2-resolution-now-320x200.png
[  47355ms] [console.log] [MILE] {"phase":"boot2-chosen-menu-still-open","canvas_w":1024,"canvas_h":768,"present":true,"bytes":22758,"first_use":"0","fullscreen":"1","screenmode":"0","screenmode_w":"0","screenmode_h":"0","windowsize_w":"640","windowsize_h":"480","n_keyboard":79,"left_binds":["1104","117"],"right_binds":["1103","111"],"tip_left":"0 2 1 1 1","tip_right":"0 3 1 1 1"}
[  47356ms] [harness] eval window.__mile.dump('boot2-chosen-menu-still-open') => "boot2-chosen-menu-still-open"
[  47356ms] [harness] === ESCAPE-LEAVES-SCREEN-MODE ===
[  47382ms] [console.log] [PERSISTSAVE] menu-leave n=1
[  47387ms] [harness] key Escape (1/1)
[  47689ms] [harness] until 3x <<[PERSISTSAVE] menu-leave>> (timeout 30000ms, have 3)
[  47689ms] [harness] until SATISFIED: saw 3x <<[PERSISTSAVE] menu-leave>>
[  49259ms] [harness] screenshot -> docs/evidence/m5-o2-assertions/gates/m4-milestone-chrome/10-boot2-back-in-display-settings.png
[  49261ms] [console.log] [MILE] {"phase":"boot2-after-menu-leave","canvas_w":1024,"canvas_h":768,"present":true,"bytes":22763,"first_use":"0","fullscreen":"1","screenmode":"14","screenmode_w":"320","screenmode_h":"200","windowsize_w":"640","windowsize_h":"480","n_keyboard":79,"left_binds":["1104","117"],"right_binds":["1103","111"],"tip_left":"0 2 1 1 1","tip_right":"0 3 1 1 1"}
[  49261ms] [harness] eval window.__mile.dump('boot2-after-menu-leave') => "boot2-after-menu-leave"
[  49298ms] [console.log] [PERSISTSAVE] menu-leave n=2
[  49298ms] [harness] key Escape (1/1)
[  49599ms] [harness] until 4x <<[PERSISTSAVE] menu-leave>> (timeout 30000ms, have 4)
[  49600ms] [harness] until SATISFIED: saw 4x <<[PERSISTSAVE] menu-leave>>
[  50834ms] [console.log] [PERSISTSAVE] menu-leave n=3
[  50834ms] [harness] key Escape (1/1)
[  51136ms] [harness] until 5x <<[PERSISTSAVE] menu-leave>> (timeout 30000ms, have 5)
[  51136ms] [harness] until SATISFIED: saw 5x <<[PERSISTSAVE] menu-leave>>
[  52698ms] [harness] screenshot -> docs/evidence/m5-o2-assertions/gates/m4-milestone-chrome/11-boot2-back-at-main-menu.png
[  52731ms] [harness] key Up (1/2)
[  53065ms] [harness] key Up (2/2)
[  54303ms] [harness] key Enter (1/1)
[  56658ms] [harness] screenshot -> docs/evidence/m5-o2-assertions/gates/m4-milestone-chrome/12-boot2-play-game-submenu.png
[  56691ms] [harness] key Down (1/1)
[  58244ms] [harness] screenshot -> docs/evidence/m5-o2-assertions/gates/m4-milestone-chrome/13-boot2-cursor-on-start-new-game.png
[  58245ms] [harness] === START-NEW-GAME ===
[  58265ms] [console.log] [L] PLAYER_ENTERED web_user  web_user
[  58267ms] [console.log] [L] TEAM_CREATED web_user
[  58267ms] [console.log] [L] TEAM_PLAYER_ADDED web_user web_user
[  58269ms] [console.log] [WAV] loaded /data/sound/expl.wav: 11937 bytes, 8-bit mono @ 11025 Hz (fopen misses so far: 1)
[  58271ms] [console.log] [L] ROUND_SCORE_TEAM 0 web_user
[  58271ms] [console.log] [L] NEW_ROUND 2026-08-31 09:59:57 UTC+0200
[  58289ms] [console.log] [L] TEAM_CREATED ai_team
[  58290ms] [console.log] [L] TEAM_PLAYER_ADDED ai_team word
[  58290ms] [console.log] [L] TEAM_PLAYER_ADDED ai_team excel
[  58290ms] [console.log] [L] TEAM_PLAYER_ADDED ai_team notepad
[  58291ms] [console.log] [WAV] loaded /data/sound/cyclrun.wav: 40403 bytes, 8-bit mono @ 22050 Hz (fopen misses so far: 2)
[  58303ms] [harness] key Enter (1/1)
[  58307ms] [console.log] [WAV] loaded /data/sound/expl.wav: 11937 bytes, 8-bit mono @ 11025 Hz (fopen misses so far: 2)
[  58307ms] [console.log] [WAV] retiring a voice on moviesounds/intro.wav: loaded but zero samples
[  58307ms] [console.log] [SND] live voices peaked at 9 (SOUND_SOURCES 10, loudness_thresh 0.0000)
[  58565ms] [browser.error/network] Failed to load resource: the server responded with a status of 404 (File not found)   <- http://localhost:8000/favicon.ico
[  61604ms] [harness] until 1x <<[L] NEW_ROUND>> (timeout 90000ms, have 1)
[  61605ms] [harness] until SATISFIED: saw 1x <<[L] NEW_ROUND>>
[  61605ms] [harness] === ROUND-1-STARTED ===
[  62856ms] [harness] screenshot -> docs/evidence/m5-o2-assertions/gates/m4-milestone-chrome/14-boot2-round1-driving.png
[  62857ms] [harness] === ROUND-1-STEERING ===
[  62864ms] [console.log] [WAV] loaded /data/sound/expl.wav: 11937 bytes, 8-bit mono @ 11025 Hz (fopen misses so far: 3)
[  62890ms] [harness] key Left (1/2)
[  63224ms] [harness] key Left (2/2)
[  63558ms] [harness] key Right (1/3)
[  63892ms] [harness] key Right (2/3)
[  64225ms] [harness] key Right (3/3)
[  65792ms] [harness] screenshot -> docs/evidence/m5-o2-assertions/gates/m4-milestone-chrome/15-boot2-round1-after-steering.png
[  65792ms] [harness] until 2x <<[L] NEW_ROUND>> (timeout 120000ms, have 1)
[  67685ms] [console.log] [L] DEATH_SUICIDE web_user
[  67687ms] [console.log] [WAV] loaded /data/sound/expl.wav: 11937 bytes, 8-bit mono @ 11025 Hz (fopen misses so far: 4)
[  69414ms] [console.log] [L] ROUND_WINNER ai_team notepad excel word
[  72697ms] [console.log] [L] DEATH_SUICIDE word
[  75517ms] [console.log] [L] ROUND_SCORE -4 web_user web_user
[  75518ms] [console.log] [L] ROUND_SCORE_TEAM -4 web_user
[  75518ms] [console.log] [L] NEW_ROUND 2026-08-31 10:00:14 UTC+0200
[  75521ms] [console.log] [L] TEAM_PLAYER_REMOVED ai_team notepad
[  75521ms] [console.log] [L] TEAM_PLAYER_ADDED ai_team outlook
[  75596ms] [harness] until SATISFIED: saw 2x <<[L] NEW_ROUND>>
[  75597ms] [harness] === ROUND-2-STARTED ===
[  76798ms] [harness] === ROUND-2-STEERING ===
[  76832ms] [harness] key Left (1/2)
[  77167ms] [harness] key Left (2/2)
[  77501ms] [harness] key Right (1/3)
[  77837ms] [harness] key Right (2/3)
[  78172ms] [harness] key Right (3/3)
[  79740ms] [harness] screenshot -> docs/evidence/m5-o2-assertions/gates/m4-milestone-chrome/16-boot2-round2-after-steering.png
[  79740ms] [harness] until 3x <<[L] NEW_ROUND>> (timeout 120000ms, have 2)
[  82048ms] [console.log] [L] DEATH_FRAG web_user outlook
[  83616ms] [console.log] [L] ROUND_WINNER ai_team outlook excel word
[  87697ms] [console.log] [L] ROUND_SCORE -2 web_user web_user
[  87698ms] [console.log] [L] ROUND_SCORE_TEAM -2 web_user
[  87698ms] [console.log] [L] NEW_ROUND 2026-08-31 10:00:26 UTC+0200
[  87725ms] [harness] until SATISFIED: saw 3x <<[L] NEW_ROUND>>
[  87725ms] [harness] === ROUND-3-STARTED ===
[  88930ms] [harness] === ROUND-3-STEERING ===
[  88964ms] [harness] key Left (1/2)
[  89298ms] [harness] key Left (2/2)
[  89632ms] [harness] key Right (1/3)
[  89967ms] [harness] key Right (2/3)
[  90305ms] [harness] key Right (3/3)
[  92140ms] [harness] screenshot -> docs/evidence/m5-o2-assertions/gates/m4-milestone-chrome/17-boot2-round3-after-steering.png
[  92140ms] [harness] === INGAME-MENU-OPENED ===
[  92172ms] [harness] key Escape (1/1)
[  95026ms] [harness] screenshot -> docs/evidence/m5-o2-assertions/gates/m4-milestone-chrome/18-boot2-ingame-menu.png
[  95048ms] [console.log] [PERSISTSAVE] menu-leave n=4
[  95058ms] [harness] key Escape (1/1)
[  95360ms] [harness] until 6x <<[PERSISTSAVE] menu-leave>> (timeout 30000ms, have 6)
[  95360ms] [harness] until SATISFIED: saw 6x <<[PERSISTSAVE] menu-leave>>
[  95360ms] [harness] === INGAME-MENU-LEFT ===
[  96863ms] [console.log] [MILE] {"phase":"boot2-after-steering","canvas_w":1024,"canvas_h":768,"present":true,"bytes":22770,"first_use":"0","fullscreen":"1","screenmode":"14","screenmode_w":"320","screenmode_h":"200","windowsize_w":"640","windowsize_h":"480","n_keyboard":79,"left_binds":["1104","117"],"right_binds":["1103","111"],"tip_left":"0 0 1 1 1","tip_right":"0 0 1 1 1"}
[  96863ms] [harness] eval window.__mile.dump('boot2-after-steering') => "boot2-after-steering"
[  96863ms] [harness] === RELOAD-2-REQUESTED ===
[  96867ms] [console.log] [PERSISTSAVE] js-backstop n=5
[  96868ms] [console.log] [PERSISTBACKSTOP] beforeunload
[  96868ms] [harness] eval location.reload() => undefined
[  96868ms] [harness] until 3x <<[PERSIST] populate ok>> (timeout 90000ms, have 2)
[  96884ms] [console.error] WARNING: using emscripten GL emulation. This is a collection of limited workarounds, do not expect it to work.
[  96885ms] [console.error] WARNING: using emscripten GL emulation unsafe opts. If weirdness happens, try -sGL_UNSAFE_OPTS=0
[  96886ms] [page] load event fired
[  96898ms] [console.log] [PERSIST] populate ok in 4ms
[  96920ms] [console.log] [PERSIST] runtime initialized, Play enabled
[  96969ms] [harness] until SATISFIED: saw 3x <<[PERSIST] populate ok>>
[  96969ms] [harness] === BOOT-3-POPULATED ===
[  98473ms] [harness] eval (()=>{const S={};S.rd=(p)=>{try{return Module.FS.readFile(p,{encoding:'utf8'})}catch(e){return null}};S.line=(t,k)=>{if(t===null)return null;const m=t.split('\n').find(l=>{const s=l.trim();return s.indexOf(k)===0&&/\s/.test(s.charAt(k.length))});return m?m.trim().slice(k.length).trim().replace(/\s+/g,' '):null};S.keys=(t)=>t===null?[]:t.split('\n').filter(l=>l.trim().indexOf('KEYBOARD')===0).map(l=>l.trim().replace(/\s+/g,' '));S.binds=(K,a)=>K.filter(l=>l.indexOf(' PLAYER_BIND '+a+' 1')>0).map(l=>l.split(' ')[1]);S.dump=(phase)=>{const c=S.rd('/persist/var/user.cfg');const cv=document.getElementById('canvas');const K=S.keys(c);console.log('[MILE] '+JSON.stringify({phase:phase,canvas_w:cv.width,canvas_h:cv.height,present:c!==null,bytes:c===null?null:c.length,first_use:S.line(c,'FIRST_USE'),fullscreen:S.line(c,'FULLSCREEN'),screenmode:S.line(c,'ARMAGETRON_SCREENMODE'),screenmode_w:S.line(c,'ARMAGETRON_SCREENMODE_W'),screenmode_h:S.line(c,'ARMAGETRON_SCREENMODE_H'),windowsize_w:S.line(c,'ARMAGETRON_WINDOWSIZE_W'),windowsize_h:S.line(c,'ARMAGETRON_WINDOWSIZE_H'),n_keyboard:K.length,left_binds:S.binds(K,'CYCLE_TURN_LEFT'),right_binds:S.binds(K,'CYCLE_TURN_RIGHT'),tip_left:S.line(c,'CYCLE_TURN_LEFT_TOOLTIP'),tip_right:S.line(c,'CYCLE_TURN_RIGHT_TOOLTIP')}));return phase};window.__mile=S;return 'probe installed'})() => "probe installed"
[  98477ms] [console.log] [MILE] {"phase":"boot3-before-play","canvas_w":1024,"canvas_h":768,"present":true,"bytes":22770,"first_use":"0","fullscreen":"1","screenmode":"14","screenmode_w":"320","screenmode_h":"200","windowsize_w":"640","windowsize_h":"480","n_keyboard":79,"left_binds":["1104","117"],"right_binds":["1103","111"],"tip_left":"0 0 1 1 1","tip_right":"0 0 1 1 1"}
[  98477ms] [harness] eval window.__mile.dump('boot3-before-play') => "boot3-before-play"
[  98506ms] [harness] screenshot -> docs/evidence/m5-o2-assertions/gates/m4-milestone-chrome/19-boot3-before-play.png
[  98508ms] [console.error] Error: Error in tString GeneratePrefix() in src/tools/tDirectories.cpp:1380 : 
[  98508ms] [console.error]  	Relocation error. The binary was supposed to be installed into /usr/local/bin and found itself in . and could not find out what this means for the prefix /usr/local.
[  98508ms] [console.error] 
[  98508ms] [console.log] Warning in void FindConfigurationPath() in src/tools/tDirectories.cpp:1465 : 
[  98509ms] [console.log]  	Could not determine path to configuration files. Using defaults or command line arguments.
[  98509ms] [console.log] 
[  98631ms] [console.log] [L] ENCODING latin1
[  98634ms] [console.log] [SND] device opened: 22050 Hz, 2 ch, 16-bit, 1024 frames/callback (46.4 ms per callback, SOUND_BUFFER_SHIFT 1)
[  98648ms] [console.error] WARNING: using emscripten GL immediate mode emulation. This is very limited in what it supports
[  98650ms] [console.error] TODO: glShadeModel
[  98654ms] [browser.warning/rendering] Canvas2D: Multiple readback operations using getImageData are faster with the willReadFrequently attribute set to true. See: https://html.spec.whatwg.org/multipage/canvas.html#concept-canvas-will-read-frequently   <- http://localhost:8000/armagetronad.js
[  98659ms] [harness] click #start: clicked
[ 108663ms] [console.log] [MILE] {"phase":"boot3-after-boot","canvas_w":320,"canvas_h":200,"present":true,"bytes":22775,"first_use":"0","fullscreen":"1","screenmode":"14","screenmode_w":"320","screenmode_h":"200","windowsize_w":"640","windowsize_h":"480","n_keyboard":79,"left_binds":["1104","117"],"right_binds":["1103","111"],"tip_left":"0 0 1 1 1","tip_right":"0 0 1 1 1"}
[ 108663ms] [harness] eval window.__mile.dump('boot3-after-boot') => "boot3-after-boot"
[ 108725ms] [harness] screenshot -> docs/evidence/m5-o2-assertions/gates/m4-milestone-chrome/20-boot3-main-menu-at-320x200.png
[ 108757ms] [harness] key Enter (1/1)
[ 111127ms] [harness] screenshot -> docs/evidence/m5-o2-assertions/gates/m4-milestone-chrome/21-boot3-play-game-submenu.png
[ 111127ms] [harness] === ESCAPE-LEAVES-PLAY-GAME-SUBMENU ===
[ 111161ms] [harness] key Escape (1/1)
[ 111164ms] [console.log] [PERSISTSAVE] menu-leave n=1
[ 111462ms] [harness] until 7x <<[PERSISTSAVE] menu-leave>> (timeout 30000ms, have 7)
[ 111463ms] [harness] until SATISFIED: saw 7x <<[PERSISTSAVE] menu-leave>>
[ 111464ms] [harness] === BOOT-3-SAVED-FROM-MEMORY ===
[ 112967ms] [console.log] [MILE] {"phase":"boot3-after-save","canvas_w":320,"canvas_h":200,"present":true,"bytes":22775,"first_use":"0","fullscreen":"1","screenmode":"14","screenmode_w":"320","screenmode_h":"200","windowsize_w":"640","windowsize_h":"480","n_keyboard":79,"left_binds":["1104","117"],"right_binds":["1103","111"],"tip_left":"0 0 1 1 1","tip_right":"0 0 1 1 1"}
[ 112968ms] [harness] eval window.__mile.dump('boot3-after-save') => "boot3-after-save"
[ 113028ms] [harness] screenshot -> docs/evidence/m5-o2-assertions/gates/m4-milestone-chrome/22-boot3-final.png
[ 113028ms] [harness] === positive-control-deliberate-uncaught-error-follows ===
[ 113029ms] [harness] eval setTimeout(function(){null.thisIsADeliberateUncaughtError;},0) => 1998
[ 113029ms] [console.error] Uncaught TypeError: Cannot read properties of null (reading 'thisIsADeliberateUncaughtError')
[ 113030ms] [EXCEPTION] TypeError: Cannot read properties of null (reading 'thisIsADeliberateUncaughtError')
    at <anonymous>:1:28
[ 113030ms] [EXCEPTION] structured stack, 1 frames:
[ 113030ms]     <anonymous> @ :0:27
[ 115344ms] [harness] screenshot -> docs/evidence/m5-o2-assertions/gates/m4-milestone-chrome/23-after-deliberate-uncaught-error.png
