[   1401ms] [harness] firefox: 154.0.1 (headless=true)
[   1401ms] [harness] navigating to http://localhost:8000/armagetronad.html
[     54ms] [page] load event fired
[    109ms] [console.log] [DISPLAY] viewport 1024x768 dpr 1 -> canvas 1024x768
[    121ms] [browser.error/network] 404 File not found <- http://localhost:8000/favicon.ico
[    131ms] [console.error] WARNING: using emscripten GL emulation. This is a collection of limited workarounds, do not expect it to work.
[    131ms] [console.error] WARNING: using emscripten GL emulation unsafe opts. If weirdness happens, try -sGL_UNSAFE_OPTS=0
[    134ms] [page] load event fired
[    134ms] [harness] until 1x <<[PERSIST] populate ok>> (timeout 90000ms, have 0)
[    165ms] [console.log] [PERSIST] populate ok in 4ms
[    234ms] [harness] until SATISFIED: saw 1x <<[PERSIST] populate ok>>
[    274ms] [console.log] [PERSIST] runtime initialized, starting the game
[    275ms] [console.log] [BOOT] autostart: calling main
[    275ms] [console.error] Error: Error in tString GeneratePrefix() in src/tools/tDirectories.cpp:1380 : 
[    275ms] [console.error]  	Relocation error. The binary was supposed to be installed into /usr/local/bin and found itself in . and could not find out what this means for the prefix /usr/local.
[    276ms] [console.error] 
[    276ms] [console.log] Warning in void FindConfigurationPath() in src/tools/tDirectories.cpp:1465 : 
[    276ms] [console.log]  	Could not determine path to configuration files. Using defaults or command line arguments.
[    276ms] [console.log] 
[    371ms] [console.log] [L] ENCODING latin1
[    374ms] [console.log] Trying to start sound. Just restart Armagetron Advanced in case of crash.
[    471ms] [console.log] [SND] device opened: 22050 Hz, 2 ch, 16-bit, 1024 frames/callback (46.4 ms per callback, SOUND_BUFFER_SHIFT 1)
[    502ms] [console.error] WARNING: using emscripten GL immediate mode emulation. This is very limited in what it supports
[    504ms] [console.error] TODO: glShadeModel
[   1236ms] [harness] until 1x <<[BOOT] autostart>> (timeout 120000ms, have 1)
[   1236ms] [harness] until SATISFIED: saw 1x <<[BOOT] autostart>>
[  10249ms] [harness] key Enter (1/1)
[  10274ms] [console.log] [PERSISTSAVE] menu-leave n=1
[  10551ms] [harness] until 1x <<[PERSISTSAVE] menu-leave>> (timeout 30000ms, have 1)
[  10551ms] [harness] until SATISFIED: saw 1x <<[PERSISTSAVE] menu-leave>>
[  13065ms] [harness] key Escape (1/1)
[  13079ms] [console.log] [PERSISTSAVE] menu-leave n=2
[  13370ms] [harness] until 2x <<[PERSISTSAVE] menu-leave>> (timeout 30000ms, have 2)
[  13370ms] [harness] until SATISFIED: saw 2x <<[PERSISTSAVE] menu-leave>>
[  16373ms] [harness] === RELOAD-1 ===
[  16394ms] [console.log] [PERSISTSAVE] js-backstop n=3
[  16395ms] [console.log] [PERSISTBACKSTOP] beforeunload
[  16395ms] [harness] eval location.reload() => undefined
[  16395ms] [harness] until 2x <<[PERSIST] populate ok>> (timeout 90000ms, have 1)
[  16403ms] [console.log] [PERSISTSAVE] js-backstop n=4
[  16404ms] [console.log] [PERSISTBACKSTOP] visibilitychange-hidden
[  16409ms] [console.log] [DISPLAY] viewport 1024x768 dpr 1 -> canvas 1024x768
[  16413ms] [browser.error/network] 404 File not found <- http://localhost:8000/favicon.ico
[  16425ms] [console.error] WARNING: using emscripten GL emulation. This is a collection of limited workarounds, do not expect it to work.
[  16425ms] [console.error] WARNING: using emscripten GL emulation unsafe opts. If weirdness happens, try -sGL_UNSAFE_OPTS=0
[  16426ms] [page] load event fired
[  16461ms] [console.log] [PERSIST] populate ok in 3ms
[  16482ms] [console.log] [PERSIST] runtime initialized, starting the game
[  16482ms] [console.log] [BOOT] autostart: calling main
[  16483ms] [console.error] Error: Error in tString GeneratePrefix() in src/tools/tDirectories.cpp:1380 : 
[  16483ms] [console.error]  	Relocation error. The binary was supposed to be installed into /usr/local/bin and found itself in . and could not find out what this means for the prefix /usr/local.
[  16483ms] [console.error] 
[  16483ms] [console.log] Warning in void FindConfigurationPath() in src/tools/tDirectories.cpp:1465 : 
[  16483ms] [console.log]  	Could not determine path to configuration files. Using defaults or command line arguments.
[  16484ms] [console.log] 
[  16497ms] [harness] until SATISFIED: saw 2x <<[PERSIST] populate ok>>
[  16582ms] [console.log] [L] ENCODING latin1
[  16583ms] [console.log] [SND] device opened: 22050 Hz, 2 ch, 16-bit, 1024 frames/callback (46.4 ms per callback, SOUND_BUFFER_SHIFT 1)
[  16599ms] [console.error] WARNING: using emscripten GL immediate mode emulation. This is very limited in what it supports
[  16602ms] [console.error] TODO: glShadeModel
[  18000ms] [harness] until 2x <<[BOOT] autostart>> (timeout 120000ms, have 2)
[  18001ms] [harness] until SATISFIED: saw 2x <<[BOOT] autostart>>
[  29004ms] [harness] key Enter (1/1)
[  31319ms] [harness] key Down (1/1)
[  32823ms] [harness] key Enter (1/1)
[  32834ms] [console.log] [L] PLAYER_ENTERED web_user  web_user
[  32834ms] [console.log] [L] TEAM_CREATED web_user
[  32834ms] [console.log] [L] TEAM_PLAYER_ADDED web_user web_user
[  32837ms] [console.log] [WAV] loaded /data/sound/expl.wav: 11937 bytes, 8-bit mono @ 11025 Hz (fopen misses so far: 1)
[  32839ms] [console.log] [L] ROUND_SCORE_TEAM 0 web_user
[  32841ms] [console.log] [L] NEW_ROUND 2026-08-31 18:41:52 UTC+0200
[  32849ms] [console.log] [L] TEAM_CREATED ai_team
[  32850ms] [console.log] [L] TEAM_PLAYER_ADDED ai_team word
[  32852ms] [console.log] [L] TEAM_PLAYER_ADDED ai_team excel
[  32853ms] [console.log] [L] TEAM_PLAYER_ADDED ai_team notepad
[  32862ms] [console.log] [WAV] loaded /data/sound/cyclrun.wav: 40403 bytes, 8-bit mono @ 22050 Hz (fopen misses so far: 2)
[  32876ms] [console.log] [WAV] loaded /data/sound/expl.wav: 11937 bytes, 8-bit mono @ 11025 Hz (fopen misses so far: 2)
[  32876ms] [console.log] [WAV] retiring a voice on moviesounds/intro.wav: loaded but zero samples
[  32876ms] [console.log] [SND] live voices peaked at 9 (SOUND_SOURCES 10, loudness_thresh 0.0000)
[  33130ms] [harness] until 2x <<[L] NEW_ROUND>> (timeout 120000ms, have 1)
[  39311ms] [console.log] [WAV] loaded /data/sound/expl.wav: 11937 bytes, 8-bit mono @ 11025 Hz (fopen misses so far: 3)
[  39372ms] [console.log] [L] DEATH_FRAG web_user excel
[  39373ms] [console.log] [WAV] loaded /data/sound/expl.wav: 11937 bytes, 8-bit mono @ 11025 Hz (fopen misses so far: 4)
[  40913ms] [console.log] [L] ROUND_WINNER ai_team notepad excel word
[  44971ms] [console.log] [L] ROUND_SCORE -2 web_user web_user
[  44971ms] [console.log] [L] ROUND_SCORE_TEAM -2 web_user
[  44971ms] [console.log] [L] NEW_ROUND 2026-08-31 18:42:05 UTC+0200
[  44973ms] [console.log] [L] TEAM_PLAYER_REMOVED ai_team notepad
[  44974ms] [console.log] [L] TEAM_PLAYER_ADDED ai_team outlook
[  45006ms] [harness] until SATISFIED: saw 2x <<[L] NEW_ROUND>>
[  51490ms] [console.log] [L] DEATH_FRAG web_user word
[  53047ms] [console.log] [L] ROUND_WINNER ai_team outlook excel word
[  54036ms] [harness] screenshot -> docs/evidence/m5-defect-b-hud-flicker/task5-fixed-firefox/01-hud-up.png
[  54036ms] [harness] === ARM-LIGHT-RAF-SAMPLER ===
[  54037ms] [harness] eval (()=>{const M=[];window.__KM=M;const cl=console.log.bind(console);console.log=function(){const s=(arguments.length&&typeof arguments[0]==='string')?arguments[0]:'';if(s.indexOf('[L] ')===0)M.push([Math.round(performance.now()),s.trim()]);return cl.apply(null,arguments)};return 'ladder-log timestamper armed'})() => ladder-log timestamper armed
[  54038ms] [harness] eval (()=>{const cv=document.getElementById('canvas');const HR={x:0,y:700,w:1024,h:68},WR={x:380,y:130,w:300,h:60};const oh=document.createElement('canvas');oh.width=HR.w;oh.height=HR.h;const ch=oh.getContext('2d',{willReadFrequently:true});const ow=document.createElement('canvas');ow.width=WR.w;ow.height=WR.h;const cw=ow.getContext('2d',{willReadFrequently:true});const S={ticks:[],fin:0,finTotal:0,glerr:0,run:true,t0:performance.now(),HR:HR,shots:[]};window.__K=S;const buf=new Uint8Array(HR.w*HR.h);const patch=(C)=>{if(!C||!C.prototype||!C.prototype.finish)return;const o=C.prototype.finish;C.prototype.finish=function(){S.fin++;S.finTotal++;return o.apply(this,arguments);};};patch(window.WebGLRenderingContext);patch(window.WebGL2RenderingContext);const loop=(ts)=>{if(!S.run)return;const f=S.fin;S.fin=0;ch.drawImage(cv,HR.x,HR.y,HR.w,HR.h,0,0,HR.w,HR.h);const d=ch.getImageData(0,0,HR.w,HR.h).data;let h=0;for(let i=0,o=0;i<HR.w*HR.h;i++,o+=4){const l=(d[o]*77+d[o+1]*151+d[o+2]*28)>>8;buf[i]=l;if(l>170)h++;}cw.drawImage(cv,WR.x,WR.y,WR.w,WR.h,0,0,WR.w,WR.h);const e=cw.getImageData(0,0,WR.w,WR.h).data;let w=0;for(let o=0;o<WR.w*WR.h*4;o+=4){if(((e[o]*77+e[o+1]*151+e[o+2]*28)>>8)>60)w++;}S.ticks.push([Math.round(ts),h,w,f]);if(S.ticks.length>200){const r=S.ticks.slice(-400).map(x=>x[1]).sort((a,b)=>a-b);const med=r[r.length>>1];if(med>=120&&h<=0.15*med&&w>=1500&&S.shots.length<3)S.shots.push({t:Math.round(ts),hud:h,world:w,fin:f,med:med,img:buf.slice()});}requestAnimationFrame(loop);};requestAnimationFrame(loop);return 'K probe armed (rAF only, light)'})() => K probe armed (rAF only, light)
[  57082ms] [console.log] [L] ROUND_SCORE -2 web_user web_user
[  57083ms] [console.log] [L] ROUND_SCORE_TEAM -2 web_user
[  57083ms] [console.log] [L] NEW_ROUND 2026-08-31 18:42:17 UTC+0200
[  63619ms] [console.log] [L] DEATH_FRAG web_user outlook
[  65164ms] [console.log] [L] ROUND_WINNER ai_team outlook excel word
[  68039ms] [harness] === TEN-TURNS ===
[  68042ms] [harness] key Left (1/1)
[  69203ms] [console.log] [L] MATCH_WINNER ai_team outlook excel word
[  69259ms] [harness] key Right (1/1)
[  70467ms] [harness] key Left (1/1)
[  71682ms] [harness] key Right (1/1)
[  72896ms] [harness] key Left (1/1)
[  74104ms] [harness] key Right (1/1)
[  75313ms] [harness] key Left (1/1)
[  76529ms] [harness] key Right (1/1)
[  77314ms] [console.log] [L] ROUND_SCORE -2 web_user web_user
[  77315ms] [console.log] [L] ROUND_SCORE_TEAM -2 web_user
[  77315ms] [console.log] [L] NEW_ROUND 2026-08-31 18:42:37 UTC+0200
[  77315ms] [console.log] [L] NEW_MATCH 2026-08-31 18:42:37 UTC+0200
[  77733ms] [harness] key Left (1/1)
[  78938ms] [harness] key Right (1/1)
[  83837ms] [console.log] [L] DEATH_FRAG web_user outlook
[  85389ms] [console.log] [L] ROUND_WINNER ai_team outlook excel word
[  89439ms] [console.log] [L] ROUND_SCORE -2 web_user web_user
[  89440ms] [console.log] [L] ROUND_SCORE_TEAM -2 web_user
[  89440ms] [console.log] [L] NEW_ROUND 2026-08-31 18:42:49 UTC+0200
[  94165ms] [harness] screenshot -> docs/evidence/m5-defect-b-hud-flicker/task5-fixed-firefox/02-late.png
[  94168ms] [harness] eval (()=>{const S=window.__K;const T=S.ticks;const n=T.length;if(n<50)return 'few '+n;const q=(a,p)=>{const s=a.slice().sort((x,y)=>x-y);return s[Math.min(s.length-1,Math.round(p*(s.length-1)))]};const dur=(T[n-1][0]-T[0][0])/1000;const hud=T.map(x=>x[1]),wo=T.map(x=>x[2]),fin=T.map(x=>x[3]);const wmed=q(wo,0.5);const live=T.filter(x=>x[2]>=0.7*wmed);const lh=live.map(x=>x[1]);const lmed=q(lh,0.5);const gone=live.filter(x=>x[1]<=0.15*lmed);const part=live.filter(x=>x[1]<=0.5*lmed);let runs=0,inrun=false;const runlens=[];let cur=0;for(const t of live){const g=t[1]<=0.15*lmed;if(g){cur++;inrun=true;}else{if(inrun){runs++;runlens.push(cur);cur=0;inrun=false;}}}if(inrun){runs++;runlens.push(cur);}return JSON.stringify({seconds:Math.round(dur*10)/10,raf_ticks:n,raf_hz:Math.round(n/dur*10)/10,game_swaps:S.finTotal,game_fps:Math.round(S.finTotal/dur*10)/10,swaps_per_tick_p50:q(fin,0.5),swaps_per_tick_zero:fin.filter(x=>x===0).length,world_med:wmed,ticks_world_up:live.length,hud_med:lmed,hud_p01:q(lh,0.01),hud_p05:q(lh,0.05),hud_p10:q(lh,0.1),hud_p25:q(lh,0.25),HUD_GONE_ticks:gone.length,HUD_GONE_pct:Math.round(gone.length/live.length*1000)/10,HUD_HALF_OR_LESS_ticks:part.length,HUD_HALF_pct:Math.round(part.length/live.length*1000)/10,gone_runs:runs,gone_run_len_max:runlens.length?Math.max.apply(null,runlens):0,gone_run_len_p50:runlens.length?q(runlens,0.5):0,saved:S.shots.length})})() => {"seconds":40.1,"raf_ticks":4771,"raf_hz":118.9,"game_swaps":2377,"game_fps":59.2,"swaps_per_tick_p50":0,"swaps_per_tick_zero":2394,"world_med":1367,"ticks_world_up":3211,"hud_med":867,"hud_p01":0,"hud_p05":0,"hud_p10":0,"hud_p25":841,"HUD_GONE_ticks":540,"HUD_GONE_pct":16.8,"HUD_HALF_OR_LESS_ticks":540,"HUD_HALF_pct":16.8,"gone_runs":3,"gone_run_len_max":180,"gone_run_len_p50":180,"saved":0}
[  94169ms] [harness] eval (()=>{const S=window.__K;const R=S.HR;const old=document.getElementById('__ov');if(old)old.remove();const div=document.createElement('div');div.id='__ov';div.style.cssText='position:fixed;left:0;top:0;width:100%;height:100%;background:#101010;z-index:999999;color:#eee;font:12px monospace;padding:4px;overflow:hidden';if(!S.shots.length){div.textContent='rAF SAMPLER: no compositor tick showed the world drawn with the HUD gone.';document.body.appendChild(div);return 'overlay empty';}for(const e of S.shots){const t=document.createElement('div');t.textContent='COMPOSITE t='+e.t+'ms  hud_bright='+e.hud+' (running median '+e.med+')  world_bright='+e.world+'  game_swaps_since_previous_tick='+e.fin;div.appendChild(t);const c=document.createElement('canvas');c.width=R.w;c.height=R.h;c.style.cssText='display:block;width:1008px;height:67px;image-rendering:pixelated;border:1px solid #4a4;margin-bottom:6px';const x=c.getContext('2d');const im=x.createImageData(R.w,R.h);for(let i=0,o=0;i<R.w*R.h;i++,o+=4){const v=e.img[i];im.data[o]=v;im.data[o+1]=v;im.data[o+2]=v;im.data[o+3]=255;}x.putImageData(im,0,0);div.appendChild(c);}document.body.appendChild(div);return 'overlay rows='+S.shots.length})() => overlay empty
[  94170ms] [console.log] [HUDRUNS] {"hud_median":867,"world_median":1367,"live_ticks":3211,"runs":3,"long_runs":3,"short_runs":0,"detail":[{"ticks":180,"ms":1486,"from_ms":41197,"to_ms":42683,"ladder":["-511ms [L] ROUND_SCORE -2 web_user web_user","-511ms [L] ROUND_SCORE_TEAM -2 web_user","-510ms [L] NEW_ROUND 2026-08-31 18:42:17 UTC+0200"]},{"ticks":180,"ms":1492,"from_ms":61438,"to_ms":62930,"ladder":["-519ms [L] ROUND_SCORE -2 web_user web_user","-519ms [L] ROUND_SCORE_TEAM -2 web_user","-519ms [L] NEW_ROUND 2026-08-31 18:42:37 UTC+0200","-518ms [L] NEW_MATCH 2026-08-31 18:42:37 UTC+0200"]},{"ticks":180,"ms":1492,"from_ms":73563,"to_ms":75055,"ladder":["-519ms [L] ROUND_SCORE -2 web_user web_user","-518ms [L] ROUND_SCORE_TEAM -2 web_user","-518ms [L] NEW_ROUND 2026-08-31 18:42:49 UTC+0200"]}],"shortest_examples":[]}
[  94171ms] [harness] eval (()=>{const S=window.__K;const M=window.__KM||[];const T=S.ticks;const q=(a,p)=>{const s=a.slice().sort((x,y)=>x-y);return s[Math.min(s.length-1,Math.round(p*(s.length-1)))]};const wmed=q(T.map(x=>x[2]),0.5);const live=T.filter(x=>x[2]>=0.7*wmed);const lmed=q(live.map(x=>x[1]),0.5);const runs=[];let cur=null;for(const t of live){const gone=t[1]<=0.15*lmed;if(gone){if(!cur)cur={t0:t[0],t1:t[0],n:0};cur.t1=t[0];cur.n++;}else if(cur){runs.push(cur);cur=null;}}if(cur)runs.push(cur);const out=runs.map(r=>({ticks:r.n,ms:r.t1-r.t0,from_ms:r.t0,to_ms:r.t1,ladder:M.filter(m=>m[0]>=r.t0-4000&&m[0]<=r.t1+500).map(m=>(m[0]-r.t0)+'ms '+m[1])}));console.log('[HUDRUNS] '+JSON.stringify({hud_median:lmed,world_median:wmed,live_ticks:live.length,runs:out.length,long_runs:out.filter(r=>r.ms>=300).length,short_runs:out.filter(r=>r.ms<300).length,detail:out.filter(r=>r.ms>=300).slice(0,8),shortest_examples:out.filter(r=>r.ms<300).slice(0,6)}));return 'hud runs printed'})() => hud runs printed
[  94984ms] [harness] screenshot -> docs/evidence/m5-defect-b-hud-flicker/task5-fixed-firefox/03-composites-without-hud.png
